c:\hrai\hoverraceai\nettarget\model\release\stdafx.obj
c:\hrai\hoverraceai\nettarget\model\release\shapes.obj
c:\hrai\hoverraceai\nettarget\model\release\shapecollisions.obj
c:\hrai\hoverraceai\nettarget\model\release\physicalcollision.obj
c:\hrai\hoverraceai\nettarget\model\release\mazeelement.obj
c:\hrai\hoverraceai\nettarget\model\release\level.obj
c:\hrai\hoverraceai\nettarget\model\release\gamesession.obj
c:\hrai\hoverraceai\nettarget\model\release\freeelementmovinghelper.obj
c:\hrai\hoverraceai\nettarget\model\release\contacteffect.obj
c:\hrai\hoverraceai\nettarget\model\release\concreteshape.obj
c:\hrai\hoverraceai\nettarget\model\release\vc143.pdb
c:\hrai\hoverraceai\release\model.dll
c:\hrai\hoverraceai\release\model.pdb
c:\hrai\hoverraceai\release\model.lib
c:\hrai\hoverraceai\release\model.exp
c:\hrai\hoverraceai\release\model.ilk
c:\hrai\hoverraceai\nettarget\model\..\..\release\model.pdb
c:\hrai\hoverraceai\nettarget\model\..\..\release\model.ilk
c:\hrai\hoverraceai\nettarget\model\release\model.vcxproj.filelistabsolute.txt
c:\hrai\hoverraceai\nettarget\model\release\model.tlog\cl.command.1.tlog
c:\hrai\hoverraceai\nettarget\model\release\model.tlog\cl.items.tlog
c:\hrai\hoverraceai\nettarget\model\release\model.tlog\cl.read.1.tlog
c:\hrai\hoverraceai\nettarget\model\release\model.tlog\cl.write.1.tlog
c:\hrai\hoverraceai\nettarget\model\release\model.tlog\link.command.1.tlog
c:\hrai\hoverraceai\nettarget\model\release\model.tlog\link.read.1.tlog
c:\hrai\hoverraceai\nettarget\model\release\model.tlog\link.secondary.1.tlog
c:\hrai\hoverraceai\nettarget\model\release\model.tlog\link.write.1.tlog
