**********************************************************************
** Visual Studio 2022 Developer Command Prompt v17.9.3
** Copyright (c) 2022 Microsoft Corporation
**********************************************************************
[vcvarsall.bat] Environment initialized for: 'x86'
MSBuild version 17.9.5+33de0b227 for .NET Framework
Build started 17/11/2025 18:24:25.

Project "C:\originalhr2\HoverRaceAI\NetTarget\ResourceDecompiler\ResourceDecompiler.vcxproj" on node 1 (Rebuild target(s)).
_PrepareForClean:
  Deleting file "Release\Resource.12345678.tlog\ResourceDecompiler.lastbuildstate".
PrepareForBuild:
  Structured output is enabled. The formatting of compiler diagnostics will reflect the error hierarchy. See https://aka.ms/cpp/structured-output for more details.
InitializeBuildStatus:
  Touching "Release\Resource.12345678.tlog\unsuccessfulbuild".
ClCompile:
  C:\Program Files\Microsoft Visual Studio\2022\Community\VC\Tools\MSVC\14.39.33519\bin\HostX86\x86\CL.exe /c /IC:\originalhr2\HoverRaceAI\NetTarget\ResourceDecompiler\CommonBase /Zi /nologo /W3 /WX- /diagnostics:column /sdl /O2 /Oi /Oy- /GL /D NDEBUG /D _CONSOLE /D _MBCS /Gm- /EHsc /MD /GS /Gy /fp:precise /Zc:wchar_t /Zc:forScope /Zc:inline /permissive /Fo"Release\\" /Fd"Release\vc143.pdb" /external:W3 /Gd /TP /analyze- /FC /errorReport:queue ResourceDecompiler.cpp main.cpp CArchiveParser.cpp
  ResourceDecompiler.cpp
  main.cpp
C:\originalhr2\HoverRaceAI\NetTarget\ResourceDecompiler\CArchiveParser.h(341,14): error C2653: 'CBitmap': is not a class or namespace name [C:\originalhr2\HoverRaceAI\NetTarget\ResourceDecompiler\ResourceDecompiler.vcxproj]
  (compiling source file 'ResourceDecompiler.cpp')
  
C:\originalhr2\HoverRaceAI\NetTarget\ResourceDecompiler\CArchiveParser.h(341,14): error C2653: 'CBitmap': is not a class or namespace name [C:\originalhr2\HoverRaceAI\NetTarget\ResourceDecompiler\ResourceDecompiler.vcxproj]
  (compiling source file 'main.cpp')
  
  CArchiveParser.cpp
C:\originalhr2\HoverRaceAI\NetTarget\ResourceDecompiler\CArchiveParser.h(341,14): error C2653: 'CBitmap': is not a class or namespace name [C:\originalhr2\HoverRaceAI\NetTarget\ResourceDecompiler\ResourceDecompiler.vcxproj]
  (compiling source file 'CArchiveParser.cpp')
  
Done Building Project "C:\originalhr2\HoverRaceAI\NetTarget\ResourceDecompiler\ResourceDecompiler.vcxproj" (Rebuild target(s)) -- FAILED.

Build FAILED.

"C:\originalhr2\HoverRaceAI\NetTarget\ResourceDecompiler\ResourceDecompiler.vcxproj" (Rebuild target) (1) ->
(ClCompile target) -> 
  C:\originalhr2\HoverRaceAI\NetTarget\ResourceDecompiler\CArchiveParser.h(341,14): error C2653: 'CBitmap': is not a class or namespace name [C:\originalhr2\HoverRaceAI\NetTarget\ResourceDecompiler\ResourceDecompiler.vcxproj]
  C:\originalhr2\HoverRaceAI\NetTarget\ResourceDecompiler\CArchiveParser.h(341,14): error C2653: 'CBitmap': is not a class or namespace name [C:\originalhr2\HoverRaceAI\NetTarget\ResourceDecompiler\ResourceDecompiler.vcxproj]
  C:\originalhr2\HoverRaceAI\NetTarget\ResourceDecompiler\CArchiveParser.h(341,14): error C2653: 'CBitmap': is not a class or namespace name [C:\originalhr2\HoverRaceAI\NetTarget\ResourceDecompiler\ResourceDecompiler.vcxproj]

    0 Warning(s)
    3 Error(s)

Time Elapsed 00:00:01.45
