MSBuild version 17.9.5+33de0b227 for .NET Framework

  Util.vcxproj -> C:\originalhr2\HoverRaceAI\Release\Util.dll
  VideoServices.vcxproj -> C:\originalhr2\HoverRaceAI\Release\VideoServices.dll
  Model.vcxproj -> C:\originalhr2\HoverRaceAI\Release\Model.dll
  ObjFacTools.vcxproj -> C:\originalhr2\HoverRaceAI\Release\ObjFacTools.dll
  ColorTools.vcxproj -> C:\originalhr2\HoverRaceAI\Release\ColorTools.dll
  MainCharacter.vcxproj -> C:\originalhr2\HoverRaceAI\Release\MainCharacter.dll
cl : command line  warning D9025: overriding '/EHs' with '/EHa' [C:\originalhr2\HoverRaceAI\NetTarget\Game2\Game2.vcxproj]
  InternetRoom.cpp
  _WIN32_WINNT not defined. Defaulting to _WIN32_WINNT_MAXVER (see WinSDKVer.h)
C:\Program Files\Microsoft Visual Studio\2022\Community\VC\Tools\MSVC\14.39.33519\include\yvals_core.h(880,1): warning C4005: '_MSVC_STL_VERSION': macro redefinition [C:\originalhr2\HoverRaceAI\NetTarget\Game2\Game2.vcxproj]
  (compiling source file 'InternetRoom.cpp')
  C:\Program Files\Microsoft Visual Studio\2022\Community\SDK\ScopeCppSDK\vc15\VC\include\yvals.h(156,1):
  see previous definition of '_MSVC_STL_VERSION'
  
C:\Program Files\Microsoft Visual Studio\2022\Community\VC\Tools\MSVC\14.39.33519\include\yvals_core.h(881,1): warning C4005: '_MSVC_STL_UPDATE': macro redefinition [C:\originalhr2\HoverRaceAI\NetTarget\Game2\Game2.vcxproj]
  (compiling source file 'InternetRoom.cpp')
  C:\Program Files\Microsoft Visual Studio\2022\Community\SDK\ScopeCppSDK\vc15\VC\include\yvals.h(157,1):
  see previous definition of '_MSVC_STL_UPDATE'
  
C:\Program Files\Microsoft Visual Studio\2022\Community\VC\Tools\MSVC\14.39.33519\include\yvals_core.h(1000,1): warning C4005: '_DEPRECATE_TR1_NAMESPACE': macro redefinition [C:\originalhr2\HoverRaceAI\NetTarget\Game2\Game2.vcxproj]
  (compiling source file 'InternetRoom.cpp')
  C:\Program Files\Microsoft Visual Studio\2022\Community\SDK\ScopeCppSDK\vc15\VC\include\yvals.h(247,1):
  see previous definition of '_DEPRECATE_TR1_NAMESPACE'
  
C:\Program Files\Microsoft Visual Studio\2022\Community\VC\Tools\MSVC\14.39.33519\include\yvals_core.h(1014,1): warning C4005: '_MISMATCHED_ALLOCATOR_MESSAGE': macro redefinition [C:\originalhr2\HoverRaceAI\NetTarget\Game2\Game2.vcxproj]
  (compiling source file 'InternetRoom.cpp')
  C:\Program Files\Microsoft Visual Studio\2022\Community\SDK\ScopeCppSDK\vc15\VC\include\yvals.h(303,1):
  see previous definition of '_MISMATCHED_ALLOCATOR_MESSAGE'
  
C:\originalhr2\HoverRaceAI\NetTarget\Game2\InternetRoom.cpp(199,10): warning C4996: 'sprintf': This function or variable may be unsafe. Consider using sprintf_s instead. To disable deprecation, use _CRT_SECURE_NO_WARNINGS. See online help for details. [C:\originalhr2\HoverRaceAI\NetTarget\Game2\Game2.vcxproj]
C:\originalhr2\HoverRaceAI\NetTarget\Game2\InternetRoom.cpp(218,10): warning C4996: 'sprintf': This function or variable may be unsafe. Consider using sprintf_s instead. To disable deprecation, use _CRT_SECURE_NO_WARNINGS. See online help for details. [C:\originalhr2\HoverRaceAI\NetTarget\Game2\Game2.vcxproj]
C:\originalhr2\HoverRaceAI\NetTarget\Game2\InternetRoom.cpp(239,10): warning C4996: 'sprintf': This function or variable may be unsafe. Consider using sprintf_s instead. To disable deprecation, use _CRT_SECURE_NO_WARNINGS. See online help for details. [C:\originalhr2\HoverRaceAI\NetTarget\Game2\Game2.vcxproj]
C:\originalhr2\HoverRaceAI\NetTarget\Game2\InternetRoom.cpp(255,10): warning C4996: 'sprintf': This function or variable may be unsafe. Consider using sprintf_s instead. To disable deprecation, use _CRT_SECURE_NO_WARNINGS. See online help for details. [C:\originalhr2\HoverRaceAI\NetTarget\Game2\Game2.vcxproj]
C:\originalhr2\HoverRaceAI\NetTarget\Game2\InternetRoom.cpp(269,10): warning C4996: 'sprintf': This function or variable may be unsafe. Consider using sprintf_s instead. To disable deprecation, use _CRT_SECURE_NO_WARNINGS. See online help for details. [C:\originalhr2\HoverRaceAI\NetTarget\Game2\Game2.vcxproj]
C:\originalhr2\HoverRaceAI\NetTarget\Game2\InternetRoom.cpp(308,7): warning C4996: 'sprintf': This function or variable may be unsafe. Consider using sprintf_s instead. To disable deprecation, use _CRT_SECURE_NO_WARNINGS. See online help for details. [C:\originalhr2\HoverRaceAI\NetTarget\Game2\Game2.vcxproj]
C:\originalhr2\HoverRaceAI\NetTarget\Game2\InternetRoom.cpp(341,10): warning C4996: 'sprintf': This function or variable may be unsafe. Consider using sprintf_s instead. To disable deprecation, use _CRT_SECURE_NO_WARNINGS. See online help for details. [C:\originalhr2\HoverRaceAI\NetTarget\Game2\Game2.vcxproj]
C:\originalhr2\HoverRaceAI\NetTarget\Game2\InternetRoom.cpp(354,10): warning C4996: 'sprintf': This function or variable may be unsafe. Consider using sprintf_s instead. To disable deprecation, use _CRT_SECURE_NO_WARNINGS. See online help for details. [C:\originalhr2\HoverRaceAI\NetTarget\Game2\Game2.vcxproj]
C:\originalhr2\HoverRaceAI\NetTarget\Game2\InternetRoom.cpp(379,7): warning C4996: 'WSAAsyncSelect': Use WSAEventSelect() instead or define _WINSOCK_DEPRECATED_NO_WARNINGS to disable deprecated API warnings [C:\originalhr2\HoverRaceAI\NetTarget\Game2\Game2.vcxproj]
C:\originalhr2\HoverRaceAI\NetTarget\Game2\InternetRoom.cpp(551,10): warning C4996: 'sscanf': This function or variable may be unsafe. Consider using sscanf_s instead. To disable deprecation, use _CRT_SECURE_NO_WARNINGS. See online help for details. [C:\originalhr2\HoverRaceAI\NetTarget\Game2\Game2.vcxproj]
C:\originalhr2\HoverRaceAI\NetTarget\Game2\InternetRoom.cpp(558,14): warning C4996: 'sscanf': This function or variable may be unsafe. Consider using sscanf_s instead. To disable deprecation, use _CRT_SECURE_NO_WARNINGS. See online help for details. [C:\originalhr2\HoverRaceAI\NetTarget\Game2\Game2.vcxproj]
C:\originalhr2\HoverRaceAI\NetTarget\Game2\InternetRoom.cpp(578,22): warning C4996: 'sscanf': This function or variable may be unsafe. Consider using sscanf_s instead. To disable deprecation, use _CRT_SECURE_NO_WARNINGS. See online help for details. [C:\originalhr2\HoverRaceAI\NetTarget\Game2\Game2.vcxproj]
C:\originalhr2\HoverRaceAI\NetTarget\Game2\InternetRoom.cpp(599,14): warning C4996: 'sscanf': This function or variable may be unsafe. Consider using sscanf_s instead. To disable deprecation, use _CRT_SECURE_NO_WARNINGS. See online help for details. [C:\originalhr2\HoverRaceAI\NetTarget\Game2\Game2.vcxproj]
C:\originalhr2\HoverRaceAI\NetTarget\Game2\InternetRoom.cpp(637,26): warning C4996: 'sscanf': This function or variable may be unsafe. Consider using sscanf_s instead. To disable deprecation, use _CRT_SECURE_NO_WARNINGS. See online help for details. [C:\originalhr2\HoverRaceAI\NetTarget\Game2\Game2.vcxproj]
C:\originalhr2\HoverRaceAI\NetTarget\Game2\InternetRoom.cpp(684,32): warning C4996: 'sscanf': This function or variable may be unsafe. Consider using sscanf_s instead. To disable deprecation, use _CRT_SECURE_NO_WARNINGS. See online help for details. [C:\originalhr2\HoverRaceAI\NetTarget\Game2\Game2.vcxproj]
C:\originalhr2\HoverRaceAI\NetTarget\Game2\InternetRoom.cpp(770,18): warning C4456: declaration of 'lPath' hides previous local declaration [C:\originalhr2\HoverRaceAI\NetTarget\Game2\Game2.vcxproj]
  C:\originalhr2\HoverRaceAI\NetTarget\Game2\InternetRoom.cpp(733,15):
  see declaration of 'lPath'
  
C:\originalhr2\HoverRaceAI\NetTarget\Game2\InternetRoom.cpp(833,25): warning C4996: 'strcpy': This function or variable may be unsafe. Consider using strcpy_s instead. To disable deprecation, use _CRT_SECURE_NO_WARNINGS. See online help for details. [C:\originalhr2\HoverRaceAI\NetTarget\Game2\Game2.vcxproj]
C:\originalhr2\HoverRaceAI\NetTarget\Game2\InternetRoom.cpp(773,28): warning C4996: 'sscanf': This function or variable may be unsafe. Consider using sscanf_s instead. To disable deprecation, use _CRT_SECURE_NO_WARNINGS. See online help for details. [C:\originalhr2\HoverRaceAI\NetTarget\Game2\Game2.vcxproj]
C:\originalhr2\HoverRaceAI\NetTarget\Game2\InternetRoom.cpp(811,29): warning C4996: 'sscanf': This function or variable may be unsafe. Consider using sscanf_s instead. To disable deprecation, use _CRT_SECURE_NO_WARNINGS. See online help for details. [C:\originalhr2\HoverRaceAI\NetTarget\Game2\Game2.vcxproj]
C:\originalhr2\HoverRaceAI\NetTarget\Game2\InternetRoom.cpp(829,25): warning C4996: 'strncpy': This function or variable may be unsafe. Consider using strncpy_s instead. To disable deprecation, use _CRT_SECURE_NO_WARNINGS. See online help for details. [C:\originalhr2\HoverRaceAI\NetTarget\Game2\Game2.vcxproj]
C:\originalhr2\HoverRaceAI\NetTarget\Game2\InternetRoom.cpp(836,28): warning C4996: 'strncpy': This function or variable may be unsafe. Consider using strncpy_s instead. To disable deprecation, use _CRT_SECURE_NO_WARNINGS. See online help for details. [C:\originalhr2\HoverRaceAI\NetTarget\Game2\Game2.vcxproj]
C:\originalhr2\HoverRaceAI\NetTarget\Game2\InternetRoom.cpp(841,66): warning C4996: 'inet_addr': Use inet_pton() or InetPton() instead or define _WINSOCK_DEPRECATED_NO_WARNINGS to disable deprecated API warnings [C:\originalhr2\HoverRaceAI\NetTarget\Game2\Game2.vcxproj]
C:\originalhr2\HoverRaceAI\NetTarget\Game2\InternetRoom.cpp(846,52): warning C4996: 'gethostbyname': Use getaddrinfo() or GetAddrInfoW() instead or define _WINSOCK_DEPRECATED_NO_WARNINGS to disable deprecated API warnings [C:\originalhr2\HoverRaceAI\NetTarget\Game2\Game2.vcxproj]
C:\originalhr2\HoverRaceAI\NetTarget\Game2\InternetRoom.cpp(877,38): warning C4996: 'sscanf': This function or variable may be unsafe. Consider using sscanf_s instead. To disable deprecation, use _CRT_SECURE_NO_WARNINGS. See online help for details. [C:\originalhr2\HoverRaceAI\NetTarget\Game2\Game2.vcxproj]
C:\originalhr2\HoverRaceAI\NetTarget\Game2\InternetRoom.cpp(892,26): warning C4996: 'sscanf': This function or variable may be unsafe. Consider using sscanf_s instead. To disable deprecation, use _CRT_SECURE_NO_WARNINGS. See online help for details. [C:\originalhr2\HoverRaceAI\NetTarget\Game2\Game2.vcxproj]
C:\originalhr2\HoverRaceAI\NetTarget\Game2\InternetRoom.cpp(898,66): warning C4996: 'inet_addr': Use inet_pton() or InetPton() instead or define _WINSOCK_DEPRECATED_NO_WARNINGS to disable deprecated API warnings [C:\originalhr2\HoverRaceAI\NetTarget\Game2\Game2.vcxproj]
C:\originalhr2\HoverRaceAI\NetTarget\Game2\InternetRoom.cpp(933,36): warning C4996: 'inet_addr': Use inet_pton() or InetPton() instead or define _WINSOCK_DEPRECATED_NO_WARNINGS to disable deprecated API warnings [C:\originalhr2\HoverRaceAI\NetTarget\Game2\Game2.vcxproj]
C:\originalhr2\HoverRaceAI\NetTarget\Game2\InternetRoom.cpp(720,43): warning C4100: 'pParentWindow': unreferenced formal parameter [C:\originalhr2\HoverRaceAI\NetTarget\Game2\Game2.vcxproj]
C:\originalhr2\HoverRaceAI\NetTarget\Game2\InternetRoom.cpp(768,18): warning C4101: 'lPathOrUrl': unreferenced local variable [C:\originalhr2\HoverRaceAI\NetTarget\Game2\Game2.vcxproj]
C:\originalhr2\HoverRaceAI\NetTarget\Game2\InternetRoom.cpp(963,7): warning C4996: 'sprintf': This function or variable may be unsafe. Consider using sprintf_s instead. To disable deprecation, use _CRT_SECURE_NO_WARNINGS. See online help for details. [C:\originalhr2\HoverRaceAI\NetTarget\Game2\Game2.vcxproj]
C:\originalhr2\HoverRaceAI\NetTarget\Game2\InternetRoom.cpp(973,7): warning C4996: 'sprintf': This function or variable may be unsafe. Consider using sprintf_s instead. To disable deprecation, use _CRT_SECURE_NO_WARNINGS. See online help for details. [C:\originalhr2\HoverRaceAI\NetTarget\Game2\Game2.vcxproj]
C:\originalhr2\HoverRaceAI\NetTarget\Game2\InternetRoom.cpp(996,10): warning C4996: 'sscanf': This function or variable may be unsafe. Consider using sscanf_s instead. To disable deprecation, use _CRT_SECURE_NO_WARNINGS. See online help for details. [C:\originalhr2\HoverRaceAI\NetTarget\Game2\Game2.vcxproj]
C:\originalhr2\HoverRaceAI\NetTarget\Game2\InternetRoom.cpp(1069,10): warning C4996: 'sscanf': This function or variable may be unsafe. Consider using sscanf_s instead. To disable deprecation, use _CRT_SECURE_NO_WARNINGS. See online help for details. [C:\originalhr2\HoverRaceAI\NetTarget\Game2\Game2.vcxproj]
C:\originalhr2\HoverRaceAI\NetTarget\Game2\InternetRoom.cpp(1121,10): warning C4996: 'sscanf': This function or variable may be unsafe. Consider using sscanf_s instead. To disable deprecation, use _CRT_SECURE_NO_WARNINGS. See online help for details. [C:\originalhr2\HoverRaceAI\NetTarget\Game2\Game2.vcxproj]
C:\originalhr2\HoverRaceAI\NetTarget\Game2\InternetRoom.cpp(1249,17): warning C4996: 'fopen': This function or variable may be unsafe. Consider using fopen_s instead. To disable deprecation, use _CRT_SECURE_NO_WARNINGS. See online help for details. [C:\originalhr2\HoverRaceAI\NetTarget\Game2\Game2.vcxproj]
C:\originalhr2\HoverRaceAI\NetTarget\Game2\InternetRoom.cpp(1544,10): warning C4996: 'sscanf': This function or variable may be unsafe. Consider using sscanf_s instead. To disable deprecation, use _CRT_SECURE_NO_WARNINGS. See online help for details. [C:\originalhr2\HoverRaceAI\NetTarget\Game2\Game2.vcxproj]
C:\originalhr2\HoverRaceAI\NetTarget\Game2\InternetRoom.cpp(1793,106): warning C4100: 'pLParam': unreferenced formal parameter [C:\originalhr2\HoverRaceAI\NetTarget\Game2\Game2.vcxproj]
C:\originalhr2\HoverRaceAI\NetTarget\Game2\InternetRoom.cpp(1855,104): warning C4100: 'pLParam': unreferenced formal parameter [C:\originalhr2\HoverRaceAI\NetTarget\Game2\Game2.vcxproj]
C:\originalhr2\HoverRaceAI\NetTarget\Game2\InternetRoom.cpp(2045,26): warning C4389: '!=': signed/unsigned mismatch [C:\originalhr2\HoverRaceAI\NetTarget\Game2\Game2.vcxproj]
C:\originalhr2\HoverRaceAI\NetTarget\Game2\InternetRoom.cpp(2472,65): error C2678: binary '>>': no operator found which takes a left-hand operand of type 'CString' (or there is no acceptable conversion) [C:\originalhr2\HoverRaceAI\NetTarget\Game2\Game2.vcxproj]
  C:\Program Files\Microsoft Visual Studio\2022\Community\VC\Tools\MSVC\14.39.33519\atlmfc\include\afxwin1.inl(47,33):
  could be 'CArchive &operator >>(CArchive &,RECT &)'
  	C:\originalhr2\HoverRaceAI\NetTarget\Game2\InternetRoom.cpp(2472,65):
  	'CArchive &operator >>(CArchive &,RECT &)': cannot convert argument 1 from 'CString' to 'CArchive &'
  C:\Program Files\Microsoft Visual Studio\2022\Community\VC\Tools\MSVC\14.39.33519\atlmfc\include\afxwin1.inl(45,33):
  or       'CArchive &operator >>(CArchive &,POINT &)'
  	C:\originalhr2\HoverRaceAI\NetTarget\Game2\InternetRoom.cpp(2472,65):
  	'CArchive &operator >>(CArchive &,POINT &)': cannot convert argument 1 from 'CString' to 'CArchive &'
  C:\Program Files\Microsoft Visual Studio\2022\Community\VC\Tools\MSVC\14.39.33519\atlmfc\include\afxwin1.inl(43,33):
  or       'CArchive &operator >>(CArchive &,SIZE &)'
  	C:\originalhr2\HoverRaceAI\NetTarget\Game2\InternetRoom.cpp(2472,65):
  	'CArchive &operator >>(CArchive &,SIZE &)': cannot convert argument 1 from 'CString' to 'CArchive &'
  C:\Program Files\Microsoft Visual Studio\2022\Community\VC\Tools\MSVC\14.39.33519\atlmfc\include\afxcoll.h(1408,2):
  or       'CArchive &operator >>(CArchive &,CMapStringToString *&)'
  	C:\originalhr2\HoverRaceAI\NetTarget\Game2\InternetRoom.cpp(2472,65):
  	'CArchive &operator >>(CArchive &,CMapStringToString *&)': cannot convert argument 1 from 'CString' to 'CArchive &'
  C:\Program Files\Microsoft Visual Studio\2022\Community\VC\Tools\MSVC\14.39.33519\atlmfc\include\afxcoll.h(1324,2):
  or       'CArchive &operator >>(CArchive &,CMapStringToOb *&)'
  	C:\originalhr2\HoverRaceAI\NetTarget\Game2\InternetRoom.cpp(2472,65):
  	'CArchive &operator >>(CArchive &,CMapStringToOb *&)': cannot convert argument 1 from 'CString' to 'CArchive &'
  C:\Program Files\Microsoft Visual Studio\2022\Community\VC\Tools\MSVC\14.39.33519\atlmfc\include\afxcoll.h(1157,2):
  or       'CArchive &operator >>(CArchive &,CMapWordToOb *&)'
  	C:\originalhr2\HoverRaceAI\NetTarget\Game2\InternetRoom.cpp(2472,65):
  	'CArchive &operator >>(CArchive &,CMapWordToOb *&)': cannot convert argument 1 from 'CString' to 'CArchive &'
  C:\Program Files\Microsoft Visual Studio\2022\Community\VC\Tools\MSVC\14.39.33519\atlmfc\include\afxcoll.h(798,2):
  or       'CArchive &operator >>(CArchive &,CStringList *&)'
  	C:\originalhr2\HoverRaceAI\NetTarget\Game2\InternetRoom.cpp(2472,65):
  	'CArchive &operator >>(CArchive &,CStringList *&)': cannot convert argument 1 from 'CString' to 'CArchive &'
  C:\Program Files\Microsoft Visual Studio\2022\Community\VC\Tools\MSVC\14.39.33519\atlmfc\include\afxcoll.h(697,2):
  or       'CArchive &operator >>(CArchive &,CObList *&)'
  	C:\originalhr2\HoverRaceAI\NetTarget\Game2\InternetRoom.cpp(2472,65):
  	'CArchive &operator >>(CArchive &,CObList *&)': cannot convert argument 1 from 'CString' to 'CArchive &'
  C:\Program Files\Microsoft Visual Studio\2022\Community\VC\Tools\MSVC\14.39.33519\atlmfc\include\afxcoll.h(513,2):
  or       'CArchive &operator >>(CArchive &,CStringArray *&)'
  	C:\originalhr2\HoverRaceAI\NetTarget\Game2\InternetRoom.cpp(2472,65):
  	'CArchive &operator >>(CArchive &,CStringArray *&)': cannot convert argument 1 from 'CString' to 'CArchive &'
  C:\Program Files\Microsoft Visual Studio\2022\Community\VC\Tools\MSVC\14.39.33519\atlmfc\include\afxcoll.h(438,2):
  or       'CArchive &operator >>(CArchive &,CObArray *&)'
  	C:\originalhr2\HoverRaceAI\NetTarget\Game2\InternetRoom.cpp(2472,65):
  	'CArchive &operator >>(CArchive &,CObArray *&)': cannot convert argument 1 from 'CString' to 'CArchive &'
  C:\Program Files\Microsoft Visual Studio\2022\Community\VC\Tools\MSVC\14.39.33519\atlmfc\include\afxcoll.h(217,2):
  or       'CArchive &operator >>(CArchive &,CDWordArray *&)'
  	C:\originalhr2\HoverRaceAI\NetTarget\Game2\InternetRoom.cpp(2472,65):
  	'CArchive &operator >>(CArchive &,CDWordArray *&)': cannot convert argument 1 from 'CString' to 'CArchive &'
  C:\Program Files\Microsoft Visual Studio\2022\Community\VC\Tools\MSVC\14.39.33519\atlmfc\include\afxcoll.h(142,2):
  or       'CArchive &operator >>(CArchive &,CWordArray *&)'
  	C:\originalhr2\HoverRaceAI\NetTarget\Game2\InternetRoom.cpp(2472,65):
  	'CArchive &operator >>(CArchive &,CWordArray *&)': cannot convert argument 1 from 'CString' to 'CArchive &'
  C:\Program Files\Microsoft Visual Studio\2022\Community\VC\Tools\MSVC\14.39.33519\atlmfc\include\afxcoll.h(67,2):
  or       'CArchive &operator >>(CArchive &,CByteArray *&)'
  	C:\originalhr2\HoverRaceAI\NetTarget\Game2\InternetRoom.cpp(2472,65):
  	'CArchive &operator >>(CArchive &,CByteArray *&)': cannot convert argument 1 from 'CString' to 'CArchive &'
  C:\Program Files\Microsoft Visual Studio\2022\Community\VC\Tools\MSVC\14.39.33519\atlmfc\include\afx.inl(394,30):
  or       'CArchive &operator >>(CArchive &,const CObject *&)'
  	C:\originalhr2\HoverRaceAI\NetTarget\Game2\InternetRoom.cpp(2472,65):
  	'CArchive &operator >>(CArchive &,const CObject *&)': cannot convert argument 1 from 'CString' to 'CArchive &'
  C:\Program Files\Microsoft Visual Studio\2022\Community\VC\Tools\MSVC\14.39.33519\atlmfc\include\afx.inl(392,30):
  or       'CArchive &operator >>(CArchive &,CObject *&)'
  	C:\originalhr2\HoverRaceAI\NetTarget\Game2\InternetRoom.cpp(2472,65):
  	'CArchive &operator >>(CArchive &,CObject *&)': cannot convert argument 1 from 'CString' to 'CArchive &'
  C:\Program Files\Microsoft Visual Studio\2022\Community\VC\Tools\MSVC\14.39.33519\atlmfc\include\afx.h(1420,18):
  or       'CArchive &operator >>(CArchive &,ATL::CTime &)'
  	C:\originalhr2\HoverRaceAI\NetTarget\Game2\InternetRoom.cpp(2472,65):
  	'CArchive &operator >>(CArchive &,ATL::CTime &)': cannot convert argument 1 from 'CString' to 'CArchive &'
  C:\Program Files\Microsoft Visual Studio\2022\Community\VC\Tools\MSVC\14.39.33519\atlmfc\include\afx.h(1413,18):
  or       'CArchive &operator >>(CArchive &,ATL::CTimeSpan &)'
  	C:\originalhr2\HoverRaceAI\NetTarget\Game2\InternetRoom.cpp(2472,65):
  	'CArchive &operator >>(CArchive &,ATL::CTimeSpan &)': cannot convert argument 1 from 'CString' to 'CArchive &'
  C:\originalhr2\HoverRaceAI\NetTarget\Game2\InternetRoom.cpp(2472,65):
  while trying to match the argument list '(CString, int)'
  
C:\originalhr2\HoverRaceAI\NetTarget\Game2\InternetRoom.cpp(2473,65): error C2678: binary '>>': no operator found which takes a left-hand operand of type 'CString' (or there is no acceptable conversion) [C:\originalhr2\HoverRaceAI\NetTarget\Game2\Game2.vcxproj]
  C:\Program Files\Microsoft Visual Studio\2022\Community\VC\Tools\MSVC\14.39.33519\atlmfc\include\afxwin1.inl(47,33):
  could be 'CArchive &operator >>(CArchive &,RECT &)'
  	C:\originalhr2\HoverRaceAI\NetTarget\Game2\InternetRoom.cpp(2473,65):
  	'CArchive &operator >>(CArchive &,RECT &)': cannot convert argument 1 from 'CString' to 'CArchive &'
  C:\Program Files\Microsoft Visual Studio\2022\Community\VC\Tools\MSVC\14.39.33519\atlmfc\include\afxwin1.inl(45,33):
  or       'CArchive &operator >>(CArchive &,POINT &)'
  	C:\originalhr2\HoverRaceAI\NetTarget\Game2\InternetRoom.cpp(2473,65):
  	'CArchive &operator >>(CArchive &,POINT &)': cannot convert argument 1 from 'CString' to 'CArchive &'
  C:\Program Files\Microsoft Visual Studio\2022\Community\VC\Tools\MSVC\14.39.33519\atlmfc\include\afxwin1.inl(43,33):
  or       'CArchive &operator >>(CArchive &,SIZE &)'
  	C:\originalhr2\HoverRaceAI\NetTarget\Game2\InternetRoom.cpp(2473,65):
  	'CArchive &operator >>(CArchive &,SIZE &)': cannot convert argument 1 from 'CString' to 'CArchive &'
  C:\Program Files\Microsoft Visual Studio\2022\Community\VC\Tools\MSVC\14.39.33519\atlmfc\include\afxcoll.h(1408,2):
  or       'CArchive &operator >>(CArchive &,CMapStringToString *&)'
  	C:\originalhr2\HoverRaceAI\NetTarget\Game2\InternetRoom.cpp(2473,65):
  	'CArchive &operator >>(CArchive &,CMapStringToString *&)': cannot convert argument 1 from 'CString' to 'CArchive &'
  C:\Program Files\Microsoft Visual Studio\2022\Community\VC\Tools\MSVC\14.39.33519\atlmfc\include\afxcoll.h(1324,2):
  or       'CArchive &operator >>(CArchive &,CMapStringToOb *&)'
  	C:\originalhr2\HoverRaceAI\NetTarget\Game2\InternetRoom.cpp(2473,65):
  	'CArchive &operator >>(CArchive &,CMapStringToOb *&)': cannot convert argument 1 from 'CString' to 'CArchive &'
  C:\Program Files\Microsoft Visual Studio\2022\Community\VC\Tools\MSVC\14.39.33519\atlmfc\include\afxcoll.h(1157,2):
  or       'CArchive &operator >>(CArchive &,CMapWordToOb *&)'
  	C:\originalhr2\HoverRaceAI\NetTarget\Game2\InternetRoom.cpp(2473,65):
  	'CArchive &operator >>(CArchive &,CMapWordToOb *&)': cannot convert argument 1 from 'CString' to 'CArchive &'
  C:\Program Files\Microsoft Visual Studio\2022\Community\VC\Tools\MSVC\14.39.33519\atlmfc\include\afxcoll.h(798,2):
  or       'CArchive &operator >>(CArchive &,CStringList *&)'
  	C:\originalhr2\HoverRaceAI\NetTarget\Game2\InternetRoom.cpp(2473,65):
  	'CArchive &operator >>(CArchive &,CStringList *&)': cannot convert argument 1 from 'CString' to 'CArchive &'
  C:\Program Files\Microsoft Visual Studio\2022\Community\VC\Tools\MSVC\14.39.33519\atlmfc\include\afxcoll.h(697,2):
  or       'CArchive &operator >>(CArchive &,CObList *&)'
  	C:\originalhr2\HoverRaceAI\NetTarget\Game2\InternetRoom.cpp(2473,65):
  	'CArchive &operator >>(CArchive &,CObList *&)': cannot convert argument 1 from 'CString' to 'CArchive &'
  C:\Program Files\Microsoft Visual Studio\2022\Community\VC\Tools\MSVC\14.39.33519\atlmfc\include\afxcoll.h(513,2):
  or       'CArchive &operator >>(CArchive &,CStringArray *&)'
  	C:\originalhr2\HoverRaceAI\NetTarget\Game2\InternetRoom.cpp(2473,65):
  	'CArchive &operator >>(CArchive &,CStringArray *&)': cannot convert argument 1 from 'CString' to 'CArchive &'
  C:\Program Files\Microsoft Visual Studio\2022\Community\VC\Tools\MSVC\14.39.33519\atlmfc\include\afxcoll.h(438,2):
  or       'CArchive &operator >>(CArchive &,CObArray *&)'
  	C:\originalhr2\HoverRaceAI\NetTarget\Game2\InternetRoom.cpp(2473,65):
  	'CArchive &operator >>(CArchive &,CObArray *&)': cannot convert argument 1 from 'CString' to 'CArchive &'
  C:\Program Files\Microsoft Visual Studio\2022\Community\VC\Tools\MSVC\14.39.33519\atlmfc\include\afxcoll.h(217,2):
  or       'CArchive &operator >>(CArchive &,CDWordArray *&)'
  	C:\originalhr2\HoverRaceAI\NetTarget\Game2\InternetRoom.cpp(2473,65):
  	'CArchive &operator >>(CArchive &,CDWordArray *&)': cannot convert argument 1 from 'CString' to 'CArchive &'
  C:\Program Files\Microsoft Visual Studio\2022\Community\VC\Tools\MSVC\14.39.33519\atlmfc\include\afxcoll.h(142,2):
  or       'CArchive &operator >>(CArchive &,CWordArray *&)'
  	C:\originalhr2\HoverRaceAI\NetTarget\Game2\InternetRoom.cpp(2473,65):
  	'CArchive &operator >>(CArchive &,CWordArray *&)': cannot convert argument 1 from 'CString' to 'CArchive &'
  C:\Program Files\Microsoft Visual Studio\2022\Community\VC\Tools\MSVC\14.39.33519\atlmfc\include\afxcoll.h(67,2):
  or       'CArchive &operator >>(CArchive &,CByteArray *&)'
  	C:\originalhr2\HoverRaceAI\NetTarget\Game2\InternetRoom.cpp(2473,65):
  	'CArchive &operator >>(CArchive &,CByteArray *&)': cannot convert argument 1 from 'CString' to 'CArchive &'
  C:\Program Files\Microsoft Visual Studio\2022\Community\VC\Tools\MSVC\14.39.33519\atlmfc\include\afx.inl(394,30):
  or       'CArchive &operator >>(CArchive &,const CObject *&)'
  	C:\originalhr2\HoverRaceAI\NetTarget\Game2\InternetRoom.cpp(2473,65):
  	'CArchive &operator >>(CArchive &,const CObject *&)': cannot convert argument 1 from 'CString' to 'CArchive &'
  C:\Program Files\Microsoft Visual Studio\2022\Community\VC\Tools\MSVC\14.39.33519\atlmfc\include\afx.inl(392,30):
  or       'CArchive &operator >>(CArchive &,CObject *&)'
  	C:\originalhr2\HoverRaceAI\NetTarget\Game2\InternetRoom.cpp(2473,65):
  	'CArchive &operator >>(CArchive &,CObject *&)': cannot convert argument 1 from 'CString' to 'CArchive &'
  C:\Program Files\Microsoft Visual Studio\2022\Community\VC\Tools\MSVC\14.39.33519\atlmfc\include\afx.h(1420,18):
  or       'CArchive &operator >>(CArchive &,ATL::CTime &)'
  	C:\originalhr2\HoverRaceAI\NetTarget\Game2\InternetRoom.cpp(2473,65):
  	'CArchive &operator >>(CArchive &,ATL::CTime &)': cannot convert argument 1 from 'CString' to 'CArchive &'
  C:\Program Files\Microsoft Visual Studio\2022\Community\VC\Tools\MSVC\14.39.33519\atlmfc\include\afx.h(1413,18):
  or       'CArchive &operator >>(CArchive &,ATL::CTimeSpan &)'
  	C:\originalhr2\HoverRaceAI\NetTarget\Game2\InternetRoom.cpp(2473,65):
  	'CArchive &operator >>(CArchive &,ATL::CTimeSpan &)': cannot convert argument 1 from 'CString' to 'CArchive &'
  C:\originalhr2\HoverRaceAI\NetTarget\Game2\InternetRoom.cpp(2473,65):
  while trying to match the argument list '(CString, int)'
  
C:\originalhr2\HoverRaceAI\NetTarget\Game2\InternetRoom.cpp(2474,65): error C2678: binary '>>': no operator found which takes a left-hand operand of type 'CString' (or there is no acceptable conversion) [C:\originalhr2\HoverRaceAI\NetTarget\Game2\Game2.vcxproj]
  C:\Program Files\Microsoft Visual Studio\2022\Community\VC\Tools\MSVC\14.39.33519\atlmfc\include\afxwin1.inl(47,33):
  could be 'CArchive &operator >>(CArchive &,RECT &)'
  	C:\originalhr2\HoverRaceAI\NetTarget\Game2\InternetRoom.cpp(2474,65):
  	'CArchive &operator >>(CArchive &,RECT &)': cannot convert argument 1 from 'CString' to 'CArchive &'
  C:\Program Files\Microsoft Visual Studio\2022\Community\VC\Tools\MSVC\14.39.33519\atlmfc\include\afxwin1.inl(45,33):
  or       'CArchive &operator >>(CArchive &,POINT &)'
  	C:\originalhr2\HoverRaceAI\NetTarget\Game2\InternetRoom.cpp(2474,65):
  	'CArchive &operator >>(CArchive &,POINT &)': cannot convert argument 1 from 'CString' to 'CArchive &'
  C:\Program Files\Microsoft Visual Studio\2022\Community\VC\Tools\MSVC\14.39.33519\atlmfc\include\afxwin1.inl(43,33):
  or       'CArchive &operator >>(CArchive &,SIZE &)'
  	C:\originalhr2\HoverRaceAI\NetTarget\Game2\InternetRoom.cpp(2474,65):
  	'CArchive &operator >>(CArchive &,SIZE &)': cannot convert argument 1 from 'CString' to 'CArchive &'
  C:\Program Files\Microsoft Visual Studio\2022\Community\VC\Tools\MSVC\14.39.33519\atlmfc\include\afxcoll.h(1408,2):
  or       'CArchive &operator >>(CArchive &,CMapStringToString *&)'
  	C:\originalhr2\HoverRaceAI\NetTarget\Game2\InternetRoom.cpp(2474,65):
  	'CArchive &operator >>(CArchive &,CMapStringToString *&)': cannot convert argument 1 from 'CString' to 'CArchive &'
  C:\Program Files\Microsoft Visual Studio\2022\Community\VC\Tools\MSVC\14.39.33519\atlmfc\include\afxcoll.h(1324,2):
  or       'CArchive &operator >>(CArchive &,CMapStringToOb *&)'
  	C:\originalhr2\HoverRaceAI\NetTarget\Game2\InternetRoom.cpp(2474,65):
  	'CArchive &operator >>(CArchive &,CMapStringToOb *&)': cannot convert argument 1 from 'CString' to 'CArchive &'
  C:\Program Files\Microsoft Visual Studio\2022\Community\VC\Tools\MSVC\14.39.33519\atlmfc\include\afxcoll.h(1157,2):
  or       'CArchive &operator >>(CArchive &,CMapWordToOb *&)'
  	C:\originalhr2\HoverRaceAI\NetTarget\Game2\InternetRoom.cpp(2474,65):
  	'CArchive &operator >>(CArchive &,CMapWordToOb *&)': cannot convert argument 1 from 'CString' to 'CArchive &'
  C:\Program Files\Microsoft Visual Studio\2022\Community\VC\Tools\MSVC\14.39.33519\atlmfc\include\afxcoll.h(798,2):
  or       'CArchive &operator >>(CArchive &,CStringList *&)'
  	C:\originalhr2\HoverRaceAI\NetTarget\Game2\InternetRoom.cpp(2474,65):
  	'CArchive &operator >>(CArchive &,CStringList *&)': cannot convert argument 1 from 'CString' to 'CArchive &'
  C:\Program Files\Microsoft Visual Studio\2022\Community\VC\Tools\MSVC\14.39.33519\atlmfc\include\afxcoll.h(697,2):
  or       'CArchive &operator >>(CArchive &,CObList *&)'
  	C:\originalhr2\HoverRaceAI\NetTarget\Game2\InternetRoom.cpp(2474,65):
  	'CArchive &operator >>(CArchive &,CObList *&)': cannot convert argument 1 from 'CString' to 'CArchive &'
  C:\Program Files\Microsoft Visual Studio\2022\Community\VC\Tools\MSVC\14.39.33519\atlmfc\include\afxcoll.h(513,2):
  or       'CArchive &operator >>(CArchive &,CStringArray *&)'
  	C:\originalhr2\HoverRaceAI\NetTarget\Game2\InternetRoom.cpp(2474,65):
  	'CArchive &operator >>(CArchive &,CStringArray *&)': cannot convert argument 1 from 'CString' to 'CArchive &'
  C:\Program Files\Microsoft Visual Studio\2022\Community\VC\Tools\MSVC\14.39.33519\atlmfc\include\afxcoll.h(438,2):
  or       'CArchive &operator >>(CArchive &,CObArray *&)'
  	C:\originalhr2\HoverRaceAI\NetTarget\Game2\InternetRoom.cpp(2474,65):
  	'CArchive &operator >>(CArchive &,CObArray *&)': cannot convert argument 1 from 'CString' to 'CArchive &'
  C:\Program Files\Microsoft Visual Studio\2022\Community\VC\Tools\MSVC\14.39.33519\atlmfc\include\afxcoll.h(217,2):
  or       'CArchive &operator >>(CArchive &,CDWordArray *&)'
  	C:\originalhr2\HoverRaceAI\NetTarget\Game2\InternetRoom.cpp(2474,65):
  	'CArchive &operator >>(CArchive &,CDWordArray *&)': cannot convert argument 1 from 'CString' to 'CArchive &'
  C:\Program Files\Microsoft Visual Studio\2022\Community\VC\Tools\MSVC\14.39.33519\atlmfc\include\afxcoll.h(142,2):
  or       'CArchive &operator >>(CArchive &,CWordArray *&)'
  	C:\originalhr2\HoverRaceAI\NetTarget\Game2\InternetRoom.cpp(2474,65):
  	'CArchive &operator >>(CArchive &,CWordArray *&)': cannot convert argument 1 from 'CString' to 'CArchive &'
  C:\Program Files\Microsoft Visual Studio\2022\Community\VC\Tools\MSVC\14.39.33519\atlmfc\include\afxcoll.h(67,2):
  or       'CArchive &operator >>(CArchive &,CByteArray *&)'
  	C:\originalhr2\HoverRaceAI\NetTarget\Game2\InternetRoom.cpp(2474,65):
  	'CArchive &operator >>(CArchive &,CByteArray *&)': cannot convert argument 1 from 'CString' to 'CArchive &'
  C:\Program Files\Microsoft Visual Studio\2022\Community\VC\Tools\MSVC\14.39.33519\atlmfc\include\afx.inl(394,30):
  or       'CArchive &operator >>(CArchive &,const CObject *&)'
  	C:\originalhr2\HoverRaceAI\NetTarget\Game2\InternetRoom.cpp(2474,65):
  	'CArchive &operator >>(CArchive &,const CObject *&)': cannot convert argument 1 from 'CString' to 'CArchive &'
  C:\Program Files\Microsoft Visual Studio\2022\Community\VC\Tools\MSVC\14.39.33519\atlmfc\include\afx.inl(392,30):
  or       'CArchive &operator >>(CArchive &,CObject *&)'
  	C:\originalhr2\HoverRaceAI\NetTarget\Game2\InternetRoom.cpp(2474,65):
  	'CArchive &operator >>(CArchive &,CObject *&)': cannot convert argument 1 from 'CString' to 'CArchive &'
  C:\Program Files\Microsoft Visual Studio\2022\Community\VC\Tools\MSVC\14.39.33519\atlmfc\include\afx.h(1420,18):
  or       'CArchive &operator >>(CArchive &,ATL::CTime &)'
  	C:\originalhr2\HoverRaceAI\NetTarget\Game2\InternetRoom.cpp(2474,65):
  	'CArchive &operator >>(CArchive &,ATL::CTime &)': cannot convert argument 1 from 'CString' to 'CArchive &'
  C:\Program Files\Microsoft Visual Studio\2022\Community\VC\Tools\MSVC\14.39.33519\atlmfc\include\afx.h(1413,18):
  or       'CArchive &operator >>(CArchive &,ATL::CTimeSpan &)'
  	C:\originalhr2\HoverRaceAI\NetTarget\Game2\InternetRoom.cpp(2474,65):
  	'CArchive &operator >>(CArchive &,ATL::CTimeSpan &)': cannot convert argument 1 from 'CString' to 'CArchive &'
  C:\originalhr2\HoverRaceAI\NetTarget\Game2\InternetRoom.cpp(2474,65):
  while trying to match the argument list '(CString, int)'
  
C:\originalhr2\HoverRaceAI\NetTarget\Game2\InternetRoom.cpp(2475,65): error C2678: binary '>>': no operator found which takes a left-hand operand of type 'CString' (or there is no acceptable conversion) [C:\originalhr2\HoverRaceAI\NetTarget\Game2\Game2.vcxproj]
  C:\Program Files\Microsoft Visual Studio\2022\Community\VC\Tools\MSVC\14.39.33519\atlmfc\include\afxwin1.inl(47,33):
  could be 'CArchive &operator >>(CArchive &,RECT &)'
  	C:\originalhr2\HoverRaceAI\NetTarget\Game2\InternetRoom.cpp(2475,65):
  	'CArchive &operator >>(CArchive &,RECT &)': cannot convert argument 1 from 'CString' to 'CArchive &'
  C:\Program Files\Microsoft Visual Studio\2022\Community\VC\Tools\MSVC\14.39.33519\atlmfc\include\afxwin1.inl(45,33):
  or       'CArchive &operator >>(CArchive &,POINT &)'
  	C:\originalhr2\HoverRaceAI\NetTarget\Game2\InternetRoom.cpp(2475,65):
  	'CArchive &operator >>(CArchive &,POINT &)': cannot convert argument 1 from 'CString' to 'CArchive &'
  C:\Program Files\Microsoft Visual Studio\2022\Community\VC\Tools\MSVC\14.39.33519\atlmfc\include\afxwin1.inl(43,33):
  or       'CArchive &operator >>(CArchive &,SIZE &)'
  	C:\originalhr2\HoverRaceAI\NetTarget\Game2\InternetRoom.cpp(2475,65):
  	'CArchive &operator >>(CArchive &,SIZE &)': cannot convert argument 1 from 'CString' to 'CArchive &'
  C:\Program Files\Microsoft Visual Studio\2022\Community\VC\Tools\MSVC\14.39.33519\atlmfc\include\afxcoll.h(1408,2):
  or       'CArchive &operator >>(CArchive &,CMapStringToString *&)'
  	C:\originalhr2\HoverRaceAI\NetTarget\Game2\InternetRoom.cpp(2475,65):
  	'CArchive &operator >>(CArchive &,CMapStringToString *&)': cannot convert argument 1 from 'CString' to 'CArchive &'
  C:\Program Files\Microsoft Visual Studio\2022\Community\VC\Tools\MSVC\14.39.33519\atlmfc\include\afxcoll.h(1324,2):
  or       'CArchive &operator >>(CArchive &,CMapStringToOb *&)'
  	C:\originalhr2\HoverRaceAI\NetTarget\Game2\InternetRoom.cpp(2475,65):
  	'CArchive &operator >>(CArchive &,CMapStringToOb *&)': cannot convert argument 1 from 'CString' to 'CArchive &'
  C:\Program Files\Microsoft Visual Studio\2022\Community\VC\Tools\MSVC\14.39.33519\atlmfc\include\afxcoll.h(1157,2):
  or       'CArchive &operator >>(CArchive &,CMapWordToOb *&)'
  	C:\originalhr2\HoverRaceAI\NetTarget\Game2\InternetRoom.cpp(2475,65):
  	'CArchive &operator >>(CArchive &,CMapWordToOb *&)': cannot convert argument 1 from 'CString' to 'CArchive &'
  C:\Program Files\Microsoft Visual Studio\2022\Community\VC\Tools\MSVC\14.39.33519\atlmfc\include\afxcoll.h(798,2):
  or       'CArchive &operator >>(CArchive &,CStringList *&)'
  	C:\originalhr2\HoverRaceAI\NetTarget\Game2\InternetRoom.cpp(2475,65):
  	'CArchive &operator >>(CArchive &,CStringList *&)': cannot convert argument 1 from 'CString' to 'CArchive &'
  C:\Program Files\Microsoft Visual Studio\2022\Community\VC\Tools\MSVC\14.39.33519\atlmfc\include\afxcoll.h(697,2):
  or       'CArchive &operator >>(CArchive &,CObList *&)'
  	C:\originalhr2\HoverRaceAI\NetTarget\Game2\InternetRoom.cpp(2475,65):
  	'CArchive &operator >>(CArchive &,CObList *&)': cannot convert argument 1 from 'CString' to 'CArchive &'
  C:\Program Files\Microsoft Visual Studio\2022\Community\VC\Tools\MSVC\14.39.33519\atlmfc\include\afxcoll.h(513,2):
  or       'CArchive &operator >>(CArchive &,CStringArray *&)'
  	C:\originalhr2\HoverRaceAI\NetTarget\Game2\InternetRoom.cpp(2475,65):
  	'CArchive &operator >>(CArchive &,CStringArray *&)': cannot convert argument 1 from 'CString' to 'CArchive &'
  C:\Program Files\Microsoft Visual Studio\2022\Community\VC\Tools\MSVC\14.39.33519\atlmfc\include\afxcoll.h(438,2):
  or       'CArchive &operator >>(CArchive &,CObArray *&)'
  	C:\originalhr2\HoverRaceAI\NetTarget\Game2\InternetRoom.cpp(2475,65):
  	'CArchive &operator >>(CArchive &,CObArray *&)': cannot convert argument 1 from 'CString' to 'CArchive &'
  C:\Program Files\Microsoft Visual Studio\2022\Community\VC\Tools\MSVC\14.39.33519\atlmfc\include\afxcoll.h(217,2):
  or       'CArchive &operator >>(CArchive &,CDWordArray *&)'
  	C:\originalhr2\HoverRaceAI\NetTarget\Game2\InternetRoom.cpp(2475,65):
  	'CArchive &operator >>(CArchive &,CDWordArray *&)': cannot convert argument 1 from 'CString' to 'CArchive &'
  C:\Program Files\Microsoft Visual Studio\2022\Community\VC\Tools\MSVC\14.39.33519\atlmfc\include\afxcoll.h(142,2):
  or       'CArchive &operator >>(CArchive &,CWordArray *&)'
  	C:\originalhr2\HoverRaceAI\NetTarget\Game2\InternetRoom.cpp(2475,65):
  	'CArchive &operator >>(CArchive &,CWordArray *&)': cannot convert argument 1 from 'CString' to 'CArchive &'
  C:\Program Files\Microsoft Visual Studio\2022\Community\VC\Tools\MSVC\14.39.33519\atlmfc\include\afxcoll.h(67,2):
  or       'CArchive &operator >>(CArchive &,CByteArray *&)'
  	C:\originalhr2\HoverRaceAI\NetTarget\Game2\InternetRoom.cpp(2475,65):
  	'CArchive &operator >>(CArchive &,CByteArray *&)': cannot convert argument 1 from 'CString' to 'CArchive &'
  C:\Program Files\Microsoft Visual Studio\2022\Community\VC\Tools\MSVC\14.39.33519\atlmfc\include\afx.inl(394,30):
  or       'CArchive &operator >>(CArchive &,const CObject *&)'
  	C:\originalhr2\HoverRaceAI\NetTarget\Game2\InternetRoom.cpp(2475,65):
  	'CArchive &operator >>(CArchive &,const CObject *&)': cannot convert argument 1 from 'CString' to 'CArchive &'
  C:\Program Files\Microsoft Visual Studio\2022\Community\VC\Tools\MSVC\14.39.33519\atlmfc\include\afx.inl(392,30):
  or       'CArchive &operator >>(CArchive &,CObject *&)'
  	C:\originalhr2\HoverRaceAI\NetTarget\Game2\InternetRoom.cpp(2475,65):
  	'CArchive &operator >>(CArchive &,CObject *&)': cannot convert argument 1 from 'CString' to 'CArchive &'
  C:\Program Files\Microsoft Visual Studio\2022\Community\VC\Tools\MSVC\14.39.33519\atlmfc\include\afx.h(1420,18):
  or       'CArchive &operator >>(CArchive &,ATL::CTime &)'
  	C:\originalhr2\HoverRaceAI\NetTarget\Game2\InternetRoom.cpp(2475,65):
  	'CArchive &operator >>(CArchive &,ATL::CTime &)': cannot convert argument 1 from 'CString' to 'CArchive &'
  C:\Program Files\Microsoft Visual Studio\2022\Community\VC\Tools\MSVC\14.39.33519\atlmfc\include\afx.h(1413,18):
  or       'CArchive &operator >>(CArchive &,ATL::CTimeSpan &)'
  	C:\originalhr2\HoverRaceAI\NetTarget\Game2\InternetRoom.cpp(2475,65):
  	'CArchive &operator >>(CArchive &,ATL::CTimeSpan &)': cannot convert argument 1 from 'CString' to 'CArchive &'
  C:\originalhr2\HoverRaceAI\NetTarget\Game2\InternetRoom.cpp(2475,65):
  while trying to match the argument list '(CString, int)'
  
C:\originalhr2\HoverRaceAI\NetTarget\Game2\InternetRoom.cpp(2471,60): warning C4473: 'fprintf' : not enough arguments passed for format string [C:\originalhr2\HoverRaceAI\NetTarget\Game2\Game2.vcxproj]
  C:\originalhr2\HoverRaceAI\NetTarget\Game2\InternetRoom.cpp(2471,60):
  placeholders and their parameters expect 5 variadic arguments, but 1 were provided
  C:\originalhr2\HoverRaceAI\NetTarget\Game2\InternetRoom.cpp(2471,60):
  the missing variadic argument 2 is required by format string '%d'
  
C:\originalhr2\HoverRaceAI\NetTarget\Game2\InternetRoom.cpp(2488,62): error C2678: binary '>>': no operator found which takes a left-hand operand of type 'CString' (or there is no acceptable conversion) [C:\originalhr2\HoverRaceAI\NetTarget\Game2\Game2.vcxproj]
  C:\Program Files\Microsoft Visual Studio\2022\Community\VC\Tools\MSVC\14.39.33519\atlmfc\include\afxwin1.inl(47,33):
  could be 'CArchive &operator >>(CArchive &,RECT &)'
  	C:\originalhr2\HoverRaceAI\NetTarget\Game2\InternetRoom.cpp(2488,62):
  	'CArchive &operator >>(CArchive &,RECT &)': cannot convert argument 1 from 'CString' to 'CArchive &'
  C:\Program Files\Microsoft Visual Studio\2022\Community\VC\Tools\MSVC\14.39.33519\atlmfc\include\afxwin1.inl(45,33):
  or       'CArchive &operator >>(CArchive &,POINT &)'
  	C:\originalhr2\HoverRaceAI\NetTarget\Game2\InternetRoom.cpp(2488,62):
  	'CArchive &operator >>(CArchive &,POINT &)': cannot convert argument 1 from 'CString' to 'CArchive &'
  C:\Program Files\Microsoft Visual Studio\2022\Community\VC\Tools\MSVC\14.39.33519\atlmfc\include\afxwin1.inl(43,33):
  or       'CArchive &operator >>(CArchive &,SIZE &)'
  	C:\originalhr2\HoverRaceAI\NetTarget\Game2\InternetRoom.cpp(2488,62):
  	'CArchive &operator >>(CArchive &,SIZE &)': cannot convert argument 1 from 'CString' to 'CArchive &'
  C:\Program Files\Microsoft Visual Studio\2022\Community\VC\Tools\MSVC\14.39.33519\atlmfc\include\afxcoll.h(1408,2):
  or       'CArchive &operator >>(CArchive &,CMapStringToString *&)'
  	C:\originalhr2\HoverRaceAI\NetTarget\Game2\InternetRoom.cpp(2488,62):
  	'CArchive &operator >>(CArchive &,CMapStringToString *&)': cannot convert argument 1 from 'CString' to 'CArchive &'
  C:\Program Files\Microsoft Visual Studio\2022\Community\VC\Tools\MSVC\14.39.33519\atlmfc\include\afxcoll.h(1324,2):
  or       'CArchive &operator >>(CArchive &,CMapStringToOb *&)'
  	C:\originalhr2\HoverRaceAI\NetTarget\Game2\InternetRoom.cpp(2488,62):
  	'CArchive &operator >>(CArchive &,CMapStringToOb *&)': cannot convert argument 1 from 'CString' to 'CArchive &'
  C:\Program Files\Microsoft Visual Studio\2022\Community\VC\Tools\MSVC\14.39.33519\atlmfc\include\afxcoll.h(1157,2):
  or       'CArchive &operator >>(CArchive &,CMapWordToOb *&)'
  	C:\originalhr2\HoverRaceAI\NetTarget\Game2\InternetRoom.cpp(2488,62):
  	'CArchive &operator >>(CArchive &,CMapWordToOb *&)': cannot convert argument 1 from 'CString' to 'CArchive &'
  C:\Program Files\Microsoft Visual Studio\2022\Community\VC\Tools\MSVC\14.39.33519\atlmfc\include\afxcoll.h(798,2):
  or       'CArchive &operator >>(CArchive &,CStringList *&)'
  	C:\originalhr2\HoverRaceAI\NetTarget\Game2\InternetRoom.cpp(2488,62):
  	'CArchive &operator >>(CArchive &,CStringList *&)': cannot convert argument 1 from 'CString' to 'CArchive &'
  C:\Program Files\Microsoft Visual Studio\2022\Community\VC\Tools\MSVC\14.39.33519\atlmfc\include\afxcoll.h(697,2):
  or       'CArchive &operator >>(CArchive &,CObList *&)'
  	C:\originalhr2\HoverRaceAI\NetTarget\Game2\InternetRoom.cpp(2488,62):
  	'CArchive &operator >>(CArchive &,CObList *&)': cannot convert argument 1 from 'CString' to 'CArchive &'
  C:\Program Files\Microsoft Visual Studio\2022\Community\VC\Tools\MSVC\14.39.33519\atlmfc\include\afxcoll.h(513,2):
  or       'CArchive &operator >>(CArchive &,CStringArray *&)'
  	C:\originalhr2\HoverRaceAI\NetTarget\Game2\InternetRoom.cpp(2488,62):
  	'CArchive &operator >>(CArchive &,CStringArray *&)': cannot convert argument 1 from 'CString' to 'CArchive &'
  C:\Program Files\Microsoft Visual Studio\2022\Community\VC\Tools\MSVC\14.39.33519\atlmfc\include\afxcoll.h(438,2):
  or       'CArchive &operator >>(CArchive &,CObArray *&)'
  	C:\originalhr2\HoverRaceAI\NetTarget\Game2\InternetRoom.cpp(2488,62):
  	'CArchive &operator >>(CArchive &,CObArray *&)': cannot convert argument 1 from 'CString' to 'CArchive &'
  C:\Program Files\Microsoft Visual Studio\2022\Community\VC\Tools\MSVC\14.39.33519\atlmfc\include\afxcoll.h(217,2):
  or       'CArchive &operator >>(CArchive &,CDWordArray *&)'
  	C:\originalhr2\HoverRaceAI\NetTarget\Game2\InternetRoom.cpp(2488,62):
  	'CArchive &operator >>(CArchive &,CDWordArray *&)': cannot convert argument 1 from 'CString' to 'CArchive &'
  C:\Program Files\Microsoft Visual Studio\2022\Community\VC\Tools\MSVC\14.39.33519\atlmfc\include\afxcoll.h(142,2):
  or       'CArchive &operator >>(CArchive &,CWordArray *&)'
  	C:\originalhr2\HoverRaceAI\NetTarget\Game2\InternetRoom.cpp(2488,62):
  	'CArchive &operator >>(CArchive &,CWordArray *&)': cannot convert argument 1 from 'CString' to 'CArchive &'
  C:\Program Files\Microsoft Visual Studio\2022\Community\VC\Tools\MSVC\14.39.33519\atlmfc\include\afxcoll.h(67,2):
  or       'CArchive &operator >>(CArchive &,CByteArray *&)'
  	C:\originalhr2\HoverRaceAI\NetTarget\Game2\InternetRoom.cpp(2488,62):
  	'CArchive &operator >>(CArchive &,CByteArray *&)': cannot convert argument 1 from 'CString' to 'CArchive &'
  C:\Program Files\Microsoft Visual Studio\2022\Community\VC\Tools\MSVC\14.39.33519\atlmfc\include\afx.inl(394,30):
  or       'CArchive &operator >>(CArchive &,const CObject *&)'
  	C:\originalhr2\HoverRaceAI\NetTarget\Game2\InternetRoom.cpp(2488,62):
  	'CArchive &operator >>(CArchive &,const CObject *&)': cannot convert argument 1 from 'CString' to 'CArchive &'
  C:\Program Files\Microsoft Visual Studio\2022\Community\VC\Tools\MSVC\14.39.33519\atlmfc\include\afx.inl(392,30):
  or       'CArchive &operator >>(CArchive &,CObject *&)'
  	C:\originalhr2\HoverRaceAI\NetTarget\Game2\InternetRoom.cpp(2488,62):
  	'CArchive &operator >>(CArchive &,CObject *&)': cannot convert argument 1 from 'CString' to 'CArchive &'
  C:\Program Files\Microsoft Visual Studio\2022\Community\VC\Tools\MSVC\14.39.33519\atlmfc\include\afx.h(1420,18):
  or       'CArchive &operator >>(CArchive &,ATL::CTime &)'
  	C:\originalhr2\HoverRaceAI\NetTarget\Game2\InternetRoom.cpp(2488,62):
  	'CArchive &operator >>(CArchive &,ATL::CTime &)': cannot convert argument 1 from 'CString' to 'CArchive &'
  C:\Program Files\Microsoft Visual Studio\2022\Community\VC\Tools\MSVC\14.39.33519\atlmfc\include\afx.h(1413,18):
  or       'CArchive &operator >>(CArchive &,ATL::CTimeSpan &)'
  	C:\originalhr2\HoverRaceAI\NetTarget\Game2\InternetRoom.cpp(2488,62):
  	'CArchive &operator >>(CArchive &,ATL::CTimeSpan &)': cannot convert argument 1 from 'CString' to 'CArchive &'
  C:\originalhr2\HoverRaceAI\NetTarget\Game2\InternetRoom.cpp(2488,62):
  while trying to match the argument list '(CString, int)'
  
C:\originalhr2\HoverRaceAI\NetTarget\Game2\InternetRoom.cpp(2489,62): error C2678: binary '>>': no operator found which takes a left-hand operand of type 'CString' (or there is no acceptable conversion) [C:\originalhr2\HoverRaceAI\NetTarget\Game2\Game2.vcxproj]
  C:\Program Files\Microsoft Visual Studio\2022\Community\VC\Tools\MSVC\14.39.33519\atlmfc\include\afxwin1.inl(47,33):
  could be 'CArchive &operator >>(CArchive &,RECT &)'
  	C:\originalhr2\HoverRaceAI\NetTarget\Game2\InternetRoom.cpp(2489,62):
  	'CArchive &operator >>(CArchive &,RECT &)': cannot convert argument 1 from 'CString' to 'CArchive &'
  C:\Program Files\Microsoft Visual Studio\2022\Community\VC\Tools\MSVC\14.39.33519\atlmfc\include\afxwin1.inl(45,33):
  or       'CArchive &operator >>(CArchive &,POINT &)'
  	C:\originalhr2\HoverRaceAI\NetTarget\Game2\InternetRoom.cpp(2489,62):
  	'CArchive &operator >>(CArchive &,POINT &)': cannot convert argument 1 from 'CString' to 'CArchive &'
  C:\Program Files\Microsoft Visual Studio\2022\Community\VC\Tools\MSVC\14.39.33519\atlmfc\include\afxwin1.inl(43,33):
  or       'CArchive &operator >>(CArchive &,SIZE &)'
  	C:\originalhr2\HoverRaceAI\NetTarget\Game2\InternetRoom.cpp(2489,62):
  	'CArchive &operator >>(CArchive &,SIZE &)': cannot convert argument 1 from 'CString' to 'CArchive &'
  C:\Program Files\Microsoft Visual Studio\2022\Community\VC\Tools\MSVC\14.39.33519\atlmfc\include\afxcoll.h(1408,2):
  or       'CArchive &operator >>(CArchive &,CMapStringToString *&)'
  	C:\originalhr2\HoverRaceAI\NetTarget\Game2\InternetRoom.cpp(2489,62):
  	'CArchive &operator >>(CArchive &,CMapStringToString *&)': cannot convert argument 1 from 'CString' to 'CArchive &'
  C:\Program Files\Microsoft Visual Studio\2022\Community\VC\Tools\MSVC\14.39.33519\atlmfc\include\afxcoll.h(1324,2):
  or       'CArchive &operator >>(CArchive &,CMapStringToOb *&)'
  	C:\originalhr2\HoverRaceAI\NetTarget\Game2\InternetRoom.cpp(2489,62):
  	'CArchive &operator >>(CArchive &,CMapStringToOb *&)': cannot convert argument 1 from 'CString' to 'CArchive &'
  C:\Program Files\Microsoft Visual Studio\2022\Community\VC\Tools\MSVC\14.39.33519\atlmfc\include\afxcoll.h(1157,2):
  or       'CArchive &operator >>(CArchive &,CMapWordToOb *&)'
  	C:\originalhr2\HoverRaceAI\NetTarget\Game2\InternetRoom.cpp(2489,62):
  	'CArchive &operator >>(CArchive &,CMapWordToOb *&)': cannot convert argument 1 from 'CString' to 'CArchive &'
  C:\Program Files\Microsoft Visual Studio\2022\Community\VC\Tools\MSVC\14.39.33519\atlmfc\include\afxcoll.h(798,2):
  or       'CArchive &operator >>(CArchive &,CStringList *&)'
  	C:\originalhr2\HoverRaceAI\NetTarget\Game2\InternetRoom.cpp(2489,62):
  	'CArchive &operator >>(CArchive &,CStringList *&)': cannot convert argument 1 from 'CString' to 'CArchive &'
  C:\Program Files\Microsoft Visual Studio\2022\Community\VC\Tools\MSVC\14.39.33519\atlmfc\include\afxcoll.h(697,2):
  or       'CArchive &operator >>(CArchive &,CObList *&)'
  	C:\originalhr2\HoverRaceAI\NetTarget\Game2\InternetRoom.cpp(2489,62):
  	'CArchive &operator >>(CArchive &,CObList *&)': cannot convert argument 1 from 'CString' to 'CArchive &'
  C:\Program Files\Microsoft Visual Studio\2022\Community\VC\Tools\MSVC\14.39.33519\atlmfc\include\afxcoll.h(513,2):
  or       'CArchive &operator >>(CArchive &,CStringArray *&)'
  	C:\originalhr2\HoverRaceAI\NetTarget\Game2\InternetRoom.cpp(2489,62):
  	'CArchive &operator >>(CArchive &,CStringArray *&)': cannot convert argument 1 from 'CString' to 'CArchive &'
  C:\Program Files\Microsoft Visual Studio\2022\Community\VC\Tools\MSVC\14.39.33519\atlmfc\include\afxcoll.h(438,2):
  or       'CArchive &operator >>(CArchive &,CObArray *&)'
  	C:\originalhr2\HoverRaceAI\NetTarget\Game2\InternetRoom.cpp(2489,62):
  	'CArchive &operator >>(CArchive &,CObArray *&)': cannot convert argument 1 from 'CString' to 'CArchive &'
  C:\Program Files\Microsoft Visual Studio\2022\Community\VC\Tools\MSVC\14.39.33519\atlmfc\include\afxcoll.h(217,2):
  or       'CArchive &operator >>(CArchive &,CDWordArray *&)'
  	C:\originalhr2\HoverRaceAI\NetTarget\Game2\InternetRoom.cpp(2489,62):
  	'CArchive &operator >>(CArchive &,CDWordArray *&)': cannot convert argument 1 from 'CString' to 'CArchive &'
  C:\Program Files\Microsoft Visual Studio\2022\Community\VC\Tools\MSVC\14.39.33519\atlmfc\include\afxcoll.h(142,2):
  or       'CArchive &operator >>(CArchive &,CWordArray *&)'
  	C:\originalhr2\HoverRaceAI\NetTarget\Game2\InternetRoom.cpp(2489,62):
  	'CArchive &operator >>(CArchive &,CWordArray *&)': cannot convert argument 1 from 'CString' to 'CArchive &'
  C:\Program Files\Microsoft Visual Studio\2022\Community\VC\Tools\MSVC\14.39.33519\atlmfc\include\afxcoll.h(67,2):
  or       'CArchive &operator >>(CArchive &,CByteArray *&)'
  	C:\originalhr2\HoverRaceAI\NetTarget\Game2\InternetRoom.cpp(2489,62):
  	'CArchive &operator >>(CArchive &,CByteArray *&)': cannot convert argument 1 from 'CString' to 'CArchive &'
  C:\Program Files\Microsoft Visual Studio\2022\Community\VC\Tools\MSVC\14.39.33519\atlmfc\include\afx.inl(394,30):
  or       'CArchive &operator >>(CArchive &,const CObject *&)'
  	C:\originalhr2\HoverRaceAI\NetTarget\Game2\InternetRoom.cpp(2489,62):
  	'CArchive &operator >>(CArchive &,const CObject *&)': cannot convert argument 1 from 'CString' to 'CArchive &'
  C:\Program Files\Microsoft Visual Studio\2022\Community\VC\Tools\MSVC\14.39.33519\atlmfc\include\afx.inl(392,30):
  or       'CArchive &operator >>(CArchive &,CObject *&)'
  	C:\originalhr2\HoverRaceAI\NetTarget\Game2\InternetRoom.cpp(2489,62):
  	'CArchive &operator >>(CArchive &,CObject *&)': cannot convert argument 1 from 'CString' to 'CArchive &'
  C:\Program Files\Microsoft Visual Studio\2022\Community\VC\Tools\MSVC\14.39.33519\atlmfc\include\afx.h(1420,18):
  or       'CArchive &operator >>(CArchive &,ATL::CTime &)'
  	C:\originalhr2\HoverRaceAI\NetTarget\Game2\InternetRoom.cpp(2489,62):
  	'CArchive &operator >>(CArchive &,ATL::CTime &)': cannot convert argument 1 from 'CString' to 'CArchive &'
  C:\Program Files\Microsoft Visual Studio\2022\Community\VC\Tools\MSVC\14.39.33519\atlmfc\include\afx.h(1413,18):
  or       'CArchive &operator >>(CArchive &,ATL::CTimeSpan &)'
  	C:\originalhr2\HoverRaceAI\NetTarget\Game2\InternetRoom.cpp(2489,62):
  	'CArchive &operator >>(CArchive &,ATL::CTimeSpan &)': cannot convert argument 1 from 'CString' to 'CArchive &'
  C:\originalhr2\HoverRaceAI\NetTarget\Game2\InternetRoom.cpp(2489,62):
  while trying to match the argument list '(CString, int)'
  
C:\originalhr2\HoverRaceAI\NetTarget\Game2\InternetRoom.cpp(2490,62): error C2678: binary '>>': no operator found which takes a left-hand operand of type 'CString' (or there is no acceptable conversion) [C:\originalhr2\HoverRaceAI\NetTarget\Game2\Game2.vcxproj]
  C:\Program Files\Microsoft Visual Studio\2022\Community\VC\Tools\MSVC\14.39.33519\atlmfc\include\afxwin1.inl(47,33):
  could be 'CArchive &operator >>(CArchive &,RECT &)'
  	C:\originalhr2\HoverRaceAI\NetTarget\Game2\InternetRoom.cpp(2490,62):
  	'CArchive &operator >>(CArchive &,RECT &)': cannot convert argument 1 from 'CString' to 'CArchive &'
  C:\Program Files\Microsoft Visual Studio\2022\Community\VC\Tools\MSVC\14.39.33519\atlmfc\include\afxwin1.inl(45,33):
  or       'CArchive &operator >>(CArchive &,POINT &)'
  	C:\originalhr2\HoverRaceAI\NetTarget\Game2\InternetRoom.cpp(2490,62):
  	'CArchive &operator >>(CArchive &,POINT &)': cannot convert argument 1 from 'CString' to 'CArchive &'
  C:\Program Files\Microsoft Visual Studio\2022\Community\VC\Tools\MSVC\14.39.33519\atlmfc\include\afxwin1.inl(43,33):
  or       'CArchive &operator >>(CArchive &,SIZE &)'
  	C:\originalhr2\HoverRaceAI\NetTarget\Game2\InternetRoom.cpp(2490,62):
  	'CArchive &operator >>(CArchive &,SIZE &)': cannot convert argument 1 from 'CString' to 'CArchive &'
  C:\Program Files\Microsoft Visual Studio\2022\Community\VC\Tools\MSVC\14.39.33519\atlmfc\include\afxcoll.h(1408,2):
  or       'CArchive &operator >>(CArchive &,CMapStringToString *&)'
  	C:\originalhr2\HoverRaceAI\NetTarget\Game2\InternetRoom.cpp(2490,62):
  	'CArchive &operator >>(CArchive &,CMapStringToString *&)': cannot convert argument 1 from 'CString' to 'CArchive &'
  C:\Program Files\Microsoft Visual Studio\2022\Community\VC\Tools\MSVC\14.39.33519\atlmfc\include\afxcoll.h(1324,2):
  or       'CArchive &operator >>(CArchive &,CMapStringToOb *&)'
  	C:\originalhr2\HoverRaceAI\NetTarget\Game2\InternetRoom.cpp(2490,62):
  	'CArchive &operator >>(CArchive &,CMapStringToOb *&)': cannot convert argument 1 from 'CString' to 'CArchive &'
  C:\Program Files\Microsoft Visual Studio\2022\Community\VC\Tools\MSVC\14.39.33519\atlmfc\include\afxcoll.h(1157,2):
  or       'CArchive &operator >>(CArchive &,CMapWordToOb *&)'
  	C:\originalhr2\HoverRaceAI\NetTarget\Game2\InternetRoom.cpp(2490,62):
  	'CArchive &operator >>(CArchive &,CMapWordToOb *&)': cannot convert argument 1 from 'CString' to 'CArchive &'
  C:\Program Files\Microsoft Visual Studio\2022\Community\VC\Tools\MSVC\14.39.33519\atlmfc\include\afxcoll.h(798,2):
  or       'CArchive &operator >>(CArchive &,CStringList *&)'
  	C:\originalhr2\HoverRaceAI\NetTarget\Game2\InternetRoom.cpp(2490,62):
  	'CArchive &operator >>(CArchive &,CStringList *&)': cannot convert argument 1 from 'CString' to 'CArchive &'
  C:\Program Files\Microsoft Visual Studio\2022\Community\VC\Tools\MSVC\14.39.33519\atlmfc\include\afxcoll.h(697,2):
  or       'CArchive &operator >>(CArchive &,CObList *&)'
  	C:\originalhr2\HoverRaceAI\NetTarget\Game2\InternetRoom.cpp(2490,62):
  	'CArchive &operator >>(CArchive &,CObList *&)': cannot convert argument 1 from 'CString' to 'CArchive &'
  C:\Program Files\Microsoft Visual Studio\2022\Community\VC\Tools\MSVC\14.39.33519\atlmfc\include\afxcoll.h(513,2):
  or       'CArchive &operator >>(CArchive &,CStringArray *&)'
  	C:\originalhr2\HoverRaceAI\NetTarget\Game2\InternetRoom.cpp(2490,62):
  	'CArchive &operator >>(CArchive &,CStringArray *&)': cannot convert argument 1 from 'CString' to 'CArchive &'
  C:\Program Files\Microsoft Visual Studio\2022\Community\VC\Tools\MSVC\14.39.33519\atlmfc\include\afxcoll.h(438,2):
  or       'CArchive &operator >>(CArchive &,CObArray *&)'
  	C:\originalhr2\HoverRaceAI\NetTarget\Game2\InternetRoom.cpp(2490,62):
  	'CArchive &operator >>(CArchive &,CObArray *&)': cannot convert argument 1 from 'CString' to 'CArchive &'
  C:\Program Files\Microsoft Visual Studio\2022\Community\VC\Tools\MSVC\14.39.33519\atlmfc\include\afxcoll.h(217,2):
  or       'CArchive &operator >>(CArchive &,CDWordArray *&)'
  	C:\originalhr2\HoverRaceAI\NetTarget\Game2\InternetRoom.cpp(2490,62):
  	'CArchive &operator >>(CArchive &,CDWordArray *&)': cannot convert argument 1 from 'CString' to 'CArchive &'
  C:\Program Files\Microsoft Visual Studio\2022\Community\VC\Tools\MSVC\14.39.33519\atlmfc\include\afxcoll.h(142,2):
  or       'CArchive &operator >>(CArchive &,CWordArray *&)'
  	C:\originalhr2\HoverRaceAI\NetTarget\Game2\InternetRoom.cpp(2490,62):
  	'CArchive &operator >>(CArchive &,CWordArray *&)': cannot convert argument 1 from 'CString' to 'CArchive &'
  C:\Program Files\Microsoft Visual Studio\2022\Community\VC\Tools\MSVC\14.39.33519\atlmfc\include\afxcoll.h(67,2):
  or       'CArchive &operator >>(CArchive &,CByteArray *&)'
  	C:\originalhr2\HoverRaceAI\NetTarget\Game2\InternetRoom.cpp(2490,62):
  	'CArchive &operator >>(CArchive &,CByteArray *&)': cannot convert argument 1 from 'CString' to 'CArchive &'
  C:\Program Files\Microsoft Visual Studio\2022\Community\VC\Tools\MSVC\14.39.33519\atlmfc\include\afx.inl(394,30):
  or       'CArchive &operator >>(CArchive &,const CObject *&)'
  	C:\originalhr2\HoverRaceAI\NetTarget\Game2\InternetRoom.cpp(2490,62):
  	'CArchive &operator >>(CArchive &,const CObject *&)': cannot convert argument 1 from 'CString' to 'CArchive &'
  C:\Program Files\Microsoft Visual Studio\2022\Community\VC\Tools\MSVC\14.39.33519\atlmfc\include\afx.inl(392,30):
  or       'CArchive &operator >>(CArchive &,CObject *&)'
  	C:\originalhr2\HoverRaceAI\NetTarget\Game2\InternetRoom.cpp(2490,62):
  	'CArchive &operator >>(CArchive &,CObject *&)': cannot convert argument 1 from 'CString' to 'CArchive &'
  C:\Program Files\Microsoft Visual Studio\2022\Community\VC\Tools\MSVC\14.39.33519\atlmfc\include\afx.h(1420,18):
  or       'CArchive &operator >>(CArchive &,ATL::CTime &)'
  	C:\originalhr2\HoverRaceAI\NetTarget\Game2\InternetRoom.cpp(2490,62):
  	'CArchive &operator >>(CArchive &,ATL::CTime &)': cannot convert argument 1 from 'CString' to 'CArchive &'
  C:\Program Files\Microsoft Visual Studio\2022\Community\VC\Tools\MSVC\14.39.33519\atlmfc\include\afx.h(1413,18):
  or       'CArchive &operator >>(CArchive &,ATL::CTimeSpan &)'
  	C:\originalhr2\HoverRaceAI\NetTarget\Game2\InternetRoom.cpp(2490,62):
  	'CArchive &operator >>(CArchive &,ATL::CTimeSpan &)': cannot convert argument 1 from 'CString' to 'CArchive &'
  C:\originalhr2\HoverRaceAI\NetTarget\Game2\InternetRoom.cpp(2490,62):
  while trying to match the argument list '(CString, int)'
  
C:\originalhr2\HoverRaceAI\NetTarget\Game2\InternetRoom.cpp(2491,62): error C2678: binary '>>': no operator found which takes a left-hand operand of type 'CString' (or there is no acceptable conversion) [C:\originalhr2\HoverRaceAI\NetTarget\Game2\Game2.vcxproj]
  C:\Program Files\Microsoft Visual Studio\2022\Community\VC\Tools\MSVC\14.39.33519\atlmfc\include\afxwin1.inl(47,33):
  could be 'CArchive &operator >>(CArchive &,RECT &)'
  	C:\originalhr2\HoverRaceAI\NetTarget\Game2\InternetRoom.cpp(2491,62):
  	'CArchive &operator >>(CArchive &,RECT &)': cannot convert argument 1 from 'CString' to 'CArchive &'
  C:\Program Files\Microsoft Visual Studio\2022\Community\VC\Tools\MSVC\14.39.33519\atlmfc\include\afxwin1.inl(45,33):
  or       'CArchive &operator >>(CArchive &,POINT &)'
  	C:\originalhr2\HoverRaceAI\NetTarget\Game2\InternetRoom.cpp(2491,62):
  	'CArchive &operator >>(CArchive &,POINT &)': cannot convert argument 1 from 'CString' to 'CArchive &'
  C:\Program Files\Microsoft Visual Studio\2022\Community\VC\Tools\MSVC\14.39.33519\atlmfc\include\afxwin1.inl(43,33):
  or       'CArchive &operator >>(CArchive &,SIZE &)'
  	C:\originalhr2\HoverRaceAI\NetTarget\Game2\InternetRoom.cpp(2491,62):
  	'CArchive &operator >>(CArchive &,SIZE &)': cannot convert argument 1 from 'CString' to 'CArchive &'
  C:\Program Files\Microsoft Visual Studio\2022\Community\VC\Tools\MSVC\14.39.33519\atlmfc\include\afxcoll.h(1408,2):
  or       'CArchive &operator >>(CArchive &,CMapStringToString *&)'
  	C:\originalhr2\HoverRaceAI\NetTarget\Game2\InternetRoom.cpp(2491,62):
  	'CArchive &operator >>(CArchive &,CMapStringToString *&)': cannot convert argument 1 from 'CString' to 'CArchive &'
  C:\Program Files\Microsoft Visual Studio\2022\Community\VC\Tools\MSVC\14.39.33519\atlmfc\include\afxcoll.h(1324,2):
  or       'CArchive &operator >>(CArchive &,CMapStringToOb *&)'
  	C:\originalhr2\HoverRaceAI\NetTarget\Game2\InternetRoom.cpp(2491,62):
  	'CArchive &operator >>(CArchive &,CMapStringToOb *&)': cannot convert argument 1 from 'CString' to 'CArchive &'
  C:\Program Files\Microsoft Visual Studio\2022\Community\VC\Tools\MSVC\14.39.33519\atlmfc\include\afxcoll.h(1157,2):
  or       'CArchive &operator >>(CArchive &,CMapWordToOb *&)'
  	C:\originalhr2\HoverRaceAI\NetTarget\Game2\InternetRoom.cpp(2491,62):
  	'CArchive &operator >>(CArchive &,CMapWordToOb *&)': cannot convert argument 1 from 'CString' to 'CArchive &'
  C:\Program Files\Microsoft Visual Studio\2022\Community\VC\Tools\MSVC\14.39.33519\atlmfc\include\afxcoll.h(798,2):
  or       'CArchive &operator >>(CArchive &,CStringList *&)'
  	C:\originalhr2\HoverRaceAI\NetTarget\Game2\InternetRoom.cpp(2491,62):
  	'CArchive &operator >>(CArchive &,CStringList *&)': cannot convert argument 1 from 'CString' to 'CArchive &'
  C:\Program Files\Microsoft Visual Studio\2022\Community\VC\Tools\MSVC\14.39.33519\atlmfc\include\afxcoll.h(697,2):
  or       'CArchive &operator >>(CArchive &,CObList *&)'
  	C:\originalhr2\HoverRaceAI\NetTarget\Game2\InternetRoom.cpp(2491,62):
  	'CArchive &operator >>(CArchive &,CObList *&)': cannot convert argument 1 from 'CString' to 'CArchive &'
  C:\Program Files\Microsoft Visual Studio\2022\Community\VC\Tools\MSVC\14.39.33519\atlmfc\include\afxcoll.h(513,2):
  or       'CArchive &operator >>(CArchive &,CStringArray *&)'
  	C:\originalhr2\HoverRaceAI\NetTarget\Game2\InternetRoom.cpp(2491,62):
  	'CArchive &operator >>(CArchive &,CStringArray *&)': cannot convert argument 1 from 'CString' to 'CArchive &'
  C:\Program Files\Microsoft Visual Studio\2022\Community\VC\Tools\MSVC\14.39.33519\atlmfc\include\afxcoll.h(438,2):
  or       'CArchive &operator >>(CArchive &,CObArray *&)'
  	C:\originalhr2\HoverRaceAI\NetTarget\Game2\InternetRoom.cpp(2491,62):
  	'CArchive &operator >>(CArchive &,CObArray *&)': cannot convert argument 1 from 'CString' to 'CArchive &'
  C:\Program Files\Microsoft Visual Studio\2022\Community\VC\Tools\MSVC\14.39.33519\atlmfc\include\afxcoll.h(217,2):
  or       'CArchive &operator >>(CArchive &,CDWordArray *&)'
  	C:\originalhr2\HoverRaceAI\NetTarget\Game2\InternetRoom.cpp(2491,62):
  	'CArchive &operator >>(CArchive &,CDWordArray *&)': cannot convert argument 1 from 'CString' to 'CArchive &'
  C:\Program Files\Microsoft Visual Studio\2022\Community\VC\Tools\MSVC\14.39.33519\atlmfc\include\afxcoll.h(142,2):
  or       'CArchive &operator >>(CArchive &,CWordArray *&)'
  	C:\originalhr2\HoverRaceAI\NetTarget\Game2\InternetRoom.cpp(2491,62):
  	'CArchive &operator >>(CArchive &,CWordArray *&)': cannot convert argument 1 from 'CString' to 'CArchive &'
  C:\Program Files\Microsoft Visual Studio\2022\Community\VC\Tools\MSVC\14.39.33519\atlmfc\include\afxcoll.h(67,2):
  or       'CArchive &operator >>(CArchive &,CByteArray *&)'
  	C:\originalhr2\HoverRaceAI\NetTarget\Game2\InternetRoom.cpp(2491,62):
  	'CArchive &operator >>(CArchive &,CByteArray *&)': cannot convert argument 1 from 'CString' to 'CArchive &'
  C:\Program Files\Microsoft Visual Studio\2022\Community\VC\Tools\MSVC\14.39.33519\atlmfc\include\afx.inl(394,30):
  or       'CArchive &operator >>(CArchive &,const CObject *&)'
  	C:\originalhr2\HoverRaceAI\NetTarget\Game2\InternetRoom.cpp(2491,62):
  	'CArchive &operator >>(CArchive &,const CObject *&)': cannot convert argument 1 from 'CString' to 'CArchive &'
  C:\Program Files\Microsoft Visual Studio\2022\Community\VC\Tools\MSVC\14.39.33519\atlmfc\include\afx.inl(392,30):
  or       'CArchive &operator >>(CArchive &,CObject *&)'
  	C:\originalhr2\HoverRaceAI\NetTarget\Game2\InternetRoom.cpp(2491,62):
  	'CArchive &operator >>(CArchive &,CObject *&)': cannot convert argument 1 from 'CString' to 'CArchive &'
  C:\Program Files\Microsoft Visual Studio\2022\Community\VC\Tools\MSVC\14.39.33519\atlmfc\include\afx.h(1420,18):
  or       'CArchive &operator >>(CArchive &,ATL::CTime &)'
  	C:\originalhr2\HoverRaceAI\NetTarget\Game2\InternetRoom.cpp(2491,62):
  	'CArchive &operator >>(CArchive &,ATL::CTime &)': cannot convert argument 1 from 'CString' to 'CArchive &'
  C:\Program Files\Microsoft Visual Studio\2022\Community\VC\Tools\MSVC\14.39.33519\atlmfc\include\afx.h(1413,18):
  or       'CArchive &operator >>(CArchive &,ATL::CTimeSpan &)'
  	C:\originalhr2\HoverRaceAI\NetTarget\Game2\InternetRoom.cpp(2491,62):
  	'CArchive &operator >>(CArchive &,ATL::CTimeSpan &)': cannot convert argument 1 from 'CString' to 'CArchive &'
  C:\originalhr2\HoverRaceAI\NetTarget\Game2\InternetRoom.cpp(2491,62):
  while trying to match the argument list '(CString, int)'
  
C:\originalhr2\HoverRaceAI\NetTarget\Game2\InternetRoom.cpp(2487,57): warning C4473: 'fprintf' : not enough arguments passed for format string [C:\originalhr2\HoverRaceAI\NetTarget\Game2\Game2.vcxproj]
  C:\originalhr2\HoverRaceAI\NetTarget\Game2\InternetRoom.cpp(2487,57):
  placeholders and their parameters expect 5 variadic arguments, but 1 were provided
  C:\originalhr2\HoverRaceAI\NetTarget\Game2\InternetRoom.cpp(2487,57):
  the missing variadic argument 2 is required by format string '%d'
  
C:\originalhr2\HoverRaceAI\NetTarget\Game2\InternetRoom.cpp(2319,19): warning C4996: 'sscanf': This function or variable may be unsafe. Consider using sscanf_s instead. To disable deprecation, use _CRT_SECURE_NO_WARNINGS. See online help for details. [C:\originalhr2\HoverRaceAI\NetTarget\Game2\Game2.vcxproj]
C:\originalhr2\HoverRaceAI\NetTarget\Game2\InternetRoom.cpp(2405,35): warning C4996: 'fopen': This function or variable may be unsafe. Consider using fopen_s instead. To disable deprecation, use _CRT_SECURE_NO_WARNINGS. See online help for details. [C:\originalhr2\HoverRaceAI\NetTarget\Game2\Game2.vcxproj]
C:\originalhr2\HoverRaceAI\NetTarget\Game2\InternetRoom.cpp(2512,32): warning C4996: 'fopen': This function or variable may be unsafe. Consider using fopen_s instead. To disable deprecation, use _CRT_SECURE_NO_WARNINGS. See online help for details. [C:\originalhr2\HoverRaceAI\NetTarget\Game2\Game2.vcxproj]
C:\originalhr2\HoverRaceAI\NetTarget\Game2\InternetRoom.cpp(2518,32): warning C4996: 'fopen': This function or variable may be unsafe. Consider using fopen_s instead. To disable deprecation, use _CRT_SECURE_NO_WARNINGS. See online help for details. [C:\originalhr2\HoverRaceAI\NetTarget\Game2\Game2.vcxproj]
C:\originalhr2\HoverRaceAI\NetTarget\Game2\InternetRoom.cpp(2743,19): warning C4996: 'sprintf': This function or variable may be unsafe. Consider using sprintf_s instead. To disable deprecation, use _CRT_SECURE_NO_WARNINGS. See online help for details. [C:\originalhr2\HoverRaceAI\NetTarget\Game2\Game2.vcxproj]
C:\originalhr2\HoverRaceAI\NetTarget\Game2\InternetRoom.cpp(2752,19): warning C4996: 'sprintf': This function or variable may be unsafe. Consider using sprintf_s instead. To disable deprecation, use _CRT_SECURE_NO_WARNINGS. See online help for details. [C:\originalhr2\HoverRaceAI\NetTarget\Game2\Game2.vcxproj]
C:\originalhr2\HoverRaceAI\NetTarget\Game2\InternetRoom.cpp(2776,22): warning C4996: 'sprintf': This function or variable may be unsafe. Consider using sprintf_s instead. To disable deprecation, use _CRT_SECURE_NO_WARNINGS. See online help for details. [C:\originalhr2\HoverRaceAI\NetTarget\Game2\Game2.vcxproj]
C:\originalhr2\HoverRaceAI\NetTarget\Game2\InternetRoom.cpp(2856,16): warning C4996: 'sprintf': This function or variable may be unsafe. Consider using sprintf_s instead. To disable deprecation, use _CRT_SECURE_NO_WARNINGS. See online help for details. [C:\originalhr2\HoverRaceAI\NetTarget\Game2\Game2.vcxproj]
