MSBuild version 17.9.5+33de0b227 for .NET Framework

  DllObjectFactory.cpp
  _WIN32_WINNT not defined. Defaulting to _WIN32_WINNT_MAXVER (see WinSDKVer.h)
C:\Program Files\Microsoft Visual Studio\2022\Community\VC\Tools\MSVC\14.39.33519\include\yvals_core.h(880,1): warning C4005: '_MSVC_STL_VERSION': macro redefinition [C:\hrai\HoverRaceAI\NetTarget\Util\Util.vcxproj]
  (compiling source file 'DllObjectFactory.cpp')
  C:\Program Files\Microsoft Visual Studio\2022\Community\SDK\ScopeCppSDK\vc15\VC\include\yvals.h(156,1):
  see previous definition of '_MSVC_STL_VERSION'
  
C:\Program Files\Microsoft Visual Studio\2022\Community\VC\Tools\MSVC\14.39.33519\include\yvals_core.h(881,1): warning C4005: '_MSVC_STL_UPDATE': macro redefinition [C:\hrai\HoverRaceAI\NetTarget\Util\Util.vcxproj]
  (compiling source file 'DllObjectFactory.cpp')
  C:\Program Files\Microsoft Visual Studio\2022\Community\SDK\ScopeCppSDK\vc15\VC\include\yvals.h(157,1):
  see previous definition of '_MSVC_STL_UPDATE'
  
C:\Program Files\Microsoft Visual Studio\2022\Community\VC\Tools\MSVC\14.39.33519\include\yvals_core.h(1000,1): warning C4005: '_DEPRECATE_TR1_NAMESPACE': macro redefinition [C:\hrai\HoverRaceAI\NetTarget\Util\Util.vcxproj]
  (compiling source file 'DllObjectFactory.cpp')
  C:\Program Files\Microsoft Visual Studio\2022\Community\SDK\ScopeCppSDK\vc15\VC\include\yvals.h(247,1):
  see previous definition of '_DEPRECATE_TR1_NAMESPACE'
  
C:\Program Files\Microsoft Visual Studio\2022\Community\VC\Tools\MSVC\14.39.33519\include\yvals_core.h(1014,1): warning C4005: '_MISMATCHED_ALLOCATOR_MESSAGE': macro redefinition [C:\hrai\HoverRaceAI\NetTarget\Util\Util.vcxproj]
  (compiling source file 'DllObjectFactory.cpp')
  C:\Program Files\Microsoft Visual Studio\2022\Community\SDK\ScopeCppSDK\vc15\VC\include\yvals.h(303,1):
  see previous definition of '_MISMATCHED_ALLOCATOR_MESSAGE'
  
C:\hrai\HoverRaceAI\NetTarget\Util\DllObjectFactory.cpp(372,4): warning C4996: 'sprintf': This function or variable may be unsafe. Consider using sprintf_s instead. To disable deprecation, use _CRT_SECURE_NO_WARNINGS. See online help for details. [C:\hrai\HoverRaceAI\NetTarget\Util\Util.vcxproj]
  FuzzyLogic.cpp
  _WIN32_WINNT not defined. Defaulting to _WIN32_WINNT_MAXVER (see WinSDKVer.h)
C:\Program Files\Microsoft Visual Studio\2022\Community\VC\Tools\MSVC\14.39.33519\include\yvals_core.h(880,1): warning C4005: '_MSVC_STL_VERSION': macro redefinition [C:\hrai\HoverRaceAI\NetTarget\Util\Util.vcxproj]
  (compiling source file 'FuzzyLogic.cpp')
  C:\Program Files\Microsoft Visual Studio\2022\Community\SDK\ScopeCppSDK\vc15\VC\include\yvals.h(156,1):
  see previous definition of '_MSVC_STL_VERSION'
  
C:\Program Files\Microsoft Visual Studio\2022\Community\VC\Tools\MSVC\14.39.33519\include\yvals_core.h(881,1): warning C4005: '_MSVC_STL_UPDATE': macro redefinition [C:\hrai\HoverRaceAI\NetTarget\Util\Util.vcxproj]
  (compiling source file 'FuzzyLogic.cpp')
  C:\Program Files\Microsoft Visual Studio\2022\Community\SDK\ScopeCppSDK\vc15\VC\include\yvals.h(157,1):
  see previous definition of '_MSVC_STL_UPDATE'
  
C:\Program Files\Microsoft Visual Studio\2022\Community\VC\Tools\MSVC\14.39.33519\include\yvals_core.h(1000,1): warning C4005: '_DEPRECATE_TR1_NAMESPACE': macro redefinition [C:\hrai\HoverRaceAI\NetTarget\Util\Util.vcxproj]
  (compiling source file 'FuzzyLogic.cpp')
  C:\Program Files\Microsoft Visual Studio\2022\Community\SDK\ScopeCppSDK\vc15\VC\include\yvals.h(247,1):
  see previous definition of '_DEPRECATE_TR1_NAMESPACE'
  
C:\Program Files\Microsoft Visual Studio\2022\Community\VC\Tools\MSVC\14.39.33519\include\yvals_core.h(1014,1): warning C4005: '_MISMATCHED_ALLOCATOR_MESSAGE': macro redefinition [C:\hrai\HoverRaceAI\NetTarget\Util\Util.vcxproj]
  (compiling source file 'FuzzyLogic.cpp')
  C:\Program Files\Microsoft Visual Studio\2022\Community\SDK\ScopeCppSDK\vc15\VC\include\yvals.h(303,1):
  see previous definition of '_MISMATCHED_ALLOCATOR_MESSAGE'
  
  Profiler.cpp
  _WIN32_WINNT not defined. Defaulting to _WIN32_WINNT_MAXVER (see WinSDKVer.h)
C:\Program Files\Microsoft Visual Studio\2022\Community\VC\Tools\MSVC\14.39.33519\include\yvals_core.h(880,1): warning C4005: '_MSVC_STL_VERSION': macro redefinition [C:\hrai\HoverRaceAI\NetTarget\Util\Util.vcxproj]
  (compiling source file 'Profiler.cpp')
  C:\Program Files\Microsoft Visual Studio\2022\Community\SDK\ScopeCppSDK\vc15\VC\include\yvals.h(156,1):
  see previous definition of '_MSVC_STL_VERSION'
  
C:\Program Files\Microsoft Visual Studio\2022\Community\VC\Tools\MSVC\14.39.33519\include\yvals_core.h(881,1): warning C4005: '_MSVC_STL_UPDATE': macro redefinition [C:\hrai\HoverRaceAI\NetTarget\Util\Util.vcxproj]
  (compiling source file 'Profiler.cpp')
  C:\Program Files\Microsoft Visual Studio\2022\Community\SDK\ScopeCppSDK\vc15\VC\include\yvals.h(157,1):
  see previous definition of '_MSVC_STL_UPDATE'
  
C:\Program Files\Microsoft Visual Studio\2022\Community\VC\Tools\MSVC\14.39.33519\include\yvals_core.h(1000,1): warning C4005: '_DEPRECATE_TR1_NAMESPACE': macro redefinition [C:\hrai\HoverRaceAI\NetTarget\Util\Util.vcxproj]
  (compiling source file 'Profiler.cpp')
  C:\Program Files\Microsoft Visual Studio\2022\Community\SDK\ScopeCppSDK\vc15\VC\include\yvals.h(247,1):
  see previous definition of '_DEPRECATE_TR1_NAMESPACE'
  
C:\Program Files\Microsoft Visual Studio\2022\Community\VC\Tools\MSVC\14.39.33519\include\yvals_core.h(1014,1): warning C4005: '_MISMATCHED_ALLOCATOR_MESSAGE': macro redefinition [C:\hrai\HoverRaceAI\NetTarget\Util\Util.vcxproj]
  (compiling source file 'Profiler.cpp')
  C:\Program Files\Microsoft Visual Studio\2022\Community\SDK\ScopeCppSDK\vc15\VC\include\yvals.h(303,1):
  see previous definition of '_MISMATCHED_ALLOCATOR_MESSAGE'
  
  RecordFile.cpp
  _WIN32_WINNT not defined. Defaulting to _WIN32_WINNT_MAXVER (see WinSDKVer.h)
C:\Program Files\Microsoft Visual Studio\2022\Community\VC\Tools\MSVC\14.39.33519\include\yvals_core.h(880,1): warning C4005: '_MSVC_STL_VERSION': macro redefinition [C:\hrai\HoverRaceAI\NetTarget\Util\Util.vcxproj]
  (compiling source file 'RecordFile.cpp')
  C:\Program Files\Microsoft Visual Studio\2022\Community\SDK\ScopeCppSDK\vc15\VC\include\yvals.h(156,1):
  see previous definition of '_MSVC_STL_VERSION'
  
C:\Program Files\Microsoft Visual Studio\2022\Community\VC\Tools\MSVC\14.39.33519\include\yvals_core.h(881,1): warning C4005: '_MSVC_STL_UPDATE': macro redefinition [C:\hrai\HoverRaceAI\NetTarget\Util\Util.vcxproj]
  (compiling source file 'RecordFile.cpp')
  C:\Program Files\Microsoft Visual Studio\2022\Community\SDK\ScopeCppSDK\vc15\VC\include\yvals.h(157,1):
  see previous definition of '_MSVC_STL_UPDATE'
  
C:\Program Files\Microsoft Visual Studio\2022\Community\VC\Tools\MSVC\14.39.33519\include\yvals_core.h(1000,1): warning C4005: '_DEPRECATE_TR1_NAMESPACE': macro redefinition [C:\hrai\HoverRaceAI\NetTarget\Util\Util.vcxproj]
  (compiling source file 'RecordFile.cpp')
  C:\Program Files\Microsoft Visual Studio\2022\Community\SDK\ScopeCppSDK\vc15\VC\include\yvals.h(247,1):
  see previous definition of '_DEPRECATE_TR1_NAMESPACE'
  
C:\Program Files\Microsoft Visual Studio\2022\Community\VC\Tools\MSVC\14.39.33519\include\yvals_core.h(1014,1): warning C4005: '_MISMATCHED_ALLOCATOR_MESSAGE': macro redefinition [C:\hrai\HoverRaceAI\NetTarget\Util\Util.vcxproj]
  (compiling source file 'RecordFile.cpp')
  C:\Program Files\Microsoft Visual Studio\2022\Community\SDK\ScopeCppSDK\vc15\VC\include\yvals.h(303,1):
  see previous definition of '_MISMATCHED_ALLOCATOR_MESSAGE'
  
C:\hrai\HoverRaceAI\NetTarget\Util\RecordFile.cpp(261,66): warning C4244: '=': conversion from 'ULONGLONG' to 'DWORD', possible loss of data [C:\hrai\HoverRaceAI\NetTarget\Util\Util.vcxproj]
C:\hrai\HoverRaceAI\NetTarget\Util\RecordFile.cpp(432,50): warning C4244: 'return': conversion from 'ULONGLONG' to 'LONG', possible loss of data [C:\hrai\HoverRaceAI\NetTarget\Util\Util.vcxproj]
C:\hrai\HoverRaceAI\NetTarget\Util\RecordFile.cpp(478,32): warning C4244: '=': conversion from 'ULONGLONG' to 'UINT', possible loss of data [C:\hrai\HoverRaceAI\NetTarget\Util\Util.vcxproj]
C:\hrai\HoverRaceAI\NetTarget\Util\RecordFile.cpp(539,18): warning C4996: 'fopen': This function or variable may be unsafe. Consider using fopen_s instead. To disable deprecation, use _CRT_SECURE_NO_WARNINGS. See online help for details. [C:\hrai\HoverRaceAI\NetTarget\Util\Util.vcxproj]
  StdAfx.cpp
  _WIN32_WINNT not defined. Defaulting to _WIN32_WINNT_MAXVER (see WinSDKVer.h)
C:\Program Files\Microsoft Visual Studio\2022\Community\VC\Tools\MSVC\14.39.33519\include\yvals_core.h(880,1): warning C4005: '_MSVC_STL_VERSION': macro redefinition [C:\hrai\HoverRaceAI\NetTarget\Util\Util.vcxproj]
  (compiling source file 'StdAfx.cpp')
  C:\Program Files\Microsoft Visual Studio\2022\Community\SDK\ScopeCppSDK\vc15\VC\include\yvals.h(156,1):
  see previous definition of '_MSVC_STL_VERSION'
  
C:\Program Files\Microsoft Visual Studio\2022\Community\VC\Tools\MSVC\14.39.33519\include\yvals_core.h(881,1): warning C4005: '_MSVC_STL_UPDATE': macro redefinition [C:\hrai\HoverRaceAI\NetTarget\Util\Util.vcxproj]
  (compiling source file 'StdAfx.cpp')
  C:\Program Files\Microsoft Visual Studio\2022\Community\SDK\ScopeCppSDK\vc15\VC\include\yvals.h(157,1):
  see previous definition of '_MSVC_STL_UPDATE'
  
C:\Program Files\Microsoft Visual Studio\2022\Community\VC\Tools\MSVC\14.39.33519\include\yvals_core.h(1000,1): warning C4005: '_DEPRECATE_TR1_NAMESPACE': macro redefinition [C:\hrai\HoverRaceAI\NetTarget\Util\Util.vcxproj]
  (compiling source file 'StdAfx.cpp')
  C:\Program Files\Microsoft Visual Studio\2022\Community\SDK\ScopeCppSDK\vc15\VC\include\yvals.h(247,1):
  see previous definition of '_DEPRECATE_TR1_NAMESPACE'
  
C:\Program Files\Microsoft Visual Studio\2022\Community\VC\Tools\MSVC\14.39.33519\include\yvals_core.h(1014,1): warning C4005: '_MISMATCHED_ALLOCATOR_MESSAGE': macro redefinition [C:\hrai\HoverRaceAI\NetTarget\Util\Util.vcxproj]
  (compiling source file 'StdAfx.cpp')
  C:\Program Files\Microsoft Visual Studio\2022\Community\SDK\ScopeCppSDK\vc15\VC\include\yvals.h(303,1):
  see previous definition of '_MISMATCHED_ALLOCATOR_MESSAGE'
  
  StrRes.cpp
  _WIN32_WINNT not defined. Defaulting to _WIN32_WINNT_MAXVER (see WinSDKVer.h)
C:\Program Files\Microsoft Visual Studio\2022\Community\VC\Tools\MSVC\14.39.33519\include\yvals_core.h(880,1): warning C4005: '_MSVC_STL_VERSION': macro redefinition [C:\hrai\HoverRaceAI\NetTarget\Util\Util.vcxproj]
  (compiling source file 'StrRes.cpp')
  C:\Program Files\Microsoft Visual Studio\2022\Community\SDK\ScopeCppSDK\vc15\VC\include\yvals.h(156,1):
  see previous definition of '_MSVC_STL_VERSION'
  
C:\Program Files\Microsoft Visual Studio\2022\Community\VC\Tools\MSVC\14.39.33519\include\yvals_core.h(881,1): warning C4005: '_MSVC_STL_UPDATE': macro redefinition [C:\hrai\HoverRaceAI\NetTarget\Util\Util.vcxproj]
  (compiling source file 'StrRes.cpp')
  C:\Program Files\Microsoft Visual Studio\2022\Community\SDK\ScopeCppSDK\vc15\VC\include\yvals.h(157,1):
  see previous definition of '_MSVC_STL_UPDATE'
  
C:\Program Files\Microsoft Visual Studio\2022\Community\VC\Tools\MSVC\14.39.33519\include\yvals_core.h(1000,1): warning C4005: '_DEPRECATE_TR1_NAMESPACE': macro redefinition [C:\hrai\HoverRaceAI\NetTarget\Util\Util.vcxproj]
  (compiling source file 'StrRes.cpp')
  C:\Program Files\Microsoft Visual Studio\2022\Community\SDK\ScopeCppSDK\vc15\VC\include\yvals.h(247,1):
  see previous definition of '_DEPRECATE_TR1_NAMESPACE'
  
C:\Program Files\Microsoft Visual Studio\2022\Community\VC\Tools\MSVC\14.39.33519\include\yvals_core.h(1014,1): warning C4005: '_MISMATCHED_ALLOCATOR_MESSAGE': macro redefinition [C:\hrai\HoverRaceAI\NetTarget\Util\Util.vcxproj]
  (compiling source file 'StrRes.cpp')
  C:\Program Files\Microsoft Visual Studio\2022\Community\SDK\ScopeCppSDK\vc15\VC\include\yvals.h(303,1):
  see previous definition of '_MISMATCHED_ALLOCATOR_MESSAGE'
  
  WorldCoordinates.cpp
  _WIN32_WINNT not defined. Defaulting to _WIN32_WINNT_MAXVER (see WinSDKVer.h)
C:\Program Files\Microsoft Visual Studio\2022\Community\VC\Tools\MSVC\14.39.33519\include\yvals_core.h(880,1): warning C4005: '_MSVC_STL_VERSION': macro redefinition [C:\hrai\HoverRaceAI\NetTarget\Util\Util.vcxproj]
  (compiling source file 'WorldCoordinates.cpp')
  C:\Program Files\Microsoft Visual Studio\2022\Community\SDK\ScopeCppSDK\vc15\VC\include\yvals.h(156,1):
  see previous definition of '_MSVC_STL_VERSION'
  
C:\Program Files\Microsoft Visual Studio\2022\Community\VC\Tools\MSVC\14.39.33519\include\yvals_core.h(881,1): warning C4005: '_MSVC_STL_UPDATE': macro redefinition [C:\hrai\HoverRaceAI\NetTarget\Util\Util.vcxproj]
  (compiling source file 'WorldCoordinates.cpp')
  C:\Program Files\Microsoft Visual Studio\2022\Community\SDK\ScopeCppSDK\vc15\VC\include\yvals.h(157,1):
  see previous definition of '_MSVC_STL_UPDATE'
  
C:\Program Files\Microsoft Visual Studio\2022\Community\VC\Tools\MSVC\14.39.33519\include\yvals_core.h(1000,1): warning C4005: '_DEPRECATE_TR1_NAMESPACE': macro redefinition [C:\hrai\HoverRaceAI\NetTarget\Util\Util.vcxproj]
  (compiling source file 'WorldCoordinates.cpp')
  C:\Program Files\Microsoft Visual Studio\2022\Community\SDK\ScopeCppSDK\vc15\VC\include\yvals.h(247,1):
  see previous definition of '_DEPRECATE_TR1_NAMESPACE'
  
C:\Program Files\Microsoft Visual Studio\2022\Community\VC\Tools\MSVC\14.39.33519\include\yvals_core.h(1014,1): warning C4005: '_MISMATCHED_ALLOCATOR_MESSAGE': macro redefinition [C:\hrai\HoverRaceAI\NetTarget\Util\Util.vcxproj]
  (compiling source file 'WorldCoordinates.cpp')
  C:\Program Files\Microsoft Visual Studio\2022\Community\SDK\ScopeCppSDK\vc15\VC\include\yvals.h(303,1):
  see previous definition of '_MISMATCHED_ALLOCATOR_MESSAGE'
  
  Generating Code...
     Creating library C:\hrai\HoverRaceAI\NetTarget\Util\..\..\Release\Util.lib and object C:\hrai\HoverRaceAI\NetTarget\Util\..\..\Release\Util.exp
  Util.vcxproj -> C:\hrai\HoverRaceAI\Release\Util.dll
  2DViewPort.cpp
  _WIN32_WINNT not defined. Defaulting to _WIN32_WINNT_MAXVER (see WinSDKVer.h)
C:\Program Files\Microsoft Visual Studio\2022\Community\VC\Tools\MSVC\14.39.33519\include\yvals_core.h(880,1): warning C4005: '_MSVC_STL_VERSION': macro redefinition [C:\hrai\HoverRaceAI\NetTarget\VideoServices\VideoServices.vcxproj]
  (compiling source file '2DViewPort.cpp')
  C:\Program Files\Microsoft Visual Studio\2022\Community\SDK\ScopeCppSDK\vc15\VC\include\yvals.h(156,1):
  see previous definition of '_MSVC_STL_VERSION'
  
C:\Program Files\Microsoft Visual Studio\2022\Community\VC\Tools\MSVC\14.39.33519\include\yvals_core.h(881,1): warning C4005: '_MSVC_STL_UPDATE': macro redefinition [C:\hrai\HoverRaceAI\NetTarget\VideoServices\VideoServices.vcxproj]
  (compiling source file '2DViewPort.cpp')
  C:\Program Files\Microsoft Visual Studio\2022\Community\SDK\ScopeCppSDK\vc15\VC\include\yvals.h(157,1):
  see previous definition of '_MSVC_STL_UPDATE'
  
C:\Program Files\Microsoft Visual Studio\2022\Community\VC\Tools\MSVC\14.39.33519\include\yvals_core.h(1000,1): warning C4005: '_DEPRECATE_TR1_NAMESPACE': macro redefinition [C:\hrai\HoverRaceAI\NetTarget\VideoServices\VideoServices.vcxproj]
  (compiling source file '2DViewPort.cpp')
  C:\Program Files\Microsoft Visual Studio\2022\Community\SDK\ScopeCppSDK\vc15\VC\include\yvals.h(247,1):
  see previous definition of '_DEPRECATE_TR1_NAMESPACE'
  
C:\Program Files\Microsoft Visual Studio\2022\Community\VC\Tools\MSVC\14.39.33519\include\yvals_core.h(1014,1): warning C4005: '_MISMATCHED_ALLOCATOR_MESSAGE': macro redefinition [C:\hrai\HoverRaceAI\NetTarget\VideoServices\VideoServices.vcxproj]
  (compiling source file '2DViewPort.cpp')
  C:\Program Files\Microsoft Visual Studio\2022\Community\SDK\ScopeCppSDK\vc15\VC\include\yvals.h(303,1):
  see previous definition of '_MISMATCHED_ALLOCATOR_MESSAGE'
  
  3DViewport.cpp
  _WIN32_WINNT not defined. Defaulting to _WIN32_WINNT_MAXVER (see WinSDKVer.h)
C:\Program Files\Microsoft Visual Studio\2022\Community\VC\Tools\MSVC\14.39.33519\include\yvals_core.h(880,1): warning C4005: '_MSVC_STL_VERSION': macro redefinition [C:\hrai\HoverRaceAI\NetTarget\VideoServices\VideoServices.vcxproj]
  (compiling source file '3DViewport.cpp')
  C:\Program Files\Microsoft Visual Studio\2022\Community\SDK\ScopeCppSDK\vc15\VC\include\yvals.h(156,1):
  see previous definition of '_MSVC_STL_VERSION'
  
C:\Program Files\Microsoft Visual Studio\2022\Community\VC\Tools\MSVC\14.39.33519\include\yvals_core.h(881,1): warning C4005: '_MSVC_STL_UPDATE': macro redefinition [C:\hrai\HoverRaceAI\NetTarget\VideoServices\VideoServices.vcxproj]
  (compiling source file '3DViewport.cpp')
  C:\Program Files\Microsoft Visual Studio\2022\Community\SDK\ScopeCppSDK\vc15\VC\include\yvals.h(157,1):
  see previous definition of '_MSVC_STL_UPDATE'
  
C:\Program Files\Microsoft Visual Studio\2022\Community\VC\Tools\MSVC\14.39.33519\include\yvals_core.h(1000,1): warning C4005: '_DEPRECATE_TR1_NAMESPACE': macro redefinition [C:\hrai\HoverRaceAI\NetTarget\VideoServices\VideoServices.vcxproj]
  (compiling source file '3DViewport.cpp')
  C:\Program Files\Microsoft Visual Studio\2022\Community\SDK\ScopeCppSDK\vc15\VC\include\yvals.h(247,1):
  see previous definition of '_DEPRECATE_TR1_NAMESPACE'
  
C:\Program Files\Microsoft Visual Studio\2022\Community\VC\Tools\MSVC\14.39.33519\include\yvals_core.h(1014,1): warning C4005: '_MISMATCHED_ALLOCATOR_MESSAGE': macro redefinition [C:\hrai\HoverRaceAI\NetTarget\VideoServices\VideoServices.vcxproj]
  (compiling source file '3DViewport.cpp')
  C:\Program Files\Microsoft Visual Studio\2022\Community\SDK\ScopeCppSDK\vc15\VC\include\yvals.h(303,1):
  see previous definition of '_MISMATCHED_ALLOCATOR_MESSAGE'
  
C:\hrai\HoverRaceAI\NetTarget\VideoServices\3DViewport.cpp(143,156): warning C4244: '=': conversion from 'double' to 'MR_Int32', possible loss of data [C:\hrai\HoverRaceAI\NetTarget\VideoServices\VideoServices.vcxproj]
C:\hrai\HoverRaceAI\NetTarget\VideoServices\3DViewport.cpp(144,84): warning C4244: '=': conversion from 'double' to 'MR_Int32', possible loss of data [C:\hrai\HoverRaceAI\NetTarget\VideoServices\VideoServices.vcxproj]
  3DViewportRendering.cpp
  _WIN32_WINNT not defined. Defaulting to _WIN32_WINNT_MAXVER (see WinSDKVer.h)
C:\Program Files\Microsoft Visual Studio\2022\Community\VC\Tools\MSVC\14.39.33519\include\yvals_core.h(880,1): warning C4005: '_MSVC_STL_VERSION': macro redefinition [C:\hrai\HoverRaceAI\NetTarget\VideoServices\VideoServices.vcxproj]
  (compiling source file '3DViewportRendering.cpp')
  C:\Program Files\Microsoft Visual Studio\2022\Community\SDK\ScopeCppSDK\vc15\VC\include\yvals.h(156,1):
  see previous definition of '_MSVC_STL_VERSION'
  
C:\Program Files\Microsoft Visual Studio\2022\Community\VC\Tools\MSVC\14.39.33519\include\yvals_core.h(881,1): warning C4005: '_MSVC_STL_UPDATE': macro redefinition [C:\hrai\HoverRaceAI\NetTarget\VideoServices\VideoServices.vcxproj]
  (compiling source file '3DViewportRendering.cpp')
  C:\Program Files\Microsoft Visual Studio\2022\Community\SDK\ScopeCppSDK\vc15\VC\include\yvals.h(157,1):
  see previous definition of '_MSVC_STL_UPDATE'
  
C:\Program Files\Microsoft Visual Studio\2022\Community\VC\Tools\MSVC\14.39.33519\include\yvals_core.h(1000,1): warning C4005: '_DEPRECATE_TR1_NAMESPACE': macro redefinition [C:\hrai\HoverRaceAI\NetTarget\VideoServices\VideoServices.vcxproj]
  (compiling source file '3DViewportRendering.cpp')
  C:\Program Files\Microsoft Visual Studio\2022\Community\SDK\ScopeCppSDK\vc15\VC\include\yvals.h(247,1):
  see previous definition of '_DEPRECATE_TR1_NAMESPACE'
  
C:\Program Files\Microsoft Visual Studio\2022\Community\VC\Tools\MSVC\14.39.33519\include\yvals_core.h(1014,1): warning C4005: '_MISMATCHED_ALLOCATOR_MESSAGE': macro redefinition [C:\hrai\HoverRaceAI\NetTarget\VideoServices\VideoServices.vcxproj]
  (compiling source file '3DViewportRendering.cpp')
  C:\Program Files\Microsoft Visual Studio\2022\Community\SDK\ScopeCppSDK\vc15\VC\include\yvals.h(303,1):
  see previous definition of '_MISMATCHED_ALLOCATOR_MESSAGE'
  
C:\hrai\HoverRaceAI\NetTarget\VideoServices\3DViewportRendering.cpp(415,21): warning C4244: 'initializing': conversion from 'LONGLONG' to 'int', possible loss of data [C:\hrai\HoverRaceAI\NetTarget\VideoServices\VideoServices.vcxproj]
C:\hrai\HoverRaceAI\NetTarget\VideoServices\3DViewportRendering.cpp(1214,56): warning C4244: '=': conversion from 'int' to 'MR_UInt16', possible loss of data [C:\hrai\HoverRaceAI\NetTarget\VideoServices\VideoServices.vcxproj]
C:\hrai\HoverRaceAI\NetTarget\VideoServices\3DViewportRendering.cpp(1937,61): warning C4244: '=': conversion from 'int' to 'MR_UInt16', possible loss of data [C:\hrai\HoverRaceAI\NetTarget\VideoServices\VideoServices.vcxproj]
C:\hrai\HoverRaceAI\NetTarget\VideoServices\3DViewportRendering.cpp(2132,55): warning C4244: '=': conversion from 'int' to 'MR_UInt16', possible loss of data [C:\hrai\HoverRaceAI\NetTarget\VideoServices\VideoServices.vcxproj]
  Bitmap.cpp
  _WIN32_WINNT not defined. Defaulting to _WIN32_WINNT_MAXVER (see WinSDKVer.h)
C:\Program Files\Microsoft Visual Studio\2022\Community\VC\Tools\MSVC\14.39.33519\include\yvals_core.h(880,1): warning C4005: '_MSVC_STL_VERSION': macro redefinition [C:\hrai\HoverRaceAI\NetTarget\VideoServices\VideoServices.vcxproj]
  (compiling source file 'Bitmap.cpp')
  C:\Program Files\Microsoft Visual Studio\2022\Community\SDK\ScopeCppSDK\vc15\VC\include\yvals.h(156,1):
  see previous definition of '_MSVC_STL_VERSION'
  
C:\Program Files\Microsoft Visual Studio\2022\Community\VC\Tools\MSVC\14.39.33519\include\yvals_core.h(881,1): warning C4005: '_MSVC_STL_UPDATE': macro redefinition [C:\hrai\HoverRaceAI\NetTarget\VideoServices\VideoServices.vcxproj]
  (compiling source file 'Bitmap.cpp')
  C:\Program Files\Microsoft Visual Studio\2022\Community\SDK\ScopeCppSDK\vc15\VC\include\yvals.h(157,1):
  see previous definition of '_MSVC_STL_UPDATE'
  
C:\Program Files\Microsoft Visual Studio\2022\Community\VC\Tools\MSVC\14.39.33519\include\yvals_core.h(1000,1): warning C4005: '_DEPRECATE_TR1_NAMESPACE': macro redefinition [C:\hrai\HoverRaceAI\NetTarget\VideoServices\VideoServices.vcxproj]
  (compiling source file 'Bitmap.cpp')
  C:\Program Files\Microsoft Visual Studio\2022\Community\SDK\ScopeCppSDK\vc15\VC\include\yvals.h(247,1):
  see previous definition of '_DEPRECATE_TR1_NAMESPACE'
  
C:\Program Files\Microsoft Visual Studio\2022\Community\VC\Tools\MSVC\14.39.33519\include\yvals_core.h(1014,1): warning C4005: '_MISMATCHED_ALLOCATOR_MESSAGE': macro redefinition [C:\hrai\HoverRaceAI\NetTarget\VideoServices\VideoServices.vcxproj]
  (compiling source file 'Bitmap.cpp')
  C:\Program Files\Microsoft Visual Studio\2022\Community\SDK\ScopeCppSDK\vc15\VC\include\yvals.h(303,1):
  see previous definition of '_MISMATCHED_ALLOCATOR_MESSAGE'
  
  ColorPalette.cpp
  _WIN32_WINNT not defined. Defaulting to _WIN32_WINNT_MAXVER (see WinSDKVer.h)
C:\Program Files\Microsoft Visual Studio\2022\Community\VC\Tools\MSVC\14.39.33519\include\yvals_core.h(880,1): warning C4005: '_MSVC_STL_VERSION': macro redefinition [C:\hrai\HoverRaceAI\NetTarget\VideoServices\VideoServices.vcxproj]
  (compiling source file 'ColorPalette.cpp')
  C:\Program Files\Microsoft Visual Studio\2022\Community\SDK\ScopeCppSDK\vc15\VC\include\yvals.h(156,1):
  see previous definition of '_MSVC_STL_VERSION'
  
C:\Program Files\Microsoft Visual Studio\2022\Community\VC\Tools\MSVC\14.39.33519\include\yvals_core.h(881,1): warning C4005: '_MSVC_STL_UPDATE': macro redefinition [C:\hrai\HoverRaceAI\NetTarget\VideoServices\VideoServices.vcxproj]
  (compiling source file 'ColorPalette.cpp')
  C:\Program Files\Microsoft Visual Studio\2022\Community\SDK\ScopeCppSDK\vc15\VC\include\yvals.h(157,1):
  see previous definition of '_MSVC_STL_UPDATE'
  
C:\Program Files\Microsoft Visual Studio\2022\Community\VC\Tools\MSVC\14.39.33519\include\yvals_core.h(1000,1): warning C4005: '_DEPRECATE_TR1_NAMESPACE': macro redefinition [C:\hrai\HoverRaceAI\NetTarget\VideoServices\VideoServices.vcxproj]
  (compiling source file 'ColorPalette.cpp')
  C:\Program Files\Microsoft Visual Studio\2022\Community\SDK\ScopeCppSDK\vc15\VC\include\yvals.h(247,1):
  see previous definition of '_DEPRECATE_TR1_NAMESPACE'
  
C:\Program Files\Microsoft Visual Studio\2022\Community\VC\Tools\MSVC\14.39.33519\include\yvals_core.h(1014,1): warning C4005: '_MISMATCHED_ALLOCATOR_MESSAGE': macro redefinition [C:\hrai\HoverRaceAI\NetTarget\VideoServices\VideoServices.vcxproj]
  (compiling source file 'ColorPalette.cpp')
  C:\Program Files\Microsoft Visual Studio\2022\Community\SDK\ScopeCppSDK\vc15\VC\include\yvals.h(303,1):
  see previous definition of '_MISMATCHED_ALLOCATOR_MESSAGE'
  
C:\hrai\HoverRaceAI\NetTarget\VideoServices\ColorPalette.cpp(83,56): warning C4244: '=': conversion from 'int' to 'BYTE', possible loss of data [C:\hrai\HoverRaceAI\NetTarget\VideoServices\VideoServices.vcxproj]
  ColorTab.cpp
  _WIN32_WINNT not defined. Defaulting to _WIN32_WINNT_MAXVER (see WinSDKVer.h)
C:\Program Files\Microsoft Visual Studio\2022\Community\VC\Tools\MSVC\14.39.33519\include\yvals_core.h(880,1): warning C4005: '_MSVC_STL_VERSION': macro redefinition [C:\hrai\HoverRaceAI\NetTarget\VideoServices\VideoServices.vcxproj]
  (compiling source file 'ColorTab.cpp')
  C:\Program Files\Microsoft Visual Studio\2022\Community\SDK\ScopeCppSDK\vc15\VC\include\yvals.h(156,1):
  see previous definition of '_MSVC_STL_VERSION'
  
C:\Program Files\Microsoft Visual Studio\2022\Community\VC\Tools\MSVC\14.39.33519\include\yvals_core.h(881,1): warning C4005: '_MSVC_STL_UPDATE': macro redefinition [C:\hrai\HoverRaceAI\NetTarget\VideoServices\VideoServices.vcxproj]
  (compiling source file 'ColorTab.cpp')
  C:\Program Files\Microsoft Visual Studio\2022\Community\SDK\ScopeCppSDK\vc15\VC\include\yvals.h(157,1):
  see previous definition of '_MSVC_STL_UPDATE'
  
C:\Program Files\Microsoft Visual Studio\2022\Community\VC\Tools\MSVC\14.39.33519\include\yvals_core.h(1000,1): warning C4005: '_DEPRECATE_TR1_NAMESPACE': macro redefinition [C:\hrai\HoverRaceAI\NetTarget\VideoServices\VideoServices.vcxproj]
  (compiling source file 'ColorTab.cpp')
  C:\Program Files\Microsoft Visual Studio\2022\Community\SDK\ScopeCppSDK\vc15\VC\include\yvals.h(247,1):
  see previous definition of '_DEPRECATE_TR1_NAMESPACE'
  
C:\Program Files\Microsoft Visual Studio\2022\Community\VC\Tools\MSVC\14.39.33519\include\yvals_core.h(1014,1): warning C4005: '_MISMATCHED_ALLOCATOR_MESSAGE': macro redefinition [C:\hrai\HoverRaceAI\NetTarget\VideoServices\VideoServices.vcxproj]
  (compiling source file 'ColorTab.cpp')
  C:\Program Files\Microsoft Visual Studio\2022\Community\SDK\ScopeCppSDK\vc15\VC\include\yvals.h(303,1):
  see previous definition of '_MISMATCHED_ALLOCATOR_MESSAGE'
  
  Patch.cpp
C:\Program Files\Microsoft Visual Studio\2022\Community\VC\Tools\MSVC\14.39.33519\include\yvals_core.h(880,1): warning C4005: '_MSVC_STL_VERSION': macro redefinition [C:\hrai\HoverRaceAI\NetTarget\VideoServices\VideoServices.vcxproj]
  (compiling source file 'Patch.cpp')
  C:\Program Files\Microsoft Visual Studio\2022\Community\SDK\ScopeCppSDK\vc15\VC\include\yvals.h(156,1):
  see previous definition of '_MSVC_STL_VERSION'
  
C:\Program Files\Microsoft Visual Studio\2022\Community\VC\Tools\MSVC\14.39.33519\include\yvals_core.h(881,1): warning C4005: '_MSVC_STL_UPDATE': macro redefinition [C:\hrai\HoverRaceAI\NetTarget\VideoServices\VideoServices.vcxproj]
  (compiling source file 'Patch.cpp')
  C:\Program Files\Microsoft Visual Studio\2022\Community\SDK\ScopeCppSDK\vc15\VC\include\yvals.h(157,1):
  see previous definition of '_MSVC_STL_UPDATE'
  
C:\Program Files\Microsoft Visual Studio\2022\Community\VC\Tools\MSVC\14.39.33519\include\yvals_core.h(1000,1): warning C4005: '_DEPRECATE_TR1_NAMESPACE': macro redefinition [C:\hrai\HoverRaceAI\NetTarget\VideoServices\VideoServices.vcxproj]
  (compiling source file 'Patch.cpp')
  C:\Program Files\Microsoft Visual Studio\2022\Community\SDK\ScopeCppSDK\vc15\VC\include\yvals.h(247,1):
  see previous definition of '_DEPRECATE_TR1_NAMESPACE'
  
C:\Program Files\Microsoft Visual Studio\2022\Community\VC\Tools\MSVC\14.39.33519\include\yvals_core.h(1014,1): warning C4005: '_MISMATCHED_ALLOCATOR_MESSAGE': macro redefinition [C:\hrai\HoverRaceAI\NetTarget\VideoServices\VideoServices.vcxproj]
  (compiling source file 'Patch.cpp')
  C:\Program Files\Microsoft Visual Studio\2022\Community\SDK\ScopeCppSDK\vc15\VC\include\yvals.h(303,1):
  see previous definition of '_MISMATCHED_ALLOCATOR_MESSAGE'
  
  SoundServer.cpp
  _WIN32_WINNT not defined. Defaulting to _WIN32_WINNT_MAXVER (see WinSDKVer.h)
C:\Program Files\Microsoft Visual Studio\2022\Community\VC\Tools\MSVC\14.39.33519\include\yvals_core.h(880,1): warning C4005: '_MSVC_STL_VERSION': macro redefinition [C:\hrai\HoverRaceAI\NetTarget\VideoServices\VideoServices.vcxproj]
  (compiling source file 'SoundServer.cpp')
  C:\Program Files\Microsoft Visual Studio\2022\Community\SDK\ScopeCppSDK\vc15\VC\include\yvals.h(156,1):
  see previous definition of '_MSVC_STL_VERSION'
  
C:\Program Files\Microsoft Visual Studio\2022\Community\VC\Tools\MSVC\14.39.33519\include\yvals_core.h(881,1): warning C4005: '_MSVC_STL_UPDATE': macro redefinition [C:\hrai\HoverRaceAI\NetTarget\VideoServices\VideoServices.vcxproj]
  (compiling source file 'SoundServer.cpp')
  C:\Program Files\Microsoft Visual Studio\2022\Community\SDK\ScopeCppSDK\vc15\VC\include\yvals.h(157,1):
  see previous definition of '_MSVC_STL_UPDATE'
  
C:\Program Files\Microsoft Visual Studio\2022\Community\VC\Tools\MSVC\14.39.33519\include\yvals_core.h(1000,1): warning C4005: '_DEPRECATE_TR1_NAMESPACE': macro redefinition [C:\hrai\HoverRaceAI\NetTarget\VideoServices\VideoServices.vcxproj]
  (compiling source file 'SoundServer.cpp')
  C:\Program Files\Microsoft Visual Studio\2022\Community\SDK\ScopeCppSDK\vc15\VC\include\yvals.h(247,1):
  see previous definition of '_DEPRECATE_TR1_NAMESPACE'
  
C:\Program Files\Microsoft Visual Studio\2022\Community\VC\Tools\MSVC\14.39.33519\include\yvals_core.h(1014,1): warning C4005: '_MISMATCHED_ALLOCATOR_MESSAGE': macro redefinition [C:\hrai\HoverRaceAI\NetTarget\VideoServices\VideoServices.vcxproj]
  (compiling source file 'SoundServer.cpp')
  C:\Program Files\Microsoft Visual Studio\2022\Community\SDK\ScopeCppSDK\vc15\VC\include\yvals.h(303,1):
  see previous definition of '_MISMATCHED_ALLOCATOR_MESSAGE'
  
C:\hrai\HoverRaceAI\NetTarget\VideoServices\SoundServer.cpp(264,23): warning C4996: 'fopen': This function or variable may be unsafe. Consider using fopen_s instead. To disable deprecation, use _CRT_SECURE_NO_WARNINGS. See online help for details. [C:\hrai\HoverRaceAI\NetTarget\VideoServices\VideoServices.vcxproj]
C:\hrai\HoverRaceAI\NetTarget\VideoServices\SoundServer.cpp(358,26): warning C4996: 'fopen': This function or variable may be unsafe. Consider using fopen_s instead. To disable deprecation, use _CRT_SECURE_NO_WARNINGS. See online help for details. [C:\hrai\HoverRaceAI\NetTarget\VideoServices\VideoServices.vcxproj]
C:\hrai\HoverRaceAI\NetTarget\VideoServices\SoundServer.cpp(505,24): warning C4996: 'fopen': This function or variable may be unsafe. Consider using fopen_s instead. To disable deprecation, use _CRT_SECURE_NO_WARNINGS. See online help for details. [C:\hrai\HoverRaceAI\NetTarget\VideoServices\VideoServices.vcxproj]
C:\hrai\HoverRaceAI\NetTarget\VideoServices\SoundServer.cpp(598,23): warning C4996: 'fopen': This function or variable may be unsafe. Consider using fopen_s instead. To disable deprecation, use _CRT_SECURE_NO_WARNINGS. See online help for details. [C:\hrai\HoverRaceAI\NetTarget\VideoServices\VideoServices.vcxproj]
C:\hrai\HoverRaceAI\NetTarget\VideoServices\SoundServer.cpp(501,33): warning C4100: 'pWindow': unreferenced formal parameter [C:\hrai\HoverRaceAI\NetTarget\VideoServices\VideoServices.vcxproj]
C:\hrai\HoverRaceAI\NetTarget\VideoServices\SoundServer.cpp(723,26): warning C4996: 'fopen': This function or variable may be unsafe. Consider using fopen_s instead. To disable deprecation, use _CRT_SECURE_NO_WARNINGS. See online help for details. [C:\hrai\HoverRaceAI\NetTarget\VideoServices\VideoServices.vcxproj]
C:\hrai\HoverRaceAI\NetTarget\VideoServices\SoundServer.cpp(744,29): warning C4996: 'fopen': This function or variable may be unsafe. Consider using fopen_s instead. To disable deprecation, use _CRT_SECURE_NO_WARNINGS. See online help for details. [C:\hrai\HoverRaceAI\NetTarget\VideoServices\VideoServices.vcxproj]
  Sprite.cpp
  _WIN32_WINNT not defined. Defaulting to _WIN32_WINNT_MAXVER (see WinSDKVer.h)
C:\Program Files\Microsoft Visual Studio\2022\Community\VC\Tools\MSVC\14.39.33519\include\yvals_core.h(880,1): warning C4005: '_MSVC_STL_VERSION': macro redefinition [C:\hrai\HoverRaceAI\NetTarget\VideoServices\VideoServices.vcxproj]
  (compiling source file 'Sprite.cpp')
  C:\Program Files\Microsoft Visual Studio\2022\Community\SDK\ScopeCppSDK\vc15\VC\include\yvals.h(156,1):
  see previous definition of '_MSVC_STL_VERSION'
  
C:\Program Files\Microsoft Visual Studio\2022\Community\VC\Tools\MSVC\14.39.33519\include\yvals_core.h(881,1): warning C4005: '_MSVC_STL_UPDATE': macro redefinition [C:\hrai\HoverRaceAI\NetTarget\VideoServices\VideoServices.vcxproj]
  (compiling source file 'Sprite.cpp')
  C:\Program Files\Microsoft Visual Studio\2022\Community\SDK\ScopeCppSDK\vc15\VC\include\yvals.h(157,1):
  see previous definition of '_MSVC_STL_UPDATE'
  
C:\Program Files\Microsoft Visual Studio\2022\Community\VC\Tools\MSVC\14.39.33519\include\yvals_core.h(1000,1): warning C4005: '_DEPRECATE_TR1_NAMESPACE': macro redefinition [C:\hrai\HoverRaceAI\NetTarget\VideoServices\VideoServices.vcxproj]
  (compiling source file 'Sprite.cpp')
  C:\Program Files\Microsoft Visual Studio\2022\Community\SDK\ScopeCppSDK\vc15\VC\include\yvals.h(247,1):
  see previous definition of '_DEPRECATE_TR1_NAMESPACE'
  
C:\Program Files\Microsoft Visual Studio\2022\Community\VC\Tools\MSVC\14.39.33519\include\yvals_core.h(1014,1): warning C4005: '_MISMATCHED_ALLOCATOR_MESSAGE': macro redefinition [C:\hrai\HoverRaceAI\NetTarget\VideoServices\VideoServices.vcxproj]
  (compiling source file 'Sprite.cpp')
  C:\Program Files\Microsoft Visual Studio\2022\Community\SDK\ScopeCppSDK\vc15\VC\include\yvals.h(303,1):
  see previous definition of '_MISMATCHED_ALLOCATOR_MESSAGE'
  
  StdAfx.cpp
  _WIN32_WINNT not defined. Defaulting to _WIN32_WINNT_MAXVER (see WinSDKVer.h)
C:\Program Files\Microsoft Visual Studio\2022\Community\VC\Tools\MSVC\14.39.33519\include\yvals_core.h(880,1): warning C4005: '_MSVC_STL_VERSION': macro redefinition [C:\hrai\HoverRaceAI\NetTarget\VideoServices\VideoServices.vcxproj]
  (compiling source file 'StdAfx.cpp')
  C:\Program Files\Microsoft Visual Studio\2022\Community\SDK\ScopeCppSDK\vc15\VC\include\yvals.h(156,1):
  see previous definition of '_MSVC_STL_VERSION'
  
C:\Program Files\Microsoft Visual Studio\2022\Community\VC\Tools\MSVC\14.39.33519\include\yvals_core.h(881,1): warning C4005: '_MSVC_STL_UPDATE': macro redefinition [C:\hrai\HoverRaceAI\NetTarget\VideoServices\VideoServices.vcxproj]
  (compiling source file 'StdAfx.cpp')
  C:\Program Files\Microsoft Visual Studio\2022\Community\SDK\ScopeCppSDK\vc15\VC\include\yvals.h(157,1):
  see previous definition of '_MSVC_STL_UPDATE'
  
C:\Program Files\Microsoft Visual Studio\2022\Community\VC\Tools\MSVC\14.39.33519\include\yvals_core.h(1000,1): warning C4005: '_DEPRECATE_TR1_NAMESPACE': macro redefinition [C:\hrai\HoverRaceAI\NetTarget\VideoServices\VideoServices.vcxproj]
  (compiling source file 'StdAfx.cpp')
  C:\Program Files\Microsoft Visual Studio\2022\Community\SDK\ScopeCppSDK\vc15\VC\include\yvals.h(247,1):
  see previous definition of '_DEPRECATE_TR1_NAMESPACE'
  
C:\Program Files\Microsoft Visual Studio\2022\Community\VC\Tools\MSVC\14.39.33519\include\yvals_core.h(1014,1): warning C4005: '_MISMATCHED_ALLOCATOR_MESSAGE': macro redefinition [C:\hrai\HoverRaceAI\NetTarget\VideoServices\VideoServices.vcxproj]
  (compiling source file 'StdAfx.cpp')
  C:\Program Files\Microsoft Visual Studio\2022\Community\SDK\ScopeCppSDK\vc15\VC\include\yvals.h(303,1):
  see previous definition of '_MISMATCHED_ALLOCATOR_MESSAGE'
  
  VideoBuffer.cpp
  _WIN32_WINNT not defined. Defaulting to _WIN32_WINNT_MAXVER (see WinSDKVer.h)
C:\Program Files\Microsoft Visual Studio\2022\Community\VC\Tools\MSVC\14.39.33519\include\yvals_core.h(880,1): warning C4005: '_MSVC_STL_VERSION': macro redefinition [C:\hrai\HoverRaceAI\NetTarget\VideoServices\VideoServices.vcxproj]
  (compiling source file 'VideoBuffer.cpp')
  C:\Program Files\Microsoft Visual Studio\2022\Community\SDK\ScopeCppSDK\vc15\VC\include\yvals.h(156,1):
  see previous definition of '_MSVC_STL_VERSION'
  
C:\Program Files\Microsoft Visual Studio\2022\Community\VC\Tools\MSVC\14.39.33519\include\yvals_core.h(881,1): warning C4005: '_MSVC_STL_UPDATE': macro redefinition [C:\hrai\HoverRaceAI\NetTarget\VideoServices\VideoServices.vcxproj]
  (compiling source file 'VideoBuffer.cpp')
  C:\Program Files\Microsoft Visual Studio\2022\Community\SDK\ScopeCppSDK\vc15\VC\include\yvals.h(157,1):
  see previous definition of '_MSVC_STL_UPDATE'
  
C:\Program Files\Microsoft Visual Studio\2022\Community\VC\Tools\MSVC\14.39.33519\include\yvals_core.h(1000,1): warning C4005: '_DEPRECATE_TR1_NAMESPACE': macro redefinition [C:\hrai\HoverRaceAI\NetTarget\VideoServices\VideoServices.vcxproj]
  (compiling source file 'VideoBuffer.cpp')
  C:\Program Files\Microsoft Visual Studio\2022\Community\SDK\ScopeCppSDK\vc15\VC\include\yvals.h(247,1):
  see previous definition of '_DEPRECATE_TR1_NAMESPACE'
  
C:\Program Files\Microsoft Visual Studio\2022\Community\VC\Tools\MSVC\14.39.33519\include\yvals_core.h(1014,1): warning C4005: '_MISMATCHED_ALLOCATOR_MESSAGE': macro redefinition [C:\hrai\HoverRaceAI\NetTarget\VideoServices\VideoServices.vcxproj]
  (compiling source file 'VideoBuffer.cpp')
  C:\Program Files\Microsoft Visual Studio\2022\Community\SDK\ScopeCppSDK\vc15\VC\include\yvals.h(303,1):
  see previous definition of '_MISMATCHED_ALLOCATOR_MESSAGE'
  
C:\hrai\HoverRaceAI\NetTarget\VideoServices\VideoBuffer.cpp(515,26): warning C4996: 'fopen': This function or variable may be unsafe. Consider using fopen_s instead. To disable deprecation, use _CRT_SECURE_NO_WARNINGS. See online help for details. [C:\hrai\HoverRaceAI\NetTarget\VideoServices\VideoServices.vcxproj]
C:\hrai\HoverRaceAI\NetTarget\VideoServices\VideoBuffer.cpp(693,20): warning C4996: 'fopen': This function or variable may be unsafe. Consider using fopen_s instead. To disable deprecation, use _CRT_SECURE_NO_WARNINGS. See online help for details. [C:\hrai\HoverRaceAI\NetTarget\VideoServices\VideoServices.vcxproj]
C:\hrai\HoverRaceAI\NetTarget\VideoServices\VideoBuffer.cpp(672,20): warning C4101: 'lReturnValue': unreferenced local variable [C:\hrai\HoverRaceAI\NetTarget\VideoServices\VideoServices.vcxproj]
C:\hrai\HoverRaceAI\NetTarget\VideoServices\VideoBuffer.cpp(673,20): warning C4101: 'lSurfaceDesc': unreferenced local variable [C:\hrai\HoverRaceAI\NetTarget\VideoServices\VideoServices.vcxproj]
C:\hrai\HoverRaceAI\NetTarget\VideoServices\VideoBuffer.cpp(1011,23): warning C4996: 'fopen': This function or variable may be unsafe. Consider using fopen_s instead. To disable deprecation, use _CRT_SECURE_NO_WARNINGS. See online help for details. [C:\hrai\HoverRaceAI\NetTarget\VideoServices\VideoServices.vcxproj]
C:\hrai\HoverRaceAI\NetTarget\VideoServices\VideoBuffer.cpp(1024,23): warning C4996: 'fopen': This function or variable may be unsafe. Consider using fopen_s instead. To disable deprecation, use _CRT_SECURE_NO_WARNINGS. See online help for details. [C:\hrai\HoverRaceAI\NetTarget\VideoServices\VideoServices.vcxproj]
C:\hrai\HoverRaceAI\NetTarget\VideoServices\VideoBuffer.cpp(1037,23): warning C4996: 'fopen': This function or variable may be unsafe. Consider using fopen_s instead. To disable deprecation, use _CRT_SECURE_NO_WARNINGS. See online help for details. [C:\hrai\HoverRaceAI\NetTarget\VideoServices\VideoServices.vcxproj]
C:\hrai\HoverRaceAI\NetTarget\VideoServices\VideoBuffer.cpp(1045,20): warning C4996: 'fopen': This function or variable may be unsafe. Consider using fopen_s instead. To disable deprecation, use _CRT_SECURE_NO_WARNINGS. See online help for details. [C:\hrai\HoverRaceAI\NetTarget\VideoServices\VideoServices.vcxproj]
C:\hrai\HoverRaceAI\NetTarget\VideoServices\VideoBuffer.cpp(1000,12): warning C4101: 'lErrorCode': unreferenced local variable [C:\hrai\HoverRaceAI\NetTarget\VideoServices\VideoServices.vcxproj]
C:\hrai\HoverRaceAI\NetTarget\VideoServices\VideoBuffer.cpp(1136,21): warning C4996: 'fopen': This function or variable may be unsafe. Consider using fopen_s instead. To disable deprecation, use _CRT_SECURE_NO_WARNINGS. See online help for details. [C:\hrai\HoverRaceAI\NetTarget\VideoServices\VideoServices.vcxproj]
C:\hrai\HoverRaceAI\NetTarget\VideoServices\VideoBuffer.cpp(1151,20): warning C4996: 'fopen': This function or variable may be unsafe. Consider using fopen_s instead. To disable deprecation, use _CRT_SECURE_NO_WARNINGS. See online help for details. [C:\hrai\HoverRaceAI\NetTarget\VideoServices\VideoServices.vcxproj]
C:\hrai\HoverRaceAI\NetTarget\VideoServices\VideoBuffer.cpp(1168,24): warning C4996: 'fopen': This function or variable may be unsafe. Consider using fopen_s instead. To disable deprecation, use _CRT_SECURE_NO_WARNINGS. See online help for details. [C:\hrai\HoverRaceAI\NetTarget\VideoServices\VideoServices.vcxproj]
C:\hrai\HoverRaceAI\NetTarget\VideoServices\VideoBuffer.cpp(1180,27): warning C4996: 'fopen': This function or variable may be unsafe. Consider using fopen_s instead. To disable deprecation, use _CRT_SECURE_NO_WARNINGS. See online help for details. [C:\hrai\HoverRaceAI\NetTarget\VideoServices\VideoServices.vcxproj]
C:\hrai\HoverRaceAI\NetTarget\VideoServices\VideoBuffer.cpp(1190,27): warning C4996: 'fopen': This function or variable may be unsafe. Consider using fopen_s instead. To disable deprecation, use _CRT_SECURE_NO_WARNINGS. See online help for details. [C:\hrai\HoverRaceAI\NetTarget\VideoServices\VideoServices.vcxproj]
C:\hrai\HoverRaceAI\NetTarget\VideoServices\VideoBuffer.cpp(1199,27): warning C4996: 'fopen': This function or variable may be unsafe. Consider using fopen_s instead. To disable deprecation, use _CRT_SECURE_NO_WARNINGS. See online help for details. [C:\hrai\HoverRaceAI\NetTarget\VideoServices\VideoServices.vcxproj]
  VideoBuffer2DDraw.cpp
  _WIN32_WINNT not defined. Defaulting to _WIN32_WINNT_MAXVER (see WinSDKVer.h)
C:\Program Files\Microsoft Visual Studio\2022\Community\VC\Tools\MSVC\14.39.33519\include\yvals_core.h(880,1): warning C4005: '_MSVC_STL_VERSION': macro redefinition [C:\hrai\HoverRaceAI\NetTarget\VideoServices\VideoServices.vcxproj]
  (compiling source file 'VideoBuffer2DDraw.cpp')
  C:\Program Files\Microsoft Visual Studio\2022\Community\SDK\ScopeCppSDK\vc15\VC\include\yvals.h(156,1):
  see previous definition of '_MSVC_STL_VERSION'
  
C:\Program Files\Microsoft Visual Studio\2022\Community\VC\Tools\MSVC\14.39.33519\include\yvals_core.h(881,1): warning C4005: '_MSVC_STL_UPDATE': macro redefinition [C:\hrai\HoverRaceAI\NetTarget\VideoServices\VideoServices.vcxproj]
  (compiling source file 'VideoBuffer2DDraw.cpp')
  C:\Program Files\Microsoft Visual Studio\2022\Community\SDK\ScopeCppSDK\vc15\VC\include\yvals.h(157,1):
  see previous definition of '_MSVC_STL_UPDATE'
  
C:\Program Files\Microsoft Visual Studio\2022\Community\VC\Tools\MSVC\14.39.33519\include\yvals_core.h(1000,1): warning C4005: '_DEPRECATE_TR1_NAMESPACE': macro redefinition [C:\hrai\HoverRaceAI\NetTarget\VideoServices\VideoServices.vcxproj]
  (compiling source file 'VideoBuffer2DDraw.cpp')
  C:\Program Files\Microsoft Visual Studio\2022\Community\SDK\ScopeCppSDK\vc15\VC\include\yvals.h(247,1):
  see previous definition of '_DEPRECATE_TR1_NAMESPACE'
  
C:\Program Files\Microsoft Visual Studio\2022\Community\VC\Tools\MSVC\14.39.33519\include\yvals_core.h(1014,1): warning C4005: '_MISMATCHED_ALLOCATOR_MESSAGE': macro redefinition [C:\hrai\HoverRaceAI\NetTarget\VideoServices\VideoServices.vcxproj]
  (compiling source file 'VideoBuffer2DDraw.cpp')
  C:\Program Files\Microsoft Visual Studio\2022\Community\SDK\ScopeCppSDK\vc15\VC\include\yvals.h(303,1):
  see previous definition of '_MISMATCHED_ALLOCATOR_MESSAGE'
  
  SDL2Graphics.cpp
C:\hrai\HoverRaceAI\NetTarget\GraphicsSDL2\SDL2Graphics.cpp(114,21): warning C4996: 'fopen': This function or variable may be unsafe. Consider using fopen_s instead. To disable deprecation, use _CRT_SECURE_NO_WARNINGS. See online help for details. [C:\hrai\HoverRaceAI\NetTarget\VideoServices\VideoServices.vcxproj]
C:\hrai\HoverRaceAI\NetTarget\GraphicsSDL2\SDL2Graphics.cpp(124,17): warning C4996: 'fopen': This function or variable may be unsafe. Consider using fopen_s instead. To disable deprecation, use _CRT_SECURE_NO_WARNINGS. See online help for details. [C:\hrai\HoverRaceAI\NetTarget\VideoServices\VideoServices.vcxproj]
C:\hrai\HoverRaceAI\NetTarget\GraphicsSDL2\SDL2Graphics.cpp(165,26): warning C4996: 'fopen': This function or variable may be unsafe. Consider using fopen_s instead. To disable deprecation, use _CRT_SECURE_NO_WARNINGS. See online help for details. [C:\hrai\HoverRaceAI\NetTarget\VideoServices\VideoServices.vcxproj]
C:\hrai\HoverRaceAI\NetTarget\GraphicsSDL2\SDL2Graphics.cpp(186,26): warning C4996: 'fopen': This function or variable may be unsafe. Consider using fopen_s instead. To disable deprecation, use _CRT_SECURE_NO_WARNINGS. See online help for details. [C:\hrai\HoverRaceAI\NetTarget\VideoServices\VideoServices.vcxproj]
C:\hrai\HoverRaceAI\NetTarget\GraphicsSDL2\SDL2Graphics.cpp(218,21): warning C4996: 'fopen': This function or variable may be unsafe. Consider using fopen_s instead. To disable deprecation, use _CRT_SECURE_NO_WARNINGS. See online help for details. [C:\hrai\HoverRaceAI\NetTarget\VideoServices\VideoServices.vcxproj]
C:\hrai\HoverRaceAI\NetTarget\GraphicsSDL2\SDL2Graphics.cpp(298,25): warning C4996: 'fopen': This function or variable may be unsafe. Consider using fopen_s instead. To disable deprecation, use _CRT_SECURE_NO_WARNINGS. See online help for details. [C:\hrai\HoverRaceAI\NetTarget\VideoServices\VideoServices.vcxproj]
  VideoBufferSDL2Adapter.cpp
  VideoBufferSDL2Integration.cpp
  _WIN32_WINNT not defined. Defaulting to _WIN32_WINNT_MAXVER (see WinSDKVer.h)
C:\Program Files\Microsoft Visual Studio\2022\Community\VC\Tools\MSVC\14.39.33519\include\yvals_core.h(880,1): warning C4005: '_MSVC_STL_VERSION': macro redefinition [C:\hrai\HoverRaceAI\NetTarget\VideoServices\VideoServices.vcxproj]
  (compiling source file 'VideoBufferSDL2Integration.cpp')
  C:\Program Files\Microsoft Visual Studio\2022\Community\SDK\ScopeCppSDK\vc15\VC\include\yvals.h(156,1):
  see previous definition of '_MSVC_STL_VERSION'
  
C:\Program Files\Microsoft Visual Studio\2022\Community\VC\Tools\MSVC\14.39.33519\include\yvals_core.h(881,1): warning C4005: '_MSVC_STL_UPDATE': macro redefinition [C:\hrai\HoverRaceAI\NetTarget\VideoServices\VideoServices.vcxproj]
  (compiling source file 'VideoBufferSDL2Integration.cpp')
  C:\Program Files\Microsoft Visual Studio\2022\Community\SDK\ScopeCppSDK\vc15\VC\include\yvals.h(157,1):
  see previous definition of '_MSVC_STL_UPDATE'
  
C:\Program Files\Microsoft Visual Studio\2022\Community\VC\Tools\MSVC\14.39.33519\include\yvals_core.h(1000,1): warning C4005: '_DEPRECATE_TR1_NAMESPACE': macro redefinition [C:\hrai\HoverRaceAI\NetTarget\VideoServices\VideoServices.vcxproj]
  (compiling source file 'VideoBufferSDL2Integration.cpp')
  C:\Program Files\Microsoft Visual Studio\2022\Community\SDK\ScopeCppSDK\vc15\VC\include\yvals.h(247,1):
  see previous definition of '_DEPRECATE_TR1_NAMESPACE'
  
C:\Program Files\Microsoft Visual Studio\2022\Community\VC\Tools\MSVC\14.39.33519\include\yvals_core.h(1014,1): warning C4005: '_MISMATCHED_ALLOCATOR_MESSAGE': macro redefinition [C:\hrai\HoverRaceAI\NetTarget\VideoServices\VideoServices.vcxproj]
  (compiling source file 'VideoBufferSDL2Integration.cpp')
  C:\Program Files\Microsoft Visual Studio\2022\Community\SDK\ScopeCppSDK\vc15\VC\include\yvals.h(303,1):
  see previous definition of '_MISMATCHED_ALLOCATOR_MESSAGE'
  
  alstub.cpp
C:\hrai\HoverRaceAI\OpenAL\alstub.cpp(26,15): warning C4996: 'fopen': This function or variable may be unsafe. Consider using fopen_s instead. To disable deprecation, use _CRT_SECURE_NO_WARNINGS. See online help for details. [C:\hrai\HoverRaceAI\NetTarget\VideoServices\VideoServices.vcxproj]
C:\hrai\HoverRaceAI\OpenAL\alstub.cpp(143,21): warning C4244: '=': conversion from 'int' to 'WORD', possible loss of data [C:\hrai\HoverRaceAI\NetTarget\VideoServices\VideoServices.vcxproj]
C:\hrai\HoverRaceAI\OpenAL\alstub.cpp(145,26): warning C4244: '=': conversion from 'int' to 'WORD', possible loss of data [C:\hrai\HoverRaceAI\NetTarget\VideoServices\VideoServices.vcxproj]
C:\hrai\HoverRaceAI\OpenAL\alstub.cpp(335,88): warning C4100: 'value3': unreferenced formal parameter [C:\hrai\HoverRaceAI\NetTarget\VideoServices\VideoServices.vcxproj]
C:\hrai\HoverRaceAI\OpenAL\alstub.cpp(335,72): warning C4100: 'value2': unreferenced formal parameter [C:\hrai\HoverRaceAI\NetTarget\VideoServices\VideoServices.vcxproj]
C:\hrai\HoverRaceAI\OpenAL\alstub.cpp(335,56): warning C4100: 'value1': unreferenced formal parameter [C:\hrai\HoverRaceAI\NetTarget\VideoServices\VideoServices.vcxproj]
C:\hrai\HoverRaceAI\OpenAL\alstub.cpp(335,41): warning C4100: 'param': unreferenced formal parameter [C:\hrai\HoverRaceAI\NetTarget\VideoServices\VideoServices.vcxproj]
C:\hrai\HoverRaceAI\OpenAL\alstub.cpp(335,26): warning C4100: 'source': unreferenced formal parameter [C:\hrai\HoverRaceAI\NetTarget\VideoServices\VideoServices.vcxproj]
C:\hrai\HoverRaceAI\OpenAL\alstub.cpp(524,41): warning C4100: 'devicename': unreferenced formal parameter [C:\hrai\HoverRaceAI\NetTarget\VideoServices\VideoServices.vcxproj]
C:\hrai\HoverRaceAI\OpenAL\alstub.cpp(535,38): warning C4100: 'device': unreferenced formal parameter [C:\hrai\HoverRaceAI\NetTarget\VideoServices\VideoServices.vcxproj]
C:\hrai\HoverRaceAI\OpenAL\alstub.cpp(544,63): warning C4100: 'attrlist': unreferenced formal parameter [C:\hrai\HoverRaceAI\NetTarget\VideoServices\VideoServices.vcxproj]
C:\hrai\HoverRaceAI\OpenAL\alstub.cpp(554,42): warning C4100: 'context': unreferenced formal parameter [C:\hrai\HoverRaceAI\NetTarget\VideoServices\VideoServices.vcxproj]
C:\hrai\HoverRaceAI\OpenAL\alstub.cpp(569,75): warning C4100: 'value3': unreferenced formal parameter [C:\hrai\HoverRaceAI\NetTarget\VideoServices\VideoServices.vcxproj]
C:\hrai\HoverRaceAI\OpenAL\alstub.cpp(569,59): warning C4100: 'value2': unreferenced formal parameter [C:\hrai\HoverRaceAI\NetTarget\VideoServices\VideoServices.vcxproj]
C:\hrai\HoverRaceAI\OpenAL\alstub.cpp(569,43): warning C4100: 'value1': unreferenced formal parameter [C:\hrai\HoverRaceAI\NetTarget\VideoServices\VideoServices.vcxproj]
C:\hrai\HoverRaceAI\OpenAL\alstub.cpp(569,28): warning C4100: 'param': unreferenced formal parameter [C:\hrai\HoverRaceAI\NetTarget\VideoServices\VideoServices.vcxproj]
C:\hrai\HoverRaceAI\OpenAL\alstub.cpp(570,50): warning C4100: 'values': unreferenced formal parameter [C:\hrai\HoverRaceAI\NetTarget\VideoServices\VideoServices.vcxproj]
C:\hrai\HoverRaceAI\OpenAL\alstub.cpp(570,28): warning C4100: 'param': unreferenced formal parameter [C:\hrai\HoverRaceAI\NetTarget\VideoServices\VideoServices.vcxproj]
C:\hrai\HoverRaceAI\OpenAL\alstub.cpp(571,42): warning C4100: 'value': unreferenced formal parameter [C:\hrai\HoverRaceAI\NetTarget\VideoServices\VideoServices.vcxproj]
C:\hrai\HoverRaceAI\OpenAL\alstub.cpp(571,27): warning C4100: 'param': unreferenced formal parameter [C:\hrai\HoverRaceAI\NetTarget\VideoServices\VideoServices.vcxproj]
C:\hrai\HoverRaceAI\OpenAL\alstub.cpp(572,40): warning C4100: 'value': unreferenced formal parameter [C:\hrai\HoverRaceAI\NetTarget\VideoServices\VideoServices.vcxproj]
C:\hrai\HoverRaceAI\OpenAL\alstub.cpp(572,27): warning C4100: 'param': unreferenced formal parameter [C:\hrai\HoverRaceAI\NetTarget\VideoServices\VideoServices.vcxproj]
C:\hrai\HoverRaceAI\OpenAL\alstub.cpp(573,69): warning C4100: 'value3': unreferenced formal parameter [C:\hrai\HoverRaceAI\NetTarget\VideoServices\VideoServices.vcxproj]
C:\hrai\HoverRaceAI\OpenAL\alstub.cpp(573,55): warning C4100: 'value2': unreferenced formal parameter [C:\hrai\HoverRaceAI\NetTarget\VideoServices\VideoServices.vcxproj]
C:\hrai\HoverRaceAI\OpenAL\alstub.cpp(573,41): warning C4100: 'value1': unreferenced formal parameter [C:\hrai\HoverRaceAI\NetTarget\VideoServices\VideoServices.vcxproj]
C:\hrai\HoverRaceAI\OpenAL\alstub.cpp(573,28): warning C4100: 'param': unreferenced formal parameter [C:\hrai\HoverRaceAI\NetTarget\VideoServices\VideoServices.vcxproj]
C:\hrai\HoverRaceAI\OpenAL\alstub.cpp(574,48): warning C4100: 'values': unreferenced formal parameter [C:\hrai\HoverRaceAI\NetTarget\VideoServices\VideoServices.vcxproj]
C:\hrai\HoverRaceAI\OpenAL\alstub.cpp(574,28): warning C4100: 'param': unreferenced formal parameter [C:\hrai\HoverRaceAI\NetTarget\VideoServices\VideoServices.vcxproj]
C:\hrai\HoverRaceAI\OpenAL\alstub.cpp(576,30): warning C4100: 'param': unreferenced formal parameter [C:\hrai\HoverRaceAI\NetTarget\VideoServices\VideoServices.vcxproj]
C:\hrai\HoverRaceAI\OpenAL\alstub.cpp(580,31): warning C4100: 'param': unreferenced formal parameter [C:\hrai\HoverRaceAI\NetTarget\VideoServices\VideoServices.vcxproj]
C:\hrai\HoverRaceAI\OpenAL\alstub.cpp(586,31): warning C4100: 'param': unreferenced formal parameter [C:\hrai\HoverRaceAI\NetTarget\VideoServices\VideoServices.vcxproj]
C:\hrai\HoverRaceAI\OpenAL\alstub.cpp(590,30): warning C4100: 'param': unreferenced formal parameter [C:\hrai\HoverRaceAI\NetTarget\VideoServices\VideoServices.vcxproj]
C:\hrai\HoverRaceAI\OpenAL\alstub.cpp(594,31): warning C4100: 'param': unreferenced formal parameter [C:\hrai\HoverRaceAI\NetTarget\VideoServices\VideoServices.vcxproj]
C:\hrai\HoverRaceAI\OpenAL\alstub.cpp(600,31): warning C4100: 'param': unreferenced formal parameter [C:\hrai\HoverRaceAI\NetTarget\VideoServices\VideoServices.vcxproj]
C:\hrai\HoverRaceAI\OpenAL\alstub.cpp(605,47): warning C4100: 'sources': unreferenced formal parameter [C:\hrai\HoverRaceAI\NetTarget\VideoServices\VideoServices.vcxproj]
C:\hrai\HoverRaceAI\OpenAL\alstub.cpp(605,30): warning C4100: 'n': unreferenced formal parameter [C:\hrai\HoverRaceAI\NetTarget\VideoServices\VideoServices.vcxproj]
C:\hrai\HoverRaceAI\OpenAL\alstub.cpp(606,47): warning C4100: 'sources': unreferenced formal parameter [C:\hrai\HoverRaceAI\NetTarget\VideoServices\VideoServices.vcxproj]
C:\hrai\HoverRaceAI\OpenAL\alstub.cpp(606,30): warning C4100: 'n': unreferenced formal parameter [C:\hrai\HoverRaceAI\NetTarget\VideoServices\VideoServices.vcxproj]
C:\hrai\HoverRaceAI\OpenAL\alstub.cpp(607,49): warning C4100: 'sources': unreferenced formal parameter [C:\hrai\HoverRaceAI\NetTarget\VideoServices\VideoServices.vcxproj]
C:\hrai\HoverRaceAI\OpenAL\alstub.cpp(607,32): warning C4100: 'n': unreferenced formal parameter [C:\hrai\HoverRaceAI\NetTarget\VideoServices\VideoServices.vcxproj]
C:\hrai\HoverRaceAI\OpenAL\alstub.cpp(608,48): warning C4100: 'sources': unreferenced formal parameter [C:\hrai\HoverRaceAI\NetTarget\VideoServices\VideoServices.vcxproj]
C:\hrai\HoverRaceAI\OpenAL\alstub.cpp(608,31): warning C4100: 'n': unreferenced formal parameter [C:\hrai\HoverRaceAI\NetTarget\VideoServices\VideoServices.vcxproj]
C:\hrai\HoverRaceAI\OpenAL\alstub.cpp(609,70): warning C4100: 'buffers': unreferenced formal parameter [C:\hrai\HoverRaceAI\NetTarget\VideoServices\VideoServices.vcxproj]
C:\hrai\HoverRaceAI\OpenAL\alstub.cpp(609,52): warning C4100: 'nb': unreferenced formal parameter [C:\hrai\HoverRaceAI\NetTarget\VideoServices\VideoServices.vcxproj]
C:\hrai\HoverRaceAI\OpenAL\alstub.cpp(609,36): warning C4100: 'source': unreferenced formal parameter [C:\hrai\HoverRaceAI\NetTarget\VideoServices\VideoServices.vcxproj]
C:\hrai\HoverRaceAI\OpenAL\alstub.cpp(610,66): warning C4100: 'buffers': unreferenced formal parameter [C:\hrai\HoverRaceAI\NetTarget\VideoServices\VideoServices.vcxproj]
C:\hrai\HoverRaceAI\OpenAL\alstub.cpp(610,54): warning C4100: 'nb': unreferenced formal parameter [C:\hrai\HoverRaceAI\NetTarget\VideoServices\VideoServices.vcxproj]
C:\hrai\HoverRaceAI\OpenAL\alstub.cpp(610,38): warning C4100: 'source': unreferenced formal parameter [C:\hrai\HoverRaceAI\NetTarget\VideoServices\VideoServices.vcxproj]
C:\hrai\HoverRaceAI\OpenAL\alstub.cpp(612,43): warning C4100: 'param': unreferenced formal parameter [C:\hrai\HoverRaceAI\NetTarget\VideoServices\VideoServices.vcxproj]
C:\hrai\HoverRaceAI\OpenAL\alstub.cpp(612,28): warning C4100: 'source': unreferenced formal parameter [C:\hrai\HoverRaceAI\NetTarget\VideoServices\VideoServices.vcxproj]
C:\hrai\HoverRaceAI\OpenAL\alstub.cpp(613,86): warning C4100: 'v3': unreferenced formal parameter [C:\hrai\HoverRaceAI\NetTarget\VideoServices\VideoServices.vcxproj]
C:\hrai\HoverRaceAI\OpenAL\alstub.cpp(613,73): warning C4100: 'v2': unreferenced formal parameter [C:\hrai\HoverRaceAI\NetTarget\VideoServices\VideoServices.vcxproj]
C:\hrai\HoverRaceAI\OpenAL\alstub.cpp(613,60): warning C4100: 'v1': unreferenced formal parameter [C:\hrai\HoverRaceAI\NetTarget\VideoServices\VideoServices.vcxproj]
C:\hrai\HoverRaceAI\OpenAL\alstub.cpp(613,44): warning C4100: 'param': unreferenced formal parameter [C:\hrai\HoverRaceAI\NetTarget\VideoServices\VideoServices.vcxproj]
C:\hrai\HoverRaceAI\OpenAL\alstub.cpp(613,29): warning C4100: 'source': unreferenced formal parameter [C:\hrai\HoverRaceAI\NetTarget\VideoServices\VideoServices.vcxproj]
C:\hrai\HoverRaceAI\OpenAL\alstub.cpp(614,60): warning C4100: 'values': unreferenced formal parameter [C:\hrai\HoverRaceAI\NetTarget\VideoServices\VideoServices.vcxproj]
C:\hrai\HoverRaceAI\OpenAL\alstub.cpp(614,44): warning C4100: 'param': unreferenced formal parameter [C:\hrai\HoverRaceAI\NetTarget\VideoServices\VideoServices.vcxproj]
C:\hrai\HoverRaceAI\OpenAL\alstub.cpp(614,29): warning C4100: 'source': unreferenced formal parameter [C:\hrai\HoverRaceAI\NetTarget\VideoServices\VideoServices.vcxproj]
C:\hrai\HoverRaceAI\OpenAL\alstub.cpp(690,80): warning C4100: 'v3': unreferenced formal parameter [C:\hrai\HoverRaceAI\NetTarget\VideoServices\VideoServices.vcxproj]
C:\hrai\HoverRaceAI\OpenAL\alstub.cpp(690,69): warning C4100: 'v2': unreferenced formal parameter [C:\hrai\HoverRaceAI\NetTarget\VideoServices\VideoServices.vcxproj]
C:\hrai\HoverRaceAI\OpenAL\alstub.cpp(690,58): warning C4100: 'v1': unreferenced formal parameter [C:\hrai\HoverRaceAI\NetTarget\VideoServices\VideoServices.vcxproj]
C:\hrai\HoverRaceAI\OpenAL\alstub.cpp(690,44): warning C4100: 'param': unreferenced formal parameter [C:\hrai\HoverRaceAI\NetTarget\VideoServices\VideoServices.vcxproj]
C:\hrai\HoverRaceAI\OpenAL\alstub.cpp(690,29): warning C4100: 'source': unreferenced formal parameter [C:\hrai\HoverRaceAI\NetTarget\VideoServices\VideoServices.vcxproj]
C:\hrai\HoverRaceAI\OpenAL\alstub.cpp(691,58): warning C4100: 'values': unreferenced formal parameter [C:\hrai\HoverRaceAI\NetTarget\VideoServices\VideoServices.vcxproj]
C:\hrai\HoverRaceAI\OpenAL\alstub.cpp(691,44): warning C4100: 'param': unreferenced formal parameter [C:\hrai\HoverRaceAI\NetTarget\VideoServices\VideoServices.vcxproj]
C:\hrai\HoverRaceAI\OpenAL\alstub.cpp(691,29): warning C4100: 'source': unreferenced formal parameter [C:\hrai\HoverRaceAI\NetTarget\VideoServices\VideoServices.vcxproj]
C:\hrai\HoverRaceAI\OpenAL\alstub.cpp(693,55): warning C4100: 'value': unreferenced formal parameter [C:\hrai\HoverRaceAI\NetTarget\VideoServices\VideoServices.vcxproj]
C:\hrai\HoverRaceAI\OpenAL\alstub.cpp(693,40): warning C4100: 'param': unreferenced formal parameter [C:\hrai\HoverRaceAI\NetTarget\VideoServices\VideoServices.vcxproj]
C:\hrai\HoverRaceAI\OpenAL\alstub.cpp(693,25): warning C4100: 'buffer': unreferenced formal parameter [C:\hrai\HoverRaceAI\NetTarget\VideoServices\VideoServices.vcxproj]
C:\hrai\HoverRaceAI\OpenAL\alstub.cpp(694,88): warning C4100: 'value3': unreferenced formal parameter [C:\hrai\HoverRaceAI\NetTarget\VideoServices\VideoServices.vcxproj]
C:\hrai\HoverRaceAI\OpenAL\alstub.cpp(694,72): warning C4100: 'value2': unreferenced formal parameter [C:\hrai\HoverRaceAI\NetTarget\VideoServices\VideoServices.vcxproj]
C:\hrai\HoverRaceAI\OpenAL\alstub.cpp(694,56): warning C4100: 'value1': unreferenced formal parameter [C:\hrai\HoverRaceAI\NetTarget\VideoServices\VideoServices.vcxproj]
C:\hrai\HoverRaceAI\OpenAL\alstub.cpp(694,41): warning C4100: 'param': unreferenced formal parameter [C:\hrai\HoverRaceAI\NetTarget\VideoServices\VideoServices.vcxproj]
C:\hrai\HoverRaceAI\OpenAL\alstub.cpp(694,26): warning C4100: 'buffer': unreferenced formal parameter [C:\hrai\HoverRaceAI\NetTarget\VideoServices\VideoServices.vcxproj]
C:\hrai\HoverRaceAI\OpenAL\alstub.cpp(695,63): warning C4100: 'values': unreferenced formal parameter [C:\hrai\HoverRaceAI\NetTarget\VideoServices\VideoServices.vcxproj]
C:\hrai\HoverRaceAI\OpenAL\alstub.cpp(695,41): warning C4100: 'param': unreferenced formal parameter [C:\hrai\HoverRaceAI\NetTarget\VideoServices\VideoServices.vcxproj]
C:\hrai\HoverRaceAI\OpenAL\alstub.cpp(695,26): warning C4100: 'buffer': unreferenced formal parameter [C:\hrai\HoverRaceAI\NetTarget\VideoServices\VideoServices.vcxproj]
C:\hrai\HoverRaceAI\OpenAL\alstub.cpp(696,53): warning C4100: 'value': unreferenced formal parameter [C:\hrai\HoverRaceAI\NetTarget\VideoServices\VideoServices.vcxproj]
C:\hrai\HoverRaceAI\OpenAL\alstub.cpp(696,40): warning C4100: 'param': unreferenced formal parameter [C:\hrai\HoverRaceAI\NetTarget\VideoServices\VideoServices.vcxproj]
C:\hrai\HoverRaceAI\OpenAL\alstub.cpp(696,25): warning C4100: 'buffer': unreferenced formal parameter [C:\hrai\HoverRaceAI\NetTarget\VideoServices\VideoServices.vcxproj]
C:\hrai\HoverRaceAI\OpenAL\alstub.cpp(697,82): warning C4100: 'value3': unreferenced formal parameter [C:\hrai\HoverRaceAI\NetTarget\VideoServices\VideoServices.vcxproj]
C:\hrai\HoverRaceAI\OpenAL\alstub.cpp(697,68): warning C4100: 'value2': unreferenced formal parameter [C:\hrai\HoverRaceAI\NetTarget\VideoServices\VideoServices.vcxproj]
C:\hrai\HoverRaceAI\OpenAL\alstub.cpp(697,54): warning C4100: 'value1': unreferenced formal parameter [C:\hrai\HoverRaceAI\NetTarget\VideoServices\VideoServices.vcxproj]
C:\hrai\HoverRaceAI\OpenAL\alstub.cpp(697,41): warning C4100: 'param': unreferenced formal parameter [C:\hrai\HoverRaceAI\NetTarget\VideoServices\VideoServices.vcxproj]
C:\hrai\HoverRaceAI\OpenAL\alstub.cpp(697,26): warning C4100: 'buffer': unreferenced formal parameter [C:\hrai\HoverRaceAI\NetTarget\VideoServices\VideoServices.vcxproj]
C:\hrai\HoverRaceAI\OpenAL\alstub.cpp(698,61): warning C4100: 'values': unreferenced formal parameter [C:\hrai\HoverRaceAI\NetTarget\VideoServices\VideoServices.vcxproj]
C:\hrai\HoverRaceAI\OpenAL\alstub.cpp(698,41): warning C4100: 'param': unreferenced formal parameter [C:\hrai\HoverRaceAI\NetTarget\VideoServices\VideoServices.vcxproj]
C:\hrai\HoverRaceAI\OpenAL\alstub.cpp(698,26): warning C4100: 'buffer': unreferenced formal parameter [C:\hrai\HoverRaceAI\NetTarget\VideoServices\VideoServices.vcxproj]
C:\hrai\HoverRaceAI\OpenAL\alstub.cpp(700,59): warning C4100: 'value': unreferenced formal parameter [C:\hrai\HoverRaceAI\NetTarget\VideoServices\VideoServices.vcxproj]
C:\hrai\HoverRaceAI\OpenAL\alstub.cpp(700,43): warning C4100: 'param': unreferenced formal parameter [C:\hrai\HoverRaceAI\NetTarget\VideoServices\VideoServices.vcxproj]
C:\hrai\HoverRaceAI\OpenAL\alstub.cpp(700,28): warning C4100: 'buffer': unreferenced formal parameter [C:\hrai\HoverRaceAI\NetTarget\VideoServices\VideoServices.vcxproj]
C:\hrai\HoverRaceAI\OpenAL\alstub.cpp(701,94): warning C4100: 'value3': unreferenced formal parameter [C:\hrai\HoverRaceAI\NetTarget\VideoServices\VideoServices.vcxproj]
C:\hrai\HoverRaceAI\OpenAL\alstub.cpp(701,77): warning C4100: 'value2': unreferenced formal parameter [C:\hrai\HoverRaceAI\NetTarget\VideoServices\VideoServices.vcxproj]
C:\hrai\HoverRaceAI\OpenAL\alstub.cpp(701,60): warning C4100: 'value1': unreferenced formal parameter [C:\hrai\HoverRaceAI\NetTarget\VideoServices\VideoServices.vcxproj]
C:\hrai\HoverRaceAI\OpenAL\alstub.cpp(701,44): warning C4100: 'param': unreferenced formal parameter [C:\hrai\HoverRaceAI\NetTarget\VideoServices\VideoServices.vcxproj]
C:\hrai\HoverRaceAI\OpenAL\alstub.cpp(701,29): warning C4100: 'buffer': unreferenced formal parameter [C:\hrai\HoverRaceAI\NetTarget\VideoServices\VideoServices.vcxproj]
C:\hrai\HoverRaceAI\OpenAL\alstub.cpp(702,60): warning C4100: 'values': unreferenced formal parameter [C:\hrai\HoverRaceAI\NetTarget\VideoServices\VideoServices.vcxproj]
C:\hrai\HoverRaceAI\OpenAL\alstub.cpp(702,44): warning C4100: 'param': unreferenced formal parameter [C:\hrai\HoverRaceAI\NetTarget\VideoServices\VideoServices.vcxproj]
C:\hrai\HoverRaceAI\OpenAL\alstub.cpp(702,29): warning C4100: 'buffer': unreferenced formal parameter [C:\hrai\HoverRaceAI\NetTarget\VideoServices\VideoServices.vcxproj]
C:\hrai\HoverRaceAI\OpenAL\alstub.cpp(703,57): warning C4100: 'value': unreferenced formal parameter [C:\hrai\HoverRaceAI\NetTarget\VideoServices\VideoServices.vcxproj]
C:\hrai\HoverRaceAI\OpenAL\alstub.cpp(703,43): warning C4100: 'param': unreferenced formal parameter [C:\hrai\HoverRaceAI\NetTarget\VideoServices\VideoServices.vcxproj]
C:\hrai\HoverRaceAI\OpenAL\alstub.cpp(703,28): warning C4100: 'buffer': unreferenced formal parameter [C:\hrai\HoverRaceAI\NetTarget\VideoServices\VideoServices.vcxproj]
C:\hrai\HoverRaceAI\OpenAL\alstub.cpp(704,88): warning C4100: 'value3': unreferenced formal parameter [C:\hrai\HoverRaceAI\NetTarget\VideoServices\VideoServices.vcxproj]
C:\hrai\HoverRaceAI\OpenAL\alstub.cpp(704,73): warning C4100: 'value2': unreferenced formal parameter [C:\hrai\HoverRaceAI\NetTarget\VideoServices\VideoServices.vcxproj]
C:\hrai\HoverRaceAI\OpenAL\alstub.cpp(704,58): warning C4100: 'value1': unreferenced formal parameter [C:\hrai\HoverRaceAI\NetTarget\VideoServices\VideoServices.vcxproj]
C:\hrai\HoverRaceAI\OpenAL\alstub.cpp(704,44): warning C4100: 'param': unreferenced formal parameter [C:\hrai\HoverRaceAI\NetTarget\VideoServices\VideoServices.vcxproj]
C:\hrai\HoverRaceAI\OpenAL\alstub.cpp(704,29): warning C4100: 'buffer': unreferenced formal parameter [C:\hrai\HoverRaceAI\NetTarget\VideoServices\VideoServices.vcxproj]
C:\hrai\HoverRaceAI\OpenAL\alstub.cpp(705,58): warning C4100: 'values': unreferenced formal parameter [C:\hrai\HoverRaceAI\NetTarget\VideoServices\VideoServices.vcxproj]
C:\hrai\HoverRaceAI\OpenAL\alstub.cpp(705,44): warning C4100: 'param': unreferenced formal parameter [C:\hrai\HoverRaceAI\NetTarget\VideoServices\VideoServices.vcxproj]
C:\hrai\HoverRaceAI\OpenAL\alstub.cpp(705,29): warning C4100: 'buffer': unreferenced formal parameter [C:\hrai\HoverRaceAI\NetTarget\VideoServices\VideoServices.vcxproj]
C:\hrai\HoverRaceAI\OpenAL\alstub.cpp(708,68): warning C4100: 'extname': unreferenced formal parameter [C:\hrai\HoverRaceAI\NetTarget\VideoServices\VideoServices.vcxproj]
C:\hrai\HoverRaceAI\OpenAL\alstub.cpp(708,45): warning C4100: 'device': unreferenced formal parameter [C:\hrai\HoverRaceAI\NetTarget\VideoServices\VideoServices.vcxproj]
C:\hrai\HoverRaceAI\OpenAL\alstub.cpp(709,62): warning C4100: 'funcname': unreferenced formal parameter [C:\hrai\HoverRaceAI\NetTarget\VideoServices\VideoServices.vcxproj]
C:\hrai\HoverRaceAI\OpenAL\alstub.cpp(709,39): warning C4100: 'device': unreferenced formal parameter [C:\hrai\HoverRaceAI\NetTarget\VideoServices\VideoServices.vcxproj]
C:\hrai\HoverRaceAI\OpenAL\alstub.cpp(710,59): warning C4100: 'enumname': unreferenced formal parameter [C:\hrai\HoverRaceAI\NetTarget\VideoServices\VideoServices.vcxproj]
C:\hrai\HoverRaceAI\OpenAL\alstub.cpp(710,36): warning C4100: 'device': unreferenced formal parameter [C:\hrai\HoverRaceAI\NetTarget\VideoServices\VideoServices.vcxproj]
C:\hrai\HoverRaceAI\OpenAL\alstub.cpp(711,56): warning C4100: 'param': unreferenced formal parameter [C:\hrai\HoverRaceAI\NetTarget\VideoServices\VideoServices.vcxproj]
C:\hrai\HoverRaceAI\OpenAL\alstub.cpp(711,40): warning C4100: 'device': unreferenced formal parameter [C:\hrai\HoverRaceAI\NetTarget\VideoServices\VideoServices.vcxproj]
C:\hrai\HoverRaceAI\OpenAL\alstub.cpp(712,81): warning C4100: 'dest': unreferenced formal parameter [C:\hrai\HoverRaceAI\NetTarget\VideoServices\VideoServices.vcxproj]
C:\hrai\HoverRaceAI\OpenAL\alstub.cpp(712,67): warning C4100: 'size': unreferenced formal parameter [C:\hrai\HoverRaceAI\NetTarget\VideoServices\VideoServices.vcxproj]
C:\hrai\HoverRaceAI\OpenAL\alstub.cpp(712,51): warning C4100: 'param': unreferenced formal parameter [C:\hrai\HoverRaceAI\NetTarget\VideoServices\VideoServices.vcxproj]
C:\hrai\HoverRaceAI\OpenAL\alstub.cpp(712,35): warning C4100: 'device': unreferenced formal parameter [C:\hrai\HoverRaceAI\NetTarget\VideoServices\VideoServices.vcxproj]
C:\hrai\HoverRaceAI\OpenAL\alstub.cpp(713,32): warning C4100: 'device': unreferenced formal parameter [C:\hrai\HoverRaceAI\NetTarget\VideoServices\VideoServices.vcxproj]
C:\hrai\HoverRaceAI\OpenAL\alstub.cpp(714,39): warning C4100: 'context': unreferenced formal parameter [C:\hrai\HoverRaceAI\NetTarget\VideoServices\VideoServices.vcxproj]
C:\hrai\HoverRaceAI\OpenAL\alstub.cpp(716,45): warning C4100: 'context': unreferenced formal parameter [C:\hrai\HoverRaceAI\NetTarget\VideoServices\VideoServices.vcxproj]
C:\hrai\HoverRaceAI\OpenAL\alstub.cpp(78,14): warning C4505: 'dbToGain': unreferenced function with internal linkage has been removed [C:\hrai\HoverRaceAI\NetTarget\VideoServices\VideoServices.vcxproj]
  RenderingEngine.cpp
  _WIN32_WINNT not defined. Defaulting to _WIN32_WINNT_MAXVER (see WinSDKVer.h)
C:\Program Files\Microsoft Visual Studio\2022\Community\VC\Tools\MSVC\14.39.33519\include\yvals_core.h(880,1): warning C4005: '_MSVC_STL_VERSION': macro redefinition [C:\hrai\HoverRaceAI\NetTarget\VideoServices\VideoServices.vcxproj]
  (compiling source file 'RenderingEngine.cpp')
  C:\Program Files\Microsoft Visual Studio\2022\Community\SDK\ScopeCppSDK\vc15\VC\include\yvals.h(156,1):
  see previous definition of '_MSVC_STL_VERSION'
  
C:\Program Files\Microsoft Visual Studio\2022\Community\VC\Tools\MSVC\14.39.33519\include\yvals_core.h(881,1): warning C4005: '_MSVC_STL_UPDATE': macro redefinition [C:\hrai\HoverRaceAI\NetTarget\VideoServices\VideoServices.vcxproj]
  (compiling source file 'RenderingEngine.cpp')
  C:\Program Files\Microsoft Visual Studio\2022\Community\SDK\ScopeCppSDK\vc15\VC\include\yvals.h(157,1):
  see previous definition of '_MSVC_STL_UPDATE'
  
C:\Program Files\Microsoft Visual Studio\2022\Community\VC\Tools\MSVC\14.39.33519\include\yvals_core.h(1000,1): warning C4005: '_DEPRECATE_TR1_NAMESPACE': macro redefinition [C:\hrai\HoverRaceAI\NetTarget\VideoServices\VideoServices.vcxproj]
  (compiling source file 'RenderingEngine.cpp')
  C:\Program Files\Microsoft Visual Studio\2022\Community\SDK\ScopeCppSDK\vc15\VC\include\yvals.h(247,1):
  see previous definition of '_DEPRECATE_TR1_NAMESPACE'
  
C:\Program Files\Microsoft Visual Studio\2022\Community\VC\Tools\MSVC\14.39.33519\include\yvals_core.h(1014,1): warning C4005: '_MISMATCHED_ALLOCATOR_MESSAGE': macro redefinition [C:\hrai\HoverRaceAI\NetTarget\VideoServices\VideoServices.vcxproj]
  (compiling source file 'RenderingEngine.cpp')
  C:\Program Files\Microsoft Visual Studio\2022\Community\SDK\ScopeCppSDK\vc15\VC\include\yvals.h(303,1):
  see previous definition of '_MISMATCHED_ALLOCATOR_MESSAGE'
  
  GraphicsUtilities.cpp
  _WIN32_WINNT not defined. Defaulting to _WIN32_WINNT_MAXVER (see WinSDKVer.h)
C:\Program Files\Microsoft Visual Studio\2022\Community\VC\Tools\MSVC\14.39.33519\include\yvals_core.h(880,1): warning C4005: '_MSVC_STL_VERSION': macro redefinition [C:\hrai\HoverRaceAI\NetTarget\VideoServices\VideoServices.vcxproj]
  (compiling source file 'GraphicsUtilities.cpp')
  C:\Program Files\Microsoft Visual Studio\2022\Community\SDK\ScopeCppSDK\vc15\VC\include\yvals.h(156,1):
  see previous definition of '_MSVC_STL_VERSION'
  
C:\Program Files\Microsoft Visual Studio\2022\Community\VC\Tools\MSVC\14.39.33519\include\yvals_core.h(881,1): warning C4005: '_MSVC_STL_UPDATE': macro redefinition [C:\hrai\HoverRaceAI\NetTarget\VideoServices\VideoServices.vcxproj]
  (compiling source file 'GraphicsUtilities.cpp')
  C:\Program Files\Microsoft Visual Studio\2022\Community\SDK\ScopeCppSDK\vc15\VC\include\yvals.h(157,1):
  see previous definition of '_MSVC_STL_UPDATE'
  
C:\Program Files\Microsoft Visual Studio\2022\Community\VC\Tools\MSVC\14.39.33519\include\yvals_core.h(1000,1): warning C4005: '_DEPRECATE_TR1_NAMESPACE': macro redefinition [C:\hrai\HoverRaceAI\NetTarget\VideoServices\VideoServices.vcxproj]
  (compiling source file 'GraphicsUtilities.cpp')
  C:\Program Files\Microsoft Visual Studio\2022\Community\SDK\ScopeCppSDK\vc15\VC\include\yvals.h(247,1):
  see previous definition of '_DEPRECATE_TR1_NAMESPACE'
  
C:\Program Files\Microsoft Visual Studio\2022\Community\VC\Tools\MSVC\14.39.33519\include\yvals_core.h(1014,1): warning C4005: '_MISMATCHED_ALLOCATOR_MESSAGE': macro redefinition [C:\hrai\HoverRaceAI\NetTarget\VideoServices\VideoServices.vcxproj]
  (compiling source file 'GraphicsUtilities.cpp')
  C:\Program Files\Microsoft Visual Studio\2022\Community\SDK\ScopeCppSDK\vc15\VC\include\yvals.h(303,1):
  see previous definition of '_MISMATCHED_ALLOCATOR_MESSAGE'
  
  ModernVideoBuffer.cpp
  _WIN32_WINNT not defined. Defaulting to _WIN32_WINNT_MAXVER (see WinSDKVer.h)
C:\Program Files\Microsoft Visual Studio\2022\Community\VC\Tools\MSVC\14.39.33519\include\yvals_core.h(880,1): warning C4005: '_MSVC_STL_VERSION': macro redefinition [C:\hrai\HoverRaceAI\NetTarget\VideoServices\VideoServices.vcxproj]
  (compiling source file 'ModernVideoBuffer.cpp')
  C:\Program Files\Microsoft Visual Studio\2022\Community\SDK\ScopeCppSDK\vc15\VC\include\yvals.h(156,1):
  see previous definition of '_MSVC_STL_VERSION'
  
C:\Program Files\Microsoft Visual Studio\2022\Community\VC\Tools\MSVC\14.39.33519\include\yvals_core.h(881,1): warning C4005: '_MSVC_STL_UPDATE': macro redefinition [C:\hrai\HoverRaceAI\NetTarget\VideoServices\VideoServices.vcxproj]
  (compiling source file 'ModernVideoBuffer.cpp')
  C:\Program Files\Microsoft Visual Studio\2022\Community\SDK\ScopeCppSDK\vc15\VC\include\yvals.h(157,1):
  see previous definition of '_MSVC_STL_UPDATE'
  
C:\Program Files\Microsoft Visual Studio\2022\Community\VC\Tools\MSVC\14.39.33519\include\yvals_core.h(1000,1): warning C4005: '_DEPRECATE_TR1_NAMESPACE': macro redefinition [C:\hrai\HoverRaceAI\NetTarget\VideoServices\VideoServices.vcxproj]
  (compiling source file 'ModernVideoBuffer.cpp')
  C:\Program Files\Microsoft Visual Studio\2022\Community\SDK\ScopeCppSDK\vc15\VC\include\yvals.h(247,1):
  see previous definition of '_DEPRECATE_TR1_NAMESPACE'
  
C:\Program Files\Microsoft Visual Studio\2022\Community\VC\Tools\MSVC\14.39.33519\include\yvals_core.h(1014,1): warning C4005: '_MISMATCHED_ALLOCATOR_MESSAGE': macro redefinition [C:\hrai\HoverRaceAI\NetTarget\VideoServices\VideoServices.vcxproj]
  (compiling source file 'ModernVideoBuffer.cpp')
  C:\Program Files\Microsoft Visual Studio\2022\Community\SDK\ScopeCppSDK\vc15\VC\include\yvals.h(303,1):
  see previous definition of '_MISMATCHED_ALLOCATOR_MESSAGE'
  
  ModernRenderer.cpp
  _WIN32_WINNT not defined. Defaulting to _WIN32_WINNT_MAXVER (see WinSDKVer.h)
C:\Program Files\Microsoft Visual Studio\2022\Community\VC\Tools\MSVC\14.39.33519\include\yvals_core.h(880,1): warning C4005: '_MSVC_STL_VERSION': macro redefinition [C:\hrai\HoverRaceAI\NetTarget\VideoServices\VideoServices.vcxproj]
  (compiling source file 'ModernRenderer.cpp')
  C:\Program Files\Microsoft Visual Studio\2022\Community\SDK\ScopeCppSDK\vc15\VC\include\yvals.h(156,1):
  see previous definition of '_MSVC_STL_VERSION'
  
C:\Program Files\Microsoft Visual Studio\2022\Community\VC\Tools\MSVC\14.39.33519\include\yvals_core.h(881,1): warning C4005: '_MSVC_STL_UPDATE': macro redefinition [C:\hrai\HoverRaceAI\NetTarget\VideoServices\VideoServices.vcxproj]
  (compiling source file 'ModernRenderer.cpp')
  C:\Program Files\Microsoft Visual Studio\2022\Community\SDK\ScopeCppSDK\vc15\VC\include\yvals.h(157,1):
  see previous definition of '_MSVC_STL_UPDATE'
  
C:\Program Files\Microsoft Visual Studio\2022\Community\VC\Tools\MSVC\14.39.33519\include\yvals_core.h(1000,1): warning C4005: '_DEPRECATE_TR1_NAMESPACE': macro redefinition [C:\hrai\HoverRaceAI\NetTarget\VideoServices\VideoServices.vcxproj]
  (compiling source file 'ModernRenderer.cpp')
  C:\Program Files\Microsoft Visual Studio\2022\Community\SDK\ScopeCppSDK\vc15\VC\include\yvals.h(247,1):
  see previous definition of '_DEPRECATE_TR1_NAMESPACE'
  
C:\Program Files\Microsoft Visual Studio\2022\Community\VC\Tools\MSVC\14.39.33519\include\yvals_core.h(1014,1): warning C4005: '_MISMATCHED_ALLOCATOR_MESSAGE': macro redefinition [C:\hrai\HoverRaceAI\NetTarget\VideoServices\VideoServices.vcxproj]
  (compiling source file 'ModernRenderer.cpp')
  C:\Program Files\Microsoft Visual Studio\2022\Community\SDK\ScopeCppSDK\vc15\VC\include\yvals.h(303,1):
  see previous definition of '_MISMATCHED_ALLOCATOR_MESSAGE'
  
C:\hrai\HoverRaceAI\NetTarget\VideoServices\ModernRenderer.cpp(88,43): warning C4100: 'pAlpha': unreferenced formal parameter [C:\hrai\HoverRaceAI\NetTarget\VideoServices\VideoServices.vcxproj]
C:\hrai\HoverRaceAI\NetTarget\VideoServices\ModernRenderer.cpp(87,41): warning C4100: 'pRotation': unreferenced formal parameter [C:\hrai\HoverRaceAI\NetTarget\VideoServices\VideoServices.vcxproj]
C:\hrai\HoverRaceAI\NetTarget\VideoServices\ModernRenderer.cpp(86,56): warning C4100: 'pScaleY': unreferenced formal parameter [C:\hrai\HoverRaceAI\NetTarget\VideoServices\VideoServices.vcxproj]
C:\hrai\HoverRaceAI\NetTarget\VideoServices\ModernRenderer.cpp(86,41): warning C4100: 'pScaleX': unreferenced formal parameter [C:\hrai\HoverRaceAI\NetTarget\VideoServices\VideoServices.vcxproj]
C:\hrai\HoverRaceAI\NetTarget\VideoServices\ModernRenderer.cpp(300,42): warning C4100: 'pChar': unreferenced formal parameter [C:\hrai\HoverRaceAI\NetTarget\VideoServices\VideoServices.vcxproj]
  Generating Code...
  Compiling...
  ModernActorRenderer.cpp
  _WIN32_WINNT not defined. Defaulting to _WIN32_WINNT_MAXVER (see WinSDKVer.h)
C:\Program Files\Microsoft Visual Studio\2022\Community\VC\Tools\MSVC\14.39.33519\include\yvals_core.h(880,1): warning C4005: '_MSVC_STL_VERSION': macro redefinition [C:\hrai\HoverRaceAI\NetTarget\VideoServices\VideoServices.vcxproj]
  (compiling source file 'ModernActorRenderer.cpp')
  C:\Program Files\Microsoft Visual Studio\2022\Community\SDK\ScopeCppSDK\vc15\VC\include\yvals.h(156,1):
  see previous definition of '_MSVC_STL_VERSION'
  
C:\Program Files\Microsoft Visual Studio\2022\Community\VC\Tools\MSVC\14.39.33519\include\yvals_core.h(881,1): warning C4005: '_MSVC_STL_UPDATE': macro redefinition [C:\hrai\HoverRaceAI\NetTarget\VideoServices\VideoServices.vcxproj]
  (compiling source file 'ModernActorRenderer.cpp')
  C:\Program Files\Microsoft Visual Studio\2022\Community\SDK\ScopeCppSDK\vc15\VC\include\yvals.h(157,1):
  see previous definition of '_MSVC_STL_UPDATE'
  
C:\Program Files\Microsoft Visual Studio\2022\Community\VC\Tools\MSVC\14.39.33519\include\yvals_core.h(1000,1): warning C4005: '_DEPRECATE_TR1_NAMESPACE': macro redefinition [C:\hrai\HoverRaceAI\NetTarget\VideoServices\VideoServices.vcxproj]
  (compiling source file 'ModernActorRenderer.cpp')
  C:\Program Files\Microsoft Visual Studio\2022\Community\SDK\ScopeCppSDK\vc15\VC\include\yvals.h(247,1):
  see previous definition of '_DEPRECATE_TR1_NAMESPACE'
  
C:\Program Files\Microsoft Visual Studio\2022\Community\VC\Tools\MSVC\14.39.33519\include\yvals_core.h(1014,1): warning C4005: '_MISMATCHED_ALLOCATOR_MESSAGE': macro redefinition [C:\hrai\HoverRaceAI\NetTarget\VideoServices\VideoServices.vcxproj]
  (compiling source file 'ModernActorRenderer.cpp')
  C:\Program Files\Microsoft Visual Studio\2022\Community\SDK\ScopeCppSDK\vc15\VC\include\yvals.h(303,1):
  see previous definition of '_MISMATCHED_ALLOCATOR_MESSAGE'
  
C:\hrai\HoverRaceAI\NetTarget\VideoServices\ModernActorRenderer.cpp(128,47): warning C4100: 'pScale': unreferenced formal parameter [C:\hrai\HoverRaceAI\NetTarget\VideoServices\VideoServices.vcxproj]
C:\hrai\HoverRaceAI\NetTarget\VideoServices\ModernActorRenderer.cpp(127,60): warning C4100: 'pFrame': unreferenced formal parameter [C:\hrai\HoverRaceAI\NetTarget\VideoServices\VideoServices.vcxproj]
C:\hrai\HoverRaceAI\NetTarget\VideoServices\ModernActorRenderer.cpp(127,45): warning C4100: 'pSequence': unreferenced formal parameter [C:\hrai\HoverRaceAI\NetTarget\VideoServices\VideoServices.vcxproj]
C:\hrai\HoverRaceAI\NetTarget\VideoServices\ModernActorRenderer.cpp(144,90): warning C4100: 'pZ': unreferenced formal parameter [C:\hrai\HoverRaceAI\NetTarget\VideoServices\VideoServices.vcxproj]
C:\hrai\HoverRaceAI\NetTarget\VideoServices\ModernActorRenderer.cpp(144,79): warning C4100: 'pY': unreferenced formal parameter [C:\hrai\HoverRaceAI\NetTarget\VideoServices\VideoServices.vcxproj]
C:\hrai\HoverRaceAI\NetTarget\VideoServices\ModernActorRenderer.cpp(144,68): warning C4100: 'pX': unreferenced formal parameter [C:\hrai\HoverRaceAI\NetTarget\VideoServices\VideoServices.vcxproj]
C:\hrai\HoverRaceAI\NetTarget\VideoServices\ModernActorRenderer.cpp(153,99): warning C4100: 'pRoll': unreferenced formal parameter [C:\hrai\HoverRaceAI\NetTarget\VideoServices\VideoServices.vcxproj]
C:\hrai\HoverRaceAI\NetTarget\VideoServices\ModernActorRenderer.cpp(153,84): warning C4100: 'pPitch': unreferenced formal parameter [C:\hrai\HoverRaceAI\NetTarget\VideoServices\VideoServices.vcxproj]
C:\hrai\HoverRaceAI\NetTarget\VideoServices\ModernActorRenderer.cpp(153,71): warning C4100: 'pYaw': unreferenced formal parameter [C:\hrai\HoverRaceAI\NetTarget\VideoServices\VideoServices.vcxproj]
C:\hrai\HoverRaceAI\NetTarget\VideoServices\ModernActorRenderer.cpp(198,65): warning C4100: 'pTintColor': unreferenced formal parameter [C:\hrai\HoverRaceAI\NetTarget\VideoServices\VideoServices.vcxproj]
C:\hrai\HoverRaceAI\NetTarget\VideoServices\ModernActorRenderer.cpp(217,70): warning C4100: 'pVertical': unreferenced formal parameter [C:\hrai\HoverRaceAI\NetTarget\VideoServices\VideoServices.vcxproj]
C:\hrai\HoverRaceAI\NetTarget\VideoServices\ModernActorRenderer.cpp(217,52): warning C4100: 'pHorizontal': unreferenced formal parameter [C:\hrai\HoverRaceAI\NetTarget\VideoServices\VideoServices.vcxproj]
C:\hrai\HoverRaceAI\NetTarget\VideoServices\ModernActorRenderer.cpp(230,65): warning C4100: 'pTransparencyKey': unreferenced formal parameter [C:\hrai\HoverRaceAI\NetTarget\VideoServices\VideoServices.vcxproj]
  GraphicsTest.cpp
  _WIN32_WINNT not defined. Defaulting to _WIN32_WINNT_MAXVER (see WinSDKVer.h)
C:\Program Files\Microsoft Visual Studio\2022\Community\VC\Tools\MSVC\14.39.33519\include\yvals_core.h(880,1): warning C4005: '_MSVC_STL_VERSION': macro redefinition [C:\hrai\HoverRaceAI\NetTarget\VideoServices\VideoServices.vcxproj]
  (compiling source file 'GraphicsTest.cpp')
  C:\Program Files\Microsoft Visual Studio\2022\Community\SDK\ScopeCppSDK\vc15\VC\include\yvals.h(156,1):
  see previous definition of '_MSVC_STL_VERSION'
  
C:\Program Files\Microsoft Visual Studio\2022\Community\VC\Tools\MSVC\14.39.33519\include\yvals_core.h(881,1): warning C4005: '_MSVC_STL_UPDATE': macro redefinition [C:\hrai\HoverRaceAI\NetTarget\VideoServices\VideoServices.vcxproj]
  (compiling source file 'GraphicsTest.cpp')
  C:\Program Files\Microsoft Visual Studio\2022\Community\SDK\ScopeCppSDK\vc15\VC\include\yvals.h(157,1):
  see previous definition of '_MSVC_STL_UPDATE'
  
C:\Program Files\Microsoft Visual Studio\2022\Community\VC\Tools\MSVC\14.39.33519\include\yvals_core.h(1000,1): warning C4005: '_DEPRECATE_TR1_NAMESPACE': macro redefinition [C:\hrai\HoverRaceAI\NetTarget\VideoServices\VideoServices.vcxproj]
  (compiling source file 'GraphicsTest.cpp')
  C:\Program Files\Microsoft Visual Studio\2022\Community\SDK\ScopeCppSDK\vc15\VC\include\yvals.h(247,1):
  see previous definition of '_DEPRECATE_TR1_NAMESPACE'
  
C:\Program Files\Microsoft Visual Studio\2022\Community\VC\Tools\MSVC\14.39.33519\include\yvals_core.h(1014,1): warning C4005: '_MISMATCHED_ALLOCATOR_MESSAGE': macro redefinition [C:\hrai\HoverRaceAI\NetTarget\VideoServices\VideoServices.vcxproj]
  (compiling source file 'GraphicsTest.cpp')
  C:\Program Files\Microsoft Visual Studio\2022\Community\SDK\ScopeCppSDK\vc15\VC\include\yvals.h(303,1):
  see previous definition of '_MISMATCHED_ALLOCATOR_MESSAGE'
  
  Generating Code...
     Creating library C:\hrai\HoverRaceAI\NetTarget\VideoServices\..\..\Release\VideoServices.lib and object C:\hrai\HoverRaceAI\NetTarget\VideoServices\..\..\Release\VideoServices.exp
  VideoServices.vcxproj -> C:\hrai\HoverRaceAI\Release\VideoServices.dll
  ConcreteShape.cpp
  _WIN32_WINNT not defined. Defaulting to _WIN32_WINNT_MAXVER (see WinSDKVer.h)
C:\Program Files\Microsoft Visual Studio\2022\Community\VC\Tools\MSVC\14.39.33519\include\yvals_core.h(880,1): warning C4005: '_MSVC_STL_VERSION': macro redefinition [C:\hrai\HoverRaceAI\NetTarget\Model\Model.vcxproj]
  (compiling source file 'ConcreteShape.cpp')
  C:\Program Files\Microsoft Visual Studio\2022\Community\SDK\ScopeCppSDK\vc15\VC\include\yvals.h(156,1):
  see previous definition of '_MSVC_STL_VERSION'
  
C:\Program Files\Microsoft Visual Studio\2022\Community\VC\Tools\MSVC\14.39.33519\include\yvals_core.h(881,1): warning C4005: '_MSVC_STL_UPDATE': macro redefinition [C:\hrai\HoverRaceAI\NetTarget\Model\Model.vcxproj]
  (compiling source file 'ConcreteShape.cpp')
  C:\Program Files\Microsoft Visual Studio\2022\Community\SDK\ScopeCppSDK\vc15\VC\include\yvals.h(157,1):
  see previous definition of '_MSVC_STL_UPDATE'
  
C:\Program Files\Microsoft Visual Studio\2022\Community\VC\Tools\MSVC\14.39.33519\include\yvals_core.h(1000,1): warning C4005: '_DEPRECATE_TR1_NAMESPACE': macro redefinition [C:\hrai\HoverRaceAI\NetTarget\Model\Model.vcxproj]
  (compiling source file 'ConcreteShape.cpp')
  C:\Program Files\Microsoft Visual Studio\2022\Community\SDK\ScopeCppSDK\vc15\VC\include\yvals.h(247,1):
  see previous definition of '_DEPRECATE_TR1_NAMESPACE'
  
C:\Program Files\Microsoft Visual Studio\2022\Community\VC\Tools\MSVC\14.39.33519\include\yvals_core.h(1014,1): warning C4005: '_MISMATCHED_ALLOCATOR_MESSAGE': macro redefinition [C:\hrai\HoverRaceAI\NetTarget\Model\Model.vcxproj]
  (compiling source file 'ConcreteShape.cpp')
  C:\Program Files\Microsoft Visual Studio\2022\Community\SDK\ScopeCppSDK\vc15\VC\include\yvals.h(303,1):
  see previous definition of '_MISMATCHED_ALLOCATOR_MESSAGE'
  
  ContactEffect.cpp
  _WIN32_WINNT not defined. Defaulting to _WIN32_WINNT_MAXVER (see WinSDKVer.h)
C:\Program Files\Microsoft Visual Studio\2022\Community\VC\Tools\MSVC\14.39.33519\include\yvals_core.h(880,1): warning C4005: '_MSVC_STL_VERSION': macro redefinition [C:\hrai\HoverRaceAI\NetTarget\Model\Model.vcxproj]
  (compiling source file 'ContactEffect.cpp')
  C:\Program Files\Microsoft Visual Studio\2022\Community\SDK\ScopeCppSDK\vc15\VC\include\yvals.h(156,1):
  see previous definition of '_MSVC_STL_VERSION'
  
C:\Program Files\Microsoft Visual Studio\2022\Community\VC\Tools\MSVC\14.39.33519\include\yvals_core.h(881,1): warning C4005: '_MSVC_STL_UPDATE': macro redefinition [C:\hrai\HoverRaceAI\NetTarget\Model\Model.vcxproj]
  (compiling source file 'ContactEffect.cpp')
  C:\Program Files\Microsoft Visual Studio\2022\Community\SDK\ScopeCppSDK\vc15\VC\include\yvals.h(157,1):
  see previous definition of '_MSVC_STL_UPDATE'
  
C:\Program Files\Microsoft Visual Studio\2022\Community\VC\Tools\MSVC\14.39.33519\include\yvals_core.h(1000,1): warning C4005: '_DEPRECATE_TR1_NAMESPACE': macro redefinition [C:\hrai\HoverRaceAI\NetTarget\Model\Model.vcxproj]
  (compiling source file 'ContactEffect.cpp')
  C:\Program Files\Microsoft Visual Studio\2022\Community\SDK\ScopeCppSDK\vc15\VC\include\yvals.h(247,1):
  see previous definition of '_DEPRECATE_TR1_NAMESPACE'
  
C:\Program Files\Microsoft Visual Studio\2022\Community\VC\Tools\MSVC\14.39.33519\include\yvals_core.h(1014,1): warning C4005: '_MISMATCHED_ALLOCATOR_MESSAGE': macro redefinition [C:\hrai\HoverRaceAI\NetTarget\Model\Model.vcxproj]
  (compiling source file 'ContactEffect.cpp')
  C:\Program Files\Microsoft Visual Studio\2022\Community\SDK\ScopeCppSDK\vc15\VC\include\yvals.h(303,1):
  see previous definition of '_MISMATCHED_ALLOCATOR_MESSAGE'
  
  FreeElementMovingHelper.cpp
  _WIN32_WINNT not defined. Defaulting to _WIN32_WINNT_MAXVER (see WinSDKVer.h)
C:\Program Files\Microsoft Visual Studio\2022\Community\VC\Tools\MSVC\14.39.33519\include\yvals_core.h(880,1): warning C4005: '_MSVC_STL_VERSION': macro redefinition [C:\hrai\HoverRaceAI\NetTarget\Model\Model.vcxproj]
  (compiling source file 'FreeElementMovingHelper.cpp')
  C:\Program Files\Microsoft Visual Studio\2022\Community\SDK\ScopeCppSDK\vc15\VC\include\yvals.h(156,1):
  see previous definition of '_MSVC_STL_VERSION'
  
C:\Program Files\Microsoft Visual Studio\2022\Community\VC\Tools\MSVC\14.39.33519\include\yvals_core.h(881,1): warning C4005: '_MSVC_STL_UPDATE': macro redefinition [C:\hrai\HoverRaceAI\NetTarget\Model\Model.vcxproj]
  (compiling source file 'FreeElementMovingHelper.cpp')
  C:\Program Files\Microsoft Visual Studio\2022\Community\SDK\ScopeCppSDK\vc15\VC\include\yvals.h(157,1):
  see previous definition of '_MSVC_STL_UPDATE'
  
C:\Program Files\Microsoft Visual Studio\2022\Community\VC\Tools\MSVC\14.39.33519\include\yvals_core.h(1000,1): warning C4005: '_DEPRECATE_TR1_NAMESPACE': macro redefinition [C:\hrai\HoverRaceAI\NetTarget\Model\Model.vcxproj]
  (compiling source file 'FreeElementMovingHelper.cpp')
  C:\Program Files\Microsoft Visual Studio\2022\Community\SDK\ScopeCppSDK\vc15\VC\include\yvals.h(247,1):
  see previous definition of '_DEPRECATE_TR1_NAMESPACE'
  
C:\Program Files\Microsoft Visual Studio\2022\Community\VC\Tools\MSVC\14.39.33519\include\yvals_core.h(1014,1): warning C4005: '_MISMATCHED_ALLOCATOR_MESSAGE': macro redefinition [C:\hrai\HoverRaceAI\NetTarget\Model\Model.vcxproj]
  (compiling source file 'FreeElementMovingHelper.cpp')
  C:\Program Files\Microsoft Visual Studio\2022\Community\SDK\ScopeCppSDK\vc15\VC\include\yvals.h(303,1):
  see previous definition of '_MISMATCHED_ALLOCATOR_MESSAGE'
  
  GameSession.cpp
  _WIN32_WINNT not defined. Defaulting to _WIN32_WINNT_MAXVER (see WinSDKVer.h)
C:\Program Files\Microsoft Visual Studio\2022\Community\VC\Tools\MSVC\14.39.33519\include\yvals_core.h(880,1): warning C4005: '_MSVC_STL_VERSION': macro redefinition [C:\hrai\HoverRaceAI\NetTarget\Model\Model.vcxproj]
  (compiling source file 'GameSession.cpp')
  C:\Program Files\Microsoft Visual Studio\2022\Community\SDK\ScopeCppSDK\vc15\VC\include\yvals.h(156,1):
  see previous definition of '_MSVC_STL_VERSION'
  
C:\Program Files\Microsoft Visual Studio\2022\Community\VC\Tools\MSVC\14.39.33519\include\yvals_core.h(881,1): warning C4005: '_MSVC_STL_UPDATE': macro redefinition [C:\hrai\HoverRaceAI\NetTarget\Model\Model.vcxproj]
  (compiling source file 'GameSession.cpp')
  C:\Program Files\Microsoft Visual Studio\2022\Community\SDK\ScopeCppSDK\vc15\VC\include\yvals.h(157,1):
  see previous definition of '_MSVC_STL_UPDATE'
  
C:\Program Files\Microsoft Visual Studio\2022\Community\VC\Tools\MSVC\14.39.33519\include\yvals_core.h(1000,1): warning C4005: '_DEPRECATE_TR1_NAMESPACE': macro redefinition [C:\hrai\HoverRaceAI\NetTarget\Model\Model.vcxproj]
  (compiling source file 'GameSession.cpp')
  C:\Program Files\Microsoft Visual Studio\2022\Community\SDK\ScopeCppSDK\vc15\VC\include\yvals.h(247,1):
  see previous definition of '_DEPRECATE_TR1_NAMESPACE'
  
C:\Program Files\Microsoft Visual Studio\2022\Community\VC\Tools\MSVC\14.39.33519\include\yvals_core.h(1014,1): warning C4005: '_MISMATCHED_ALLOCATOR_MESSAGE': macro redefinition [C:\hrai\HoverRaceAI\NetTarget\Model\Model.vcxproj]
  (compiling source file 'GameSession.cpp')
  C:\Program Files\Microsoft Visual Studio\2022\Community\SDK\ScopeCppSDK\vc15\VC\include\yvals.h(303,1):
  see previous definition of '_MISMATCHED_ALLOCATOR_MESSAGE'
  
C:\hrai\HoverRaceAI\NetTarget\Model\GameSession.cpp(53,20): warning C4996: 'fopen': This function or variable may be unsafe. Consider using fopen_s instead. To disable deprecation, use _CRT_SECURE_NO_WARNINGS. See online help for details. [C:\hrai\HoverRaceAI\NetTarget\Model\Model.vcxproj]
C:\hrai\HoverRaceAI\NetTarget\Model\GameSession.cpp(180,20): warning C4996: 'fopen': This function or variable may be unsafe. Consider using fopen_s instead. To disable deprecation, use _CRT_SECURE_NO_WARNINGS. See online help for details. [C:\hrai\HoverRaceAI\NetTarget\Model\Model.vcxproj]
C:\hrai\HoverRaceAI\NetTarget\Model\GameSession.cpp(230,31): warning C4101: 'e': unreferenced local variable [C:\hrai\HoverRaceAI\NetTarget\Model\Model.vcxproj]
C:\hrai\HoverRaceAI\NetTarget\Model\GameSession.cpp(235,32): warning C4101: 'e': unreferenced local variable [C:\hrai\HoverRaceAI\NetTarget\Model\Model.vcxproj]
C:\hrai\HoverRaceAI\NetTarget\Model\GameSession.cpp(240,29): warning C4101: 'e': unreferenced local variable [C:\hrai\HoverRaceAI\NetTarget\Model\Model.vcxproj]
C:\hrai\HoverRaceAI\NetTarget\Model\GameSession.cpp(245,25): warning C4101: 'e': unreferenced local variable [C:\hrai\HoverRaceAI\NetTarget\Model\Model.vcxproj]
C:\hrai\HoverRaceAI\NetTarget\Model\GameSession.cpp(600,32): warning C4456: declaration of 'lSpec' hides previous local declaration [C:\hrai\HoverRaceAI\NetTarget\Model\Model.vcxproj]
  C:\hrai\HoverRaceAI\NetTarget\Model\GameSession.cpp(483,19):
  see declaration of 'lSpec'
  
  Level.cpp
  _WIN32_WINNT not defined. Defaulting to _WIN32_WINNT_MAXVER (see WinSDKVer.h)
C:\Program Files\Microsoft Visual Studio\2022\Community\VC\Tools\MSVC\14.39.33519\include\yvals_core.h(880,1): warning C4005: '_MSVC_STL_VERSION': macro redefinition [C:\hrai\HoverRaceAI\NetTarget\Model\Model.vcxproj]
  (compiling source file 'Level.cpp')
  C:\Program Files\Microsoft Visual Studio\2022\Community\SDK\ScopeCppSDK\vc15\VC\include\yvals.h(156,1):
  see previous definition of '_MSVC_STL_VERSION'
  
C:\Program Files\Microsoft Visual Studio\2022\Community\VC\Tools\MSVC\14.39.33519\include\yvals_core.h(881,1): warning C4005: '_MSVC_STL_UPDATE': macro redefinition [C:\hrai\HoverRaceAI\NetTarget\Model\Model.vcxproj]
  (compiling source file 'Level.cpp')
  C:\Program Files\Microsoft Visual Studio\2022\Community\SDK\ScopeCppSDK\vc15\VC\include\yvals.h(157,1):
  see previous definition of '_MSVC_STL_UPDATE'
  
C:\Program Files\Microsoft Visual Studio\2022\Community\VC\Tools\MSVC\14.39.33519\include\yvals_core.h(1000,1): warning C4005: '_DEPRECATE_TR1_NAMESPACE': macro redefinition [C:\hrai\HoverRaceAI\NetTarget\Model\Model.vcxproj]
  (compiling source file 'Level.cpp')
  C:\Program Files\Microsoft Visual Studio\2022\Community\SDK\ScopeCppSDK\vc15\VC\include\yvals.h(247,1):
  see previous definition of '_DEPRECATE_TR1_NAMESPACE'
  
C:\Program Files\Microsoft Visual Studio\2022\Community\VC\Tools\MSVC\14.39.33519\include\yvals_core.h(1014,1): warning C4005: '_MISMATCHED_ALLOCATOR_MESSAGE': macro redefinition [C:\hrai\HoverRaceAI\NetTarget\Model\Model.vcxproj]
  (compiling source file 'Level.cpp')
  C:\Program Files\Microsoft Visual Studio\2022\Community\SDK\ScopeCppSDK\vc15\VC\include\yvals.h(303,1):
  see previous definition of '_MISMATCHED_ALLOCATOR_MESSAGE'
  
C:\hrai\HoverRaceAI\NetTarget\Model\Level.cpp(468,20): warning C4996: 'fopen': This function or variable may be unsafe. Consider using fopen_s instead. To disable deprecation, use _CRT_SECURE_NO_WARNINGS. See online help for details. [C:\hrai\HoverRaceAI\NetTarget\Model\Model.vcxproj]
C:\hrai\HoverRaceAI\NetTarget\Model\Level.cpp(566,47): warning C4238: nonstandard extension used: class rvalue used as lvalue [C:\hrai\HoverRaceAI\NetTarget\Model\Model.vcxproj]
C:\hrai\HoverRaceAI\NetTarget\Model\Level.cpp(574,58): warning C4238: nonstandard extension used: class rvalue used as lvalue [C:\hrai\HoverRaceAI\NetTarget\Model\Model.vcxproj]
C:\hrai\HoverRaceAI\NetTarget\Model\Level.cpp(585,57): warning C4238: nonstandard extension used: class rvalue used as lvalue [C:\hrai\HoverRaceAI\NetTarget\Model\Model.vcxproj]
C:\hrai\HoverRaceAI\NetTarget\Model\Level.cpp(592,61): warning C4238: nonstandard extension used: class rvalue used as lvalue [C:\hrai\HoverRaceAI\NetTarget\Model\Model.vcxproj]
  MazeElement.cpp
  _WIN32_WINNT not defined. Defaulting to _WIN32_WINNT_MAXVER (see WinSDKVer.h)
C:\Program Files\Microsoft Visual Studio\2022\Community\VC\Tools\MSVC\14.39.33519\include\yvals_core.h(880,1): warning C4005: '_MSVC_STL_VERSION': macro redefinition [C:\hrai\HoverRaceAI\NetTarget\Model\Model.vcxproj]
  (compiling source file 'MazeElement.cpp')
  C:\Program Files\Microsoft Visual Studio\2022\Community\SDK\ScopeCppSDK\vc15\VC\include\yvals.h(156,1):
  see previous definition of '_MSVC_STL_VERSION'
  
C:\Program Files\Microsoft Visual Studio\2022\Community\VC\Tools\MSVC\14.39.33519\include\yvals_core.h(881,1): warning C4005: '_MSVC_STL_UPDATE': macro redefinition [C:\hrai\HoverRaceAI\NetTarget\Model\Model.vcxproj]
  (compiling source file 'MazeElement.cpp')
  C:\Program Files\Microsoft Visual Studio\2022\Community\SDK\ScopeCppSDK\vc15\VC\include\yvals.h(157,1):
  see previous definition of '_MSVC_STL_UPDATE'
  
C:\Program Files\Microsoft Visual Studio\2022\Community\VC\Tools\MSVC\14.39.33519\include\yvals_core.h(1000,1): warning C4005: '_DEPRECATE_TR1_NAMESPACE': macro redefinition [C:\hrai\HoverRaceAI\NetTarget\Model\Model.vcxproj]
  (compiling source file 'MazeElement.cpp')
  C:\Program Files\Microsoft Visual Studio\2022\Community\SDK\ScopeCppSDK\vc15\VC\include\yvals.h(247,1):
  see previous definition of '_DEPRECATE_TR1_NAMESPACE'
  
C:\Program Files\Microsoft Visual Studio\2022\Community\VC\Tools\MSVC\14.39.33519\include\yvals_core.h(1014,1): warning C4005: '_MISMATCHED_ALLOCATOR_MESSAGE': macro redefinition [C:\hrai\HoverRaceAI\NetTarget\Model\Model.vcxproj]
  (compiling source file 'MazeElement.cpp')
  C:\Program Files\Microsoft Visual Studio\2022\Community\SDK\ScopeCppSDK\vc15\VC\include\yvals.h(303,1):
  see previous definition of '_MISMATCHED_ALLOCATOR_MESSAGE'
  
C:\hrai\HoverRaceAI\NetTarget\Model\MazeElement.cpp(141,39): warning C4100: 'pDataLen': unreferenced formal parameter [C:\hrai\HoverRaceAI\NetTarget\Model\Model.vcxproj]
  PhysicalCollision.cpp
  _WIN32_WINNT not defined. Defaulting to _WIN32_WINNT_MAXVER (see WinSDKVer.h)
C:\Program Files\Microsoft Visual Studio\2022\Community\VC\Tools\MSVC\14.39.33519\include\yvals_core.h(880,1): warning C4005: '_MSVC_STL_VERSION': macro redefinition [C:\hrai\HoverRaceAI\NetTarget\Model\Model.vcxproj]
  (compiling source file 'PhysicalCollision.cpp')
  C:\Program Files\Microsoft Visual Studio\2022\Community\SDK\ScopeCppSDK\vc15\VC\include\yvals.h(156,1):
  see previous definition of '_MSVC_STL_VERSION'
  
C:\Program Files\Microsoft Visual Studio\2022\Community\VC\Tools\MSVC\14.39.33519\include\yvals_core.h(881,1): warning C4005: '_MSVC_STL_UPDATE': macro redefinition [C:\hrai\HoverRaceAI\NetTarget\Model\Model.vcxproj]
  (compiling source file 'PhysicalCollision.cpp')
  C:\Program Files\Microsoft Visual Studio\2022\Community\SDK\ScopeCppSDK\vc15\VC\include\yvals.h(157,1):
  see previous definition of '_MSVC_STL_UPDATE'
  
C:\Program Files\Microsoft Visual Studio\2022\Community\VC\Tools\MSVC\14.39.33519\include\yvals_core.h(1000,1): warning C4005: '_DEPRECATE_TR1_NAMESPACE': macro redefinition [C:\hrai\HoverRaceAI\NetTarget\Model\Model.vcxproj]
  (compiling source file 'PhysicalCollision.cpp')
  C:\Program Files\Microsoft Visual Studio\2022\Community\SDK\ScopeCppSDK\vc15\VC\include\yvals.h(247,1):
  see previous definition of '_DEPRECATE_TR1_NAMESPACE'
  
C:\Program Files\Microsoft Visual Studio\2022\Community\VC\Tools\MSVC\14.39.33519\include\yvals_core.h(1014,1): warning C4005: '_MISMATCHED_ALLOCATOR_MESSAGE': macro redefinition [C:\hrai\HoverRaceAI\NetTarget\Model\Model.vcxproj]
  (compiling source file 'PhysicalCollision.cpp')
  C:\Program Files\Microsoft Visual Studio\2022\Community\SDK\ScopeCppSDK\vc15\VC\include\yvals.h(303,1):
  see previous definition of '_MISMATCHED_ALLOCATOR_MESSAGE'
  
  ShapeCollisions.cpp
  _WIN32_WINNT not defined. Defaulting to _WIN32_WINNT_MAXVER (see WinSDKVer.h)
C:\Program Files\Microsoft Visual Studio\2022\Community\VC\Tools\MSVC\14.39.33519\include\yvals_core.h(880,1): warning C4005: '_MSVC_STL_VERSION': macro redefinition [C:\hrai\HoverRaceAI\NetTarget\Model\Model.vcxproj]
  (compiling source file 'ShapeCollisions.cpp')
  C:\Program Files\Microsoft Visual Studio\2022\Community\SDK\ScopeCppSDK\vc15\VC\include\yvals.h(156,1):
  see previous definition of '_MSVC_STL_VERSION'
  
C:\Program Files\Microsoft Visual Studio\2022\Community\VC\Tools\MSVC\14.39.33519\include\yvals_core.h(881,1): warning C4005: '_MSVC_STL_UPDATE': macro redefinition [C:\hrai\HoverRaceAI\NetTarget\Model\Model.vcxproj]
  (compiling source file 'ShapeCollisions.cpp')
  C:\Program Files\Microsoft Visual Studio\2022\Community\SDK\ScopeCppSDK\vc15\VC\include\yvals.h(157,1):
  see previous definition of '_MSVC_STL_UPDATE'
  
C:\Program Files\Microsoft Visual Studio\2022\Community\VC\Tools\MSVC\14.39.33519\include\yvals_core.h(1000,1): warning C4005: '_DEPRECATE_TR1_NAMESPACE': macro redefinition [C:\hrai\HoverRaceAI\NetTarget\Model\Model.vcxproj]
  (compiling source file 'ShapeCollisions.cpp')
  C:\Program Files\Microsoft Visual Studio\2022\Community\SDK\ScopeCppSDK\vc15\VC\include\yvals.h(247,1):
  see previous definition of '_DEPRECATE_TR1_NAMESPACE'
  
C:\Program Files\Microsoft Visual Studio\2022\Community\VC\Tools\MSVC\14.39.33519\include\yvals_core.h(1014,1): warning C4005: '_MISMATCHED_ALLOCATOR_MESSAGE': macro redefinition [C:\hrai\HoverRaceAI\NetTarget\Model\Model.vcxproj]
  (compiling source file 'ShapeCollisions.cpp')
  C:\Program Files\Microsoft Visual Studio\2022\Community\SDK\ScopeCppSDK\vc15\VC\include\yvals.h(303,1):
  see previous definition of '_MISMATCHED_ALLOCATOR_MESSAGE'
  
  Shapes.cpp
  _WIN32_WINNT not defined. Defaulting to _WIN32_WINNT_MAXVER (see WinSDKVer.h)
C:\Program Files\Microsoft Visual Studio\2022\Community\VC\Tools\MSVC\14.39.33519\include\yvals_core.h(880,1): warning C4005: '_MSVC_STL_VERSION': macro redefinition [C:\hrai\HoverRaceAI\NetTarget\Model\Model.vcxproj]
  (compiling source file 'Shapes.cpp')
  C:\Program Files\Microsoft Visual Studio\2022\Community\SDK\ScopeCppSDK\vc15\VC\include\yvals.h(156,1):
  see previous definition of '_MSVC_STL_VERSION'
  
C:\Program Files\Microsoft Visual Studio\2022\Community\VC\Tools\MSVC\14.39.33519\include\yvals_core.h(881,1): warning C4005: '_MSVC_STL_UPDATE': macro redefinition [C:\hrai\HoverRaceAI\NetTarget\Model\Model.vcxproj]
  (compiling source file 'Shapes.cpp')
  C:\Program Files\Microsoft Visual Studio\2022\Community\SDK\ScopeCppSDK\vc15\VC\include\yvals.h(157,1):
  see previous definition of '_MSVC_STL_UPDATE'
  
C:\Program Files\Microsoft Visual Studio\2022\Community\VC\Tools\MSVC\14.39.33519\include\yvals_core.h(1000,1): warning C4005: '_DEPRECATE_TR1_NAMESPACE': macro redefinition [C:\hrai\HoverRaceAI\NetTarget\Model\Model.vcxproj]
  (compiling source file 'Shapes.cpp')
  C:\Program Files\Microsoft Visual Studio\2022\Community\SDK\ScopeCppSDK\vc15\VC\include\yvals.h(247,1):
  see previous definition of '_DEPRECATE_TR1_NAMESPACE'
  
C:\Program Files\Microsoft Visual Studio\2022\Community\VC\Tools\MSVC\14.39.33519\include\yvals_core.h(1014,1): warning C4005: '_MISMATCHED_ALLOCATOR_MESSAGE': macro redefinition [C:\hrai\HoverRaceAI\NetTarget\Model\Model.vcxproj]
  (compiling source file 'Shapes.cpp')
  C:\Program Files\Microsoft Visual Studio\2022\Community\SDK\ScopeCppSDK\vc15\VC\include\yvals.h(303,1):
  see previous definition of '_MISMATCHED_ALLOCATOR_MESSAGE'
  
  StdAfx.cpp
  _WIN32_WINNT not defined. Defaulting to _WIN32_WINNT_MAXVER (see WinSDKVer.h)
C:\Program Files\Microsoft Visual Studio\2022\Community\VC\Tools\MSVC\14.39.33519\include\yvals_core.h(880,1): warning C4005: '_MSVC_STL_VERSION': macro redefinition [C:\hrai\HoverRaceAI\NetTarget\Model\Model.vcxproj]
  (compiling source file 'StdAfx.cpp')
  C:\Program Files\Microsoft Visual Studio\2022\Community\SDK\ScopeCppSDK\vc15\VC\include\yvals.h(156,1):
  see previous definition of '_MSVC_STL_VERSION'
  
C:\Program Files\Microsoft Visual Studio\2022\Community\VC\Tools\MSVC\14.39.33519\include\yvals_core.h(881,1): warning C4005: '_MSVC_STL_UPDATE': macro redefinition [C:\hrai\HoverRaceAI\NetTarget\Model\Model.vcxproj]
  (compiling source file 'StdAfx.cpp')
  C:\Program Files\Microsoft Visual Studio\2022\Community\SDK\ScopeCppSDK\vc15\VC\include\yvals.h(157,1):
  see previous definition of '_MSVC_STL_UPDATE'
  
C:\Program Files\Microsoft Visual Studio\2022\Community\VC\Tools\MSVC\14.39.33519\include\yvals_core.h(1000,1): warning C4005: '_DEPRECATE_TR1_NAMESPACE': macro redefinition [C:\hrai\HoverRaceAI\NetTarget\Model\Model.vcxproj]
  (compiling source file 'StdAfx.cpp')
  C:\Program Files\Microsoft Visual Studio\2022\Community\SDK\ScopeCppSDK\vc15\VC\include\yvals.h(247,1):
  see previous definition of '_DEPRECATE_TR1_NAMESPACE'
  
C:\Program Files\Microsoft Visual Studio\2022\Community\VC\Tools\MSVC\14.39.33519\include\yvals_core.h(1014,1): warning C4005: '_MISMATCHED_ALLOCATOR_MESSAGE': macro redefinition [C:\hrai\HoverRaceAI\NetTarget\Model\Model.vcxproj]
  (compiling source file 'StdAfx.cpp')
  C:\Program Files\Microsoft Visual Studio\2022\Community\SDK\ScopeCppSDK\vc15\VC\include\yvals.h(303,1):
  see previous definition of '_MISMATCHED_ALLOCATOR_MESSAGE'
  
  Generating Code...
C:\hrai\HoverRaceAI\NetTarget\Model\ShapeCollisions.cpp(198,1): warning C4700: uninitialized local variable 'lReturnValue' used [C:\hrai\HoverRaceAI\NetTarget\Model\Model.vcxproj]
     Creating library C:\hrai\HoverRaceAI\NetTarget\Model\..\..\Release\Model.lib and object C:\hrai\HoverRaceAI\NetTarget\Model\..\..\Release\Model.exp
  Model.vcxproj -> C:\hrai\HoverRaceAI\Release\Model.dll
  BitmapSurface.cpp
  _WIN32_WINNT not defined. Defaulting to _WIN32_WINNT_MAXVER (see WinSDKVer.h)
C:\Program Files\Microsoft Visual Studio\2022\Community\VC\Tools\MSVC\14.39.33519\include\yvals_core.h(880,1): warning C4005: '_MSVC_STL_VERSION': macro redefinition [C:\hrai\HoverRaceAI\NetTarget\ObjFacTools\ObjFacTools.vcxproj]
  (compiling source file 'BitmapSurface.cpp')
  C:\Program Files\Microsoft Visual Studio\2022\Community\SDK\ScopeCppSDK\vc15\VC\include\yvals.h(156,1):
  see previous definition of '_MSVC_STL_VERSION'
  
C:\Program Files\Microsoft Visual Studio\2022\Community\VC\Tools\MSVC\14.39.33519\include\yvals_core.h(881,1): warning C4005: '_MSVC_STL_UPDATE': macro redefinition [C:\hrai\HoverRaceAI\NetTarget\ObjFacTools\ObjFacTools.vcxproj]
  (compiling source file 'BitmapSurface.cpp')
  C:\Program Files\Microsoft Visual Studio\2022\Community\SDK\ScopeCppSDK\vc15\VC\include\yvals.h(157,1):
  see previous definition of '_MSVC_STL_UPDATE'
  
C:\Program Files\Microsoft Visual Studio\2022\Community\VC\Tools\MSVC\14.39.33519\include\yvals_core.h(1000,1): warning C4005: '_DEPRECATE_TR1_NAMESPACE': macro redefinition [C:\hrai\HoverRaceAI\NetTarget\ObjFacTools\ObjFacTools.vcxproj]
  (compiling source file 'BitmapSurface.cpp')
  C:\Program Files\Microsoft Visual Studio\2022\Community\SDK\ScopeCppSDK\vc15\VC\include\yvals.h(247,1):
  see previous definition of '_DEPRECATE_TR1_NAMESPACE'
  
C:\Program Files\Microsoft Visual Studio\2022\Community\VC\Tools\MSVC\14.39.33519\include\yvals_core.h(1014,1): warning C4005: '_MISMATCHED_ALLOCATOR_MESSAGE': macro redefinition [C:\hrai\HoverRaceAI\NetTarget\ObjFacTools\ObjFacTools.vcxproj]
  (compiling source file 'BitmapSurface.cpp')
  C:\Program Files\Microsoft Visual Studio\2022\Community\SDK\ScopeCppSDK\vc15\VC\include\yvals.h(303,1):
  see previous definition of '_MISMATCHED_ALLOCATOR_MESSAGE'
  
  FreeElementBase.cpp
  _WIN32_WINNT not defined. Defaulting to _WIN32_WINNT_MAXVER (see WinSDKVer.h)
C:\Program Files\Microsoft Visual Studio\2022\Community\VC\Tools\MSVC\14.39.33519\include\yvals_core.h(880,1): warning C4005: '_MSVC_STL_VERSION': macro redefinition [C:\hrai\HoverRaceAI\NetTarget\ObjFacTools\ObjFacTools.vcxproj]
  (compiling source file 'FreeElementBase.cpp')
  C:\Program Files\Microsoft Visual Studio\2022\Community\SDK\ScopeCppSDK\vc15\VC\include\yvals.h(156,1):
  see previous definition of '_MSVC_STL_VERSION'
  
C:\Program Files\Microsoft Visual Studio\2022\Community\VC\Tools\MSVC\14.39.33519\include\yvals_core.h(881,1): warning C4005: '_MSVC_STL_UPDATE': macro redefinition [C:\hrai\HoverRaceAI\NetTarget\ObjFacTools\ObjFacTools.vcxproj]
  (compiling source file 'FreeElementBase.cpp')
  C:\Program Files\Microsoft Visual Studio\2022\Community\SDK\ScopeCppSDK\vc15\VC\include\yvals.h(157,1):
  see previous definition of '_MSVC_STL_UPDATE'
  
C:\Program Files\Microsoft Visual Studio\2022\Community\VC\Tools\MSVC\14.39.33519\include\yvals_core.h(1000,1): warning C4005: '_DEPRECATE_TR1_NAMESPACE': macro redefinition [C:\hrai\HoverRaceAI\NetTarget\ObjFacTools\ObjFacTools.vcxproj]
  (compiling source file 'FreeElementBase.cpp')
  C:\Program Files\Microsoft Visual Studio\2022\Community\SDK\ScopeCppSDK\vc15\VC\include\yvals.h(247,1):
  see previous definition of '_DEPRECATE_TR1_NAMESPACE'
  
C:\Program Files\Microsoft Visual Studio\2022\Community\VC\Tools\MSVC\14.39.33519\include\yvals_core.h(1014,1): warning C4005: '_MISMATCHED_ALLOCATOR_MESSAGE': macro redefinition [C:\hrai\HoverRaceAI\NetTarget\ObjFacTools\ObjFacTools.vcxproj]
  (compiling source file 'FreeElementBase.cpp')
  C:\Program Files\Microsoft Visual Studio\2022\Community\SDK\ScopeCppSDK\vc15\VC\include\yvals.h(303,1):
  see previous definition of '_MISMATCHED_ALLOCATOR_MESSAGE'
  
  FreeElementBaseRenderer.cpp
  _WIN32_WINNT not defined. Defaulting to _WIN32_WINNT_MAXVER (see WinSDKVer.h)
C:\Program Files\Microsoft Visual Studio\2022\Community\VC\Tools\MSVC\14.39.33519\include\yvals_core.h(880,1): warning C4005: '_MSVC_STL_VERSION': macro redefinition [C:\hrai\HoverRaceAI\NetTarget\ObjFacTools\ObjFacTools.vcxproj]
  (compiling source file 'FreeElementBaseRenderer.cpp')
  C:\Program Files\Microsoft Visual Studio\2022\Community\SDK\ScopeCppSDK\vc15\VC\include\yvals.h(156,1):
  see previous definition of '_MSVC_STL_VERSION'
  
C:\Program Files\Microsoft Visual Studio\2022\Community\VC\Tools\MSVC\14.39.33519\include\yvals_core.h(881,1): warning C4005: '_MSVC_STL_UPDATE': macro redefinition [C:\hrai\HoverRaceAI\NetTarget\ObjFacTools\ObjFacTools.vcxproj]
  (compiling source file 'FreeElementBaseRenderer.cpp')
  C:\Program Files\Microsoft Visual Studio\2022\Community\SDK\ScopeCppSDK\vc15\VC\include\yvals.h(157,1):
  see previous definition of '_MSVC_STL_UPDATE'
  
C:\Program Files\Microsoft Visual Studio\2022\Community\VC\Tools\MSVC\14.39.33519\include\yvals_core.h(1000,1): warning C4005: '_DEPRECATE_TR1_NAMESPACE': macro redefinition [C:\hrai\HoverRaceAI\NetTarget\ObjFacTools\ObjFacTools.vcxproj]
  (compiling source file 'FreeElementBaseRenderer.cpp')
  C:\Program Files\Microsoft Visual Studio\2022\Community\SDK\ScopeCppSDK\vc15\VC\include\yvals.h(247,1):
  see previous definition of '_DEPRECATE_TR1_NAMESPACE'
  
C:\Program Files\Microsoft Visual Studio\2022\Community\VC\Tools\MSVC\14.39.33519\include\yvals_core.h(1014,1): warning C4005: '_MISMATCHED_ALLOCATOR_MESSAGE': macro redefinition [C:\hrai\HoverRaceAI\NetTarget\ObjFacTools\ObjFacTools.vcxproj]
  (compiling source file 'FreeElementBaseRenderer.cpp')
  C:\Program Files\Microsoft Visual Studio\2022\Community\SDK\ScopeCppSDK\vc15\VC\include\yvals.h(303,1):
  see previous definition of '_MISMATCHED_ALLOCATOR_MESSAGE'
  
  ObjectFactoryData.cpp
  _WIN32_WINNT not defined. Defaulting to _WIN32_WINNT_MAXVER (see WinSDKVer.h)
C:\Program Files\Microsoft Visual Studio\2022\Community\VC\Tools\MSVC\14.39.33519\include\yvals_core.h(880,1): warning C4005: '_MSVC_STL_VERSION': macro redefinition [C:\hrai\HoverRaceAI\NetTarget\ObjFacTools\ObjFacTools.vcxproj]
  (compiling source file 'ObjectFactoryData.cpp')
  C:\Program Files\Microsoft Visual Studio\2022\Community\SDK\ScopeCppSDK\vc15\VC\include\yvals.h(156,1):
  see previous definition of '_MSVC_STL_VERSION'
  
C:\Program Files\Microsoft Visual Studio\2022\Community\VC\Tools\MSVC\14.39.33519\include\yvals_core.h(881,1): warning C4005: '_MSVC_STL_UPDATE': macro redefinition [C:\hrai\HoverRaceAI\NetTarget\ObjFacTools\ObjFacTools.vcxproj]
  (compiling source file 'ObjectFactoryData.cpp')
  C:\Program Files\Microsoft Visual Studio\2022\Community\SDK\ScopeCppSDK\vc15\VC\include\yvals.h(157,1):
  see previous definition of '_MSVC_STL_UPDATE'
  
C:\Program Files\Microsoft Visual Studio\2022\Community\VC\Tools\MSVC\14.39.33519\include\yvals_core.h(1000,1): warning C4005: '_DEPRECATE_TR1_NAMESPACE': macro redefinition [C:\hrai\HoverRaceAI\NetTarget\ObjFacTools\ObjFacTools.vcxproj]
  (compiling source file 'ObjectFactoryData.cpp')
  C:\Program Files\Microsoft Visual Studio\2022\Community\SDK\ScopeCppSDK\vc15\VC\include\yvals.h(247,1):
  see previous definition of '_DEPRECATE_TR1_NAMESPACE'
  
C:\Program Files\Microsoft Visual Studio\2022\Community\VC\Tools\MSVC\14.39.33519\include\yvals_core.h(1014,1): warning C4005: '_MISMATCHED_ALLOCATOR_MESSAGE': macro redefinition [C:\hrai\HoverRaceAI\NetTarget\ObjFacTools\ObjFacTools.vcxproj]
  (compiling source file 'ObjectFactoryData.cpp')
  C:\Program Files\Microsoft Visual Studio\2022\Community\SDK\ScopeCppSDK\vc15\VC\include\yvals.h(303,1):
  see previous definition of '_MISMATCHED_ALLOCATOR_MESSAGE'
  
  ResActor.cpp
  _WIN32_WINNT not defined. Defaulting to _WIN32_WINNT_MAXVER (see WinSDKVer.h)
C:\Program Files\Microsoft Visual Studio\2022\Community\VC\Tools\MSVC\14.39.33519\include\yvals_core.h(880,1): warning C4005: '_MSVC_STL_VERSION': macro redefinition [C:\hrai\HoverRaceAI\NetTarget\ObjFacTools\ObjFacTools.vcxproj]
  (compiling source file 'ResActor.cpp')
  C:\Program Files\Microsoft Visual Studio\2022\Community\SDK\ScopeCppSDK\vc15\VC\include\yvals.h(156,1):
  see previous definition of '_MSVC_STL_VERSION'
  
C:\Program Files\Microsoft Visual Studio\2022\Community\VC\Tools\MSVC\14.39.33519\include\yvals_core.h(881,1): warning C4005: '_MSVC_STL_UPDATE': macro redefinition [C:\hrai\HoverRaceAI\NetTarget\ObjFacTools\ObjFacTools.vcxproj]
  (compiling source file 'ResActor.cpp')
  C:\Program Files\Microsoft Visual Studio\2022\Community\SDK\ScopeCppSDK\vc15\VC\include\yvals.h(157,1):
  see previous definition of '_MSVC_STL_UPDATE'
  
C:\Program Files\Microsoft Visual Studio\2022\Community\VC\Tools\MSVC\14.39.33519\include\yvals_core.h(1000,1): warning C4005: '_DEPRECATE_TR1_NAMESPACE': macro redefinition [C:\hrai\HoverRaceAI\NetTarget\ObjFacTools\ObjFacTools.vcxproj]
  (compiling source file 'ResActor.cpp')
  C:\Program Files\Microsoft Visual Studio\2022\Community\SDK\ScopeCppSDK\vc15\VC\include\yvals.h(247,1):
  see previous definition of '_DEPRECATE_TR1_NAMESPACE'
  
C:\Program Files\Microsoft Visual Studio\2022\Community\VC\Tools\MSVC\14.39.33519\include\yvals_core.h(1014,1): warning C4005: '_MISMATCHED_ALLOCATOR_MESSAGE': macro redefinition [C:\hrai\HoverRaceAI\NetTarget\ObjFacTools\ObjFacTools.vcxproj]
  (compiling source file 'ResActor.cpp')
  C:\Program Files\Microsoft Visual Studio\2022\Community\SDK\ScopeCppSDK\vc15\VC\include\yvals.h(303,1):
  see previous definition of '_MISMATCHED_ALLOCATOR_MESSAGE'
  
  ResBitmap.cpp
  _WIN32_WINNT not defined. Defaulting to _WIN32_WINNT_MAXVER (see WinSDKVer.h)
C:\Program Files\Microsoft Visual Studio\2022\Community\VC\Tools\MSVC\14.39.33519\include\yvals_core.h(880,1): warning C4005: '_MSVC_STL_VERSION': macro redefinition [C:\hrai\HoverRaceAI\NetTarget\ObjFacTools\ObjFacTools.vcxproj]
  (compiling source file 'ResBitmap.cpp')
  C:\Program Files\Microsoft Visual Studio\2022\Community\SDK\ScopeCppSDK\vc15\VC\include\yvals.h(156,1):
  see previous definition of '_MSVC_STL_VERSION'
  
C:\Program Files\Microsoft Visual Studio\2022\Community\VC\Tools\MSVC\14.39.33519\include\yvals_core.h(881,1): warning C4005: '_MSVC_STL_UPDATE': macro redefinition [C:\hrai\HoverRaceAI\NetTarget\ObjFacTools\ObjFacTools.vcxproj]
  (compiling source file 'ResBitmap.cpp')
  C:\Program Files\Microsoft Visual Studio\2022\Community\SDK\ScopeCppSDK\vc15\VC\include\yvals.h(157,1):
  see previous definition of '_MSVC_STL_UPDATE'
  
C:\Program Files\Microsoft Visual Studio\2022\Community\VC\Tools\MSVC\14.39.33519\include\yvals_core.h(1000,1): warning C4005: '_DEPRECATE_TR1_NAMESPACE': macro redefinition [C:\hrai\HoverRaceAI\NetTarget\ObjFacTools\ObjFacTools.vcxproj]
  (compiling source file 'ResBitmap.cpp')
  C:\Program Files\Microsoft Visual Studio\2022\Community\SDK\ScopeCppSDK\vc15\VC\include\yvals.h(247,1):
  see previous definition of '_DEPRECATE_TR1_NAMESPACE'
  
C:\Program Files\Microsoft Visual Studio\2022\Community\VC\Tools\MSVC\14.39.33519\include\yvals_core.h(1014,1): warning C4005: '_MISMATCHED_ALLOCATOR_MESSAGE': macro redefinition [C:\hrai\HoverRaceAI\NetTarget\ObjFacTools\ObjFacTools.vcxproj]
  (compiling source file 'ResBitmap.cpp')
  C:\Program Files\Microsoft Visual Studio\2022\Community\SDK\ScopeCppSDK\vc15\VC\include\yvals.h(303,1):
  see previous definition of '_MISMATCHED_ALLOCATOR_MESSAGE'
  
  ResSound.cpp
  _WIN32_WINNT not defined. Defaulting to _WIN32_WINNT_MAXVER (see WinSDKVer.h)
C:\Program Files\Microsoft Visual Studio\2022\Community\VC\Tools\MSVC\14.39.33519\include\yvals_core.h(880,1): warning C4005: '_MSVC_STL_VERSION': macro redefinition [C:\hrai\HoverRaceAI\NetTarget\ObjFacTools\ObjFacTools.vcxproj]
  (compiling source file 'ResSound.cpp')
  C:\Program Files\Microsoft Visual Studio\2022\Community\SDK\ScopeCppSDK\vc15\VC\include\yvals.h(156,1):
  see previous definition of '_MSVC_STL_VERSION'
  
C:\Program Files\Microsoft Visual Studio\2022\Community\VC\Tools\MSVC\14.39.33519\include\yvals_core.h(881,1): warning C4005: '_MSVC_STL_UPDATE': macro redefinition [C:\hrai\HoverRaceAI\NetTarget\ObjFacTools\ObjFacTools.vcxproj]
  (compiling source file 'ResSound.cpp')
  C:\Program Files\Microsoft Visual Studio\2022\Community\SDK\ScopeCppSDK\vc15\VC\include\yvals.h(157,1):
  see previous definition of '_MSVC_STL_UPDATE'
  
C:\Program Files\Microsoft Visual Studio\2022\Community\VC\Tools\MSVC\14.39.33519\include\yvals_core.h(1000,1): warning C4005: '_DEPRECATE_TR1_NAMESPACE': macro redefinition [C:\hrai\HoverRaceAI\NetTarget\ObjFacTools\ObjFacTools.vcxproj]
  (compiling source file 'ResSound.cpp')
  C:\Program Files\Microsoft Visual Studio\2022\Community\SDK\ScopeCppSDK\vc15\VC\include\yvals.h(247,1):
  see previous definition of '_DEPRECATE_TR1_NAMESPACE'
  
C:\Program Files\Microsoft Visual Studio\2022\Community\VC\Tools\MSVC\14.39.33519\include\yvals_core.h(1014,1): warning C4005: '_MISMATCHED_ALLOCATOR_MESSAGE': macro redefinition [C:\hrai\HoverRaceAI\NetTarget\ObjFacTools\ObjFacTools.vcxproj]
  (compiling source file 'ResSound.cpp')
  C:\Program Files\Microsoft Visual Studio\2022\Community\SDK\ScopeCppSDK\vc15\VC\include\yvals.h(303,1):
  see previous definition of '_MISMATCHED_ALLOCATOR_MESSAGE'
  
  ResSprite.cpp
  _WIN32_WINNT not defined. Defaulting to _WIN32_WINNT_MAXVER (see WinSDKVer.h)
C:\Program Files\Microsoft Visual Studio\2022\Community\VC\Tools\MSVC\14.39.33519\include\yvals_core.h(880,1): warning C4005: '_MSVC_STL_VERSION': macro redefinition [C:\hrai\HoverRaceAI\NetTarget\ObjFacTools\ObjFacTools.vcxproj]
  (compiling source file 'ResSprite.cpp')
  C:\Program Files\Microsoft Visual Studio\2022\Community\SDK\ScopeCppSDK\vc15\VC\include\yvals.h(156,1):
  see previous definition of '_MSVC_STL_VERSION'
  
C:\Program Files\Microsoft Visual Studio\2022\Community\VC\Tools\MSVC\14.39.33519\include\yvals_core.h(881,1): warning C4005: '_MSVC_STL_UPDATE': macro redefinition [C:\hrai\HoverRaceAI\NetTarget\ObjFacTools\ObjFacTools.vcxproj]
  (compiling source file 'ResSprite.cpp')
  C:\Program Files\Microsoft Visual Studio\2022\Community\SDK\ScopeCppSDK\vc15\VC\include\yvals.h(157,1):
  see previous definition of '_MSVC_STL_UPDATE'
  
C:\Program Files\Microsoft Visual Studio\2022\Community\VC\Tools\MSVC\14.39.33519\include\yvals_core.h(1000,1): warning C4005: '_DEPRECATE_TR1_NAMESPACE': macro redefinition [C:\hrai\HoverRaceAI\NetTarget\ObjFacTools\ObjFacTools.vcxproj]
  (compiling source file 'ResSprite.cpp')
  C:\Program Files\Microsoft Visual Studio\2022\Community\SDK\ScopeCppSDK\vc15\VC\include\yvals.h(247,1):
  see previous definition of '_DEPRECATE_TR1_NAMESPACE'
  
C:\Program Files\Microsoft Visual Studio\2022\Community\VC\Tools\MSVC\14.39.33519\include\yvals_core.h(1014,1): warning C4005: '_MISMATCHED_ALLOCATOR_MESSAGE': macro redefinition [C:\hrai\HoverRaceAI\NetTarget\ObjFacTools\ObjFacTools.vcxproj]
  (compiling source file 'ResSprite.cpp')
  C:\Program Files\Microsoft Visual Studio\2022\Community\SDK\ScopeCppSDK\vc15\VC\include\yvals.h(303,1):
  see previous definition of '_MISMATCHED_ALLOCATOR_MESSAGE'
  
  ResourceLib.cpp
  _WIN32_WINNT not defined. Defaulting to _WIN32_WINNT_MAXVER (see WinSDKVer.h)
C:\Program Files\Microsoft Visual Studio\2022\Community\VC\Tools\MSVC\14.39.33519\include\yvals_core.h(880,1): warning C4005: '_MSVC_STL_VERSION': macro redefinition [C:\hrai\HoverRaceAI\NetTarget\ObjFacTools\ObjFacTools.vcxproj]
  (compiling source file 'ResourceLib.cpp')
  C:\Program Files\Microsoft Visual Studio\2022\Community\SDK\ScopeCppSDK\vc15\VC\include\yvals.h(156,1):
  see previous definition of '_MSVC_STL_VERSION'
  
C:\Program Files\Microsoft Visual Studio\2022\Community\VC\Tools\MSVC\14.39.33519\include\yvals_core.h(881,1): warning C4005: '_MSVC_STL_UPDATE': macro redefinition [C:\hrai\HoverRaceAI\NetTarget\ObjFacTools\ObjFacTools.vcxproj]
  (compiling source file 'ResourceLib.cpp')
  C:\Program Files\Microsoft Visual Studio\2022\Community\SDK\ScopeCppSDK\vc15\VC\include\yvals.h(157,1):
  see previous definition of '_MSVC_STL_UPDATE'
  
C:\Program Files\Microsoft Visual Studio\2022\Community\VC\Tools\MSVC\14.39.33519\include\yvals_core.h(1000,1): warning C4005: '_DEPRECATE_TR1_NAMESPACE': macro redefinition [C:\hrai\HoverRaceAI\NetTarget\ObjFacTools\ObjFacTools.vcxproj]
  (compiling source file 'ResourceLib.cpp')
  C:\Program Files\Microsoft Visual Studio\2022\Community\SDK\ScopeCppSDK\vc15\VC\include\yvals.h(247,1):
  see previous definition of '_DEPRECATE_TR1_NAMESPACE'
  
C:\Program Files\Microsoft Visual Studio\2022\Community\VC\Tools\MSVC\14.39.33519\include\yvals_core.h(1014,1): warning C4005: '_MISMATCHED_ALLOCATOR_MESSAGE': macro redefinition [C:\hrai\HoverRaceAI\NetTarget\ObjFacTools\ObjFacTools.vcxproj]
  (compiling source file 'ResourceLib.cpp')
  C:\Program Files\Microsoft Visual Studio\2022\Community\SDK\ScopeCppSDK\vc15\VC\include\yvals.h(303,1):
  see previous definition of '_MISMATCHED_ALLOCATOR_MESSAGE'
  
C:\hrai\HoverRaceAI\NetTarget\ObjFacTools\ResourceLib.cpp(31,20): warning C4996: 'fopen': This function or variable may be unsafe. Consider using fopen_s instead. To disable deprecation, use _CRT_SECURE_NO_WARNINGS. See online help for details. [C:\hrai\HoverRaceAI\NetTarget\ObjFacTools\ObjFacTools.vcxproj]
C:\hrai\HoverRaceAI\NetTarget\ObjFacTools\ResourceLib.cpp(229,20): warning C4996: 'fopen': This function or variable may be unsafe. Consider using fopen_s instead. To disable deprecation, use _CRT_SECURE_NO_WARNINGS. See online help for details. [C:\hrai\HoverRaceAI\NetTarget\ObjFacTools\ObjFacTools.vcxproj]
C:\hrai\HoverRaceAI\NetTarget\ObjFacTools\ResourceLib.cpp(260,20): warning C4996: 'fopen': This function or variable may be unsafe. Consider using fopen_s instead. To disable deprecation, use _CRT_SECURE_NO_WARNINGS. See online help for details. [C:\hrai\HoverRaceAI\NetTarget\ObjFacTools\ObjFacTools.vcxproj]
C:\hrai\HoverRaceAI\NetTarget\ObjFacTools\ResourceLib.cpp(290,20): warning C4996: 'fopen': This function or variable may be unsafe. Consider using fopen_s instead. To disable deprecation, use _CRT_SECURE_NO_WARNINGS. See online help for details. [C:\hrai\HoverRaceAI\NetTarget\ObjFacTools\ObjFacTools.vcxproj]
  SpriteHandle.cpp
  _WIN32_WINNT not defined. Defaulting to _WIN32_WINNT_MAXVER (see WinSDKVer.h)
C:\Program Files\Microsoft Visual Studio\2022\Community\VC\Tools\MSVC\14.39.33519\include\yvals_core.h(880,1): warning C4005: '_MSVC_STL_VERSION': macro redefinition [C:\hrai\HoverRaceAI\NetTarget\ObjFacTools\ObjFacTools.vcxproj]
  (compiling source file 'SpriteHandle.cpp')
  C:\Program Files\Microsoft Visual Studio\2022\Community\SDK\ScopeCppSDK\vc15\VC\include\yvals.h(156,1):
  see previous definition of '_MSVC_STL_VERSION'
  
C:\Program Files\Microsoft Visual Studio\2022\Community\VC\Tools\MSVC\14.39.33519\include\yvals_core.h(881,1): warning C4005: '_MSVC_STL_UPDATE': macro redefinition [C:\hrai\HoverRaceAI\NetTarget\ObjFacTools\ObjFacTools.vcxproj]
  (compiling source file 'SpriteHandle.cpp')
  C:\Program Files\Microsoft Visual Studio\2022\Community\SDK\ScopeCppSDK\vc15\VC\include\yvals.h(157,1):
  see previous definition of '_MSVC_STL_UPDATE'
  
C:\Program Files\Microsoft Visual Studio\2022\Community\VC\Tools\MSVC\14.39.33519\include\yvals_core.h(1000,1): warning C4005: '_DEPRECATE_TR1_NAMESPACE': macro redefinition [C:\hrai\HoverRaceAI\NetTarget\ObjFacTools\ObjFacTools.vcxproj]
  (compiling source file 'SpriteHandle.cpp')
  C:\Program Files\Microsoft Visual Studio\2022\Community\SDK\ScopeCppSDK\vc15\VC\include\yvals.h(247,1):
  see previous definition of '_DEPRECATE_TR1_NAMESPACE'
  
C:\Program Files\Microsoft Visual Studio\2022\Community\VC\Tools\MSVC\14.39.33519\include\yvals_core.h(1014,1): warning C4005: '_MISMATCHED_ALLOCATOR_MESSAGE': macro redefinition [C:\hrai\HoverRaceAI\NetTarget\ObjFacTools\ObjFacTools.vcxproj]
  (compiling source file 'SpriteHandle.cpp')
  C:\Program Files\Microsoft Visual Studio\2022\Community\SDK\ScopeCppSDK\vc15\VC\include\yvals.h(303,1):
  see previous definition of '_MISMATCHED_ALLOCATOR_MESSAGE'
  
  StdAfx.cpp
  _WIN32_WINNT not defined. Defaulting to _WIN32_WINNT_MAXVER (see WinSDKVer.h)
C:\Program Files\Microsoft Visual Studio\2022\Community\VC\Tools\MSVC\14.39.33519\include\yvals_core.h(880,1): warning C4005: '_MSVC_STL_VERSION': macro redefinition [C:\hrai\HoverRaceAI\NetTarget\ObjFacTools\ObjFacTools.vcxproj]
  (compiling source file 'StdAfx.cpp')
  C:\Program Files\Microsoft Visual Studio\2022\Community\SDK\ScopeCppSDK\vc15\VC\include\yvals.h(156,1):
  see previous definition of '_MSVC_STL_VERSION'
  
C:\Program Files\Microsoft Visual Studio\2022\Community\VC\Tools\MSVC\14.39.33519\include\yvals_core.h(881,1): warning C4005: '_MSVC_STL_UPDATE': macro redefinition [C:\hrai\HoverRaceAI\NetTarget\ObjFacTools\ObjFacTools.vcxproj]
  (compiling source file 'StdAfx.cpp')
  C:\Program Files\Microsoft Visual Studio\2022\Community\SDK\ScopeCppSDK\vc15\VC\include\yvals.h(157,1):
  see previous definition of '_MSVC_STL_UPDATE'
  
C:\Program Files\Microsoft Visual Studio\2022\Community\VC\Tools\MSVC\14.39.33519\include\yvals_core.h(1000,1): warning C4005: '_DEPRECATE_TR1_NAMESPACE': macro redefinition [C:\hrai\HoverRaceAI\NetTarget\ObjFacTools\ObjFacTools.vcxproj]
  (compiling source file 'StdAfx.cpp')
  C:\Program Files\Microsoft Visual Studio\2022\Community\SDK\ScopeCppSDK\vc15\VC\include\yvals.h(247,1):
  see previous definition of '_DEPRECATE_TR1_NAMESPACE'
  
C:\Program Files\Microsoft Visual Studio\2022\Community\VC\Tools\MSVC\14.39.33519\include\yvals_core.h(1014,1): warning C4005: '_MISMATCHED_ALLOCATOR_MESSAGE': macro redefinition [C:\hrai\HoverRaceAI\NetTarget\ObjFacTools\ObjFacTools.vcxproj]
  (compiling source file 'StdAfx.cpp')
  C:\Program Files\Microsoft Visual Studio\2022\Community\SDK\ScopeCppSDK\vc15\VC\include\yvals.h(303,1):
  see previous definition of '_MISMATCHED_ALLOCATOR_MESSAGE'
  
  Generating Code...
     Creating library C:\hrai\HoverRaceAI\NetTarget\ObjFacTools\..\..\Release\ObjFacTools.lib and object C:\hrai\HoverRaceAI\NetTarget\ObjFacTools\..\..\Release\ObjFacTools.exp
  ObjFacTools.vcxproj -> C:\hrai\HoverRaceAI\Release\ObjFacTools.dll
  ColorTools.cpp
  _WIN32_WINNT not defined. Defaulting to _WIN32_WINNT_MAXVER (see WinSDKVer.h)
C:\Program Files\Microsoft Visual Studio\2022\Community\VC\Tools\MSVC\14.39.33519\include\yvals_core.h(880,1): warning C4005: '_MSVC_STL_VERSION': macro redefinition [C:\hrai\HoverRaceAI\NetTarget\ColorTools\ColorTools.vcxproj]
  (compiling source file 'ColorTools.cpp')
  C:\Program Files\Microsoft Visual Studio\2022\Community\SDK\ScopeCppSDK\vc15\VC\include\yvals.h(156,1):
  see previous definition of '_MSVC_STL_VERSION'
  
C:\Program Files\Microsoft Visual Studio\2022\Community\VC\Tools\MSVC\14.39.33519\include\yvals_core.h(881,1): warning C4005: '_MSVC_STL_UPDATE': macro redefinition [C:\hrai\HoverRaceAI\NetTarget\ColorTools\ColorTools.vcxproj]
  (compiling source file 'ColorTools.cpp')
  C:\Program Files\Microsoft Visual Studio\2022\Community\SDK\ScopeCppSDK\vc15\VC\include\yvals.h(157,1):
  see previous definition of '_MSVC_STL_UPDATE'
  
C:\Program Files\Microsoft Visual Studio\2022\Community\VC\Tools\MSVC\14.39.33519\include\yvals_core.h(1000,1): warning C4005: '_DEPRECATE_TR1_NAMESPACE': macro redefinition [C:\hrai\HoverRaceAI\NetTarget\ColorTools\ColorTools.vcxproj]
  (compiling source file 'ColorTools.cpp')
  C:\Program Files\Microsoft Visual Studio\2022\Community\SDK\ScopeCppSDK\vc15\VC\include\yvals.h(247,1):
  see previous definition of '_DEPRECATE_TR1_NAMESPACE'
  
C:\Program Files\Microsoft Visual Studio\2022\Community\VC\Tools\MSVC\14.39.33519\include\yvals_core.h(1014,1): warning C4005: '_MISMATCHED_ALLOCATOR_MESSAGE': macro redefinition [C:\hrai\HoverRaceAI\NetTarget\ColorTools\ColorTools.vcxproj]
  (compiling source file 'ColorTools.cpp')
  C:\Program Files\Microsoft Visual Studio\2022\Community\SDK\ScopeCppSDK\vc15\VC\include\yvals.h(303,1):
  see previous definition of '_MISMATCHED_ALLOCATOR_MESSAGE'
  
  StdAfx.cpp
  _WIN32_WINNT not defined. Defaulting to _WIN32_WINNT_MAXVER (see WinSDKVer.h)
C:\Program Files\Microsoft Visual Studio\2022\Community\VC\Tools\MSVC\14.39.33519\include\yvals_core.h(880,1): warning C4005: '_MSVC_STL_VERSION': macro redefinition [C:\hrai\HoverRaceAI\NetTarget\ColorTools\ColorTools.vcxproj]
  (compiling source file 'StdAfx.cpp')
  C:\Program Files\Microsoft Visual Studio\2022\Community\SDK\ScopeCppSDK\vc15\VC\include\yvals.h(156,1):
  see previous definition of '_MSVC_STL_VERSION'
  
C:\Program Files\Microsoft Visual Studio\2022\Community\VC\Tools\MSVC\14.39.33519\include\yvals_core.h(881,1): warning C4005: '_MSVC_STL_UPDATE': macro redefinition [C:\hrai\HoverRaceAI\NetTarget\ColorTools\ColorTools.vcxproj]
  (compiling source file 'StdAfx.cpp')
  C:\Program Files\Microsoft Visual Studio\2022\Community\SDK\ScopeCppSDK\vc15\VC\include\yvals.h(157,1):
  see previous definition of '_MSVC_STL_UPDATE'
  
C:\Program Files\Microsoft Visual Studio\2022\Community\VC\Tools\MSVC\14.39.33519\include\yvals_core.h(1000,1): warning C4005: '_DEPRECATE_TR1_NAMESPACE': macro redefinition [C:\hrai\HoverRaceAI\NetTarget\ColorTools\ColorTools.vcxproj]
  (compiling source file 'StdAfx.cpp')
  C:\Program Files\Microsoft Visual Studio\2022\Community\SDK\ScopeCppSDK\vc15\VC\include\yvals.h(247,1):
  see previous definition of '_DEPRECATE_TR1_NAMESPACE'
  
C:\Program Files\Microsoft Visual Studio\2022\Community\VC\Tools\MSVC\14.39.33519\include\yvals_core.h(1014,1): warning C4005: '_MISMATCHED_ALLOCATOR_MESSAGE': macro redefinition [C:\hrai\HoverRaceAI\NetTarget\ColorTools\ColorTools.vcxproj]
  (compiling source file 'StdAfx.cpp')
  C:\Program Files\Microsoft Visual Studio\2022\Community\SDK\ScopeCppSDK\vc15\VC\include\yvals.h(303,1):
  see previous definition of '_MISMATCHED_ALLOCATOR_MESSAGE'
  
  Generating Code...
     Creating library C:\hrai\HoverRaceAI\NetTarget\ColorTools\..\..\Release\ColorTools.lib and object C:\hrai\HoverRaceAI\NetTarget\ColorTools\..\..\Release\ColorTools.exp
  ColorTools.vcxproj -> C:\hrai\HoverRaceAI\Release\ColorTools.dll
  MainCharacter.cpp
  _WIN32_WINNT not defined. Defaulting to _WIN32_WINNT_MAXVER (see WinSDKVer.h)
C:\Program Files\Microsoft Visual Studio\2022\Community\VC\Tools\MSVC\14.39.33519\include\yvals_core.h(880,1): warning C4005: '_MSVC_STL_VERSION': macro redefinition [C:\hrai\HoverRaceAI\NetTarget\MainCharacter\MainCharacter.vcxproj]
  (compiling source file 'MainCharacter.cpp')
  C:\Program Files\Microsoft Visual Studio\2022\Community\SDK\ScopeCppSDK\vc15\VC\include\yvals.h(156,1):
  see previous definition of '_MSVC_STL_VERSION'
  
C:\Program Files\Microsoft Visual Studio\2022\Community\VC\Tools\MSVC\14.39.33519\include\yvals_core.h(881,1): warning C4005: '_MSVC_STL_UPDATE': macro redefinition [C:\hrai\HoverRaceAI\NetTarget\MainCharacter\MainCharacter.vcxproj]
  (compiling source file 'MainCharacter.cpp')
  C:\Program Files\Microsoft Visual Studio\2022\Community\SDK\ScopeCppSDK\vc15\VC\include\yvals.h(157,1):
  see previous definition of '_MSVC_STL_UPDATE'
  
C:\Program Files\Microsoft Visual Studio\2022\Community\VC\Tools\MSVC\14.39.33519\include\yvals_core.h(1000,1): warning C4005: '_DEPRECATE_TR1_NAMESPACE': macro redefinition [C:\hrai\HoverRaceAI\NetTarget\MainCharacter\MainCharacter.vcxproj]
  (compiling source file 'MainCharacter.cpp')
  C:\Program Files\Microsoft Visual Studio\2022\Community\SDK\ScopeCppSDK\vc15\VC\include\yvals.h(247,1):
  see previous definition of '_DEPRECATE_TR1_NAMESPACE'
  
C:\Program Files\Microsoft Visual Studio\2022\Community\VC\Tools\MSVC\14.39.33519\include\yvals_core.h(1014,1): warning C4005: '_MISMATCHED_ALLOCATOR_MESSAGE': macro redefinition [C:\hrai\HoverRaceAI\NetTarget\MainCharacter\MainCharacter.vcxproj]
  (compiling source file 'MainCharacter.cpp')
  C:\Program Files\Microsoft Visual Studio\2022\Community\SDK\ScopeCppSDK\vc15\VC\include\yvals.h(303,1):
  see previous definition of '_MISMATCHED_ALLOCATOR_MESSAGE'
  
C:\hrai\HoverRaceAI\NetTarget\MainCharacter\MainCharacter.cpp(45,2): warning C4091: 'static ': ignored on left of 'MR_ResActorFriend' when no variable is declared [C:\hrai\HoverRaceAI\NetTarget\MainCharacter\MainCharacter.vcxproj]
C:\hrai\HoverRaceAI\NetTarget\MainCharacter\MainCharacter.cpp(66,37): warning C4100: 'pModel': unreferenced formal parameter [C:\hrai\HoverRaceAI\NetTarget\MainCharacter\MainCharacter.vcxproj]
C:\hrai\HoverRaceAI\NetTarget\MainCharacter\MainCharacter.cpp(65,37): warning C4100: 'pHoverId': unreferenced formal parameter [C:\hrai\HoverRaceAI\NetTarget\MainCharacter\MainCharacter.vcxproj]
C:\hrai\HoverRaceAI\NetTarget\MainCharacter\MainCharacter.cpp(286,19): warning C4244: '=': conversion from 'double' to 'MR_Int32', possible loss of data [C:\hrai\HoverRaceAI\NetTarget\MainCharacter\MainCharacter.vcxproj]
C:\hrai\HoverRaceAI\NetTarget\MainCharacter\MainCharacter.cpp(287,19): warning C4244: '=': conversion from 'double' to 'MR_Int32', possible loss of data [C:\hrai\HoverRaceAI\NetTarget\MainCharacter\MainCharacter.vcxproj]
C:\hrai\HoverRaceAI\NetTarget\MainCharacter\MainCharacter.cpp(288,19): warning C4244: '=': conversion from 'double' to 'MR_Int32', possible loss of data [C:\hrai\HoverRaceAI\NetTarget\MainCharacter\MainCharacter.vcxproj]
C:\hrai\HoverRaceAI\NetTarget\MainCharacter\MainCharacter.cpp(426,26): warning C4477: 'fprintf' : format string '%.0f' requires an argument of type 'double', but variadic argument 7 has type 'MR_Int32' [C:\hrai\HoverRaceAI\NetTarget\MainCharacter\MainCharacter.vcxproj]
C:\hrai\HoverRaceAI\NetTarget\MainCharacter\MainCharacter.cpp(426,26): warning C4477: 'fprintf' : format string '%.0f' requires an argument of type 'double', but variadic argument 8 has type 'MR_Int32' [C:\hrai\HoverRaceAI\NetTarget\MainCharacter\MainCharacter.vcxproj]
C:\hrai\HoverRaceAI\NetTarget\MainCharacter\MainCharacter.cpp(426,26): warning C4477: 'fprintf' : format string '%.0f' requires an argument of type 'double', but variadic argument 9 has type 'MR_Int32' [C:\hrai\HoverRaceAI\NetTarget\MainCharacter\MainCharacter.vcxproj]
C:\hrai\HoverRaceAI\NetTarget\MainCharacter\MainCharacter.cpp(375,21): warning C4996: 'fopen': This function or variable may be unsafe. Consider using fopen_s instead. To disable deprecation, use _CRT_SECURE_NO_WARNINGS. See online help for details. [C:\hrai\HoverRaceAI\NetTarget\MainCharacter\MainCharacter.vcxproj]
C:\hrai\HoverRaceAI\NetTarget\MainCharacter\MainCharacter.cpp(423,22): warning C4996: 'fopen': This function or variable may be unsafe. Consider using fopen_s instead. To disable deprecation, use _CRT_SECURE_NO_WARNINGS. See online help for details. [C:\hrai\HoverRaceAI\NetTarget\MainCharacter\MainCharacter.vcxproj]
C:\hrai\HoverRaceAI\NetTarget\MainCharacter\MainCharacter.cpp(532,55): warning C4244: 'argument': conversion from 'double' to 'MR_Int32', possible loss of data [C:\hrai\HoverRaceAI\NetTarget\MainCharacter\MainCharacter.vcxproj]
C:\hrai\HoverRaceAI\NetTarget\MainCharacter\MainCharacter.cpp(533,55): warning C4244: 'argument': conversion from 'double' to 'MR_Int32', possible loss of data [C:\hrai\HoverRaceAI\NetTarget\MainCharacter\MainCharacter.vcxproj]
C:\hrai\HoverRaceAI\NetTarget\MainCharacter\MainCharacter.cpp(534,40): warning C4244: 'argument': conversion from 'double' to 'MR_Int32', possible loss of data [C:\hrai\HoverRaceAI\NetTarget\MainCharacter\MainCharacter.vcxproj]
C:\hrai\HoverRaceAI\NetTarget\MainCharacter\MainCharacter.cpp(586,31): warning C4244: '=': conversion from 'MR_UInt32' to 'MR_Angle', possible loss of data [C:\hrai\HoverRaceAI\NetTarget\MainCharacter\MainCharacter.vcxproj]
C:\hrai\HoverRaceAI\NetTarget\MainCharacter\MainCharacter.cpp(649,22): warning C4996: 'fopen': This function or variable may be unsafe. Consider using fopen_s instead. To disable deprecation, use _CRT_SECURE_NO_WARNINGS. See online help for details. [C:\hrai\HoverRaceAI\NetTarget\MainCharacter\MainCharacter.vcxproj]
C:\hrai\HoverRaceAI\NetTarget\MainCharacter\MainCharacter.cpp(675,26): warning C4996: 'fopen': This function or variable may be unsafe. Consider using fopen_s instead. To disable deprecation, use _CRT_SECURE_NO_WARNINGS. See online help for details. [C:\hrai\HoverRaceAI\NetTarget\MainCharacter\MainCharacter.vcxproj]
C:\hrai\HoverRaceAI\NetTarget\MainCharacter\MainCharacter.cpp(689,26): warning C4996: 'fopen': This function or variable may be unsafe. Consider using fopen_s instead. To disable deprecation, use _CRT_SECURE_NO_WARNINGS. See online help for details. [C:\hrai\HoverRaceAI\NetTarget\MainCharacter\MainCharacter.vcxproj]
C:\hrai\HoverRaceAI\NetTarget\MainCharacter\MainCharacter.cpp(700,23): warning C4996: 'fopen': This function or variable may be unsafe. Consider using fopen_s instead. To disable deprecation, use _CRT_SECURE_NO_WARNINGS. See online help for details. [C:\hrai\HoverRaceAI\NetTarget\MainCharacter\MainCharacter.vcxproj]
C:\hrai\HoverRaceAI\NetTarget\MainCharacter\MainCharacter.cpp(855,32): warning C4244: '-=': conversion from 'double' to 'MR_SimulationTime', possible loss of data [C:\hrai\HoverRaceAI\NetTarget\MainCharacter\MainCharacter.vcxproj]
C:\hrai\HoverRaceAI\NetTarget\MainCharacter\MainCharacter.cpp(1057,34): warning C4244: 'argument': conversion from 'double' to 'MR_Int32', possible loss of data [C:\hrai\HoverRaceAI\NetTarget\MainCharacter\MainCharacter.vcxproj]
C:\hrai\HoverRaceAI\NetTarget\MainCharacter\MainCharacter.cpp(1056,34): warning C4244: 'argument': conversion from 'double' to 'MR_Int32', possible loss of data [C:\hrai\HoverRaceAI\NetTarget\MainCharacter\MainCharacter.vcxproj]
C:\hrai\HoverRaceAI\NetTarget\MainCharacter\MainCharacter.cpp(1055,34): warning C4244: 'argument': conversion from 'double' to 'MR_Int32', possible loss of data [C:\hrai\HoverRaceAI\NetTarget\MainCharacter\MainCharacter.vcxproj]
C:\hrai\HoverRaceAI\NetTarget\MainCharacter\MainCharacter.cpp(1238,35): warning C4244: '=': conversion from 'double' to 'MR_Int32', possible loss of data [C:\hrai\HoverRaceAI\NetTarget\MainCharacter\MainCharacter.vcxproj]
C:\hrai\HoverRaceAI\NetTarget\MainCharacter\MainCharacter.cpp(1239,35): warning C4244: '=': conversion from 'double' to 'MR_Int32', possible loss of data [C:\hrai\HoverRaceAI\NetTarget\MainCharacter\MainCharacter.vcxproj]
C:\hrai\HoverRaceAI\NetTarget\MainCharacter\MainCharacter.cpp(1208,207): warning C4100: 'pZMax': unreferenced formal parameter [C:\hrai\HoverRaceAI\NetTarget\MainCharacter\MainCharacter.vcxproj]
C:\hrai\HoverRaceAI\NetTarget\MainCharacter\MainCharacter.cpp(1387,36): warning C4244: '=': conversion from 'double' to 'MR_Int32', possible loss of data [C:\hrai\HoverRaceAI\NetTarget\MainCharacter\MainCharacter.vcxproj]
C:\hrai\HoverRaceAI\NetTarget\MainCharacter\MainCharacter.cpp(1388,36): warning C4244: '=': conversion from 'double' to 'MR_Int32', possible loss of data [C:\hrai\HoverRaceAI\NetTarget\MainCharacter\MainCharacter.vcxproj]
C:\hrai\HoverRaceAI\NetTarget\MainCharacter\MainCharacter.cpp(1578,26): warning C4996: 'fopen': This function or variable may be unsafe. Consider using fopen_s instead. To disable deprecation, use _CRT_SECURE_NO_WARNINGS. See online help for details. [C:\hrai\HoverRaceAI\NetTarget\MainCharacter\MainCharacter.vcxproj]
C:\hrai\HoverRaceAI\NetTarget\MainCharacter\MainCharacter.cpp(1603,26): warning C4996: 'fopen': This function or variable may be unsafe. Consider using fopen_s instead. To disable deprecation, use _CRT_SECURE_NO_WARNINGS. See online help for details. [C:\hrai\HoverRaceAI\NetTarget\MainCharacter\MainCharacter.vcxproj]
C:\hrai\HoverRaceAI\NetTarget\MainCharacter\MainCharacter.cpp(1615,26): warning C4996: 'fopen': This function or variable may be unsafe. Consider using fopen_s instead. To disable deprecation, use _CRT_SECURE_NO_WARNINGS. See online help for details. [C:\hrai\HoverRaceAI\NetTarget\MainCharacter\MainCharacter.vcxproj]
C:\hrai\HoverRaceAI\NetTarget\MainCharacter\MainCharacter.cpp(1626,26): warning C4996: 'fopen': This function or variable may be unsafe. Consider using fopen_s instead. To disable deprecation, use _CRT_SECURE_NO_WARNINGS. See online help for details. [C:\hrai\HoverRaceAI\NetTarget\MainCharacter\MainCharacter.vcxproj]
  MainCharacterRenderer.cpp
  _WIN32_WINNT not defined. Defaulting to _WIN32_WINNT_MAXVER (see WinSDKVer.h)
C:\Program Files\Microsoft Visual Studio\2022\Community\VC\Tools\MSVC\14.39.33519\include\yvals_core.h(880,1): warning C4005: '_MSVC_STL_VERSION': macro redefinition [C:\hrai\HoverRaceAI\NetTarget\MainCharacter\MainCharacter.vcxproj]
  (compiling source file 'MainCharacterRenderer.cpp')
  C:\Program Files\Microsoft Visual Studio\2022\Community\SDK\ScopeCppSDK\vc15\VC\include\yvals.h(156,1):
  see previous definition of '_MSVC_STL_VERSION'
  
C:\Program Files\Microsoft Visual Studio\2022\Community\VC\Tools\MSVC\14.39.33519\include\yvals_core.h(881,1): warning C4005: '_MSVC_STL_UPDATE': macro redefinition [C:\hrai\HoverRaceAI\NetTarget\MainCharacter\MainCharacter.vcxproj]
  (compiling source file 'MainCharacterRenderer.cpp')
  C:\Program Files\Microsoft Visual Studio\2022\Community\SDK\ScopeCppSDK\vc15\VC\include\yvals.h(157,1):
  see previous definition of '_MSVC_STL_UPDATE'
  
C:\Program Files\Microsoft Visual Studio\2022\Community\VC\Tools\MSVC\14.39.33519\include\yvals_core.h(1000,1): warning C4005: '_DEPRECATE_TR1_NAMESPACE': macro redefinition [C:\hrai\HoverRaceAI\NetTarget\MainCharacter\MainCharacter.vcxproj]
  (compiling source file 'MainCharacterRenderer.cpp')
  C:\Program Files\Microsoft Visual Studio\2022\Community\SDK\ScopeCppSDK\vc15\VC\include\yvals.h(247,1):
  see previous definition of '_DEPRECATE_TR1_NAMESPACE'
  
C:\Program Files\Microsoft Visual Studio\2022\Community\VC\Tools\MSVC\14.39.33519\include\yvals_core.h(1014,1): warning C4005: '_MISMATCHED_ALLOCATOR_MESSAGE': macro redefinition [C:\hrai\HoverRaceAI\NetTarget\MainCharacter\MainCharacter.vcxproj]
  (compiling source file 'MainCharacterRenderer.cpp')
  C:\Program Files\Microsoft Visual Studio\2022\Community\SDK\ScopeCppSDK\vc15\VC\include\yvals.h(303,1):
  see previous definition of '_MISMATCHED_ALLOCATOR_MESSAGE'
  
  StdAfx.cpp
  _WIN32_WINNT not defined. Defaulting to _WIN32_WINNT_MAXVER (see WinSDKVer.h)
C:\Program Files\Microsoft Visual Studio\2022\Community\VC\Tools\MSVC\14.39.33519\include\yvals_core.h(880,1): warning C4005: '_MSVC_STL_VERSION': macro redefinition [C:\hrai\HoverRaceAI\NetTarget\MainCharacter\MainCharacter.vcxproj]
  (compiling source file 'StdAfx.cpp')
  C:\Program Files\Microsoft Visual Studio\2022\Community\SDK\ScopeCppSDK\vc15\VC\include\yvals.h(156,1):
  see previous definition of '_MSVC_STL_VERSION'
  
C:\Program Files\Microsoft Visual Studio\2022\Community\VC\Tools\MSVC\14.39.33519\include\yvals_core.h(881,1): warning C4005: '_MSVC_STL_UPDATE': macro redefinition [C:\hrai\HoverRaceAI\NetTarget\MainCharacter\MainCharacter.vcxproj]
  (compiling source file 'StdAfx.cpp')
  C:\Program Files\Microsoft Visual Studio\2022\Community\SDK\ScopeCppSDK\vc15\VC\include\yvals.h(157,1):
  see previous definition of '_MSVC_STL_UPDATE'
  
C:\Program Files\Microsoft Visual Studio\2022\Community\VC\Tools\MSVC\14.39.33519\include\yvals_core.h(1000,1): warning C4005: '_DEPRECATE_TR1_NAMESPACE': macro redefinition [C:\hrai\HoverRaceAI\NetTarget\MainCharacter\MainCharacter.vcxproj]
  (compiling source file 'StdAfx.cpp')
  C:\Program Files\Microsoft Visual Studio\2022\Community\SDK\ScopeCppSDK\vc15\VC\include\yvals.h(247,1):
  see previous definition of '_DEPRECATE_TR1_NAMESPACE'
  
C:\Program Files\Microsoft Visual Studio\2022\Community\VC\Tools\MSVC\14.39.33519\include\yvals_core.h(1014,1): warning C4005: '_MISMATCHED_ALLOCATOR_MESSAGE': macro redefinition [C:\hrai\HoverRaceAI\NetTarget\MainCharacter\MainCharacter.vcxproj]
  (compiling source file 'StdAfx.cpp')
  C:\Program Files\Microsoft Visual Studio\2022\Community\SDK\ScopeCppSDK\vc15\VC\include\yvals.h(303,1):
  see previous definition of '_MISMATCHED_ALLOCATOR_MESSAGE'
  
  Generating Code...
     Creating library C:\hrai\HoverRaceAI\NetTarget\MainCharacter\..\..\Release\MainCharacter.lib and object C:\hrai\HoverRaceAI\NetTarget\MainCharacter\..\..\Release\MainCharacter.exp
  MainCharacter.vcxproj -> C:\hrai\HoverRaceAI\Release\MainCharacter.dll
cl : command line  warning D9025: overriding '/EHs' with '/EHa' [C:\hrai\HoverRaceAI\NetTarget\Game2\Game2.vcxproj]
  Banner.cpp
  _WIN32_WINNT not defined. Defaulting to _WIN32_WINNT_MAXVER (see WinSDKVer.h)
C:\Program Files\Microsoft Visual Studio\2022\Community\VC\Tools\MSVC\14.39.33519\include\yvals_core.h(880,1): warning C4005: '_MSVC_STL_VERSION': macro redefinition [C:\hrai\HoverRaceAI\NetTarget\Game2\Game2.vcxproj]
  (compiling source file 'Banner.cpp')
  C:\Program Files\Microsoft Visual Studio\2022\Community\SDK\ScopeCppSDK\vc15\VC\include\yvals.h(156,1):
  see previous definition of '_MSVC_STL_VERSION'
  
C:\Program Files\Microsoft Visual Studio\2022\Community\VC\Tools\MSVC\14.39.33519\include\yvals_core.h(881,1): warning C4005: '_MSVC_STL_UPDATE': macro redefinition [C:\hrai\HoverRaceAI\NetTarget\Game2\Game2.vcxproj]
  (compiling source file 'Banner.cpp')
  C:\Program Files\Microsoft Visual Studio\2022\Community\SDK\ScopeCppSDK\vc15\VC\include\yvals.h(157,1):
  see previous definition of '_MSVC_STL_UPDATE'
  
C:\Program Files\Microsoft Visual Studio\2022\Community\VC\Tools\MSVC\14.39.33519\include\yvals_core.h(1000,1): warning C4005: '_DEPRECATE_TR1_NAMESPACE': macro redefinition [C:\hrai\HoverRaceAI\NetTarget\Game2\Game2.vcxproj]
  (compiling source file 'Banner.cpp')
  C:\Program Files\Microsoft Visual Studio\2022\Community\SDK\ScopeCppSDK\vc15\VC\include\yvals.h(247,1):
  see previous definition of '_DEPRECATE_TR1_NAMESPACE'
  
C:\Program Files\Microsoft Visual Studio\2022\Community\VC\Tools\MSVC\14.39.33519\include\yvals_core.h(1014,1): warning C4005: '_MISMATCHED_ALLOCATOR_MESSAGE': macro redefinition [C:\hrai\HoverRaceAI\NetTarget\Game2\Game2.vcxproj]
  (compiling source file 'Banner.cpp')
  C:\Program Files\Microsoft Visual Studio\2022\Community\SDK\ScopeCppSDK\vc15\VC\include\yvals.h(303,1):
  see previous definition of '_MISMATCHED_ALLOCATOR_MESSAGE'
  
C:\hrai\HoverRaceAI\NetTarget\Game2\Banner.cpp(273,66): warning C4100: 'pStreamLen': unreferenced formal parameter [C:\hrai\HoverRaceAI\NetTarget\Game2\Game2.vcxproj]
C:\hrai\HoverRaceAI\NetTarget\Game2\Banner.cpp(273,50): warning C4100: 'pGifStream': unreferenced formal parameter [C:\hrai\HoverRaceAI\NetTarget\Game2\Game2.vcxproj]
C:\hrai\HoverRaceAI\NetTarget\Game2\Banner.cpp(314,4): warning C4996: 'strcat': This function or variable may be unsafe. Consider using strcat_s instead. To disable deprecation, use _CRT_SECURE_NO_WARNINGS. See online help for details. [C:\hrai\HoverRaceAI\NetTarget\Game2\Game2.vcxproj]
C:\hrai\HoverRaceAI\NetTarget\Game2\Banner.cpp(316,18): warning C4996: 'fopen': This function or variable may be unsafe. Consider using fopen_s instead. To disable deprecation, use _CRT_SECURE_NO_WARNINGS. See online help for details. [C:\hrai\HoverRaceAI\NetTarget\Game2\Game2.vcxproj]
C:\hrai\HoverRaceAI\NetTarget\Game2\Banner.cpp(371,7): warning C4996: 'strcpy': This function or variable may be unsafe. Consider using strcpy_s instead. To disable deprecation, use _CRT_SECURE_NO_WARNINGS. See online help for details. [C:\hrai\HoverRaceAI\NetTarget\Game2\Game2.vcxproj]
C:\hrai\HoverRaceAI\NetTarget\Game2\Banner.cpp(374,21): warning C4996: 'fopen': This function or variable may be unsafe. Consider using fopen_s instead. To disable deprecation, use _CRT_SECURE_NO_WARNINGS. See online help for details. [C:\hrai\HoverRaceAI\NetTarget\Game2\Game2.vcxproj]
C:\hrai\HoverRaceAI\NetTarget\Game2\Banner.cpp(382,13): warning C4996: 'sscanf': This function or variable may be unsafe. Consider using sscanf_s instead. To disable deprecation, use _CRT_SECURE_NO_WARNINGS. See online help for details. [C:\hrai\HoverRaceAI\NetTarget\Game2\Game2.vcxproj]
  ClientSession.cpp
  _WIN32_WINNT not defined. Defaulting to _WIN32_WINNT_MAXVER (see WinSDKVer.h)
C:\Program Files\Microsoft Visual Studio\2022\Community\VC\Tools\MSVC\14.39.33519\include\yvals_core.h(880,1): warning C4005: '_MSVC_STL_VERSION': macro redefinition [C:\hrai\HoverRaceAI\NetTarget\Game2\Game2.vcxproj]
  (compiling source file 'ClientSession.cpp')
  C:\Program Files\Microsoft Visual Studio\2022\Community\SDK\ScopeCppSDK\vc15\VC\include\yvals.h(156,1):
  see previous definition of '_MSVC_STL_VERSION'
  
C:\Program Files\Microsoft Visual Studio\2022\Community\VC\Tools\MSVC\14.39.33519\include\yvals_core.h(881,1): warning C4005: '_MSVC_STL_UPDATE': macro redefinition [C:\hrai\HoverRaceAI\NetTarget\Game2\Game2.vcxproj]
  (compiling source file 'ClientSession.cpp')
  C:\Program Files\Microsoft Visual Studio\2022\Community\SDK\ScopeCppSDK\vc15\VC\include\yvals.h(157,1):
  see previous definition of '_MSVC_STL_UPDATE'
  
C:\Program Files\Microsoft Visual Studio\2022\Community\VC\Tools\MSVC\14.39.33519\include\yvals_core.h(1000,1): warning C4005: '_DEPRECATE_TR1_NAMESPACE': macro redefinition [C:\hrai\HoverRaceAI\NetTarget\Game2\Game2.vcxproj]
  (compiling source file 'ClientSession.cpp')
  C:\Program Files\Microsoft Visual Studio\2022\Community\SDK\ScopeCppSDK\vc15\VC\include\yvals.h(247,1):
  see previous definition of '_DEPRECATE_TR1_NAMESPACE'
  
C:\Program Files\Microsoft Visual Studio\2022\Community\VC\Tools\MSVC\14.39.33519\include\yvals_core.h(1014,1): warning C4005: '_MISMATCHED_ALLOCATOR_MESSAGE': macro redefinition [C:\hrai\HoverRaceAI\NetTarget\Game2\Game2.vcxproj]
  (compiling source file 'ClientSession.cpp')
  C:\Program Files\Microsoft Visual Studio\2022\Community\SDK\ScopeCppSDK\vc15\VC\include\yvals.h(303,1):
  see previous definition of '_MISMATCHED_ALLOCATOR_MESSAGE'
  
C:\hrai\HoverRaceAI\NetTarget\Game2\ClientSession.cpp(51,37): warning C4100: 'pSpeedFactor': unreferenced formal parameter [C:\hrai\HoverRaceAI\NetTarget\Game2\Game2.vcxproj]
C:\hrai\HoverRaceAI\NetTarget\Game2\ClientSession.cpp(129,20): warning C4996: 'fopen': This function or variable may be unsafe. Consider using fopen_s instead. To disable deprecation, use _CRT_SECURE_NO_WARNINGS. See online help for details. [C:\hrai\HoverRaceAI\NetTarget\Game2\Game2.vcxproj]
C:\hrai\HoverRaceAI\NetTarget\Game2\ClientSession.cpp(194,20): warning C4996: 'fopen': This function or variable may be unsafe. Consider using fopen_s instead. To disable deprecation, use _CRT_SECURE_NO_WARNINGS. See online help for details. [C:\hrai\HoverRaceAI\NetTarget\Game2\Game2.vcxproj]
C:\hrai\HoverRaceAI\NetTarget\Game2\ClientSession.cpp(329,130): warning C4100: 'pNbHitHimself': unreferenced formal parameter [C:\hrai\HoverRaceAI\NetTarget\Game2\Game2.vcxproj]
C:\hrai\HoverRaceAI\NetTarget\Game2\ClientSession.cpp(329,112): warning C4100: 'pNbHitOther': unreferenced formal parameter [C:\hrai\HoverRaceAI\NetTarget\Game2\Game2.vcxproj]
C:\hrai\HoverRaceAI\NetTarget\Game2\ClientSession.cpp(329,95): warning C4100: 'pConnected': unreferenced formal parameter [C:\hrai\HoverRaceAI\NetTarget\Game2\Game2.vcxproj]
C:\hrai\HoverRaceAI\NetTarget\Game2\ClientSession.cpp(329,84): warning C4100: 'pId': unreferenced formal parameter [C:\hrai\HoverRaceAI\NetTarget\Game2\Game2.vcxproj]
C:\hrai\HoverRaceAI\NetTarget\Game2\ClientSession.cpp(329,42): warning C4100: 'pPosition': unreferenced formal parameter [C:\hrai\HoverRaceAI\NetTarget\Game2\Game2.vcxproj]
C:\hrai\HoverRaceAI\NetTarget\Game2\ClientSession.cpp(450,10): warning C4996: 'strcpy': This function or variable may be unsafe. Consider using strcpy_s instead. To disable deprecation, use _CRT_SECURE_NO_WARNINGS. See online help for details. [C:\hrai\HoverRaceAI\NetTarget\Game2\Game2.vcxproj]
  CommonDialog.cpp
  _WIN32_WINNT not defined. Defaulting to _WIN32_WINNT_MAXVER (see WinSDKVer.h)
C:\Program Files\Microsoft Visual Studio\2022\Community\VC\Tools\MSVC\14.39.33519\include\yvals_core.h(880,1): warning C4005: '_MSVC_STL_VERSION': macro redefinition [C:\hrai\HoverRaceAI\NetTarget\Game2\Game2.vcxproj]
  (compiling source file 'CommonDialog.cpp')
  C:\Program Files\Microsoft Visual Studio\2022\Community\SDK\ScopeCppSDK\vc15\VC\include\yvals.h(156,1):
  see previous definition of '_MSVC_STL_VERSION'
  
C:\Program Files\Microsoft Visual Studio\2022\Community\VC\Tools\MSVC\14.39.33519\include\yvals_core.h(881,1): warning C4005: '_MSVC_STL_UPDATE': macro redefinition [C:\hrai\HoverRaceAI\NetTarget\Game2\Game2.vcxproj]
  (compiling source file 'CommonDialog.cpp')
  C:\Program Files\Microsoft Visual Studio\2022\Community\SDK\ScopeCppSDK\vc15\VC\include\yvals.h(157,1):
  see previous definition of '_MSVC_STL_UPDATE'
  
C:\Program Files\Microsoft Visual Studio\2022\Community\VC\Tools\MSVC\14.39.33519\include\yvals_core.h(1000,1): warning C4005: '_DEPRECATE_TR1_NAMESPACE': macro redefinition [C:\hrai\HoverRaceAI\NetTarget\Game2\Game2.vcxproj]
  (compiling source file 'CommonDialog.cpp')
  C:\Program Files\Microsoft Visual Studio\2022\Community\SDK\ScopeCppSDK\vc15\VC\include\yvals.h(247,1):
  see previous definition of '_DEPRECATE_TR1_NAMESPACE'
  
C:\Program Files\Microsoft Visual Studio\2022\Community\VC\Tools\MSVC\14.39.33519\include\yvals_core.h(1014,1): warning C4005: '_MISMATCHED_ALLOCATOR_MESSAGE': macro redefinition [C:\hrai\HoverRaceAI\NetTarget\Game2\Game2.vcxproj]
  (compiling source file 'CommonDialog.cpp')
  C:\Program Files\Microsoft Visual Studio\2022\Community\SDK\ScopeCppSDK\vc15\VC\include\yvals.h(303,1):
  see previous definition of '_MISMATCHED_ALLOCATOR_MESSAGE'
  
  GameApp.cpp
  _WIN32_WINNT not defined. Defaulting to _WIN32_WINNT_MAXVER (see WinSDKVer.h)
C:\Program Files\Microsoft Visual Studio\2022\Community\VC\Tools\MSVC\14.39.33519\include\yvals_core.h(880,1): warning C4005: '_MSVC_STL_VERSION': macro redefinition [C:\hrai\HoverRaceAI\NetTarget\Game2\Game2.vcxproj]
  (compiling source file 'GameApp.cpp')
  C:\Program Files\Microsoft Visual Studio\2022\Community\SDK\ScopeCppSDK\vc15\VC\include\yvals.h(156,1):
  see previous definition of '_MSVC_STL_VERSION'
  
C:\Program Files\Microsoft Visual Studio\2022\Community\VC\Tools\MSVC\14.39.33519\include\yvals_core.h(881,1): warning C4005: '_MSVC_STL_UPDATE': macro redefinition [C:\hrai\HoverRaceAI\NetTarget\Game2\Game2.vcxproj]
  (compiling source file 'GameApp.cpp')
  C:\Program Files\Microsoft Visual Studio\2022\Community\SDK\ScopeCppSDK\vc15\VC\include\yvals.h(157,1):
  see previous definition of '_MSVC_STL_UPDATE'
  
C:\Program Files\Microsoft Visual Studio\2022\Community\VC\Tools\MSVC\14.39.33519\include\yvals_core.h(1000,1): warning C4005: '_DEPRECATE_TR1_NAMESPACE': macro redefinition [C:\hrai\HoverRaceAI\NetTarget\Game2\Game2.vcxproj]
  (compiling source file 'GameApp.cpp')
  C:\Program Files\Microsoft Visual Studio\2022\Community\SDK\ScopeCppSDK\vc15\VC\include\yvals.h(247,1):
  see previous definition of '_DEPRECATE_TR1_NAMESPACE'
  
C:\Program Files\Microsoft Visual Studio\2022\Community\VC\Tools\MSVC\14.39.33519\include\yvals_core.h(1014,1): warning C4005: '_MISMATCHED_ALLOCATOR_MESSAGE': macro redefinition [C:\hrai\HoverRaceAI\NetTarget\Game2\Game2.vcxproj]
  (compiling source file 'GameApp.cpp')
  C:\Program Files\Microsoft Visual Studio\2022\Community\SDK\ScopeCppSDK\vc15\VC\include\yvals.h(303,1):
  see previous definition of '_MISMATCHED_ALLOCATOR_MESSAGE'
  
C:\hrai\HoverRaceAI\NetTarget\Game2\Security.h(62,45): warning C4244: '+=': conversion from 'int' to 'unsigned short', possible loss of data [C:\hrai\HoverRaceAI\NetTarget\Game2\Game2.vcxproj]
  (compiling source file 'GameApp.cpp')
  
C:\hrai\HoverRaceAI\NetTarget\Game2\Security.h(63,45): warning C4244: '+=': conversion from 'int' to 'unsigned short', possible loss of data [C:\hrai\HoverRaceAI\NetTarget\Game2\Game2.vcxproj]
  (compiling source file 'GameApp.cpp')
  
C:\hrai\HoverRaceAI\NetTarget\Game2\Security.h(64,45): warning C4244: '+=': conversion from 'int' to 'unsigned short', possible loss of data [C:\hrai\HoverRaceAI\NetTarget\Game2\Game2.vcxproj]
  (compiling source file 'GameApp.cpp')
  
C:\hrai\HoverRaceAI\NetTarget\Game2\Security.h(65,40): warning C4244: '+=': conversion from 'int' to 'unsigned short', possible loss of data [C:\hrai\HoverRaceAI\NetTarget\Game2\Game2.vcxproj]
  (compiling source file 'GameApp.cpp')
  
C:\hrai\HoverRaceAI\NetTarget\Game2\Security.h(179,11): warning C4244: 'return': conversion from 'unsigned short' to 'unsigned char', possible loss of data [C:\hrai\HoverRaceAI\NetTarget\Game2\Game2.vcxproj]
  (compiling source file 'GameApp.cpp')
  
C:\hrai\HoverRaceAI\NetTarget\Game2\Security.h(192,11): warning C4244: 'return': conversion from 'unsigned short' to 'unsigned char', possible loss of data [C:\hrai\HoverRaceAI\NetTarget\Game2\Game2.vcxproj]
  (compiling source file 'GameApp.cpp')
  
C:\hrai\HoverRaceAI\NetTarget\Game2\Security.h(204,18): warning C4244: 'initializing': conversion from 'int' to 'char', possible loss of data [C:\hrai\HoverRaceAI\NetTarget\Game2\Game2.vcxproj]
  (compiling source file 'GameApp.cpp')
  
C:\hrai\HoverRaceAI\NetTarget\Game2\GameApp.cpp(198,28): warning C4996: 'fopen': This function or variable may be unsafe. Consider using fopen_s instead. To disable deprecation, use _CRT_SECURE_NO_WARNINGS. See online help for details. [C:\hrai\HoverRaceAI\NetTarget\Game2\Game2.vcxproj]
C:\hrai\HoverRaceAI\NetTarget\Game2\GameApp.cpp(213,30): warning C4996: 'fopen': This function or variable may be unsafe. Consider using fopen_s instead. To disable deprecation, use _CRT_SECURE_NO_WARNINGS. See online help for details. [C:\hrai\HoverRaceAI\NetTarget\Game2\Game2.vcxproj]
C:\hrai\HoverRaceAI\NetTarget\Game2\GameApp.cpp(759,28): warning C4244: '=': conversion from 'int' to 'MR_UInt8', possible loss of data [C:\hrai\HoverRaceAI\NetTarget\Game2\Game2.vcxproj]
C:\hrai\HoverRaceAI\NetTarget\Game2\GameApp.cpp(760,28): warning C4244: '=': conversion from 'int' to 'MR_UInt8', possible loss of data [C:\hrai\HoverRaceAI\NetTarget\Game2\Game2.vcxproj]
C:\hrai\HoverRaceAI\NetTarget\Game2\GameApp.cpp(761,28): warning C4244: '=': conversion from 'int' to 'MR_UInt8', possible loss of data [C:\hrai\HoverRaceAI\NetTarget\Game2\Game2.vcxproj]
C:\hrai\HoverRaceAI\NetTarget\Game2\GameApp.cpp(762,28): warning C4244: '=': conversion from 'int' to 'MR_UInt8', possible loss of data [C:\hrai\HoverRaceAI\NetTarget\Game2\Game2.vcxproj]
C:\hrai\HoverRaceAI\NetTarget\Game2\GameApp.cpp(763,28): warning C4244: '=': conversion from 'int' to 'MR_UInt8', possible loss of data [C:\hrai\HoverRaceAI\NetTarget\Game2\Game2.vcxproj]
C:\hrai\HoverRaceAI\NetTarget\Game2\GameApp.cpp(764,28): warning C4244: '=': conversion from 'int' to 'MR_UInt8', possible loss of data [C:\hrai\HoverRaceAI\NetTarget\Game2\Game2.vcxproj]
C:\hrai\HoverRaceAI\NetTarget\Game2\GameApp.cpp(765,28): warning C4244: '=': conversion from 'int' to 'MR_UInt8', possible loss of data [C:\hrai\HoverRaceAI\NetTarget\Game2\Game2.vcxproj]
C:\hrai\HoverRaceAI\NetTarget\Game2\GameApp.cpp(767,28): warning C4244: '=': conversion from 'int' to 'MR_UInt8', possible loss of data [C:\hrai\HoverRaceAI\NetTarget\Game2\Game2.vcxproj]
C:\hrai\HoverRaceAI\NetTarget\Game2\GameApp.cpp(768,28): warning C4244: '=': conversion from 'int' to 'MR_UInt8', possible loss of data [C:\hrai\HoverRaceAI\NetTarget\Game2\Game2.vcxproj]
C:\hrai\HoverRaceAI\NetTarget\Game2\GameApp.cpp(769,28): warning C4244: '=': conversion from 'int' to 'MR_UInt8', possible loss of data [C:\hrai\HoverRaceAI\NetTarget\Game2\Game2.vcxproj]
C:\hrai\HoverRaceAI\NetTarget\Game2\GameApp.cpp(770,28): warning C4244: '=': conversion from 'int' to 'MR_UInt8', possible loss of data [C:\hrai\HoverRaceAI\NetTarget\Game2\Game2.vcxproj]
C:\hrai\HoverRaceAI\NetTarget\Game2\GameApp.cpp(771,28): warning C4244: '=': conversion from 'int' to 'MR_UInt8', possible loss of data [C:\hrai\HoverRaceAI\NetTarget\Game2\Game2.vcxproj]
C:\hrai\HoverRaceAI\NetTarget\Game2\GameApp.cpp(772,28): warning C4244: '=': conversion from 'int' to 'MR_UInt8', possible loss of data [C:\hrai\HoverRaceAI\NetTarget\Game2\Game2.vcxproj]
C:\hrai\HoverRaceAI\NetTarget\Game2\GameApp.cpp(773,28): warning C4244: '=': conversion from 'int' to 'MR_UInt8', possible loss of data [C:\hrai\HoverRaceAI\NetTarget\Game2\Game2.vcxproj]
C:\hrai\HoverRaceAI\NetTarget\Game2\GameApp.cpp(1070,20): warning C4996: 'fopen': This function or variable may be unsafe. Consider using fopen_s instead. To disable deprecation, use _CRT_SECURE_NO_WARNINGS. See online help for details. [C:\hrai\HoverRaceAI\NetTarget\Game2\Game2.vcxproj]
C:\hrai\HoverRaceAI\NetTarget\Game2\GameApp.cpp(1192,14): warning C4996: 'fopen': This function or variable may be unsafe. Consider using fopen_s instead. To disable deprecation, use _CRT_SECURE_NO_WARNINGS. See online help for details. [C:\hrai\HoverRaceAI\NetTarget\Game2\Game2.vcxproj]
C:\hrai\HoverRaceAI\NetTarget\Game2\GameApp.cpp(1309,20): warning C4996: 'fopen': This function or variable may be unsafe. Consider using fopen_s instead. To disable deprecation, use _CRT_SECURE_NO_WARNINGS. See online help for details. [C:\hrai\HoverRaceAI\NetTarget\Game2\Game2.vcxproj]
C:\hrai\HoverRaceAI\NetTarget\Game2\GameApp.cpp(1464,111): warning C4100: 'pTime': unreferenced formal parameter [C:\hrai\HoverRaceAI\NetTarget\Game2\Game2.vcxproj]
C:\hrai\HoverRaceAI\NetTarget\Game2\GameApp.cpp(1464,85): warning C4100: 'pChar2': unreferenced formal parameter [C:\hrai\HoverRaceAI\NetTarget\Game2\Game2.vcxproj]
C:\hrai\HoverRaceAI\NetTarget\Game2\GameApp.cpp(1486,12): warning C4101: 'timerInfo': unreferenced local variable [C:\hrai\HoverRaceAI\NetTarget\Game2\Game2.vcxproj]
C:\hrai\HoverRaceAI\NetTarget\Game2\GameApp.cpp(1680,43): warning C4244: 'argument': conversion from 'int' to 'MR_UInt8', possible loss of data [C:\hrai\HoverRaceAI\NetTarget\Game2\Game2.vcxproj]
C:\hrai\HoverRaceAI\NetTarget\Game2\GameApp.cpp(1501,20): warning C4996: 'fopen': This function or variable may be unsafe. Consider using fopen_s instead. To disable deprecation, use _CRT_SECURE_NO_WARNINGS. See online help for details. [C:\hrai\HoverRaceAI\NetTarget\Game2\Game2.vcxproj]
C:\hrai\HoverRaceAI\NetTarget\Game2\GameApp.cpp(1514,17): warning C4996: 'fopen': This function or variable may be unsafe. Consider using fopen_s instead. To disable deprecation, use _CRT_SECURE_NO_WARNINGS. See online help for details. [C:\hrai\HoverRaceAI\NetTarget\Game2\Game2.vcxproj]
C:\hrai\HoverRaceAI\NetTarget\Game2\GameApp.cpp(1523,17): warning C4996: 'fopen': This function or variable may be unsafe. Consider using fopen_s instead. To disable deprecation, use _CRT_SECURE_NO_WARNINGS. See online help for details. [C:\hrai\HoverRaceAI\NetTarget\Game2\Game2.vcxproj]
C:\hrai\HoverRaceAI\NetTarget\Game2\GameApp.cpp(1527,20): warning C4996: 'fopen': This function or variable may be unsafe. Consider using fopen_s instead. To disable deprecation, use _CRT_SECURE_NO_WARNINGS. See online help for details. [C:\hrai\HoverRaceAI\NetTarget\Game2\Game2.vcxproj]
C:\hrai\HoverRaceAI\NetTarget\Game2\GameApp.cpp(1532,23): warning C4996: 'fopen': This function or variable may be unsafe. Consider using fopen_s instead. To disable deprecation, use _CRT_SECURE_NO_WARNINGS. See online help for details. [C:\hrai\HoverRaceAI\NetTarget\Game2\Game2.vcxproj]
C:\hrai\HoverRaceAI\NetTarget\Game2\GameApp.cpp(1538,26): warning C4996: 'fopen': This function or variable may be unsafe. Consider using fopen_s instead. To disable deprecation, use _CRT_SECURE_NO_WARNINGS. See online help for details. [C:\hrai\HoverRaceAI\NetTarget\Game2\Game2.vcxproj]
C:\hrai\HoverRaceAI\NetTarget\Game2\GameApp.cpp(1570,26): warning C4996: 'fopen': This function or variable may be unsafe. Consider using fopen_s instead. To disable deprecation, use _CRT_SECURE_NO_WARNINGS. See online help for details. [C:\hrai\HoverRaceAI\NetTarget\Game2\Game2.vcxproj]
C:\hrai\HoverRaceAI\NetTarget\Game2\GameApp.cpp(1575,29): warning C4996: 'fopen': This function or variable may be unsafe. Consider using fopen_s instead. To disable deprecation, use _CRT_SECURE_NO_WARNINGS. See online help for details. [C:\hrai\HoverRaceAI\NetTarget\Game2\Game2.vcxproj]
C:\hrai\HoverRaceAI\NetTarget\Game2\GameApp.cpp(1578,29): warning C4996: 'fopen': This function or variable may be unsafe. Consider using fopen_s instead. To disable deprecation, use _CRT_SECURE_NO_WARNINGS. See online help for details. [C:\hrai\HoverRaceAI\NetTarget\Game2\Game2.vcxproj]
C:\hrai\HoverRaceAI\NetTarget\Game2\GameApp.cpp(1589,32): warning C4996: 'fopen': This function or variable may be unsafe. Consider using fopen_s instead. To disable deprecation, use _CRT_SECURE_NO_WARNINGS. See online help for details. [C:\hrai\HoverRaceAI\NetTarget\Game2\Game2.vcxproj]
C:\hrai\HoverRaceAI\NetTarget\Game2\GameApp.cpp(1593,32): warning C4996: 'fopen': This function or variable may be unsafe. Consider using fopen_s instead. To disable deprecation, use _CRT_SECURE_NO_WARNINGS. See online help for details. [C:\hrai\HoverRaceAI\NetTarget\Game2\Game2.vcxproj]
C:\hrai\HoverRaceAI\NetTarget\Game2\GameApp.cpp(1598,35): warning C4996: 'fopen': This function or variable may be unsafe. Consider using fopen_s instead. To disable deprecation, use _CRT_SECURE_NO_WARNINGS. See online help for details. [C:\hrai\HoverRaceAI\NetTarget\Game2\Game2.vcxproj]
C:\hrai\HoverRaceAI\NetTarget\Game2\GameApp.cpp(1603,38): warning C4996: 'fopen': This function or variable may be unsafe. Consider using fopen_s instead. To disable deprecation, use _CRT_SECURE_NO_WARNINGS. See online help for details. [C:\hrai\HoverRaceAI\NetTarget\Game2\Game2.vcxproj]
C:\hrai\HoverRaceAI\NetTarget\Game2\GameApp.cpp(1607,38): warning C4996: 'fopen': This function or variable may be unsafe. Consider using fopen_s instead. To disable deprecation, use _CRT_SECURE_NO_WARNINGS. See online help for details. [C:\hrai\HoverRaceAI\NetTarget\Game2\Game2.vcxproj]
C:\hrai\HoverRaceAI\NetTarget\Game2\GameApp.cpp(1613,35): warning C4996: 'fopen': This function or variable may be unsafe. Consider using fopen_s instead. To disable deprecation, use _CRT_SECURE_NO_WARNINGS. See online help for details. [C:\hrai\HoverRaceAI\NetTarget\Game2\Game2.vcxproj]
C:\hrai\HoverRaceAI\NetTarget\Game2\GameApp.cpp(1617,29): warning C4996: 'fopen': This function or variable may be unsafe. Consider using fopen_s instead. To disable deprecation, use _CRT_SECURE_NO_WARNINGS. See online help for details. [C:\hrai\HoverRaceAI\NetTarget\Game2\Game2.vcxproj]
C:\hrai\HoverRaceAI\NetTarget\Game2\GameApp.cpp(1621,29): warning C4996: 'fopen': This function or variable may be unsafe. Consider using fopen_s instead. To disable deprecation, use _CRT_SECURE_NO_WARNINGS. See online help for details. [C:\hrai\HoverRaceAI\NetTarget\Game2\Game2.vcxproj]
C:\hrai\HoverRaceAI\NetTarget\Game2\GameApp.cpp(1626,35): warning C4996: 'fopen': This function or variable may be unsafe. Consider using fopen_s instead. To disable deprecation, use _CRT_SECURE_NO_WARNINGS. See online help for details. [C:\hrai\HoverRaceAI\NetTarget\Game2\Game2.vcxproj]
C:\hrai\HoverRaceAI\NetTarget\Game2\GameApp.cpp(1631,38): warning C4996: 'fopen': This function or variable may be unsafe. Consider using fopen_s instead. To disable deprecation, use _CRT_SECURE_NO_WARNINGS. See online help for details. [C:\hrai\HoverRaceAI\NetTarget\Game2\Game2.vcxproj]
C:\hrai\HoverRaceAI\NetTarget\Game2\GameApp.cpp(1635,38): warning C4996: 'fopen': This function or variable may be unsafe. Consider using fopen_s instead. To disable deprecation, use _CRT_SECURE_NO_WARNINGS. See online help for details. [C:\hrai\HoverRaceAI\NetTarget\Game2\Game2.vcxproj]
C:\hrai\HoverRaceAI\NetTarget\Game2\GameApp.cpp(1641,35): warning C4996: 'fopen': This function or variable may be unsafe. Consider using fopen_s instead. To disable deprecation, use _CRT_SECURE_NO_WARNINGS. See online help for details. [C:\hrai\HoverRaceAI\NetTarget\Game2\Game2.vcxproj]
C:\hrai\HoverRaceAI\NetTarget\Game2\GameApp.cpp(1646,29): warning C4996: 'fopen': This function or variable may be unsafe. Consider using fopen_s instead. To disable deprecation, use _CRT_SECURE_NO_WARNINGS. See online help for details. [C:\hrai\HoverRaceAI\NetTarget\Game2\Game2.vcxproj]
C:\hrai\HoverRaceAI\NetTarget\Game2\GameApp.cpp(1651,29): warning C4996: 'fopen': This function or variable may be unsafe. Consider using fopen_s instead. To disable deprecation, use _CRT_SECURE_NO_WARNINGS. See online help for details. [C:\hrai\HoverRaceAI\NetTarget\Game2\Game2.vcxproj]
C:\hrai\HoverRaceAI\NetTarget\Game2\GameApp.cpp(1654,29): warning C4996: 'fopen': This function or variable may be unsafe. Consider using fopen_s instead. To disable deprecation, use _CRT_SECURE_NO_WARNINGS. See online help for details. [C:\hrai\HoverRaceAI\NetTarget\Game2\Game2.vcxproj]
C:\hrai\HoverRaceAI\NetTarget\Game2\GameApp.cpp(1678,26): warning C4996: 'fopen': This function or variable may be unsafe. Consider using fopen_s instead. To disable deprecation, use _CRT_SECURE_NO_WARNINGS. See online help for details. [C:\hrai\HoverRaceAI\NetTarget\Game2\Game2.vcxproj]
C:\hrai\HoverRaceAI\NetTarget\Game2\GameApp.cpp(1682,23): warning C4996: 'fopen': This function or variable may be unsafe. Consider using fopen_s instead. To disable deprecation, use _CRT_SECURE_NO_WARNINGS. See online help for details. [C:\hrai\HoverRaceAI\NetTarget\Game2\Game2.vcxproj]
C:\hrai\HoverRaceAI\NetTarget\Game2\GameApp.cpp(1695,32): warning C4996: 'fopen': This function or variable may be unsafe. Consider using fopen_s instead. To disable deprecation, use _CRT_SECURE_NO_WARNINGS. See online help for details. [C:\hrai\HoverRaceAI\NetTarget\Game2\Game2.vcxproj]
C:\hrai\HoverRaceAI\NetTarget\Game2\GameApp.cpp(1703,32): warning C4996: 'fopen': This function or variable may be unsafe. Consider using fopen_s instead. To disable deprecation, use _CRT_SECURE_NO_WARNINGS. See online help for details. [C:\hrai\HoverRaceAI\NetTarget\Game2\Game2.vcxproj]
C:\hrai\HoverRaceAI\NetTarget\Game2\GameApp.cpp(1708,29): warning C4996: 'fopen': This function or variable may be unsafe. Consider using fopen_s instead. To disable deprecation, use _CRT_SECURE_NO_WARNINGS. See online help for details. [C:\hrai\HoverRaceAI\NetTarget\Game2\Game2.vcxproj]
C:\hrai\HoverRaceAI\NetTarget\Game2\GameApp.cpp(1721,26): warning C4996: 'fopen': This function or variable may be unsafe. Consider using fopen_s instead. To disable deprecation, use _CRT_SECURE_NO_WARNINGS. See online help for details. [C:\hrai\HoverRaceAI\NetTarget\Game2\Game2.vcxproj]
C:\hrai\HoverRaceAI\NetTarget\Game2\GameApp.cpp(1728,32): warning C4996: 'fopen': This function or variable may be unsafe. Consider using fopen_s instead. To disable deprecation, use _CRT_SECURE_NO_WARNINGS. See online help for details. [C:\hrai\HoverRaceAI\NetTarget\Game2\Game2.vcxproj]
C:\hrai\HoverRaceAI\NetTarget\Game2\GameApp.cpp(1732,32): warning C4996: 'fopen': This function or variable may be unsafe. Consider using fopen_s instead. To disable deprecation, use _CRT_SECURE_NO_WARNINGS. See online help for details. [C:\hrai\HoverRaceAI\NetTarget\Game2\Game2.vcxproj]
C:\hrai\HoverRaceAI\NetTarget\Game2\GameApp.cpp(1744,17): warning C4996: 'fopen': This function or variable may be unsafe. Consider using fopen_s instead. To disable deprecation, use _CRT_SECURE_NO_WARNINGS. See online help for details. [C:\hrai\HoverRaceAI\NetTarget\Game2\Game2.vcxproj]
C:\hrai\HoverRaceAI\NetTarget\Game2\GameApp.cpp(1778,14): warning C4996: 'fopen': This function or variable may be unsafe. Consider using fopen_s instead. To disable deprecation, use _CRT_SECURE_NO_WARNINGS. See online help for details. [C:\hrai\HoverRaceAI\NetTarget\Game2\Game2.vcxproj]
C:\hrai\HoverRaceAI\NetTarget\Game2\GameApp.cpp(1786,20): warning C4996: 'fopen': This function or variable may be unsafe. Consider using fopen_s instead. To disable deprecation, use _CRT_SECURE_NO_WARNINGS. See online help for details. [C:\hrai\HoverRaceAI\NetTarget\Game2\Game2.vcxproj]
C:\hrai\HoverRaceAI\NetTarget\Game2\GameApp.cpp(1794,17): warning C4996: 'fopen': This function or variable may be unsafe. Consider using fopen_s instead. To disable deprecation, use _CRT_SECURE_NO_WARNINGS. See online help for details. [C:\hrai\HoverRaceAI\NetTarget\Game2\Game2.vcxproj]
C:\hrai\HoverRaceAI\NetTarget\Game2\GameApp.cpp(1806,20): warning C4996: 'fopen': This function or variable may be unsafe. Consider using fopen_s instead. To disable deprecation, use _CRT_SECURE_NO_WARNINGS. See online help for details. [C:\hrai\HoverRaceAI\NetTarget\Game2\Game2.vcxproj]
C:\hrai\HoverRaceAI\NetTarget\Game2\GameApp.cpp(1812,23): warning C4996: 'fopen': This function or variable may be unsafe. Consider using fopen_s instead. To disable deprecation, use _CRT_SECURE_NO_WARNINGS. See online help for details. [C:\hrai\HoverRaceAI\NetTarget\Game2\Game2.vcxproj]
C:\hrai\HoverRaceAI\NetTarget\Game2\GameApp.cpp(2145,20): warning C4996: 'fopen': This function or variable may be unsafe. Consider using fopen_s instead. To disable deprecation, use _CRT_SECURE_NO_WARNINGS. See online help for details. [C:\hrai\HoverRaceAI\NetTarget\Game2\Game2.vcxproj]
C:\hrai\HoverRaceAI\NetTarget\Game2\GameApp.cpp(2627,22): warning C4996: 'fopen': This function or variable may be unsafe. Consider using fopen_s instead. To disable deprecation, use _CRT_SECURE_NO_WARNINGS. See online help for details. [C:\hrai\HoverRaceAI\NetTarget\Game2\Game2.vcxproj]
C:\hrai\HoverRaceAI\NetTarget\Game2\GameApp.cpp(3333,91): warning C4100: 'pWParam': unreferenced formal parameter [C:\hrai\HoverRaceAI\NetTarget\Game2\Game2.vcxproj]
C:\hrai\HoverRaceAI\NetTarget\Game2\GameApp.cpp(3431,82): warning C4100: 'pWParam': unreferenced formal parameter [C:\hrai\HoverRaceAI\NetTarget\Game2\Game2.vcxproj]
C:\hrai\HoverRaceAI\NetTarget\Game2\GameApp.cpp(3526,99): warning C4100: 'pLParam': unreferenced formal parameter [C:\hrai\HoverRaceAI\NetTarget\Game2\Game2.vcxproj]
C:\hrai\HoverRaceAI\NetTarget\Game2\GameApp.cpp(3526,51): warning C4100: 'pWindow': unreferenced formal parameter [C:\hrai\HoverRaceAI\NetTarget\Game2\Game2.vcxproj]
C:\hrai\HoverRaceAI\NetTarget\Game2\GameApp.cpp(3559,97): warning C4100: 'pLParam': unreferenced formal parameter [C:\hrai\HoverRaceAI\NetTarget\Game2\Game2.vcxproj]
C:\hrai\HoverRaceAI\NetTarget\Game2\GameApp.cpp(3559,80): warning C4100: 'pWParam': unreferenced formal parameter [C:\hrai\HoverRaceAI\NetTarget\Game2\Game2.vcxproj]
C:\hrai\HoverRaceAI\NetTarget\Game2\GameApp.cpp(3559,64): warning C4100: 'pMsgId': unreferenced formal parameter [C:\hrai\HoverRaceAI\NetTarget\Game2\Game2.vcxproj]
C:\hrai\HoverRaceAI\NetTarget\Game2\GameApp.cpp(3559,49): warning C4100: 'pWindow': unreferenced formal parameter [C:\hrai\HoverRaceAI\NetTarget\Game2\Game2.vcxproj]
C:\hrai\HoverRaceAI\NetTarget\Game2\GameApp.cpp(3577,111): warning C4100: 'pLParam': unreferenced formal parameter [C:\hrai\HoverRaceAI\NetTarget\Game2\Game2.vcxproj]
C:\hrai\HoverRaceAI\NetTarget\Game2\GameApp.cpp(3615,94): warning C4100: 'pLParam': unreferenced formal parameter [C:\hrai\HoverRaceAI\NetTarget\Game2\Game2.vcxproj]
C:\hrai\HoverRaceAI\NetTarget\Game2\GameApp.cpp(3845,24): warning C4996: 'localtime': This function or variable may be unsafe. Consider using localtime_s instead. To disable deprecation, use _CRT_SECURE_NO_WARNINGS. See online help for details. [C:\hrai\HoverRaceAI\NetTarget\Game2\Game2.vcxproj]
C:\hrai\HoverRaceAI\NetTarget\Game2\GameApp.cpp(3745,95): warning C4100: 'pLParam': unreferenced formal parameter [C:\hrai\HoverRaceAI\NetTarget\Game2\Game2.vcxproj]
C:\hrai\HoverRaceAI\NetTarget\Game2\GameApp.cpp(3879,91): warning C4100: 'pLParam': unreferenced formal parameter [C:\hrai\HoverRaceAI\NetTarget\Game2\Game2.vcxproj]
C:\hrai\HoverRaceAI\NetTarget\Game2\GameApp.cpp(4022,97): warning C4100: 'pLParam': unreferenced formal parameter [C:\hrai\HoverRaceAI\NetTarget\Game2\Game2.vcxproj]
C:\hrai\HoverRaceAI\NetTarget\Game2\GameApp.cpp(4246,98): warning C4100: 'pLParam': unreferenced formal parameter [C:\hrai\HoverRaceAI\NetTarget\Game2\Game2.vcxproj]
C:\hrai\HoverRaceAI\NetTarget\Game2\GameApp.cpp(4406,104): warning C4100: 'pLParam': unreferenced formal parameter [C:\hrai\HoverRaceAI\NetTarget\Game2\Game2.vcxproj]
C:\hrai\HoverRaceAI\NetTarget\Game2\GameApp.cpp(4550,30): warning C4244: '=': conversion from 'int' to 'WORD', possible loss of data [C:\hrai\HoverRaceAI\NetTarget\Game2\Game2.vcxproj]
  InternetRoom.cpp
  _WIN32_WINNT not defined. Defaulting to _WIN32_WINNT_MAXVER (see WinSDKVer.h)
C:\Program Files\Microsoft Visual Studio\2022\Community\VC\Tools\MSVC\14.39.33519\include\yvals_core.h(880,1): warning C4005: '_MSVC_STL_VERSION': macro redefinition [C:\hrai\HoverRaceAI\NetTarget\Game2\Game2.vcxproj]
  (compiling source file 'InternetRoom.cpp')
  C:\Program Files\Microsoft Visual Studio\2022\Community\SDK\ScopeCppSDK\vc15\VC\include\yvals.h(156,1):
  see previous definition of '_MSVC_STL_VERSION'
  
C:\Program Files\Microsoft Visual Studio\2022\Community\VC\Tools\MSVC\14.39.33519\include\yvals_core.h(881,1): warning C4005: '_MSVC_STL_UPDATE': macro redefinition [C:\hrai\HoverRaceAI\NetTarget\Game2\Game2.vcxproj]
  (compiling source file 'InternetRoom.cpp')
  C:\Program Files\Microsoft Visual Studio\2022\Community\SDK\ScopeCppSDK\vc15\VC\include\yvals.h(157,1):
  see previous definition of '_MSVC_STL_UPDATE'
  
C:\Program Files\Microsoft Visual Studio\2022\Community\VC\Tools\MSVC\14.39.33519\include\yvals_core.h(1000,1): warning C4005: '_DEPRECATE_TR1_NAMESPACE': macro redefinition [C:\hrai\HoverRaceAI\NetTarget\Game2\Game2.vcxproj]
  (compiling source file 'InternetRoom.cpp')
  C:\Program Files\Microsoft Visual Studio\2022\Community\SDK\ScopeCppSDK\vc15\VC\include\yvals.h(247,1):
  see previous definition of '_DEPRECATE_TR1_NAMESPACE'
  
C:\Program Files\Microsoft Visual Studio\2022\Community\VC\Tools\MSVC\14.39.33519\include\yvals_core.h(1014,1): warning C4005: '_MISMATCHED_ALLOCATOR_MESSAGE': macro redefinition [C:\hrai\HoverRaceAI\NetTarget\Game2\Game2.vcxproj]
  (compiling source file 'InternetRoom.cpp')
  C:\Program Files\Microsoft Visual Studio\2022\Community\SDK\ScopeCppSDK\vc15\VC\include\yvals.h(303,1):
  see previous definition of '_MISMATCHED_ALLOCATOR_MESSAGE'
  
C:\hrai\HoverRaceAI\NetTarget\Game2\InternetRoom.cpp(199,10): warning C4996: 'sprintf': This function or variable may be unsafe. Consider using sprintf_s instead. To disable deprecation, use _CRT_SECURE_NO_WARNINGS. See online help for details. [C:\hrai\HoverRaceAI\NetTarget\Game2\Game2.vcxproj]
C:\hrai\HoverRaceAI\NetTarget\Game2\InternetRoom.cpp(218,10): warning C4996: 'sprintf': This function or variable may be unsafe. Consider using sprintf_s instead. To disable deprecation, use _CRT_SECURE_NO_WARNINGS. See online help for details. [C:\hrai\HoverRaceAI\NetTarget\Game2\Game2.vcxproj]
C:\hrai\HoverRaceAI\NetTarget\Game2\InternetRoom.cpp(239,10): warning C4996: 'sprintf': This function or variable may be unsafe. Consider using sprintf_s instead. To disable deprecation, use _CRT_SECURE_NO_WARNINGS. See online help for details. [C:\hrai\HoverRaceAI\NetTarget\Game2\Game2.vcxproj]
C:\hrai\HoverRaceAI\NetTarget\Game2\InternetRoom.cpp(255,10): warning C4996: 'sprintf': This function or variable may be unsafe. Consider using sprintf_s instead. To disable deprecation, use _CRT_SECURE_NO_WARNINGS. See online help for details. [C:\hrai\HoverRaceAI\NetTarget\Game2\Game2.vcxproj]
C:\hrai\HoverRaceAI\NetTarget\Game2\InternetRoom.cpp(269,10): warning C4996: 'sprintf': This function or variable may be unsafe. Consider using sprintf_s instead. To disable deprecation, use _CRT_SECURE_NO_WARNINGS. See online help for details. [C:\hrai\HoverRaceAI\NetTarget\Game2\Game2.vcxproj]
C:\hrai\HoverRaceAI\NetTarget\Game2\InternetRoom.cpp(308,7): warning C4996: 'sprintf': This function or variable may be unsafe. Consider using sprintf_s instead. To disable deprecation, use _CRT_SECURE_NO_WARNINGS. See online help for details. [C:\hrai\HoverRaceAI\NetTarget\Game2\Game2.vcxproj]
C:\hrai\HoverRaceAI\NetTarget\Game2\InternetRoom.cpp(341,10): warning C4996: 'sprintf': This function or variable may be unsafe. Consider using sprintf_s instead. To disable deprecation, use _CRT_SECURE_NO_WARNINGS. See online help for details. [C:\hrai\HoverRaceAI\NetTarget\Game2\Game2.vcxproj]
C:\hrai\HoverRaceAI\NetTarget\Game2\InternetRoom.cpp(354,10): warning C4996: 'sprintf': This function or variable may be unsafe. Consider using sprintf_s instead. To disable deprecation, use _CRT_SECURE_NO_WARNINGS. See online help for details. [C:\hrai\HoverRaceAI\NetTarget\Game2\Game2.vcxproj]
C:\hrai\HoverRaceAI\NetTarget\Game2\InternetRoom.cpp(379,7): warning C4996: 'WSAAsyncSelect': Use WSAEventSelect() instead or define _WINSOCK_DEPRECATED_NO_WARNINGS to disable deprecated API warnings [C:\hrai\HoverRaceAI\NetTarget\Game2\Game2.vcxproj]
C:\hrai\HoverRaceAI\NetTarget\Game2\InternetRoom.cpp(644,88): warning C4840: non-portable use of class 'ATL::CStringT<char,StrTraitMFC_DLL<char,ATL::ChTraitsCRT<_CharType>>>' as an argument to a variadic function [C:\hrai\HoverRaceAI\NetTarget\Game2\Game2.vcxproj]
C:\hrai\HoverRaceAI\NetTarget\Game2\InternetRoom.cpp(644,88): warning C4840:         with [C:\hrai\HoverRaceAI\NetTarget\Game2\Game2.vcxproj]
C:\hrai\HoverRaceAI\NetTarget\Game2\InternetRoom.cpp(644,88): warning C4840:         [ [C:\hrai\HoverRaceAI\NetTarget\Game2\Game2.vcxproj]
C:\hrai\HoverRaceAI\NetTarget\Game2\InternetRoom.cpp(644,88): warning C4840:             _CharType=char [C:\hrai\HoverRaceAI\NetTarget\Game2\Game2.vcxproj]
C:\hrai\HoverRaceAI\NetTarget\Game2\InternetRoom.cpp(644,88): warning C4840:         ] [C:\hrai\HoverRaceAI\NetTarget\Game2\Game2.vcxproj]
  C:\hrai\HoverRaceAI\NetTarget\Game2\InternetRoom.cpp(644,88):
  'ATL::CStringT<char,StrTraitMFC_DLL<char,ATL::ChTraitsCRT<_CharType>>>::CStringT' is non-trivial
          with
          [
              _CharType=char
          ]
  C:\Program Files\Microsoft Visual Studio\2022\Community\VC\Tools\MSVC\14.39.33519\atlmfc\include\cstringt.h(1030,2):
  see declaration of 'ATL::CStringT<char,StrTraitMFC_DLL<char,ATL::ChTraitsCRT<_CharType>>>::CStringT'
          with
          [
              _CharType=char
          ]
  C:\hrai\HoverRaceAI\NetTarget\Game2\InternetRoom.cpp(644,88):
  the constructor and destructor will not be called; a bitwise copy of the class will be passed as the argument
  C:\Program Files\Microsoft Visual Studio\2022\Community\VC\Tools\MSVC\14.39.33519\atlmfc\include\afxstr.h(87,84):
  see declaration of 'ATL::CStringT<char,StrTraitMFC_DLL<char,ATL::ChTraitsCRT<_CharType>>>'
          with
          [
              _CharType=char
          ]
  
C:\hrai\HoverRaceAI\NetTarget\Game2\InternetRoom.cpp(644,53): warning C4477: 'fprintf' : format string '%s' requires an argument of type 'char *', but variadic argument 1 has type 'CString' [C:\hrai\HoverRaceAI\NetTarget\Game2\Game2.vcxproj]
C:\hrai\HoverRaceAI\NetTarget\Game2\InternetRoom.cpp(660,92): warning C4840: non-portable use of class 'ATL::CStringT<char,StrTraitMFC_DLL<char,ATL::ChTraitsCRT<_CharType>>>' as an argument to a variadic function [C:\hrai\HoverRaceAI\NetTarget\Game2\Game2.vcxproj]
C:\hrai\HoverRaceAI\NetTarget\Game2\InternetRoom.cpp(660,92): warning C4840:         with [C:\hrai\HoverRaceAI\NetTarget\Game2\Game2.vcxproj]
C:\hrai\HoverRaceAI\NetTarget\Game2\InternetRoom.cpp(660,92): warning C4840:         [ [C:\hrai\HoverRaceAI\NetTarget\Game2\Game2.vcxproj]
C:\hrai\HoverRaceAI\NetTarget\Game2\InternetRoom.cpp(660,92): warning C4840:             _CharType=char [C:\hrai\HoverRaceAI\NetTarget\Game2\Game2.vcxproj]
C:\hrai\HoverRaceAI\NetTarget\Game2\InternetRoom.cpp(660,92): warning C4840:         ] [C:\hrai\HoverRaceAI\NetTarget\Game2\Game2.vcxproj]
  C:\hrai\HoverRaceAI\NetTarget\Game2\InternetRoom.cpp(660,92):
  'ATL::CStringT<char,StrTraitMFC_DLL<char,ATL::ChTraitsCRT<_CharType>>>::CStringT' is non-trivial
          with
          [
              _CharType=char
          ]
  C:\Program Files\Microsoft Visual Studio\2022\Community\VC\Tools\MSVC\14.39.33519\atlmfc\include\cstringt.h(1030,2):
  see declaration of 'ATL::CStringT<char,StrTraitMFC_DLL<char,ATL::ChTraitsCRT<_CharType>>>::CStringT'
          with
          [
              _CharType=char
          ]
  C:\hrai\HoverRaceAI\NetTarget\Game2\InternetRoom.cpp(660,92):
  the constructor and destructor will not be called; a bitwise copy of the class will be passed as the argument
  C:\Program Files\Microsoft Visual Studio\2022\Community\VC\Tools\MSVC\14.39.33519\atlmfc\include\afxstr.h(87,84):
  see declaration of 'ATL::CStringT<char,StrTraitMFC_DLL<char,ATL::ChTraitsCRT<_CharType>>>'
          with
          [
              _CharType=char
          ]
  
C:\hrai\HoverRaceAI\NetTarget\Game2\InternetRoom.cpp(660,59): warning C4477: 'fprintf' : format string '%s' requires an argument of type 'char *', but variadic argument 1 has type 'CString' [C:\hrai\HoverRaceAI\NetTarget\Game2\Game2.vcxproj]
C:\hrai\HoverRaceAI\NetTarget\Game2\InternetRoom.cpp(718,110): warning C4840: non-portable use of class 'ATL::CStringT<char,StrTraitMFC_DLL<char,ATL::ChTraitsCRT<_CharType>>>' as an argument to a variadic function [C:\hrai\HoverRaceAI\NetTarget\Game2\Game2.vcxproj]
C:\hrai\HoverRaceAI\NetTarget\Game2\InternetRoom.cpp(718,110): warning C4840:         with [C:\hrai\HoverRaceAI\NetTarget\Game2\Game2.vcxproj]
C:\hrai\HoverRaceAI\NetTarget\Game2\InternetRoom.cpp(718,110): warning C4840:         [ [C:\hrai\HoverRaceAI\NetTarget\Game2\Game2.vcxproj]
C:\hrai\HoverRaceAI\NetTarget\Game2\InternetRoom.cpp(718,110): warning C4840:             _CharType=char [C:\hrai\HoverRaceAI\NetTarget\Game2\Game2.vcxproj]
C:\hrai\HoverRaceAI\NetTarget\Game2\InternetRoom.cpp(718,110): warning C4840:         ] [C:\hrai\HoverRaceAI\NetTarget\Game2\Game2.vcxproj]
  C:\hrai\HoverRaceAI\NetTarget\Game2\InternetRoom.cpp(718,110):
  'ATL::CStringT<char,StrTraitMFC_DLL<char,ATL::ChTraitsCRT<_CharType>>>::CStringT' is non-trivial
          with
          [
              _CharType=char
          ]
  C:\Program Files\Microsoft Visual Studio\2022\Community\VC\Tools\MSVC\14.39.33519\atlmfc\include\cstringt.h(1030,2):
  see declaration of 'ATL::CStringT<char,StrTraitMFC_DLL<char,ATL::ChTraitsCRT<_CharType>>>::CStringT'
          with
          [
              _CharType=char
          ]
  C:\hrai\HoverRaceAI\NetTarget\Game2\InternetRoom.cpp(718,110):
  the constructor and destructor will not be called; a bitwise copy of the class will be passed as the argument
  C:\Program Files\Microsoft Visual Studio\2022\Community\VC\Tools\MSVC\14.39.33519\atlmfc\include\afxstr.h(87,84):
  see declaration of 'ATL::CStringT<char,StrTraitMFC_DLL<char,ATL::ChTraitsCRT<_CharType>>>'
          with
          [
              _CharType=char
          ]
  
C:\hrai\HoverRaceAI\NetTarget\Game2\InternetRoom.cpp(718,59): warning C4477: 'fprintf' : format string '%s' requires an argument of type 'char *', but variadic argument 1 has type 'CString' [C:\hrai\HoverRaceAI\NetTarget\Game2\Game2.vcxproj]
C:\hrai\HoverRaceAI\NetTarget\Game2\InternetRoom.cpp(551,10): warning C4996: 'sscanf': This function or variable may be unsafe. Consider using sscanf_s instead. To disable deprecation, use _CRT_SECURE_NO_WARNINGS. See online help for details. [C:\hrai\HoverRaceAI\NetTarget\Game2\Game2.vcxproj]
C:\hrai\HoverRaceAI\NetTarget\Game2\InternetRoom.cpp(558,14): warning C4996: 'sscanf': This function or variable may be unsafe. Consider using sscanf_s instead. To disable deprecation, use _CRT_SECURE_NO_WARNINGS. See online help for details. [C:\hrai\HoverRaceAI\NetTarget\Game2\Game2.vcxproj]
C:\hrai\HoverRaceAI\NetTarget\Game2\InternetRoom.cpp(578,22): warning C4996: 'sscanf': This function or variable may be unsafe. Consider using sscanf_s instead. To disable deprecation, use _CRT_SECURE_NO_WARNINGS. See online help for details. [C:\hrai\HoverRaceAI\NetTarget\Game2\Game2.vcxproj]
C:\hrai\HoverRaceAI\NetTarget\Game2\InternetRoom.cpp(599,14): warning C4996: 'sscanf': This function or variable may be unsafe. Consider using sscanf_s instead. To disable deprecation, use _CRT_SECURE_NO_WARNINGS. See online help for details. [C:\hrai\HoverRaceAI\NetTarget\Game2\Game2.vcxproj]
C:\hrai\HoverRaceAI\NetTarget\Game2\InternetRoom.cpp(614,39): warning C4996: 'fopen': This function or variable may be unsafe. Consider using fopen_s instead. To disable deprecation, use _CRT_SECURE_NO_WARNINGS. See online help for details. [C:\hrai\HoverRaceAI\NetTarget\Game2\Game2.vcxproj]
C:\hrai\HoverRaceAI\NetTarget\Game2\InternetRoom.cpp(646,26): warning C4996: 'sscanf': This function or variable may be unsafe. Consider using sscanf_s instead. To disable deprecation, use _CRT_SECURE_NO_WARNINGS. See online help for details. [C:\hrai\HoverRaceAI\NetTarget\Game2\Game2.vcxproj]
C:\hrai\HoverRaceAI\NetTarget\Game2\InternetRoom.cpp(803,18): warning C4456: declaration of 'lPath' hides previous local declaration [C:\hrai\HoverRaceAI\NetTarget\Game2\Game2.vcxproj]
  C:\hrai\HoverRaceAI\NetTarget\Game2\InternetRoom.cpp(766,15):
  see declaration of 'lPath'
  
C:\hrai\HoverRaceAI\NetTarget\Game2\InternetRoom.cpp(866,25): warning C4996: 'strcpy': This function or variable may be unsafe. Consider using strcpy_s instead. To disable deprecation, use _CRT_SECURE_NO_WARNINGS. See online help for details. [C:\hrai\HoverRaceAI\NetTarget\Game2\Game2.vcxproj]
C:\hrai\HoverRaceAI\NetTarget\Game2\InternetRoom.cpp(806,28): warning C4996: 'sscanf': This function or variable may be unsafe. Consider using sscanf_s instead. To disable deprecation, use _CRT_SECURE_NO_WARNINGS. See online help for details. [C:\hrai\HoverRaceAI\NetTarget\Game2\Game2.vcxproj]
C:\hrai\HoverRaceAI\NetTarget\Game2\InternetRoom.cpp(844,29): warning C4996: 'sscanf': This function or variable may be unsafe. Consider using sscanf_s instead. To disable deprecation, use _CRT_SECURE_NO_WARNINGS. See online help for details. [C:\hrai\HoverRaceAI\NetTarget\Game2\Game2.vcxproj]
C:\hrai\HoverRaceAI\NetTarget\Game2\InternetRoom.cpp(862,25): warning C4996: 'strncpy': This function or variable may be unsafe. Consider using strncpy_s instead. To disable deprecation, use _CRT_SECURE_NO_WARNINGS. See online help for details. [C:\hrai\HoverRaceAI\NetTarget\Game2\Game2.vcxproj]
C:\hrai\HoverRaceAI\NetTarget\Game2\InternetRoom.cpp(869,28): warning C4996: 'strncpy': This function or variable may be unsafe. Consider using strncpy_s instead. To disable deprecation, use _CRT_SECURE_NO_WARNINGS. See online help for details. [C:\hrai\HoverRaceAI\NetTarget\Game2\Game2.vcxproj]
C:\hrai\HoverRaceAI\NetTarget\Game2\InternetRoom.cpp(874,66): warning C4996: 'inet_addr': Use inet_pton() or InetPton() instead or define _WINSOCK_DEPRECATED_NO_WARNINGS to disable deprecated API warnings [C:\hrai\HoverRaceAI\NetTarget\Game2\Game2.vcxproj]
C:\hrai\HoverRaceAI\NetTarget\Game2\InternetRoom.cpp(879,52): warning C4996: 'gethostbyname': Use getaddrinfo() or GetAddrInfoW() instead or define _WINSOCK_DEPRECATED_NO_WARNINGS to disable deprecated API warnings [C:\hrai\HoverRaceAI\NetTarget\Game2\Game2.vcxproj]
C:\hrai\HoverRaceAI\NetTarget\Game2\InternetRoom.cpp(910,38): warning C4996: 'sscanf': This function or variable may be unsafe. Consider using sscanf_s instead. To disable deprecation, use _CRT_SECURE_NO_WARNINGS. See online help for details. [C:\hrai\HoverRaceAI\NetTarget\Game2\Game2.vcxproj]
C:\hrai\HoverRaceAI\NetTarget\Game2\InternetRoom.cpp(925,26): warning C4996: 'sscanf': This function or variable may be unsafe. Consider using sscanf_s instead. To disable deprecation, use _CRT_SECURE_NO_WARNINGS. See online help for details. [C:\hrai\HoverRaceAI\NetTarget\Game2\Game2.vcxproj]
C:\hrai\HoverRaceAI\NetTarget\Game2\InternetRoom.cpp(931,66): warning C4996: 'inet_addr': Use inet_pton() or InetPton() instead or define _WINSOCK_DEPRECATED_NO_WARNINGS to disable deprecated API warnings [C:\hrai\HoverRaceAI\NetTarget\Game2\Game2.vcxproj]
C:\hrai\HoverRaceAI\NetTarget\Game2\InternetRoom.cpp(966,36): warning C4996: 'inet_addr': Use inet_pton() or InetPton() instead or define _WINSOCK_DEPRECATED_NO_WARNINGS to disable deprecated API warnings [C:\hrai\HoverRaceAI\NetTarget\Game2\Game2.vcxproj]
C:\hrai\HoverRaceAI\NetTarget\Game2\InternetRoom.cpp(753,43): warning C4100: 'pParentWindow': unreferenced formal parameter [C:\hrai\HoverRaceAI\NetTarget\Game2\Game2.vcxproj]
C:\hrai\HoverRaceAI\NetTarget\Game2\InternetRoom.cpp(801,18): warning C4101: 'lPathOrUrl': unreferenced local variable [C:\hrai\HoverRaceAI\NetTarget\Game2\Game2.vcxproj]
C:\hrai\HoverRaceAI\NetTarget\Game2\InternetRoom.cpp(996,7): warning C4996: 'sprintf': This function or variable may be unsafe. Consider using sprintf_s instead. To disable deprecation, use _CRT_SECURE_NO_WARNINGS. See online help for details. [C:\hrai\HoverRaceAI\NetTarget\Game2\Game2.vcxproj]
C:\hrai\HoverRaceAI\NetTarget\Game2\InternetRoom.cpp(1006,7): warning C4996: 'sprintf': This function or variable may be unsafe. Consider using sprintf_s instead. To disable deprecation, use _CRT_SECURE_NO_WARNINGS. See online help for details. [C:\hrai\HoverRaceAI\NetTarget\Game2\Game2.vcxproj]
C:\hrai\HoverRaceAI\NetTarget\Game2\InternetRoom.cpp(1029,10): warning C4996: 'sscanf': This function or variable may be unsafe. Consider using sscanf_s instead. To disable deprecation, use _CRT_SECURE_NO_WARNINGS. See online help for details. [C:\hrai\HoverRaceAI\NetTarget\Game2\Game2.vcxproj]
C:\hrai\HoverRaceAI\NetTarget\Game2\InternetRoom.cpp(1102,10): warning C4996: 'sscanf': This function or variable may be unsafe. Consider using sscanf_s instead. To disable deprecation, use _CRT_SECURE_NO_WARNINGS. See online help for details. [C:\hrai\HoverRaceAI\NetTarget\Game2\Game2.vcxproj]
C:\hrai\HoverRaceAI\NetTarget\Game2\InternetRoom.cpp(1154,10): warning C4996: 'sscanf': This function or variable may be unsafe. Consider using sscanf_s instead. To disable deprecation, use _CRT_SECURE_NO_WARNINGS. See online help for details. [C:\hrai\HoverRaceAI\NetTarget\Game2\Game2.vcxproj]
C:\hrai\HoverRaceAI\NetTarget\Game2\InternetRoom.cpp(1567,10): warning C4996: 'sscanf': This function or variable may be unsafe. Consider using sscanf_s instead. To disable deprecation, use _CRT_SECURE_NO_WARNINGS. See online help for details. [C:\hrai\HoverRaceAI\NetTarget\Game2\Game2.vcxproj]
C:\hrai\HoverRaceAI\NetTarget\Game2\InternetRoom.cpp(1816,106): warning C4100: 'pLParam': unreferenced formal parameter [C:\hrai\HoverRaceAI\NetTarget\Game2\Game2.vcxproj]
C:\hrai\HoverRaceAI\NetTarget\Game2\InternetRoom.cpp(1878,104): warning C4100: 'pLParam': unreferenced formal parameter [C:\hrai\HoverRaceAI\NetTarget\Game2\Game2.vcxproj]
C:\hrai\HoverRaceAI\NetTarget\Game2\InternetRoom.cpp(2068,26): warning C4389: '!=': signed/unsigned mismatch [C:\hrai\HoverRaceAI\NetTarget\Game2\Game2.vcxproj]
C:\hrai\HoverRaceAI\NetTarget\Game2\InternetRoom.cpp(2342,19): warning C4996: 'sscanf': This function or variable may be unsafe. Consider using sscanf_s instead. To disable deprecation, use _CRT_SECURE_NO_WARNINGS. See online help for details. [C:\hrai\HoverRaceAI\NetTarget\Game2\Game2.vcxproj]
C:\hrai\HoverRaceAI\NetTarget\Game2\InternetRoom.cpp(2428,35): warning C4996: 'fopen': This function or variable may be unsafe. Consider using fopen_s instead. To disable deprecation, use _CRT_SECURE_NO_WARNINGS. See online help for details. [C:\hrai\HoverRaceAI\NetTarget\Game2\Game2.vcxproj]
C:\hrai\HoverRaceAI\NetTarget\Game2\InternetRoom.cpp(2517,32): warning C4996: 'fopen': This function or variable may be unsafe. Consider using fopen_s instead. To disable deprecation, use _CRT_SECURE_NO_WARNINGS. See online help for details. [C:\hrai\HoverRaceAI\NetTarget\Game2\Game2.vcxproj]
C:\hrai\HoverRaceAI\NetTarget\Game2\InternetRoom.cpp(2523,32): warning C4996: 'fopen': This function or variable may be unsafe. Consider using fopen_s instead. To disable deprecation, use _CRT_SECURE_NO_WARNINGS. See online help for details. [C:\hrai\HoverRaceAI\NetTarget\Game2\Game2.vcxproj]
C:\hrai\HoverRaceAI\NetTarget\Game2\InternetRoom.cpp(2751,19): warning C4996: 'sprintf': This function or variable may be unsafe. Consider using sprintf_s instead. To disable deprecation, use _CRT_SECURE_NO_WARNINGS. See online help for details. [C:\hrai\HoverRaceAI\NetTarget\Game2\Game2.vcxproj]
C:\hrai\HoverRaceAI\NetTarget\Game2\InternetRoom.cpp(2760,19): warning C4996: 'sprintf': This function or variable may be unsafe. Consider using sprintf_s instead. To disable deprecation, use _CRT_SECURE_NO_WARNINGS. See online help for details. [C:\hrai\HoverRaceAI\NetTarget\Game2\Game2.vcxproj]
C:\hrai\HoverRaceAI\NetTarget\Game2\InternetRoom.cpp(2784,22): warning C4996: 'sprintf': This function or variable may be unsafe. Consider using sprintf_s instead. To disable deprecation, use _CRT_SECURE_NO_WARNINGS. See online help for details. [C:\hrai\HoverRaceAI\NetTarget\Game2\Game2.vcxproj]
C:\hrai\HoverRaceAI\NetTarget\Game2\InternetRoom.cpp(2709,102): warning C4100: 'pLParam': unreferenced formal parameter [C:\hrai\HoverRaceAI\NetTarget\Game2\Game2.vcxproj]
C:\hrai\HoverRaceAI\NetTarget\Game2\InternetRoom.cpp(2864,16): warning C4996: 'sprintf': This function or variable may be unsafe. Consider using sprintf_s instead. To disable deprecation, use _CRT_SECURE_NO_WARNINGS. See online help for details. [C:\hrai\HoverRaceAI\NetTarget\Game2\Game2.vcxproj]
  License.cpp
  _WIN32_WINNT not defined. Defaulting to _WIN32_WINNT_MAXVER (see WinSDKVer.h)
C:\Program Files\Microsoft Visual Studio\2022\Community\VC\Tools\MSVC\14.39.33519\include\yvals_core.h(880,1): warning C4005: '_MSVC_STL_VERSION': macro redefinition [C:\hrai\HoverRaceAI\NetTarget\Game2\Game2.vcxproj]
  (compiling source file 'License.cpp')
  C:\Program Files\Microsoft Visual Studio\2022\Community\SDK\ScopeCppSDK\vc15\VC\include\yvals.h(156,1):
  see previous definition of '_MSVC_STL_VERSION'
  
C:\Program Files\Microsoft Visual Studio\2022\Community\VC\Tools\MSVC\14.39.33519\include\yvals_core.h(881,1): warning C4005: '_MSVC_STL_UPDATE': macro redefinition [C:\hrai\HoverRaceAI\NetTarget\Game2\Game2.vcxproj]
  (compiling source file 'License.cpp')
  C:\Program Files\Microsoft Visual Studio\2022\Community\SDK\ScopeCppSDK\vc15\VC\include\yvals.h(157,1):
  see previous definition of '_MSVC_STL_UPDATE'
  
C:\Program Files\Microsoft Visual Studio\2022\Community\VC\Tools\MSVC\14.39.33519\include\yvals_core.h(1000,1): warning C4005: '_DEPRECATE_TR1_NAMESPACE': macro redefinition [C:\hrai\HoverRaceAI\NetTarget\Game2\Game2.vcxproj]
  (compiling source file 'License.cpp')
  C:\Program Files\Microsoft Visual Studio\2022\Community\SDK\ScopeCppSDK\vc15\VC\include\yvals.h(247,1):
  see previous definition of '_DEPRECATE_TR1_NAMESPACE'
  
C:\Program Files\Microsoft Visual Studio\2022\Community\VC\Tools\MSVC\14.39.33519\include\yvals_core.h(1014,1): warning C4005: '_MISMATCHED_ALLOCATOR_MESSAGE': macro redefinition [C:\hrai\HoverRaceAI\NetTarget\Game2\Game2.vcxproj]
  (compiling source file 'License.cpp')
  C:\Program Files\Microsoft Visual Studio\2022\Community\SDK\ScopeCppSDK\vc15\VC\include\yvals.h(303,1):
  see previous definition of '_MISMATCHED_ALLOCATOR_MESSAGE'
  
  main.cpp
  _WIN32_WINNT not defined. Defaulting to _WIN32_WINNT_MAXVER (see WinSDKVer.h)
C:\Program Files\Microsoft Visual Studio\2022\Community\VC\Tools\MSVC\14.39.33519\include\yvals_core.h(880,1): warning C4005: '_MSVC_STL_VERSION': macro redefinition [C:\hrai\HoverRaceAI\NetTarget\Game2\Game2.vcxproj]
  (compiling source file 'main.cpp')
  C:\Program Files\Microsoft Visual Studio\2022\Community\SDK\ScopeCppSDK\vc15\VC\include\yvals.h(156,1):
  see previous definition of '_MSVC_STL_VERSION'
  
C:\Program Files\Microsoft Visual Studio\2022\Community\VC\Tools\MSVC\14.39.33519\include\yvals_core.h(881,1): warning C4005: '_MSVC_STL_UPDATE': macro redefinition [C:\hrai\HoverRaceAI\NetTarget\Game2\Game2.vcxproj]
  (compiling source file 'main.cpp')
  C:\Program Files\Microsoft Visual Studio\2022\Community\SDK\ScopeCppSDK\vc15\VC\include\yvals.h(157,1):
  see previous definition of '_MSVC_STL_UPDATE'
  
C:\Program Files\Microsoft Visual Studio\2022\Community\VC\Tools\MSVC\14.39.33519\include\yvals_core.h(1000,1): warning C4005: '_DEPRECATE_TR1_NAMESPACE': macro redefinition [C:\hrai\HoverRaceAI\NetTarget\Game2\Game2.vcxproj]
  (compiling source file 'main.cpp')
  C:\Program Files\Microsoft Visual Studio\2022\Community\SDK\ScopeCppSDK\vc15\VC\include\yvals.h(247,1):
  see previous definition of '_DEPRECATE_TR1_NAMESPACE'
  
C:\Program Files\Microsoft Visual Studio\2022\Community\VC\Tools\MSVC\14.39.33519\include\yvals_core.h(1014,1): warning C4005: '_MISMATCHED_ALLOCATOR_MESSAGE': macro redefinition [C:\hrai\HoverRaceAI\NetTarget\Game2\Game2.vcxproj]
  (compiling source file 'main.cpp')
  C:\Program Files\Microsoft Visual Studio\2022\Community\SDK\ScopeCppSDK\vc15\VC\include\yvals.h(303,1):
  see previous definition of '_MISMATCHED_ALLOCATOR_MESSAGE'
  
C:\hrai\HoverRaceAI\NetTarget\Game2\main.cpp(31,22): warning C4996: 'fopen': This function or variable may be unsafe. Consider using fopen_s instead. To disable deprecation, use _CRT_SECURE_NO_WARNINGS. See online help for details. [C:\hrai\HoverRaceAI\NetTarget\Game2\Game2.vcxproj]
C:\hrai\HoverRaceAI\NetTarget\Game2\main.cpp(29,90): warning C4100: 'pCmdShow': unreferenced formal parameter [C:\hrai\HoverRaceAI\NetTarget\Game2\Game2.vcxproj]
  MatchReport.cpp
  _WIN32_WINNT not defined. Defaulting to _WIN32_WINNT_MAXVER (see WinSDKVer.h)
C:\Program Files\Microsoft Visual Studio\2022\Community\VC\Tools\MSVC\14.39.33519\include\yvals_core.h(880,1): warning C4005: '_MSVC_STL_VERSION': macro redefinition [C:\hrai\HoverRaceAI\NetTarget\Game2\Game2.vcxproj]
  (compiling source file 'MatchReport.cpp')
  C:\Program Files\Microsoft Visual Studio\2022\Community\SDK\ScopeCppSDK\vc15\VC\include\yvals.h(156,1):
  see previous definition of '_MSVC_STL_VERSION'
  
C:\Program Files\Microsoft Visual Studio\2022\Community\VC\Tools\MSVC\14.39.33519\include\yvals_core.h(881,1): warning C4005: '_MSVC_STL_UPDATE': macro redefinition [C:\hrai\HoverRaceAI\NetTarget\Game2\Game2.vcxproj]
  (compiling source file 'MatchReport.cpp')
  C:\Program Files\Microsoft Visual Studio\2022\Community\SDK\ScopeCppSDK\vc15\VC\include\yvals.h(157,1):
  see previous definition of '_MSVC_STL_UPDATE'
  
C:\Program Files\Microsoft Visual Studio\2022\Community\VC\Tools\MSVC\14.39.33519\include\yvals_core.h(1000,1): warning C4005: '_DEPRECATE_TR1_NAMESPACE': macro redefinition [C:\hrai\HoverRaceAI\NetTarget\Game2\Game2.vcxproj]
  (compiling source file 'MatchReport.cpp')
  C:\Program Files\Microsoft Visual Studio\2022\Community\SDK\ScopeCppSDK\vc15\VC\include\yvals.h(247,1):
  see previous definition of '_DEPRECATE_TR1_NAMESPACE'
  
C:\Program Files\Microsoft Visual Studio\2022\Community\VC\Tools\MSVC\14.39.33519\include\yvals_core.h(1014,1): warning C4005: '_MISMATCHED_ALLOCATOR_MESSAGE': macro redefinition [C:\hrai\HoverRaceAI\NetTarget\Game2\Game2.vcxproj]
  (compiling source file 'MatchReport.cpp')
  C:\Program Files\Microsoft Visual Studio\2022\Community\SDK\ScopeCppSDK\vc15\VC\include\yvals.h(303,1):
  see previous definition of '_MISMATCHED_ALLOCATOR_MESSAGE'
  
C:\hrai\HoverRaceAI\NetTarget\Game2\MatchReport.cpp(253,7): warning C4996: 'sprintf': This function or variable may be unsafe. Consider using sprintf_s instead. To disable deprecation, use _CRT_SECURE_NO_WARNINGS. See online help for details. [C:\hrai\HoverRaceAI\NetTarget\Game2\Game2.vcxproj]
C:\hrai\HoverRaceAI\NetTarget\Game2\MatchReport.cpp(270,7): warning C4996: 'WSAAsyncSelect': Use WSAEventSelect() instead or define _WINSOCK_DEPRECATED_NO_WARNINGS to disable deprecated API warnings [C:\hrai\HoverRaceAI\NetTarget\Game2\Game2.vcxproj]
C:\hrai\HoverRaceAI\NetTarget\Game2\MatchReport.cpp(369,10): warning C4996: 'strcat': This function or variable may be unsafe. Consider using strcat_s instead. To disable deprecation, use _CRT_SECURE_NO_WARNINGS. See online help for details. [C:\hrai\HoverRaceAI\NetTarget\Game2\Game2.vcxproj]
C:\hrai\HoverRaceAI\NetTarget\Game2\MatchReport.cpp(371,7): warning C4996: 'strcat': This function or variable may be unsafe. Consider using strcat_s instead. To disable deprecation, use _CRT_SECURE_NO_WARNINGS. See online help for details. [C:\hrai\HoverRaceAI\NetTarget\Game2\Game2.vcxproj]
C:\hrai\HoverRaceAI\NetTarget\Game2\MatchReport.cpp(388,7): warning C4996: 'strcat': This function or variable may be unsafe. Consider using strcat_s instead. To disable deprecation, use _CRT_SECURE_NO_WARNINGS. See online help for details. [C:\hrai\HoverRaceAI\NetTarget\Game2\Game2.vcxproj]
C:\hrai\HoverRaceAI\NetTarget\Game2\MatchReport.cpp(389,7): warning C4996: 'strcat': This function or variable may be unsafe. Consider using strcat_s instead. To disable deprecation, use _CRT_SECURE_NO_WARNINGS. See online help for details. [C:\hrai\HoverRaceAI\NetTarget\Game2\Game2.vcxproj]
C:\hrai\HoverRaceAI\NetTarget\Game2\MatchReport.cpp(390,7): warning C4996: 'strcat': This function or variable may be unsafe. Consider using strcat_s instead. To disable deprecation, use _CRT_SECURE_NO_WARNINGS. See online help for details. [C:\hrai\HoverRaceAI\NetTarget\Game2\Game2.vcxproj]
C:\hrai\HoverRaceAI\NetTarget\Game2\MatchReport.cpp(391,7): warning C4996: 'strcat': This function or variable may be unsafe. Consider using strcat_s instead. To disable deprecation, use _CRT_SECURE_NO_WARNINGS. See online help for details. [C:\hrai\HoverRaceAI\NetTarget\Game2\Game2.vcxproj]
C:\hrai\HoverRaceAI\NetTarget\Game2\MatchReport.cpp(403,13): warning C4996: 'strcat': This function or variable may be unsafe. Consider using strcat_s instead. To disable deprecation, use _CRT_SECURE_NO_WARNINGS. See online help for details. [C:\hrai\HoverRaceAI\NetTarget\Game2\Game2.vcxproj]
C:\hrai\HoverRaceAI\NetTarget\Game2\MatchReport.cpp(405,10): warning C4996: 'strcat': This function or variable may be unsafe. Consider using strcat_s instead. To disable deprecation, use _CRT_SECURE_NO_WARNINGS. See online help for details. [C:\hrai\HoverRaceAI\NetTarget\Game2\Game2.vcxproj]
C:\hrai\HoverRaceAI\NetTarget\Game2\MatchReport.cpp(406,10): warning C4996: 'strcat': This function or variable may be unsafe. Consider using strcat_s instead. To disable deprecation, use _CRT_SECURE_NO_WARNINGS. See online help for details. [C:\hrai\HoverRaceAI\NetTarget\Game2\Game2.vcxproj]
C:\hrai\HoverRaceAI\NetTarget\Game2\MatchReport.cpp(407,10): warning C4996: 'strcat': This function or variable may be unsafe. Consider using strcat_s instead. To disable deprecation, use _CRT_SECURE_NO_WARNINGS. See online help for details. [C:\hrai\HoverRaceAI\NetTarget\Game2\Game2.vcxproj]
C:\hrai\HoverRaceAI\NetTarget\Game2\MatchReport.cpp(415,4): warning C4996: 'strncpy': This function or variable may be unsafe. Consider using strncpy_s instead. To disable deprecation, use _CRT_SECURE_NO_WARNINGS. See online help for details. [C:\hrai\HoverRaceAI\NetTarget\Game2\Game2.vcxproj]
C:\hrai\HoverRaceAI\NetTarget\Game2\MatchReport.cpp(476,19): warning C4996: 'strcat': This function or variable may be unsafe. Consider using strcat_s instead. To disable deprecation, use _CRT_SECURE_NO_WARNINGS. See online help for details. [C:\hrai\HoverRaceAI\NetTarget\Game2\Game2.vcxproj]
C:\hrai\HoverRaceAI\NetTarget\Game2\MatchReport.cpp(470,13): warning C4996: 'sscanf': This function or variable may be unsafe. Consider using sscanf_s instead. To disable deprecation, use _CRT_SECURE_NO_WARNINGS. See online help for details. [C:\hrai\HoverRaceAI\NetTarget\Game2\Game2.vcxproj]
C:\hrai\HoverRaceAI\NetTarget\Game2\MatchReport.cpp(479,19): warning C4996: 'strncpy': This function or variable may be unsafe. Consider using strncpy_s instead. To disable deprecation, use _CRT_SECURE_NO_WARNINGS. See online help for details. [C:\hrai\HoverRaceAI\NetTarget\Game2\Game2.vcxproj]
C:\hrai\HoverRaceAI\NetTarget\Game2\MatchReport.cpp(484,16): warning C4996: 'strncpy': This function or variable may be unsafe. Consider using strncpy_s instead. To disable deprecation, use _CRT_SECURE_NO_WARNINGS. See online help for details. [C:\hrai\HoverRaceAI\NetTarget\Game2\Game2.vcxproj]
C:\hrai\HoverRaceAI\NetTarget\Game2\MatchReport.cpp(494,16): warning C4996: 'sscanf': This function or variable may be unsafe. Consider using sscanf_s instead. To disable deprecation, use _CRT_SECURE_NO_WARNINGS. See online help for details. [C:\hrai\HoverRaceAI\NetTarget\Game2\Game2.vcxproj]
C:\hrai\HoverRaceAI\NetTarget\Game2\MatchReport.cpp(500,16): warning C4996: 'sscanf': This function or variable may be unsafe. Consider using sscanf_s instead. To disable deprecation, use _CRT_SECURE_NO_WARNINGS. See online help for details. [C:\hrai\HoverRaceAI\NetTarget\Game2\Game2.vcxproj]
C:\hrai\HoverRaceAI\NetTarget\Game2\MatchReport.cpp(506,16): warning C4996: 'sscanf': This function or variable may be unsafe. Consider using sscanf_s instead. To disable deprecation, use _CRT_SECURE_NO_WARNINGS. See online help for details. [C:\hrai\HoverRaceAI\NetTarget\Game2\Game2.vcxproj]
C:\hrai\HoverRaceAI\NetTarget\Game2\MatchReport.cpp(591,38): warning C4456: declaration of 'lResult' hides previous local declaration [C:\hrai\HoverRaceAI\NetTarget\Game2\Game2.vcxproj]
  C:\hrai\HoverRaceAI\NetTarget\Game2\MatchReport.cpp(557,26):
  see declaration of 'lResult'
  
C:\hrai\HoverRaceAI\NetTarget\Game2\MatchReport.cpp(516,104): warning C4100: 'pLParam': unreferenced formal parameter [C:\hrai\HoverRaceAI\NetTarget\Game2\Game2.vcxproj]
C:\hrai\HoverRaceAI\NetTarget\Game2\MatchReport.cpp(642,104): warning C4100: 'pLParam': unreferenced formal parameter [C:\hrai\HoverRaceAI\NetTarget\Game2\Game2.vcxproj]
C:\hrai\HoverRaceAI\NetTarget\Game2\MatchReport.cpp(715,13): warning C4996: 'sprintf': This function or variable may be unsafe. Consider using sprintf_s instead. To disable deprecation, use _CRT_SECURE_NO_WARNINGS. See online help for details. [C:\hrai\HoverRaceAI\NetTarget\Game2\Game2.vcxproj]
C:\hrai\HoverRaceAI\NetTarget\Game2\MatchReport.cpp(770,92): warning C4100: 'pLParam': unreferenced formal parameter [C:\hrai\HoverRaceAI\NetTarget\Game2\Game2.vcxproj]
C:\hrai\HoverRaceAI\NetTarget\Game2\MatchReport.cpp(828,16): warning C4996: 'sprintf': This function or variable may be unsafe. Consider using sprintf_s instead. To disable deprecation, use _CRT_SECURE_NO_WARNINGS. See online help for details. [C:\hrai\HoverRaceAI\NetTarget\Game2\Game2.vcxproj]
  NetInterface.cpp
  _WIN32_WINNT not defined. Defaulting to _WIN32_WINNT_MAXVER (see WinSDKVer.h)
C:\Program Files\Microsoft Visual Studio\2022\Community\VC\Tools\MSVC\14.39.33519\include\yvals_core.h(880,1): warning C4005: '_MSVC_STL_VERSION': macro redefinition [C:\hrai\HoverRaceAI\NetTarget\Game2\Game2.vcxproj]
  (compiling source file 'NetInterface.cpp')
  C:\Program Files\Microsoft Visual Studio\2022\Community\SDK\ScopeCppSDK\vc15\VC\include\yvals.h(156,1):
  see previous definition of '_MSVC_STL_VERSION'
  
C:\Program Files\Microsoft Visual Studio\2022\Community\VC\Tools\MSVC\14.39.33519\include\yvals_core.h(881,1): warning C4005: '_MSVC_STL_UPDATE': macro redefinition [C:\hrai\HoverRaceAI\NetTarget\Game2\Game2.vcxproj]
  (compiling source file 'NetInterface.cpp')
  C:\Program Files\Microsoft Visual Studio\2022\Community\SDK\ScopeCppSDK\vc15\VC\include\yvals.h(157,1):
  see previous definition of '_MSVC_STL_UPDATE'
  
C:\Program Files\Microsoft Visual Studio\2022\Community\VC\Tools\MSVC\14.39.33519\include\yvals_core.h(1000,1): warning C4005: '_DEPRECATE_TR1_NAMESPACE': macro redefinition [C:\hrai\HoverRaceAI\NetTarget\Game2\Game2.vcxproj]
  (compiling source file 'NetInterface.cpp')
  C:\Program Files\Microsoft Visual Studio\2022\Community\SDK\ScopeCppSDK\vc15\VC\include\yvals.h(247,1):
  see previous definition of '_DEPRECATE_TR1_NAMESPACE'
  
C:\Program Files\Microsoft Visual Studio\2022\Community\VC\Tools\MSVC\14.39.33519\include\yvals_core.h(1014,1): warning C4005: '_MISMATCHED_ALLOCATOR_MESSAGE': macro redefinition [C:\hrai\HoverRaceAI\NetTarget\Game2\Game2.vcxproj]
  (compiling source file 'NetInterface.cpp')
  C:\Program Files\Microsoft Visual Studio\2022\Community\SDK\ScopeCppSDK\vc15\VC\include\yvals.h(303,1):
  see previous definition of '_MISMATCHED_ALLOCATOR_MESSAGE'
  
C:\hrai\HoverRaceAI\NetTarget\Game2\NetInterface.cpp(465,41): warning C4244: 'argument': conversion from 'int' to 'u_short', possible loss of data [C:\hrai\HoverRaceAI\NetTarget\Game2\Game2.vcxproj]
C:\hrai\HoverRaceAI\NetTarget\Game2\NetInterface.cpp(739,66): warning C4244: 'argument': conversion from 'int' to 'u_short', possible loss of data [C:\hrai\HoverRaceAI\NetTarget\Game2\Game2.vcxproj]
C:\hrai\HoverRaceAI\NetTarget\Game2\NetInterface.cpp(683,109): warning C4100: 'pLParam': unreferenced formal parameter [C:\hrai\HoverRaceAI\NetTarget\Game2\Game2.vcxproj]
C:\hrai\HoverRaceAI\NetTarget\Game2\NetInterface.cpp(758,109): warning C4100: 'pLParam': unreferenced formal parameter [C:\hrai\HoverRaceAI\NetTarget\Game2\Game2.vcxproj]
C:\hrai\HoverRaceAI\NetTarget\Game2\NetInterface.cpp(849,63): warning C4244: 'argument': conversion from 'int' to 'u_short', possible loss of data [C:\hrai\HoverRaceAI\NetTarget\Game2\Game2.vcxproj]
C:\hrai\HoverRaceAI\NetTarget\Game2\NetInterface.cpp(915,80): warning C4244: '=': conversion from 'int' to 'MR_UInt8', possible loss of data [C:\hrai\HoverRaceAI\NetTarget\Game2\Game2.vcxproj]
C:\hrai\HoverRaceAI\NetTarget\Game2\NetInterface.cpp(851,16): warning C4996: 'WSAAsyncSelect': Use WSAEventSelect() instead or define _WINSOCK_DEPRECATED_NO_WARNINGS to disable deprecated API warnings [C:\hrai\HoverRaceAI\NetTarget\Game2\Game2.vcxproj]
C:\hrai\HoverRaceAI\NetTarget\Game2\NetInterface.cpp(886,16): warning C4996: 'WSAAsyncSelect': Use WSAEventSelect() instead or define _WINSOCK_DEPRECATED_NO_WARNINGS to disable deprecated API warnings [C:\hrai\HoverRaceAI\NetTarget\Game2\Game2.vcxproj]
C:\hrai\HoverRaceAI\NetTarget\Game2\NetInterface.cpp(950,19): warning C4996: 'WSAAsyncSelect': Use WSAEventSelect() instead or define _WINSOCK_DEPRECATED_NO_WARNINGS to disable deprecated API warnings [C:\hrai\HoverRaceAI\NetTarget\Game2\Game2.vcxproj]
C:\hrai\HoverRaceAI\NetTarget\Game2\NetInterface.cpp(961,22): warning C4996: 'WSAAsyncSelect': Use WSAEventSelect() instead or define _WINSOCK_DEPRECATED_NO_WARNINGS to disable deprecated API warnings [C:\hrai\HoverRaceAI\NetTarget\Game2\Game2.vcxproj]
C:\hrai\HoverRaceAI\NetTarget\Game2\NetInterface.cpp(1111,78): warning C4244: '=': conversion from 'int' to 'MR_UInt8', possible loss of data [C:\hrai\HoverRaceAI\NetTarget\Game2\Game2.vcxproj]
C:\hrai\HoverRaceAI\NetTarget\Game2\NetInterface.cpp(1194,56): warning C4244: '=': conversion from 'int' to 'MR_UInt8', possible loss of data [C:\hrai\HoverRaceAI\NetTarget\Game2\Game2.vcxproj]
C:\hrai\HoverRaceAI\NetTarget\Game2\NetInterface.cpp(1380,78): warning C4244: '=': conversion from 'int' to 'MR_UInt8', possible loss of data [C:\hrai\HoverRaceAI\NetTarget\Game2\Game2.vcxproj]
C:\hrai\HoverRaceAI\NetTarget\Game2\NetInterface.cpp(1457,87): warning C4244: '=': conversion from 'int' to 'MR_UInt8', possible loss of data [C:\hrai\HoverRaceAI\NetTarget\Game2\Game2.vcxproj]
C:\hrai\HoverRaceAI\NetTarget\Game2\NetInterface.cpp(1546,52): warning C4244: '=': conversion from 'int' to 'USHORT', possible loss of data [C:\hrai\HoverRaceAI\NetTarget\Game2\Game2.vcxproj]
C:\hrai\HoverRaceAI\NetTarget\Game2\NetInterface.cpp(1702,78): warning C4244: '=': conversion from 'int' to 'MR_UInt8', possible loss of data [C:\hrai\HoverRaceAI\NetTarget\Game2\Game2.vcxproj]
C:\hrai\HoverRaceAI\NetTarget\Game2\NetInterface.cpp(1719,27): error C2601: 'MR_NetworkInterface::SendConnectionDoneIfNeeded': local function definitions are illegal [C:\hrai\HoverRaceAI\NetTarget\Game2\Game2.vcxproj]
  C:\hrai\HoverRaceAI\NetTarget\Game2\NetInterface.cpp(989,1):
  this line contains a '{' which has not yet been matched
  
C:\hrai\HoverRaceAI\NetTarget\Game2\NetInterface.cpp(1752,4): error C2065: 'mSocket': undeclared identifier [C:\hrai\HoverRaceAI\NetTarget\Game2\Game2.vcxproj]
C:\hrai\HoverRaceAI\NetTarget\Game2\NetInterface.cpp(1752,35): error C2059: syntax error: ';' [C:\hrai\HoverRaceAI\NetTarget\Game2\Game2.vcxproj]
C:\hrai\HoverRaceAI\NetTarget\Game2\NetInterface.cpp(1753,4): error C2065: 'mUDPRecvSocket': undeclared identifier [C:\hrai\HoverRaceAI\NetTarget\Game2\Game2.vcxproj]
C:\hrai\HoverRaceAI\NetTarget\Game2\NetInterface.cpp(1755,4): error C2352: 'MR_NetworkInterface::Disconnect': a call of a non-static member function requires an object [C:\hrai\HoverRaceAI\NetTarget\Game2\Game2.vcxproj]
  C:\hrai\HoverRaceAI\NetTarget\Game2\NetInterface.cpp(205,27):
  see declaration of 'MR_NetworkInterface::Disconnect'
  
C:\hrai\HoverRaceAI\NetTarget\Game2\NetInterface.cpp(1098,13): warning C4996: 'WSAAsyncSelect': Use WSAEventSelect() instead or define _WINSOCK_DEPRECATED_NO_WARNINGS to disable deprecated API warnings [C:\hrai\HoverRaceAI\NetTarget\Game2\Game2.vcxproj]
C:\hrai\HoverRaceAI\NetTarget\Game2\NetInterface.cpp(1105,16): warning C4996: 'WSAAsyncSelect': Use WSAEventSelect() instead or define _WINSOCK_DEPRECATED_NO_WARNINGS to disable deprecated API warnings [C:\hrai\HoverRaceAI\NetTarget\Game2\Game2.vcxproj]
C:\hrai\HoverRaceAI\NetTarget\Game2\NetInterface.cpp(1106,16): warning C4996: 'WSAAsyncSelect': Use WSAEventSelect() instead or define _WINSOCK_DEPRECATED_NO_WARNINGS to disable deprecated API warnings [C:\hrai\HoverRaceAI\NetTarget\Game2\Game2.vcxproj]
C:\hrai\HoverRaceAI\NetTarget\Game2\NetInterface.cpp(1216,28): warning C4996: 'WSAAsyncSelect': Use WSAEventSelect() instead or define _WINSOCK_DEPRECATED_NO_WARNINGS to disable deprecated API warnings [C:\hrai\HoverRaceAI\NetTarget\Game2\Game2.vcxproj]
C:\hrai\HoverRaceAI\NetTarget\Game2\NetInterface.cpp(1217,28): warning C4996: 'WSAAsyncSelect': Use WSAEventSelect() instead or define _WINSOCK_DEPRECATED_NO_WARNINGS to disable deprecated API warnings [C:\hrai\HoverRaceAI\NetTarget\Game2\Game2.vcxproj]
C:\hrai\HoverRaceAI\NetTarget\Game2\NetInterface.cpp(1220,22): warning C4996: 'WSAAsyncSelect': Use WSAEventSelect() instead or define _WINSOCK_DEPRECATED_NO_WARNINGS to disable deprecated API warnings [C:\hrai\HoverRaceAI\NetTarget\Game2\Game2.vcxproj]
C:\hrai\HoverRaceAI\NetTarget\Game2\NetInterface.cpp(1278,19): warning C4996: 'WSAAsyncSelect': Use WSAEventSelect() instead or define _WINSOCK_DEPRECATED_NO_WARNINGS to disable deprecated API warnings [C:\hrai\HoverRaceAI\NetTarget\Game2\Game2.vcxproj]
C:\hrai\HoverRaceAI\NetTarget\Game2\NetInterface.cpp(1279,19): warning C4996: 'WSAAsyncSelect': Use WSAEventSelect() instead or define _WINSOCK_DEPRECATED_NO_WARNINGS to disable deprecated API warnings [C:\hrai\HoverRaceAI\NetTarget\Game2\Game2.vcxproj]
C:\hrai\HoverRaceAI\NetTarget\Game2\NetInterface.cpp(1364,13): warning C4996: 'WSAAsyncSelect': Use WSAEventSelect() instead or define _WINSOCK_DEPRECATED_NO_WARNINGS to disable deprecated API warnings [C:\hrai\HoverRaceAI\NetTarget\Game2\Game2.vcxproj]
C:\hrai\HoverRaceAI\NetTarget\Game2\NetInterface.cpp(1365,13): warning C4996: 'WSAAsyncSelect': Use WSAEventSelect() instead or define _WINSOCK_DEPRECATED_NO_WARNINGS to disable deprecated API warnings [C:\hrai\HoverRaceAI\NetTarget\Game2\Game2.vcxproj]
C:\hrai\HoverRaceAI\NetTarget\Game2\NetInterface.cpp(1548,28): warning C4996: 'WSAAsyncSelect': Use WSAEventSelect() instead or define _WINSOCK_DEPRECATED_NO_WARNINGS to disable deprecated API warnings [C:\hrai\HoverRaceAI\NetTarget\Game2\Game2.vcxproj]
C:\hrai\HoverRaceAI\NetTarget\Game2\NetInterface.cpp(1549,28): warning C4996: 'WSAAsyncSelect': Use WSAEventSelect() instead or define _WINSOCK_DEPRECATED_NO_WARNINGS to disable deprecated API warnings [C:\hrai\HoverRaceAI\NetTarget\Game2\Game2.vcxproj]
C:\hrai\HoverRaceAI\NetTarget\Game2\NetInterface.cpp(1613,28): warning C4996: '_itoa': This function or variable may be unsafe. Consider using _itoa_s instead. To disable deprecation, use _CRT_SECURE_NO_WARNINGS. See online help for details. [C:\hrai\HoverRaceAI\NetTarget\Game2\Game2.vcxproj]
C:\hrai\HoverRaceAI\NetTarget\Game2\NetInterface.cpp(1629,25): warning C4996: '_itoa': This function or variable may be unsafe. Consider using _itoa_s instead. To disable deprecation, use _CRT_SECURE_NO_WARNINGS. See online help for details. [C:\hrai\HoverRaceAI\NetTarget\Game2\Game2.vcxproj]
C:\hrai\HoverRaceAI\NetTarget\Game2\NetInterface.cpp(1663,28): warning C4996: 'WSAAsyncSelect': Use WSAEventSelect() instead or define _WINSOCK_DEPRECATED_NO_WARNINGS to disable deprecated API warnings [C:\hrai\HoverRaceAI\NetTarget\Game2\Game2.vcxproj]
C:\hrai\HoverRaceAI\NetTarget\Game2\NetInterface.cpp(1664,28): warning C4996: 'WSAAsyncSelect': Use WSAEventSelect() instead or define _WINSOCK_DEPRECATED_NO_WARNINGS to disable deprecated API warnings [C:\hrai\HoverRaceAI\NetTarget\Game2\Game2.vcxproj]
C:\hrai\HoverRaceAI\NetTarget\Game2\NetInterface.cpp(1668,22): warning C4996: 'WSAAsyncSelect': Use WSAEventSelect() instead or define _WINSOCK_DEPRECATED_NO_WARNINGS to disable deprecated API warnings [C:\hrai\HoverRaceAI\NetTarget\Game2\Game2.vcxproj]
C:\hrai\HoverRaceAI\NetTarget\Game2\NetInterface.cpp(1684,13): warning C4996: 'WSAAsyncSelect': Use WSAEventSelect() instead or define _WINSOCK_DEPRECATED_NO_WARNINGS to disable deprecated API warnings [C:\hrai\HoverRaceAI\NetTarget\Game2\Game2.vcxproj]
C:\hrai\HoverRaceAI\NetTarget\Game2\NetInterface.cpp(1685,13): warning C4996: 'WSAAsyncSelect': Use WSAEventSelect() instead or define _WINSOCK_DEPRECATED_NO_WARNINGS to disable deprecated API warnings [C:\hrai\HoverRaceAI\NetTarget\Game2\Game2.vcxproj]
C:\hrai\HoverRaceAI\NetTarget\Game2\NetInterface.cpp(1799,30): warning C4244: '=': conversion from 'unsigned int' to 'USHORT', possible loss of data [C:\hrai\HoverRaceAI\NetTarget\Game2\Game2.vcxproj]
C:\hrai\HoverRaceAI\NetTarget\Game2\NetInterface.cpp(1928,88): warning C4389: '==': signed/unsigned mismatch [C:\hrai\HoverRaceAI\NetTarget\Game2\Game2.vcxproj]
C:\hrai\HoverRaceAI\NetTarget\Game2\NetInterface.cpp(2161,15): warning C4996: 'gethostbyname': Use getaddrinfo() or GetAddrInfoW() instead or define _WINSOCK_DEPRECATED_NO_WARNINGS to disable deprecated API warnings [C:\hrai\HoverRaceAI\NetTarget\Game2\Game2.vcxproj]
C:\hrai\HoverRaceAI\NetTarget\Game2\NetInterface.cpp(2170,10): warning C4996: 'sprintf': This function or variable may be unsafe. Consider using sprintf_s instead. To disable deprecation, use _CRT_SECURE_NO_WARNINGS. See online help for details. [C:\hrai\HoverRaceAI\NetTarget\Game2\Game2.vcxproj]
C:\hrai\HoverRaceAI\NetTarget\Game2\NetInterface.cpp(2200,19): warning C4996: 'sscanf': This function or variable may be unsafe. Consider using sscanf_s instead. To disable deprecation, use _CRT_SECURE_NO_WARNINGS. See online help for details. [C:\hrai\HoverRaceAI\NetTarget\Game2\Game2.vcxproj]
  NetworkSession.cpp
  _WIN32_WINNT not defined. Defaulting to _WIN32_WINNT_MAXVER (see WinSDKVer.h)
C:\Program Files\Microsoft Visual Studio\2022\Community\VC\Tools\MSVC\14.39.33519\include\yvals_core.h(880,1): warning C4005: '_MSVC_STL_VERSION': macro redefinition [C:\hrai\HoverRaceAI\NetTarget\Game2\Game2.vcxproj]
  (compiling source file 'NetworkSession.cpp')
  C:\Program Files\Microsoft Visual Studio\2022\Community\SDK\ScopeCppSDK\vc15\VC\include\yvals.h(156,1):
  see previous definition of '_MSVC_STL_VERSION'
  
C:\Program Files\Microsoft Visual Studio\2022\Community\VC\Tools\MSVC\14.39.33519\include\yvals_core.h(881,1): warning C4005: '_MSVC_STL_UPDATE': macro redefinition [C:\hrai\HoverRaceAI\NetTarget\Game2\Game2.vcxproj]
  (compiling source file 'NetworkSession.cpp')
  C:\Program Files\Microsoft Visual Studio\2022\Community\SDK\ScopeCppSDK\vc15\VC\include\yvals.h(157,1):
  see previous definition of '_MSVC_STL_UPDATE'
  
C:\Program Files\Microsoft Visual Studio\2022\Community\VC\Tools\MSVC\14.39.33519\include\yvals_core.h(1000,1): warning C4005: '_DEPRECATE_TR1_NAMESPACE': macro redefinition [C:\hrai\HoverRaceAI\NetTarget\Game2\Game2.vcxproj]
  (compiling source file 'NetworkSession.cpp')
  C:\Program Files\Microsoft Visual Studio\2022\Community\SDK\ScopeCppSDK\vc15\VC\include\yvals.h(247,1):
  see previous definition of '_DEPRECATE_TR1_NAMESPACE'
  
C:\Program Files\Microsoft Visual Studio\2022\Community\VC\Tools\MSVC\14.39.33519\include\yvals_core.h(1014,1): warning C4005: '_MISMATCHED_ALLOCATOR_MESSAGE': macro redefinition [C:\hrai\HoverRaceAI\NetTarget\Game2\Game2.vcxproj]
  (compiling source file 'NetworkSession.cpp')
  C:\Program Files\Microsoft Visual Studio\2022\Community\SDK\ScopeCppSDK\vc15\VC\include\yvals.h(303,1):
  see previous definition of '_MISMATCHED_ALLOCATOR_MESSAGE'
  
C:\hrai\HoverRaceAI\NetTarget\Game2\NetworkSession.cpp(780,55): warning C4244: '=': conversion from 'int' to 'MR_UInt8', possible loss of data [C:\hrai\HoverRaceAI\NetTarget\Game2\Game2.vcxproj]
C:\hrai\HoverRaceAI\NetTarget\Game2\NetworkSession.cpp(783,39): warning C4244: '=': conversion from 'int' to 'MR_Int16', possible loss of data [C:\hrai\HoverRaceAI\NetTarget\Game2\Game2.vcxproj]
C:\hrai\HoverRaceAI\NetTarget\Game2\NetworkSession.cpp(784,39): warning C4244: '=': conversion from 'int' to 'MR_Int16', possible loss of data [C:\hrai\HoverRaceAI\NetTarget\Game2\Game2.vcxproj]
C:\hrai\HoverRaceAI\NetTarget\Game2\NetworkSession.cpp(807,55): warning C4244: '=': conversion from 'int' to 'MR_UInt8', possible loss of data [C:\hrai\HoverRaceAI\NetTarget\Game2\Game2.vcxproj]
C:\hrai\HoverRaceAI\NetTarget\Game2\NetworkSession.cpp(810,39): warning C4244: '=': conversion from 'int' to 'MR_Int16', possible loss of data [C:\hrai\HoverRaceAI\NetTarget\Game2\Game2.vcxproj]
C:\hrai\HoverRaceAI\NetTarget\Game2\NetworkSession.cpp(906,55): warning C4244: '=': conversion from 'int' to 'MR_UInt8', possible loss of data [C:\hrai\HoverRaceAI\NetTarget\Game2\Game2.vcxproj]
C:\hrai\HoverRaceAI\NetTarget\Game2\NetworkSession.cpp(907,39): warning C4244: '=': conversion from 'int' to 'MR_Int8', possible loss of data [C:\hrai\HoverRaceAI\NetTarget\Game2\Game2.vcxproj]
C:\hrai\HoverRaceAI\NetTarget\Game2\NetworkSession.cpp(908,39): warning C4244: '=': conversion from 'int' to 'MR_Int16', possible loss of data [C:\hrai\HoverRaceAI\NetTarget\Game2\Game2.vcxproj]
C:\hrai\HoverRaceAI\NetTarget\Game2\NetworkSession.cpp(1033,45): warning C4244: '=': conversion from 'const int' to 'MR_UInt8', possible loss of data [C:\hrai\HoverRaceAI\NetTarget\Game2\Game2.vcxproj]
C:\hrai\HoverRaceAI\NetTarget\Game2\NetworkSession.cpp(1206,29): warning C4244: '=': conversion from 'int' to 'MR_Int8', possible loss of data [C:\hrai\HoverRaceAI\NetTarget\Game2\Game2.vcxproj]
C:\hrai\HoverRaceAI\NetTarget\Game2\NetworkSession.cpp(1220,37): warning C4267: '=': conversion from 'size_t' to 'MR_UInt8', possible loss of data [C:\hrai\HoverRaceAI\NetTarget\Game2\Game2.vcxproj]
C:\hrai\HoverRaceAI\NetTarget\Game2\NetworkSession.cpp(1463,4): warning C4996: 'strcpy': This function or variable may be unsafe. Consider using strcpy_s instead. To disable deprecation, use _CRT_SECURE_NO_WARNINGS. See online help for details. [C:\hrai\HoverRaceAI\NetTarget\Game2\Game2.vcxproj]
  Observer.cpp
  _WIN32_WINNT not defined. Defaulting to _WIN32_WINNT_MAXVER (see WinSDKVer.h)
C:\Program Files\Microsoft Visual Studio\2022\Community\VC\Tools\MSVC\14.39.33519\include\yvals_core.h(880,1): warning C4005: '_MSVC_STL_VERSION': macro redefinition [C:\hrai\HoverRaceAI\NetTarget\Game2\Game2.vcxproj]
  (compiling source file 'Observer.cpp')
  C:\Program Files\Microsoft Visual Studio\2022\Community\SDK\ScopeCppSDK\vc15\VC\include\yvals.h(156,1):
  see previous definition of '_MSVC_STL_VERSION'
  
C:\Program Files\Microsoft Visual Studio\2022\Community\VC\Tools\MSVC\14.39.33519\include\yvals_core.h(881,1): warning C4005: '_MSVC_STL_UPDATE': macro redefinition [C:\hrai\HoverRaceAI\NetTarget\Game2\Game2.vcxproj]
  (compiling source file 'Observer.cpp')
  C:\Program Files\Microsoft Visual Studio\2022\Community\SDK\ScopeCppSDK\vc15\VC\include\yvals.h(157,1):
  see previous definition of '_MSVC_STL_UPDATE'
  
C:\Program Files\Microsoft Visual Studio\2022\Community\VC\Tools\MSVC\14.39.33519\include\yvals_core.h(1000,1): warning C4005: '_DEPRECATE_TR1_NAMESPACE': macro redefinition [C:\hrai\HoverRaceAI\NetTarget\Game2\Game2.vcxproj]
  (compiling source file 'Observer.cpp')
  C:\Program Files\Microsoft Visual Studio\2022\Community\SDK\ScopeCppSDK\vc15\VC\include\yvals.h(247,1):
  see previous definition of '_DEPRECATE_TR1_NAMESPACE'
  
C:\Program Files\Microsoft Visual Studio\2022\Community\VC\Tools\MSVC\14.39.33519\include\yvals_core.h(1014,1): warning C4005: '_MISMATCHED_ALLOCATOR_MESSAGE': macro redefinition [C:\hrai\HoverRaceAI\NetTarget\Game2\Game2.vcxproj]
  (compiling source file 'Observer.cpp')
  C:\Program Files\Microsoft Visual Studio\2022\Community\SDK\ScopeCppSDK\vc15\VC\include\yvals.h(303,1):
  see previous definition of '_MISMATCHED_ALLOCATOR_MESSAGE'
  
C:\hrai\HoverRaceAI\NetTarget\Game2\Observer.cpp(307,7): warning C5205: delete of an abstract class 'MR_PolygonShape' that has a non-virtual destructor results in undefined behavior [C:\hrai\HoverRaceAI\NetTarget\Game2\Game2.vcxproj]
  C:\hrai\HoverRaceAI\NetTarget\Model\Shapes.h(120,21):
  see declaration of 'MR_PolygonShape'
  
C:\hrai\HoverRaceAI\NetTarget\Game2\Observer.cpp(449,4): warning C5205: delete of an abstract class 'MR_PolygonShape' that has a non-virtual destructor results in undefined behavior [C:\hrai\HoverRaceAI\NetTarget\Game2\Game2.vcxproj]
  C:\hrai\HoverRaceAI\NetTarget\Model\Shapes.h(120,21):
  see declaration of 'MR_PolygonShape'
  
C:\hrai\HoverRaceAI\NetTarget\Game2\Observer.cpp(711,31): warning C4244: 'initializing': conversion from 'double' to 'int', possible loss of data [C:\hrai\HoverRaceAI\NetTarget\Game2\Game2.vcxproj]
C:\hrai\HoverRaceAI\NetTarget\Game2\Observer.cpp(712,31): warning C4244: 'initializing': conversion from 'double' to 'int', possible loss of data [C:\hrai\HoverRaceAI\NetTarget\Game2\Game2.vcxproj]
C:\hrai\HoverRaceAI\NetTarget\Game2\Observer.cpp(714,31): warning C4244: 'initializing': conversion from 'double' to 'int', possible loss of data [C:\hrai\HoverRaceAI\NetTarget\Game2\Game2.vcxproj]
C:\hrai\HoverRaceAI\NetTarget\Game2\Observer.cpp(657,25): warning C4996: 'fopen': This function or variable may be unsafe. Consider using fopen_s instead. To disable deprecation, use _CRT_SECURE_NO_WARNINGS. See online help for details. [C:\hrai\HoverRaceAI\NetTarget\Game2\Game2.vcxproj]
C:\hrai\HoverRaceAI\NetTarget\Game2\Observer.cpp(676,25): warning C4996: 'fopen': This function or variable may be unsafe. Consider using fopen_s instead. To disable deprecation, use _CRT_SECURE_NO_WARNINGS. See online help for details. [C:\hrai\HoverRaceAI\NetTarget\Game2\Game2.vcxproj]
C:\hrai\HoverRaceAI\NetTarget\Game2\Observer.cpp(688,22): warning C4996: 'fopen': This function or variable may be unsafe. Consider using fopen_s instead. To disable deprecation, use _CRT_SECURE_NO_WARNINGS. See online help for details. [C:\hrai\HoverRaceAI\NetTarget\Game2\Game2.vcxproj]
C:\hrai\HoverRaceAI\NetTarget\Game2\Observer.cpp(1414,4): warning C5205: delete of an abstract class 'MR_PolygonShape' that has a non-virtual destructor results in undefined behavior [C:\hrai\HoverRaceAI\NetTarget\Game2\Game2.vcxproj]
  C:\hrai\HoverRaceAI\NetTarget\Model\Shapes.h(120,21):
  see declaration of 'MR_PolygonShape'
  
C:\hrai\HoverRaceAI\NetTarget\Game2\Observer.cpp(1457,4): warning C5205: delete of an abstract class 'MR_PolygonShape' that has a non-virtual destructor results in undefined behavior [C:\hrai\HoverRaceAI\NetTarget\Game2\Game2.vcxproj]
  C:\hrai\HoverRaceAI\NetTarget\Model\Shapes.h(120,21):
  see declaration of 'MR_PolygonShape'
  
C:\hrai\HoverRaceAI\NetTarget\Game2\Observer.cpp(1518,4): warning C5205: delete of an abstract class 'MR_PolygonShape' that has a non-virtual destructor results in undefined behavior [C:\hrai\HoverRaceAI\NetTarget\Game2\Game2.vcxproj]
  C:\hrai\HoverRaceAI\NetTarget\Model\Shapes.h(120,21):
  see declaration of 'MR_PolygonShape'
  
C:\hrai\HoverRaceAI\NetTarget\Game2\Observer.cpp(1522,180): warning C4100: 'pBackImage': unreferenced formal parameter [C:\hrai\HoverRaceAI\NetTarget\Game2\Game2.vcxproj]
C:\hrai\HoverRaceAI\NetTarget\Game2\Observer.cpp(1522,157): warning C4100: 'pTime': unreferenced formal parameter [C:\hrai\HoverRaceAI\NetTarget\Game2\Game2.vcxproj]
C:\hrai\HoverRaceAI\NetTarget\Game2\Observer.cpp(1576,20): warning C4996: 'fopen': This function or variable may be unsafe. Consider using fopen_s instead. To disable deprecation, use _CRT_SECURE_NO_WARNINGS. See online help for details. [C:\hrai\HoverRaceAI\NetTarget\Game2\Game2.vcxproj]
C:\hrai\HoverRaceAI\NetTarget\Game2\Observer.cpp(1632,17): warning C4996: 'fopen': This function or variable may be unsafe. Consider using fopen_s instead. To disable deprecation, use _CRT_SECURE_NO_WARNINGS. See online help for details. [C:\hrai\HoverRaceAI\NetTarget\Game2\Game2.vcxproj]
C:\hrai\HoverRaceAI\NetTarget\Game2\Observer.cpp(1655,17): warning C4996: 'fopen': This function or variable may be unsafe. Consider using fopen_s instead. To disable deprecation, use _CRT_SECURE_NO_WARNINGS. See online help for details. [C:\hrai\HoverRaceAI\NetTarget\Game2\Game2.vcxproj]
C:\hrai\HoverRaceAI\NetTarget\Game2\Observer.cpp(1666,17): warning C4996: 'fopen': This function or variable may be unsafe. Consider using fopen_s instead. To disable deprecation, use _CRT_SECURE_NO_WARNINGS. See online help for details. [C:\hrai\HoverRaceAI\NetTarget\Game2\Game2.vcxproj]
C:\hrai\HoverRaceAI\NetTarget\Game2\Observer.cpp(1684,10): warning C4996: 'sprintf': This function or variable may be unsafe. Consider using sprintf_s instead. To disable deprecation, use _CRT_SECURE_NO_WARNINGS. See online help for details. [C:\hrai\HoverRaceAI\NetTarget\Game2\Game2.vcxproj]
C:\hrai\HoverRaceAI\NetTarget\Game2\Observer.cpp(1694,13): warning C4996: 'sprintf': This function or variable may be unsafe. Consider using sprintf_s instead. To disable deprecation, use _CRT_SECURE_NO_WARNINGS. See online help for details. [C:\hrai\HoverRaceAI\NetTarget\Game2\Game2.vcxproj]
C:\hrai\HoverRaceAI\NetTarget\Game2\Observer.cpp(1698,13): warning C4996: 'sprintf': This function or variable may be unsafe. Consider using sprintf_s instead. To disable deprecation, use _CRT_SECURE_NO_WARNINGS. See online help for details. [C:\hrai\HoverRaceAI\NetTarget\Game2\Game2.vcxproj]
C:\hrai\HoverRaceAI\NetTarget\Game2\Observer.cpp(1700,10): warning C4996: 'sprintf': This function or variable may be unsafe. Consider using sprintf_s instead. To disable deprecation, use _CRT_SECURE_NO_WARNINGS. See online help for details. [C:\hrai\HoverRaceAI\NetTarget\Game2\Game2.vcxproj]
C:\hrai\HoverRaceAI\NetTarget\Game2\Observer.cpp(1707,10): warning C4996: 'sprintf': This function or variable may be unsafe. Consider using sprintf_s instead. To disable deprecation, use _CRT_SECURE_NO_WARNINGS. See online help for details. [C:\hrai\HoverRaceAI\NetTarget\Game2\Game2.vcxproj]
C:\hrai\HoverRaceAI\NetTarget\Game2\Observer.cpp(1718,10): warning C4996: 'sprintf': This function or variable may be unsafe. Consider using sprintf_s instead. To disable deprecation, use _CRT_SECURE_NO_WARNINGS. See online help for details. [C:\hrai\HoverRaceAI\NetTarget\Game2\Game2.vcxproj]
C:\hrai\HoverRaceAI\NetTarget\Game2\Observer.cpp(1719,10): warning C4996: 'sprintf': This function or variable may be unsafe. Consider using sprintf_s instead. To disable deprecation, use _CRT_SECURE_NO_WARNINGS. See online help for details. [C:\hrai\HoverRaceAI\NetTarget\Game2\Game2.vcxproj]
C:\hrai\HoverRaceAI\NetTarget\Game2\Observer.cpp(1730,10): warning C4996: 'sprintf': This function or variable may be unsafe. Consider using sprintf_s instead. To disable deprecation, use _CRT_SECURE_NO_WARNINGS. See online help for details. [C:\hrai\HoverRaceAI\NetTarget\Game2\Game2.vcxproj]
C:\hrai\HoverRaceAI\NetTarget\Game2\Observer.cpp(1731,10): warning C4996: 'sprintf': This function or variable may be unsafe. Consider using sprintf_s instead. To disable deprecation, use _CRT_SECURE_NO_WARNINGS. See online help for details. [C:\hrai\HoverRaceAI\NetTarget\Game2\Game2.vcxproj]
  Sponsor.cpp
  _WIN32_WINNT not defined. Defaulting to _WIN32_WINNT_MAXVER (see WinSDKVer.h)
C:\Program Files\Microsoft Visual Studio\2022\Community\VC\Tools\MSVC\14.39.33519\include\yvals_core.h(880,1): warning C4005: '_MSVC_STL_VERSION': macro redefinition [C:\hrai\HoverRaceAI\NetTarget\Game2\Game2.vcxproj]
  (compiling source file 'Sponsor.cpp')
  C:\Program Files\Microsoft Visual Studio\2022\Community\SDK\ScopeCppSDK\vc15\VC\include\yvals.h(156,1):
  see previous definition of '_MSVC_STL_VERSION'
  
C:\Program Files\Microsoft Visual Studio\2022\Community\VC\Tools\MSVC\14.39.33519\include\yvals_core.h(881,1): warning C4005: '_MSVC_STL_UPDATE': macro redefinition [C:\hrai\HoverRaceAI\NetTarget\Game2\Game2.vcxproj]
  (compiling source file 'Sponsor.cpp')
  C:\Program Files\Microsoft Visual Studio\2022\Community\SDK\ScopeCppSDK\vc15\VC\include\yvals.h(157,1):
  see previous definition of '_MSVC_STL_UPDATE'
  
C:\Program Files\Microsoft Visual Studio\2022\Community\VC\Tools\MSVC\14.39.33519\include\yvals_core.h(1000,1): warning C4005: '_DEPRECATE_TR1_NAMESPACE': macro redefinition [C:\hrai\HoverRaceAI\NetTarget\Game2\Game2.vcxproj]
  (compiling source file 'Sponsor.cpp')
  C:\Program Files\Microsoft Visual Studio\2022\Community\SDK\ScopeCppSDK\vc15\VC\include\yvals.h(247,1):
  see previous definition of '_DEPRECATE_TR1_NAMESPACE'
  
C:\Program Files\Microsoft Visual Studio\2022\Community\VC\Tools\MSVC\14.39.33519\include\yvals_core.h(1014,1): warning C4005: '_MISMATCHED_ALLOCATOR_MESSAGE': macro redefinition [C:\hrai\HoverRaceAI\NetTarget\Game2\Game2.vcxproj]
  (compiling source file 'Sponsor.cpp')
  C:\Program Files\Microsoft Visual Studio\2022\Community\SDK\ScopeCppSDK\vc15\VC\include\yvals.h(303,1):
  see previous definition of '_MISMATCHED_ALLOCATOR_MESSAGE'
  
C:\hrai\HoverRaceAI\NetTarget\Game2\Sponsor.cpp(36,20): warning C4996: 'fopen': This function or variable may be unsafe. Consider using fopen_s instead. To disable deprecation, use _CRT_SECURE_NO_WARNINGS. See online help for details. [C:\hrai\HoverRaceAI\NetTarget\Game2\Game2.vcxproj]
C:\hrai\HoverRaceAI\NetTarget\Game2\Sponsor.cpp(41,18): warning C4996: 'fopen': This function or variable may be unsafe. Consider using fopen_s instead. To disable deprecation, use _CRT_SECURE_NO_WARNINGS. See online help for details. [C:\hrai\HoverRaceAI\NetTarget\Game2\Game2.vcxproj]
C:\hrai\HoverRaceAI\NetTarget\Game2\Sponsor.cpp(149,77): warning C4100: 'pLParam': unreferenced formal parameter [C:\hrai\HoverRaceAI\NetTarget\Game2\Game2.vcxproj]
  StdAfx.cpp
  _WIN32_WINNT not defined. Defaulting to _WIN32_WINNT_MAXVER (see WinSDKVer.h)
C:\Program Files\Microsoft Visual Studio\2022\Community\VC\Tools\MSVC\14.39.33519\include\yvals_core.h(880,1): warning C4005: '_MSVC_STL_VERSION': macro redefinition [C:\hrai\HoverRaceAI\NetTarget\Game2\Game2.vcxproj]
  (compiling source file 'StdAfx.cpp')
  C:\Program Files\Microsoft Visual Studio\2022\Community\SDK\ScopeCppSDK\vc15\VC\include\yvals.h(156,1):
  see previous definition of '_MSVC_STL_VERSION'
  
C:\Program Files\Microsoft Visual Studio\2022\Community\VC\Tools\MSVC\14.39.33519\include\yvals_core.h(881,1): warning C4005: '_MSVC_STL_UPDATE': macro redefinition [C:\hrai\HoverRaceAI\NetTarget\Game2\Game2.vcxproj]
  (compiling source file 'StdAfx.cpp')
  C:\Program Files\Microsoft Visual Studio\2022\Community\SDK\ScopeCppSDK\vc15\VC\include\yvals.h(157,1):
  see previous definition of '_MSVC_STL_UPDATE'
  
C:\Program Files\Microsoft Visual Studio\2022\Community\VC\Tools\MSVC\14.39.33519\include\yvals_core.h(1000,1): warning C4005: '_DEPRECATE_TR1_NAMESPACE': macro redefinition [C:\hrai\HoverRaceAI\NetTarget\Game2\Game2.vcxproj]
  (compiling source file 'StdAfx.cpp')
  C:\Program Files\Microsoft Visual Studio\2022\Community\SDK\ScopeCppSDK\vc15\VC\include\yvals.h(247,1):
  see previous definition of '_DEPRECATE_TR1_NAMESPACE'
  
C:\Program Files\Microsoft Visual Studio\2022\Community\VC\Tools\MSVC\14.39.33519\include\yvals_core.h(1014,1): warning C4005: '_MISMATCHED_ALLOCATOR_MESSAGE': macro redefinition [C:\hrai\HoverRaceAI\NetTarget\Game2\Game2.vcxproj]
  (compiling source file 'StdAfx.cpp')
  C:\Program Files\Microsoft Visual Studio\2022\Community\SDK\ScopeCppSDK\vc15\VC\include\yvals.h(303,1):
  see previous definition of '_MISMATCHED_ALLOCATOR_MESSAGE'
  
  TrackSelect.cpp
  _WIN32_WINNT not defined. Defaulting to _WIN32_WINNT_MAXVER (see WinSDKVer.h)
C:\Program Files\Microsoft Visual Studio\2022\Community\VC\Tools\MSVC\14.39.33519\include\yvals_core.h(880,1): warning C4005: '_MSVC_STL_VERSION': macro redefinition [C:\hrai\HoverRaceAI\NetTarget\Game2\Game2.vcxproj]
  (compiling source file 'TrackSelect.cpp')
  C:\Program Files\Microsoft Visual Studio\2022\Community\SDK\ScopeCppSDK\vc15\VC\include\yvals.h(156,1):
  see previous definition of '_MSVC_STL_VERSION'
  
C:\Program Files\Microsoft Visual Studio\2022\Community\VC\Tools\MSVC\14.39.33519\include\yvals_core.h(881,1): warning C4005: '_MSVC_STL_UPDATE': macro redefinition [C:\hrai\HoverRaceAI\NetTarget\Game2\Game2.vcxproj]
  (compiling source file 'TrackSelect.cpp')
  C:\Program Files\Microsoft Visual Studio\2022\Community\SDK\ScopeCppSDK\vc15\VC\include\yvals.h(157,1):
  see previous definition of '_MSVC_STL_UPDATE'
  
C:\Program Files\Microsoft Visual Studio\2022\Community\VC\Tools\MSVC\14.39.33519\include\yvals_core.h(1000,1): warning C4005: '_DEPRECATE_TR1_NAMESPACE': macro redefinition [C:\hrai\HoverRaceAI\NetTarget\Game2\Game2.vcxproj]
  (compiling source file 'TrackSelect.cpp')
  C:\Program Files\Microsoft Visual Studio\2022\Community\SDK\ScopeCppSDK\vc15\VC\include\yvals.h(247,1):
  see previous definition of '_DEPRECATE_TR1_NAMESPACE'
  
C:\Program Files\Microsoft Visual Studio\2022\Community\VC\Tools\MSVC\14.39.33519\include\yvals_core.h(1014,1): warning C4005: '_MISMATCHED_ALLOCATOR_MESSAGE': macro redefinition [C:\hrai\HoverRaceAI\NetTarget\Game2\Game2.vcxproj]
  (compiling source file 'TrackSelect.cpp')
  C:\Program Files\Microsoft Visual Studio\2022\Community\SDK\ScopeCppSDK\vc15\VC\include\yvals.h(303,1):
  see previous definition of '_MISMATCHED_ALLOCATOR_MESSAGE'
  
C:\hrai\HoverRaceAI\NetTarget\Game2\TrackSelect.cpp(74,20): warning C4996: 'fopen': This function or variable may be unsafe. Consider using fopen_s instead. To disable deprecation, use _CRT_SECURE_NO_WARNINGS. See online help for details. [C:\hrai\HoverRaceAI\NetTarget\Game2\Game2.vcxproj]
C:\hrai\HoverRaceAI\NetTarget\Game2\TrackSelect.cpp(192,20): warning C4996: 'fopen': This function or variable may be unsafe. Consider using fopen_s instead. To disable deprecation, use _CRT_SECURE_NO_WARNINGS. See online help for details. [C:\hrai\HoverRaceAI\NetTarget\Game2\Game2.vcxproj]
C:\hrai\HoverRaceAI\NetTarget\Game2\TrackSelect.cpp(300,67): warning C4245: 'argument': conversion from 'int' to 'WPARAM', signed/unsigned mismatch [C:\hrai\HoverRaceAI\NetTarget\Game2\Game2.vcxproj]
C:\hrai\HoverRaceAI\NetTarget\Game2\TrackSelect.cpp(257,20): warning C4996: 'fopen': This function or variable may be unsafe. Consider using fopen_s instead. To disable deprecation, use _CRT_SECURE_NO_WARNINGS. See online help for details. [C:\hrai\HoverRaceAI\NetTarget\Game2\Game2.vcxproj]
C:\hrai\HoverRaceAI\NetTarget\Game2\TrackSelect.cpp(253,96): warning C4100: 'pLParam': unreferenced formal parameter [C:\hrai\HoverRaceAI\NetTarget\Game2\Game2.vcxproj]
C:\hrai\HoverRaceAI\NetTarget\Game2\TrackSelect.cpp(428,20): warning C4996: 'fopen': This function or variable may be unsafe. Consider using fopen_s instead. To disable deprecation, use _CRT_SECURE_NO_WARNINGS. See online help for details. [C:\hrai\HoverRaceAI\NetTarget\Game2\Game2.vcxproj]
C:\hrai\HoverRaceAI\NetTarget\Game2\TrackSelect.cpp(477,19): warning C4996: 'sscanf': This function or variable may be unsafe. Consider using sscanf_s instead. To disable deprecation, use _CRT_SECURE_NO_WARNINGS. See online help for details. [C:\hrai\HoverRaceAI\NetTarget\Game2\Game2.vcxproj]
C:\hrai\HoverRaceAI\NetTarget\Game2\TrackSelect.cpp(593,20): warning C4996: 'fopen': This function or variable may be unsafe. Consider using fopen_s instead. To disable deprecation, use _CRT_SECURE_NO_WARNINGS. See online help for details. [C:\hrai\HoverRaceAI\NetTarget\Game2\Game2.vcxproj]
  Generating Code...
C:\hrai\HoverRaceAI\NetTarget\Game2\GameApp.cpp(4503,1): warning C4706: assignment within conditional expression [C:\hrai\HoverRaceAI\NetTarget\Game2\Game2.vcxproj]
