MSBuild version 17.9.5+33de0b227 for .NET Framework

  InternetRoom3.cpp
C:\originalhr2\HoverRaceAI\InternetRoom\InternetRoom3.cpp(108,1): warning C4005: '_DAEMON_': macro redefinition [C:\originalhr2\HoverRaceAI\InternetRoom\InternetRoom3.vcxproj]
  C:\originalhr2\HoverRaceAI\InternetRoom\InternetRoom3.cpp(108,1):
  '_DAEMON_' previously declared on the command line
  
C:\originalhr2\HoverRaceAI\InternetRoom\InternetRoom3.cpp(110,1): warning C4005: '_NO_IPC_': macro redefinition [C:\originalhr2\HoverRaceAI\InternetRoom\InternetRoom3.vcxproj]
  C:\originalhr2\HoverRaceAI\InternetRoom\InternetRoom3.cpp(110,1):
  '_NO_IPC_' previously declared on the command line
  
C:\originalhr2\HoverRaceAI\InternetRoom\InternetRoom3.cpp(1385,57): warning C4305: '=': truncation from 'int' to 'char' [C:\originalhr2\HoverRaceAI\InternetRoom\InternetRoom3.vcxproj]
C:\originalhr2\HoverRaceAI\InternetRoom\InternetRoom3.cpp(1385,57): warning C4309: '=': truncation of constant value [C:\originalhr2\HoverRaceAI\InternetRoom\InternetRoom3.vcxproj]
C:\originalhr2\HoverRaceAI\InternetRoom\InternetRoom3.cpp(1593,51): warning C4305: '=': truncation from 'int' to 'char' [C:\originalhr2\HoverRaceAI\InternetRoom\InternetRoom3.vcxproj]
C:\originalhr2\HoverRaceAI\InternetRoom\InternetRoom3.cpp(1593,51): warning C4309: '=': truncation of constant value [C:\originalhr2\HoverRaceAI\InternetRoom\InternetRoom3.vcxproj]
C:\originalhr2\HoverRaceAI\InternetRoom\InternetRoom3.cpp(1613,38): warning C4305: '=': truncation from 'int' to 'char' [C:\originalhr2\HoverRaceAI\InternetRoom\InternetRoom3.vcxproj]
C:\originalhr2\HoverRaceAI\InternetRoom\InternetRoom3.cpp(1613,38): warning C4309: '=': truncation of constant value [C:\originalhr2\HoverRaceAI\InternetRoom\InternetRoom3.vcxproj]
C:\originalhr2\HoverRaceAI\InternetRoom\InternetRoom3.cpp(1614,38): warning C4305: '=': truncation from 'int' to 'char' [C:\originalhr2\HoverRaceAI\InternetRoom\InternetRoom3.vcxproj]
C:\originalhr2\HoverRaceAI\InternetRoom\InternetRoom3.cpp(1614,38): warning C4309: '=': truncation of constant value [C:\originalhr2\HoverRaceAI\InternetRoom\InternetRoom3.vcxproj]
C:\originalhr2\HoverRaceAI\InternetRoom\InternetRoom3.cpp(1677,48): warning C4305: '=': truncation from 'int' to 'char' [C:\originalhr2\HoverRaceAI\InternetRoom\InternetRoom3.vcxproj]
C:\originalhr2\HoverRaceAI\InternetRoom\InternetRoom3.cpp(1677,48): warning C4309: '=': truncation of constant value [C:\originalhr2\HoverRaceAI\InternetRoom\InternetRoom3.vcxproj]
C:\originalhr2\HoverRaceAI\InternetRoom\InternetRoom3.cpp(1901,91): warning C4244: '=': conversion from 'time_t' to 'int', possible loss of data [C:\originalhr2\HoverRaceAI\InternetRoom\InternetRoom3.vcxproj]
  Generating code
  Previous IPDB not found, fall back to full compilation.
  All 57 functions were compiled because no usable IPDB/IOBJ from previous compilation was found.
  Finished generating code
  InternetRoom3.vcxproj -> C:\originalhr2\HoverRaceAI\InternetRoom\Release\InternetRoom3.exe
