c:\hrai\hoverraceai\nettarget\maincharacter\release\stdafx.obj
c:\hrai\hoverraceai\nettarget\maincharacter\release\maincharacterrenderer.obj
c:\hrai\hoverraceai\nettarget\maincharacter\release\maincharacter.obj
c:\hrai\hoverraceai\nettarget\maincharacter\release\vc143.pdb
c:\hrai\hoverraceai\release\maincharacter.dll
c:\hrai\hoverraceai\release\maincharacter.pdb
c:\hrai\hoverraceai\release\maincharacter.lib
c:\hrai\hoverraceai\release\maincharacter.exp
c:\hrai\hoverraceai\release\maincharacter.ilk
c:\hrai\hoverraceai\nettarget\maincharacter\..\..\release\maincharacter.pdb
c:\hrai\hoverraceai\nettarget\maincharacter\..\..\release\maincharacter.ilk
c:\hrai\hoverraceai\nettarget\maincharacter\release\maincharacter.vcxproj.filelistabsolute.txt
c:\hrai\hoverraceai\nettarget\maincharacter\release\maincharacter.tlog\cl.command.1.tlog
c:\hrai\hoverraceai\nettarget\maincharacter\release\maincharacter.tlog\cl.items.tlog
c:\hrai\hoverraceai\nettarget\maincharacter\release\maincharacter.tlog\cl.read.1.tlog
c:\hrai\hoverraceai\nettarget\maincharacter\release\maincharacter.tlog\cl.write.1.tlog
c:\hrai\hoverraceai\nettarget\maincharacter\release\maincharacter.tlog\link.command.1.tlog
c:\hrai\hoverraceai\nettarget\maincharacter\release\maincharacter.tlog\link.read.1.tlog
c:\hrai\hoverraceai\nettarget\maincharacter\release\maincharacter.tlog\link.secondary.1.tlog
c:\hrai\hoverraceai\nettarget\maincharacter\release\maincharacter.tlog\link.write.1.tlog
