c:\originalhr2\hoverraceai\nettarget\raceserver\build\raceserver.dir\release\serverlogger.obj
c:\originalhr2\hoverraceai\nettarget\raceserver\build\raceserver.dir\release\serverconfig.obj
c:\originalhr2\hoverraceai\nettarget\raceserver\build\raceserver.dir\release\racesession.obj
c:\originalhr2\hoverraceai\nettarget\raceserver\build\raceserver.dir\release\racemanager.obj
c:\originalhr2\hoverraceai\nettarget\raceserver\build\raceserver.dir\release\gamesimulation.obj
c:\originalhr2\hoverraceai\nettarget\raceserver\build\raceserver.dir\release\messagedispatcher.obj
c:\originalhr2\hoverraceai\nettarget\raceserver\build\raceserver.dir\release\clientconnection.obj
c:\originalhr2\hoverraceai\nettarget\raceserver\build\raceserver.dir\release\serversocket.obj
c:\originalhr2\hoverraceai\nettarget\raceserver\build\raceserver.dir\release\raceserver.obj
c:\originalhr2\hoverraceai\nettarget\raceserver\build\raceserver.dir\release\stdafx.obj
c:\originalhr2\hoverraceai\nettarget\raceserver\build\cmakefiles\generate.stamp
c:\originalhr2\hoverraceai\nettarget\raceserver\build\release\raceserver.exe
c:\originalhr2\hoverraceai\nettarget\raceserver\build\raceserver.dir\release\raceserver.tlog\cl.command.1.tlog
c:\originalhr2\hoverraceai\nettarget\raceserver\build\raceserver.dir\release\raceserver.tlog\cl.items.tlog
c:\originalhr2\hoverraceai\nettarget\raceserver\build\raceserver.dir\release\raceserver.tlog\cl.read.1.tlog
c:\originalhr2\hoverraceai\nettarget\raceserver\build\raceserver.dir\release\raceserver.tlog\cl.write.1.tlog
c:\originalhr2\hoverraceai\nettarget\raceserver\build\raceserver.dir\release\raceserver.tlog\custombuild.command.1.tlog
c:\originalhr2\hoverraceai\nettarget\raceserver\build\raceserver.dir\release\raceserver.tlog\custombuild.read.1.tlog
c:\originalhr2\hoverraceai\nettarget\raceserver\build\raceserver.dir\release\raceserver.tlog\custombuild.write.1.tlog
c:\originalhr2\hoverraceai\nettarget\raceserver\build\raceserver.dir\release\raceserver.tlog\link.command.1.tlog
c:\originalhr2\hoverraceai\nettarget\raceserver\build\raceserver.dir\release\raceserver.tlog\link.read.1.tlog
c:\originalhr2\hoverraceai\nettarget\raceserver\build\raceserver.dir\release\raceserver.tlog\link.secondary.1.tlog
c:\originalhr2\hoverraceai\nettarget\raceserver\build\raceserver.dir\release\raceserver.tlog\link.write.1.tlog
