InsertElement START: pElement=015C7648, pRoom=0, mAllowRendering=1
  Created new FreeElement: 065C73C0
  About to call AddRenderer()
  AddRenderer() succeeded
  Set mElement pointer
  About to call MoveElement()
  MoveElement() succeeded
InsertElement END: returning 065C73C0
InsertElement START: pElement=00C87FE0, pRoom=0, mAllowRendering=1
  Created new FreeElement: 00C7E628
  About to call AddRenderer()
  AddRenderer() succeeded
  Set mElement pointer
  About to call MoveElement()
  MoveElement() succeeded
InsertElement END: returning 00C7E628
InsertElement START: pElement=014B22C8, pRoom=0, mAllowRendering=1
  Created new FreeElement: 06832560
  About to call AddRenderer()
  AddRenderer() succeeded
  Set mElement pointer
  About to call MoveElement()
  MoveElement() succeeded
InsertElement END: returning 06832560
InsertElement START: pElement=00666AB0, pRoom=0, mAllowRendering=1
  Created new FreeElement: 0582B8E0
  About to call AddRenderer()
  AddRenderer() succeeded
  Set mElement pointer
  About to call MoveElement()
  MoveElement() succeeded
InsertElement END: returning 0582B8E0
InsertElement START: pElement=00AF9928, pRoom=0, mAllowRendering=1
  Created new FreeElement: 00B0D4D8
  About to call AddRenderer()
  AddRenderer() succeeded
  Set mElement pointer
  About to call MoveElement()
  MoveElement() succeeded
InsertElement END: returning 00B0D4D8
InsertElement START: pElement=009074E0, pRoom=0, mAllowRendering=1
  Created new FreeElement: 00915700
  About to call AddRenderer()
  AddRenderer() succeeded
  Set mElement pointer
  About to call MoveElement()
  MoveElement() succeeded
InsertElement END: returning 00915700
InsertElement START: pElement=0682ED30, pRoom=0, mAllowRendering=1
  Created new FreeElement: 01514270
  About to call AddRenderer()
  AddRenderer() succeeded
  Set mElement pointer
  About to call MoveElement()
  MoveElement() succeeded
InsertElement END: returning 01514270
InsertElement START: pElement=013ABF68, pRoom=0, mAllowRendering=1
  Created new FreeElement: 013BC768
  About to call AddRenderer()
  AddRenderer() succeeded
  Set mElement pointer
  About to call MoveElement()
  MoveElement() succeeded
InsertElement END: returning 013BC768
InsertElement START: pElement=00E427B8, pRoom=0, mAllowRendering=1
  Created new FreeElement: 00E317A0
  About to call AddRenderer()
  AddRenderer() succeeded
  Set mElement pointer
  About to call MoveElement()
  MoveElement() succeeded
InsertElement END: returning 00E317A0
InsertElement START: pElement=013AEE38, pRoom=0, mAllowRendering=1
  Created new FreeElement: 06389A20
  About to call AddRenderer()
  AddRenderer() succeeded
  Set mElement pointer
  About to call MoveElement()
  MoveElement() succeeded
InsertElement END: returning 06389A20
InsertElement START: pElement=00EABE30, pRoom=0, mAllowRendering=1
  Created new FreeElement: 00EA41A0
  About to call AddRenderer()
  AddRenderer() succeeded
  Set mElement pointer
  About to call MoveElement()
  MoveElement() succeeded
InsertElement END: returning 00EA41A0
InsertElement START: pElement=014118B0, pRoom=0, mAllowRendering=1
  Created new FreeElement: 01416260
  About to call AddRenderer()
  AddRenderer() succeeded
  Set mElement pointer
  About to call MoveElement()
  MoveElement() succeeded
InsertElement END: returning 01416260
InsertElement START: pElement=012D0298, pRoom=0, mAllowRendering=1
  Created new FreeElement: 012D9850
  About to call AddRenderer()
  AddRenderer() succeeded
  Set mElement pointer
  About to call MoveElement()
  MoveElement() succeeded
InsertElement END: returning 012D9850
InsertElement START: pElement=00AED7B0, pRoom=0, mAllowRendering=1
  Created new FreeElement: 00AE3BF0
  About to call AddRenderer()
  AddRenderer() succeeded
  Set mElement pointer
  About to call MoveElement()
  MoveElement() succeeded
InsertElement END: returning 00AE3BF0
InsertElement START: pElement=0151A158, pRoom=0, mAllowRendering=1
  Created new FreeElement: 015196E0
  About to call AddRenderer()
  AddRenderer() succeeded
  Set mElement pointer
  About to call MoveElement()
  MoveElement() succeeded
InsertElement END: returning 015196E0
InsertElement START: pElement=00ED59F0, pRoom=0, mAllowRendering=1
  Created new FreeElement: 06017588
  About to call AddRenderer()
  AddRenderer() succeeded
  Set mElement pointer
  About to call MoveElement()
  MoveElement() succeeded
InsertElement END: returning 06017588
InsertElement START: pElement=060487C8, pRoom=0, mAllowRendering=1
  Created new FreeElement: 061DBC58
  About to call AddRenderer()
  AddRenderer() succeeded
  Set mElement pointer
  About to call MoveElement()
  MoveElement() succeeded
InsertElement END: returning 061DBC58
InsertElement START: pElement=00841868, pRoom=0, mAllowRendering=1
  Created new FreeElement: 008417F0
  About to call AddRenderer()
  AddRenderer() succeeded
  Set mElement pointer
  About to call MoveElement()
  MoveElement() succeeded
InsertElement END: returning 008417F0
InsertElement START: pElement=007FA9F0, pRoom=0, mAllowRendering=1
  Created new FreeElement: 05ACAC78
  About to call AddRenderer()
  AddRenderer() succeeded
  Set mElement pointer
  About to call MoveElement()
  MoveElement() succeeded
InsertElement END: returning 05ACAC78
InsertElement START: pElement=05B8ED88, pRoom=0, mAllowRendering=1
  Created new FreeElement: 00A91648
  About to call AddRenderer()
  AddRenderer() succeeded
  Set mElement pointer
  About to call MoveElement()
  MoveElement() succeeded
InsertElement END: returning 00A91648
InsertElement START: pElement=00A91D40, pRoom=0, mAllowRendering=1
  Created new FreeElement: 05C4E108
  About to call AddRenderer()
  AddRenderer() succeeded
  Set mElement pointer
  About to call MoveElement()
  MoveElement() succeeded
InsertElement END: returning 05C4E108
InsertElement START: pElement=0155D228, pRoom=0, mAllowRendering=1
  Created new FreeElement: 0155CE68
  About to call AddRenderer()
  AddRenderer() succeeded
  Set mElement pointer
  About to call MoveElement()
  MoveElement() succeeded
InsertElement END: returning 0155CE68
InsertElement START: pElement=06833550, pRoom=0, mAllowRendering=1
  Created new FreeElement: 06827640
  About to call AddRenderer()
  AddRenderer() succeeded
  Set mElement pointer
  About to call MoveElement()
  MoveElement() succeeded
InsertElement END: returning 06827640
InsertElement START: pElement=011ED210, pRoom=0, mAllowRendering=1
  Created new FreeElement: 011F5B68
  About to call AddRenderer()
  AddRenderer() succeeded
  Set mElement pointer
  About to call MoveElement()
  MoveElement() succeeded
InsertElement END: returning 011F5B68
InsertElement START: pElement=0127EE08, pRoom=0, mAllowRendering=1
  Created new FreeElement: 063EE9E8
  About to call AddRenderer()
  AddRenderer() succeeded
  Set mElement pointer
  About to call MoveElement()
  MoveElement() succeeded
InsertElement END: returning 063EE9E8
InsertElement START: pElement=0636ED20, pRoom=0, mAllowRendering=1
  Created new FreeElement: 01208B88
  About to call AddRenderer()
  AddRenderer() succeeded
  Set mElement pointer
  About to call MoveElement()
  MoveElement() succeeded
InsertElement END: returning 01208B88
InsertElement START: pElement=012F1AB8, pRoom=0, mAllowRendering=1
  Created new FreeElement: 063871A8
  About to call AddRenderer()
  AddRenderer() succeeded
  Set mElement pointer
  About to call MoveElement()
  MoveElement() succeeded
InsertElement END: returning 063871A8
InsertElement START: pElement=0644DC70, pRoom=0, mAllowRendering=1
  Created new FreeElement: 063B3E10
  About to call AddRenderer()
  AddRenderer() succeeded
  Set mElement pointer
  About to call MoveElement()
  MoveElement() succeeded
InsertElement END: returning 063B3E10
InsertElement START: pElement=00B27550, pRoom=0, mAllowRendering=1
  Created new FreeElement: 00B35CC0
  About to call AddRenderer()
  AddRenderer() succeeded
  Set mElement pointer
  About to call MoveElement()
  MoveElement() succeeded
InsertElement END: returning 00B35CC0
InsertElement START: pElement=0670ED38, pRoom=0, mAllowRendering=1
  Created new FreeElement: 014984C8
  About to call AddRenderer()
  AddRenderer() succeeded
  Set mElement pointer
  About to call MoveElement()
  MoveElement() succeeded
InsertElement END: returning 014984C8
InsertElement START: pElement=061CEBE0, pRoom=0, mAllowRendering=1
  Created new FreeElement: 00FC0E18
  About to call AddRenderer()
  AddRenderer() succeeded
  Set mElement pointer
  About to call MoveElement()
  MoveElement() succeeded
InsertElement END: returning 00FC0E18
InsertElement START: pElement=01312C90, pRoom=0, mAllowRendering=1
  Created new FreeElement: 065E90A8
  About to call AddRenderer()
  AddRenderer() succeeded
  Set mElement pointer
  About to call MoveElement()
  MoveElement() succeeded
InsertElement END: returning 065E90A8
InsertElement START: pElement=05E3EDD8, pRoom=0, mAllowRendering=1
  Created new FreeElement: 00C7BC70
  About to call AddRenderer()
  AddRenderer() succeeded
  Set mElement pointer
  About to call MoveElement()
  MoveElement() succeeded
InsertElement END: returning 00C7BC70
InsertElement START: pElement=008B7BA0, pRoom=0, mAllowRendering=1
  Created new FreeElement: 058F5C18
  About to call AddRenderer()
  AddRenderer() succeeded
  Set mElement pointer
  About to call MoveElement()
  MoveElement() succeeded
InsertElement END: returning 058F5C18
