
=== NEW Game Entry 0 ===
Line 1 (Name): ClassicH
Line 2 (Track): ClassicH
Line 3 (IP): 127.0.0.1
Line 4 (Port/Laps): 9600 5 1 1
Parsed: Port=9600, Laps=5, Weapons=1, NbClient=1
Player list line: 0 
Checking SERVER_ADDR line, lLinePtr=0600AF89
Line content (text): SERVER_ADDR 127.0.0.1:9600
Found SERVER_ADDR line
Full line: 'SERVER_ADDR 127.0.0.1:9600'
Ignoring received SERVER_ADDR, using hardcoded 31.125.225.86:9600
Final values: ServerHosted=1, ServerAddr=31.125.225.86, ServerPort=9600

=== NEW Game Entry 0 ===
Line 1 (Name): ClassicH
Line 2 (Track): ClassicH
Line 3 (IP): 127.0.0.1
Line 4 (Port/Laps): 9600 5 1 2
Parsed: Port=9600, Laps=5, Weapons=1, NbClient=2
Player list line: 0 1 
Checking SERVER_ADDR line, lLinePtr=00EE2F98
Line content (text): 
No SERVER_ADDR line - next line is: 
Final values: ServerHosted=0, ServerAddr=31.125.225.86, ServerPort=9600

=== NEW Game Entry 0 ===
Line 1 (Name): ClassicH
Line 2 (Track): ClassicH
Line 3 (IP): 127.0.0.1
Line 4 (Port/Laps): 9600 5 1 1
Parsed: Port=9600, Laps=5, Weapons=1, NbClient=1
Player list line: 0 
Checking SERVER_ADDR line, lLinePtr=00F11DB7
Line content (text): 
No SERVER_ADDR line - next line is: 
Final values: ServerHosted=0, ServerAddr=31.125.225.86, ServerPort=9600

=== NEW Game Entry 0 ===
Line 1 (Name): ClassicH
Line 2 (Track): ClassicH
Line 3 (IP): 127.0.0.1
Line 4 (Port/Laps): 9600 5 1 2
Parsed: Port=9600, Laps=5, Weapons=1, NbClient=2
Player list line: 0 1 
Checking SERVER_ADDR line, lLinePtr=00EE1F91
Line content (text): 
No SERVER_ADDR line - next line is: 
Final values: ServerHosted=0, ServerAddr=31.125.225.86, ServerPort=9600

=== NEW Game Entry 0 ===
Line 1 (Name): ClassicH
Line 2 (Track): ClassicH
Line 3 (IP): 127.0.0.1
Line 4 (Port/Laps): 9600 5 1 1
Parsed: Port=9600, Laps=5, Weapons=1, NbClient=1
Player list line: 0 
Checking SERVER_ADDR line, lLinePtr=00F12087
Line content (text): 
No SERVER_ADDR line - next line is: 
Final values: ServerHosted=0, ServerAddr=31.125.225.86, ServerPort=9600

=== NEW Game Entry 0 ===
Line 1 (Name): ClassicH
Line 2 (Track): ClassicH
Line 3 (IP): 127.0.0.1
Line 4 (Port/Laps): 9600 5 1 2
Parsed: Port=9600, Laps=5, Weapons=1, NbClient=2
Player list line: 0 1 
Checking SERVER_ADDR line, lLinePtr=00EE1F91
Line content (text): 
No SERVER_ADDR line - next line is: 
Final values: ServerHosted=0, ServerAddr=31.125.225.86, ServerPort=9600

=== NEW Game Entry 0 ===
Line 1 (Name): ClassicH
Line 2 (Track): ClassicH
Line 3 (IP): 127.0.0.1
Line 4 (Port/Laps): 9600 5 1 1
Parsed: Port=9600, Laps=5, Weapons=1, NbClient=1
Player list line: 0 
Checking SERVER_ADDR line, lLinePtr=00F11DB7
Line content (text): 
No SERVER_ADDR line - next line is: 
Final values: ServerHosted=0, ServerAddr=31.125.225.86, ServerPort=9600

=== NEW Game Entry 0 ===
Line 1 (Name): ClassicH
Line 2 (Track): ClassicH
Line 3 (IP): 127.0.0.1
Line 4 (Port/Laps): 9600 5 1 2
Parsed: Port=9600, Laps=5, Weapons=1, NbClient=2
Player list line: 0 1 
Checking SERVER_ADDR line, lLinePtr=00EE1871
Line content (text): 
No SERVER_ADDR line - next line is: 
Final values: ServerHosted=0, ServerAddr=31.125.225.86, ServerPort=9600

=== NEW Game Entry 0 ===
Line 1 (Name): ClassicH
Line 2 (Track): ClassicH
Line 3 (IP): 127.0.0.1
Line 4 (Port/Laps): 9600 5 1 1
Parsed: Port=9600, Laps=5, Weapons=1, NbClient=1
Player list line: 0 
Checking SERVER_ADDR line, lLinePtr=00F11787
Line content (text): 
No SERVER_ADDR line - next line is: 
Final values: ServerHosted=0, ServerAddr=31.125.225.86, ServerPort=9600

=== NEW Game Entry 0 ===
Line 1 (Name): ClassicH
Line 2 (Track): ClassicH
Line 3 (IP): 127.0.0.1
Line 4 (Port/Laps): 9600 5 1 1
Parsed: Port=9600, Laps=5, Weapons=1, NbClient=1
Player list line: 0 
Checking SERVER_ADDR line, lLinePtr=0600A115
Line content (text): SERVER_ADDR 127.0.0.1:9600
Found SERVER_ADDR line
Full line: 'SERVER_ADDR 127.0.0.1:9600'
Ignoring received SERVER_ADDR, using hardcoded 31.125.225.86:9600
Final values: ServerHosted=1, ServerAddr=31.125.225.86, ServerPort=9600

=== NEW Game Entry 0 ===
Line 1 (Name): ClassicH
Line 2 (Track): ClassicH
Line 3 (IP): 127.0.0.1
Line 4 (Port/Laps): 9600 5 1 2
Parsed: Port=9600, Laps=5, Weapons=1, NbClient=2
Player list line: 0 1 
Checking SERVER_ADDR line, lLinePtr=00EE2F01
Line content (text): 
No SERVER_ADDR line - next line is: 
Final values: ServerHosted=0, ServerAddr=31.125.225.86, ServerPort=9600

=== NEW Game Entry 0 ===
Line 1 (Name): ClassicH
Line 2 (Track): ClassicH
Line 3 (IP): 127.0.0.1
Line 4 (Port/Laps): 9600 5 1 1
Parsed: Port=9600, Laps=5, Weapons=1, NbClient=1
Player list line: 0 
Checking SERVER_ADDR line, lLinePtr=059E553D
Line content (text): SERVER_ADDR 127.0.0.1:9600
Found SERVER_ADDR line
Full line: 'SERVER_ADDR 127.0.0.1:9600'
Ignoring received SERVER_ADDR, using hardcoded 31.125.225.86:9600
Final values: ServerHosted=1, ServerAddr=31.125.225.86, ServerPort=9600

=== NEW Game Entry 0 ===
Line 1 (Name): ClassicH
Line 2 (Track): ClassicH
Line 3 (IP): 127.0.0.1
Line 4 (Port/Laps): 9600 5 1 2
Parsed: Port=9600, Laps=5, Weapons=1, NbClient=2
Player list line: 0 1 
Checking SERVER_ADDR line, lLinePtr=0083F2F9
Line content (text): 
No SERVER_ADDR line - next line is: 
Final values: ServerHosted=0, ServerAddr=31.125.225.86, ServerPort=9600

=== NEW Game Entry 0 ===
Line 1 (Name): ClassicH
Line 2 (Track): ClassicH
Line 3 (IP): 127.0.0.1
Line 4 (Port/Laps): 9600 5 1 1
Parsed: Port=9600, Laps=5, Weapons=1, NbClient=1
Player list line: 1 
Checking SERVER_ADDR line, lLinePtr=00784E2F
Line content (text): 
No SERVER_ADDR line - next line is: 
Final values: ServerHosted=0, ServerAddr=31.125.225.86, ServerPort=9600

=== NEW Game Entry 0 ===
Line 1 (Name): ClassicH
Line 2 (Track): ClassicH
Line 3 (IP): 127.0.0.1
Line 4 (Port/Laps): 9600 5 1 2
Parsed: Port=9600, Laps=5, Weapons=1, NbClient=2
Player list line: 1 0 
Checking SERVER_ADDR line, lLinePtr=0083EDA1
Line content (text): 
No SERVER_ADDR line - next line is: 
Final values: ServerHosted=0, ServerAddr=31.125.225.86, ServerPort=9600

=== NEW Game Entry 0 ===
Line 1 (Name): ClassicH
Line 2 (Track): ClassicH
Line 3 (IP): 127.0.0.1
Line 4 (Port/Laps): 9600 5 1 3
Parsed: Port=9600, Laps=5, Weapons=1, NbClient=3
Player list line: 1 0 2 
Checking SERVER_ADDR line, lLinePtr=0083EDA3
Line content (text): 
No SERVER_ADDR line - next line is: 
Final values: ServerHosted=0, ServerAddr=31.125.225.86, ServerPort=9600

=== NEW Game Entry 0 ===
Line 1 (Name): ClassicH
Line 2 (Track): ClassicH
Line 3 (IP): 127.0.0.1
Line 4 (Port/Laps): 9600 5 1 2
Parsed: Port=9600, Laps=5, Weapons=1, NbClient=2
Player list line: 1 2 
Checking SERVER_ADDR line, lLinePtr=0084AE04
Line content (text): 
No SERVER_ADDR line - next line is: 
Final values: ServerHosted=0, ServerAddr=31.125.225.86, ServerPort=9600

=== NEW Game Entry 0 ===
Line 1 (Name): ClassicH
Line 2 (Track): ClassicH
Line 3 (IP): 127.0.0.1
Line 4 (Port/Laps): 9600 5 1 1
Parsed: Port=9600, Laps=5, Weapons=1, NbClient=1
Player list line: 1 
Checking SERVER_ADDR line, lLinePtr=0084AE02
Line content (text): 
No SERVER_ADDR line - next line is: 
Final values: ServerHosted=0, ServerAddr=31.125.225.86, ServerPort=9600

=== NEW Game Entry 0 ===
Line 1 (Name): ClassicH
Line 2 (Track): ClassicH
Line 3 (IP): 127.0.0.1
Line 4 (Port/Laps): 9600 5 1 2
Parsed: Port=9600, Laps=5, Weapons=1, NbClient=2
Player list line: 1 0 
Checking SERVER_ADDR line, lLinePtr=0083E5E9
Line content (text): 
No SERVER_ADDR line - next line is: 
Final values: ServerHosted=0, ServerAddr=31.125.225.86, ServerPort=9600

=== NEW Game Entry 0 ===
Line 1 (Name): Steeplechase
Line 2 (Track): Steeplechase
Line 3 (IP): 31.125.225.86
Line 4 (Port/Laps): 9530 5 1 1
Parsed: Port=9530, Laps=5, Weapons=1, NbClient=1
Player list line: 1 
Checking SERVER_ADDR line, lLinePtr=00781FCB
Line content (text): 
No SERVER_ADDR line - next line is: 
Final values: ServerHosted=0, ServerAddr=, ServerPort=9600

=== NEW Game Entry 0 ===
Line 1 (Name): Steeplechase
Line 2 (Track): Steeplechase
Line 3 (IP): 31.125.225.86
Line 4 (Port/Laps): 9530 5 1 2
Parsed: Port=9530, Laps=5, Weapons=1, NbClient=2
Player list line: 1 0 
Checking SERVER_ADDR line, lLinePtr=00781DED
Line content (text): 
No SERVER_ADDR line - next line is: 
Final values: ServerHosted=0, ServerAddr=, ServerPort=9600

=== NEW Game Entry 0 ===
Line 1 (Name): Steeplechase
Line 2 (Track): Steeplechase
Line 3 (IP): 31.125.225.86
Line 4 (Port/Laps): 9530 5 1 1
Parsed: Port=9530, Laps=5, Weapons=1, NbClient=1
Player list line: 1 
Checking SERVER_ADDR line, lLinePtr=0078288B
Line content (text): 
No SERVER_ADDR line - next line is: 
Final values: ServerHosted=0, ServerAddr=, ServerPort=9600

=== NEW Game Entry 0 ===
Line 1 (Name): Steeplechase
Line 2 (Track): Steeplechase
Line 3 (IP): 31.125.225.86
Line 4 (Port/Laps): 9530 5 1 2
Parsed: Port=9530, Laps=5, Weapons=1, NbClient=2
Player list line: 1 0 
Checking SERVER_ADDR line, lLinePtr=00781E8D
Line content (text): 
No SERVER_ADDR line - next line is: 
Final values: ServerHosted=0, ServerAddr=, ServerPort=9600

=== NEW Game Entry 0 ===
Line 1 (Name): Steeplechase
Line 2 (Track): Steeplechase
Line 3 (IP): 31.125.225.86
Line 4 (Port/Laps): 9530 5 1 1
Parsed: Port=9530, Laps=5, Weapons=1, NbClient=1
Player list line: 1 
Checking SERVER_ADDR line, lLinePtr=007826AB
Line content (text): 
No SERVER_ADDR line - next line is: 
Final values: ServerHosted=0, ServerAddr=, ServerPort=9600

=== NEW Game Entry 0 ===
Line 1 (Name): Steeplechase
Line 2 (Track): Steeplechase
Line 3 (IP): 31.125.225.86
Line 4 (Port/Laps): 9530 5 1 2
Parsed: Port=9530, Laps=5, Weapons=1, NbClient=2
Player list line: 1 0 
Checking SERVER_ADDR line, lLinePtr=00781C0D
Line content (text): 
No SERVER_ADDR line - next line is: 
Final values: ServerHosted=0, ServerAddr=, ServerPort=9600

=== NEW Game Entry 0 ===
Line 1 (Name): Steeplechase
Line 2 (Track): Steeplechase
Line 3 (IP): 31.125.225.86
Line 4 (Port/Laps): 9530 5 1 1
Parsed: Port=9530, Laps=5, Weapons=1, NbClient=1
Player list line: 1 
Checking SERVER_ADDR line, lLinePtr=007824CB
Line content (text): 
No SERVER_ADDR line - next line is: 
Final values: ServerHosted=0, ServerAddr=, ServerPort=9600

=== NEW Game Entry 0 ===
Line 1 (Name): ClassicH
Line 2 (Track): ClassicH
Line 3 (IP): 31.125.225.86
Line 4 (Port/Laps): 9530 5 1 1
Parsed: Port=9530, Laps=5, Weapons=1, NbClient=1
Player list line: 1 
Checking SERVER_ADDR line, lLinePtr=0083F1CB
Line content (text): 
No SERVER_ADDR line - next line is: 
Final values: ServerHosted=0, ServerAddr=, ServerPort=9600

=== NEW Game Entry 0 ===
Line 1 (Name): ClassicH
Line 2 (Track): ClassicH
Line 3 (IP): 31.125.225.86
Line 4 (Port/Laps): 9530 5 1 2
Parsed: Port=9530, Laps=5, Weapons=1, NbClient=2
Player list line: 1 0 
Checking SERVER_ADDR line, lLinePtr=0083F005
Line content (text): 
No SERVER_ADDR line - next line is: 
Final values: ServerHosted=0, ServerAddr=, ServerPort=9600

=== NEW Game Entry 0 ===
Line 1 (Name): ClassicH
Line 2 (Track): ClassicH
Line 3 (IP): 31.125.225.86
Line 4 (Port/Laps): 9530 5 1 1
Parsed: Port=9530, Laps=5, Weapons=1, NbClient=1
Player list line: 1 
Checking SERVER_ADDR line, lLinePtr=0083F723
Line content (text): 
No SERVER_ADDR line - next line is: 
Final values: ServerHosted=0, ServerAddr=, ServerPort=9600

=== NEW Game Entry 0 ===
Line 1 (Name): ClassicH
Line 2 (Track): ClassicH
Line 3 (IP): 31.125.225.86
Line 4 (Port/Laps): 9530 5 1 1
Parsed: Port=9530, Laps=5, Weapons=1, NbClient=1
Player list line: 1 
Checking SERVER_ADDR line, lLinePtr=00A9ED0B
Line content (text): 
No SERVER_ADDR line - next line is: 
Final values: ServerHosted=0, ServerAddr=, ServerPort=0

=== NEW Game Entry 0 ===
Line 1 (Name): ClassicH
Line 2 (Track): ClassicH
Line 3 (IP): 127.0.0.1
Line 4 (Port/Laps): 9600 5 1 1
Parsed: Port=9600, Laps=5, Weapons=1, NbClient=1
Player list line: 1 
Checking SERVER_ADDR line, lLinePtr=00AF6F57
Line content (text): 
No SERVER_ADDR line - next line is: 
Final values: ServerHosted=0, ServerAddr=, ServerPort=0

=== NEW Game Entry 0 ===
Line 1 (Name): ClassicH
Line 2 (Track): ClassicH
Line 3 (IP): 127.0.0.1
Line 4 (Port/Laps): 9600 5 1 1
Parsed: Port=9600, Laps=5, Weapons=1, NbClient=1
Player list line: 1 
Checking SERVER_ADDR line, lLinePtr=00A92F02
Line content (text): SERVER_ADDR 127.0.0.1:9600
Found SERVER_ADDR line
Full line: 'SERVER_ADDR 127.0.0.1:9600'
Ignoring received SERVER_ADDR, using hardcoded 31.125.225.86:9600
Final values: ServerHosted=1, ServerAddr=31.125.225.86, ServerPort=9600

=== NEW Game Entry 0 ===
Line 1 (Name): ClassicH
Line 2 (Track): ClassicH
Line 3 (IP): 127.0.0.1
Line 4 (Port/Laps): 9600 5 1 2
Parsed: Port=9600, Laps=5, Weapons=1, NbClient=2
Player list line: 1 0 
Checking SERVER_ADDR line, lLinePtr=00A9EE39
Line content (text): 
No SERVER_ADDR line - next line is: 
Final values: ServerHosted=0, ServerAddr=31.125.225.86, ServerPort=9600

=== NEW Game Entry 0 ===
Line 1 (Name): ClassicH
Line 2 (Track): ClassicH
Line 3 (IP): 127.0.0.1
Line 4 (Port/Laps): 9600 5 1 1
Parsed: Port=9600, Laps=5, Weapons=1, NbClient=1
Player list line: 0 
Checking SERVER_ADDR line, lLinePtr=0677064A
Line content (text): SERVER_ADDR 127.0.0.1:9600
Found SERVER_ADDR line
Full line: 'SERVER_ADDR 127.0.0.1:9600'
Ignoring received SERVER_ADDR, using hardcoded 31.125.225.86:9600
Final values: ServerHosted=1, ServerAddr=31.125.225.86, ServerPort=9600

=== NEW Game Entry 0 ===
Line 1 (Name): ClassicH
Line 2 (Track): ClassicH
Line 3 (IP): 127.0.0.1
Line 4 (Port/Laps): 9600 5 1 2
Parsed: Port=9600, Laps=5, Weapons=1, NbClient=2
Player list line: 0 2 
Checking SERVER_ADDR line, lLinePtr=015584E2
Line content (text): 
No SERVER_ADDR line - next line is: 
Final values: ServerHosted=0, ServerAddr=31.125.225.86, ServerPort=9600

=== NEW Game Entry 0 ===
Line 1 (Name): ClassicH
Line 2 (Track): ClassicH
Line 3 (IP): 127.0.0.1
Line 4 (Port/Laps): 9600 5 1 1
Parsed: Port=9600, Laps=5, Weapons=1, NbClient=1
Player list line: 0 
Checking SERVER_ADDR line, lLinePtr=06341EEC
Line content (text): SERVER_ADDR 127.0.0.1:9600
Found SERVER_ADDR line
Full line: 'SERVER_ADDR 127.0.0.1:9600'
Ignoring received SERVER_ADDR, using hardcoded 31.125.225.86:9600
Final values: ServerHosted=1, ServerAddr=31.125.225.86, ServerPort=9600

=== NEW Game Entry 0 ===
Line 1 (Name): ClassicH
Line 2 (Track): ClassicH
Line 3 (IP): 127.0.0.1
Line 4 (Port/Laps): 9600 5 1 1
Parsed: Port=9600, Laps=5, Weapons=1, NbClient=1
Player list line: 0 
Checking SERVER_ADDR line, lLinePtr=06416BB3
Line content (text): SERVER_ADDR 127.0.0.1:9600
Found SERVER_ADDR line
Full line: 'SERVER_ADDR 127.0.0.1:9600'
Ignoring received SERVER_ADDR, using hardcoded 31.125.225.86:9600
Final values: ServerHosted=1, ServerAddr=31.125.225.86, ServerPort=9600

=== NEW Game Entry 0 ===
Line 1 (Name): ClassicH
Line 2 (Track): ClassicH
Line 3 (IP): 127.0.0.1
Line 4 (Port/Laps): 9600 5 1 2
Parsed: Port=9600, Laps=5, Weapons=1, NbClient=2
Player list line: 0 1 
Checking SERVER_ADDR line, lLinePtr=011F8C02
Line content (text): 
No SERVER_ADDR line - next line is: 
Final values: ServerHosted=0, ServerAddr=31.125.225.86, ServerPort=9600

=== NEW Game Entry 0 ===
Line 1 (Name): ClassicH
Line 2 (Track): ClassicH
Line 3 (IP): 127.0.0.1
Line 4 (Port/Laps): 9600 5 1 1
Parsed: Port=9600, Laps=5, Weapons=1, NbClient=1
Player list line: 0 
Checking SERVER_ADDR line, lLinePtr=0635B7CC
Line content (text): SERVER_ADDR 127.0.0.1:9600
Found SERVER_ADDR line
Full line: 'SERVER_ADDR 127.0.0.1:9600'
Ignoring received SERVER_ADDR, using hardcoded 31.125.225.86:9600
Final values: ServerHosted=1, ServerAddr=31.125.225.86, ServerPort=9600

=== NEW Game Entry 0 ===
Line 1 (Name): ClassicH
Line 2 (Track): ClassicH
Line 3 (IP): 127.0.0.1
Line 4 (Port/Laps): 9600 5 1 1
Parsed: Port=9600, Laps=5, Weapons=1, NbClient=1
Player list line: 0 
Checking SERVER_ADDR line, lLinePtr=0644A20B
Line content (text): SERVER_ADDR 127.0.0.1:9600
Found SERVER_ADDR line
Full line: 'SERVER_ADDR 127.0.0.1:9600'
Ignoring received SERVER_ADDR, using hardcoded 31.125.225.86:9600
Final values: ServerHosted=1, ServerAddr=31.125.225.86, ServerPort=9600

=== NEW Game Entry 0 ===
Line 1 (Name): ClassicH
Line 2 (Track): ClassicH
Line 3 (IP): 127.0.0.1
Line 4 (Port/Laps): 9600 5 1 2
Parsed: Port=9600, Laps=5, Weapons=1, NbClient=2
Player list line: 0 1 
Checking SERVER_ADDR line, lLinePtr=0121B402
Line content (text): 
No SERVER_ADDR line - next line is: 
Final values: ServerHosted=0, ServerAddr=31.125.225.86, ServerPort=9600

=== NEW Game Entry 0 ===
Line 1 (Name): ClassicH
Line 2 (Track): ClassicH
Line 3 (IP): 127.0.0.1
Line 4 (Port/Laps): 9600 5 1 1
Parsed: Port=9600, Laps=5, Weapons=1, NbClient=1
Player list line: 0 
Checking SERVER_ADDR line, lLinePtr=0121B108
Line content (text): 
No SERVER_ADDR line - next line is: 
Final values: ServerHosted=0, ServerAddr=31.125.225.86, ServerPort=9600

=== NEW Game Entry 0 ===
Line 1 (Name): ClassicH
Line 2 (Track): ClassicH
Line 3 (IP): 127.0.0.1
Line 4 (Port/Laps): 9600 5 1 1
Parsed: Port=9600, Laps=5, Weapons=1, NbClient=1
Player list line: 0 
Checking SERVER_ADDR line, lLinePtr=063801AC
Line content (text): SERVER_ADDR 127.0.0.1:9600
Found SERVER_ADDR line
Full line: 'SERVER_ADDR 127.0.0.1:9600'
Ignoring received SERVER_ADDR, using hardcoded 31.125.225.86:9600
Final values: ServerHosted=1, ServerAddr=31.125.225.86, ServerPort=9600

=== NEW Game Entry 0 ===
Line 1 (Name): ClassicH
Line 2 (Track): ClassicH
Line 3 (IP): 127.0.0.1
Line 4 (Port/Laps): 9600 5 1 1
Parsed: Port=9600, Laps=5, Weapons=1, NbClient=1
Player list line: 0 
Checking SERVER_ADDR line, lLinePtr=06462563
Line content (text): SERVER_ADDR 127.0.0.1:9600
Found SERVER_ADDR line
Full line: 'SERVER_ADDR 127.0.0.1:9600'
Ignoring received SERVER_ADDR, using hardcoded 31.125.225.86:9600
Final values: ServerHosted=1, ServerAddr=31.125.225.86, ServerPort=9600

=== NEW Game Entry 0 ===
Line 1 (Name): ClassicH
Line 2 (Track): ClassicH
Line 3 (IP): 127.0.0.1
Line 4 (Port/Laps): 9600 5 1 2
Parsed: Port=9600, Laps=5, Weapons=1, NbClient=2
Player list line: 0 1 
Checking SERVER_ADDR line, lLinePtr=012FED42
Line content (text): 
No SERVER_ADDR line - next line is: 
Final values: ServerHosted=0, ServerAddr=31.125.225.86, ServerPort=9600

=== NEW Game Entry 0 ===
Line 1 (Name): ClassicH
Line 2 (Track): ClassicH
Line 3 (IP): 127.0.0.1
Line 4 (Port/Laps): 9600 5 1 1
Parsed: Port=9600, Laps=5, Weapons=1, NbClient=1
Player list line: 0 
Checking SERVER_ADDR line, lLinePtr=05C1F4C4
Line content (text): SERVER_ADDR 127.0.0.1:9600
Found SERVER_ADDR line
Full line: 'SERVER_ADDR 127.0.0.1:9600'
Ignoring received SERVER_ADDR, using hardcoded 31.125.225.86:9600
Final values: ServerHosted=1, ServerAddr=31.125.225.86, ServerPort=9600

=== NEW Game Entry 1 ===
Line 1 (Name): ClassicH
Line 2 (Track): ClassicH
Line 3 (IP): 127.0.0.1
Line 4 (Port/Laps): 9600 5 1 1
Parsed: Port=9600, Laps=5, Weapons=1, NbClient=1
Player list line: 1 
Checking SERVER_ADDR line, lLinePtr=00B31558
Line content (text): 
No SERVER_ADDR line - next line is: 
Final values: ServerHosted=0, ServerAddr=, ServerPort=0

=== NEW Game Entry 0 ===
Line 1 (Name): ClassicH
Line 2 (Track): ClassicH
Line 3 (IP): 127.0.0.1
Line 4 (Port/Laps): 9600 5 1 1
Parsed: Port=9600, Laps=5, Weapons=1, NbClient=1
Player list line: 0 
Checking SERVER_ADDR line, lLinePtr=00ED83F9
Line content (text): 
No SERVER_ADDR line - next line is: 
Final values: ServerHosted=0, ServerAddr=, ServerPort=0

=== NEW Game Entry 0 ===
Line 1 (Name): ClassicH
Line 2 (Track): ClassicH
Line 3 (IP): 127.0.0.1
Line 4 (Port/Laps): 9600 5 1 2
Parsed: Port=9600, Laps=5, Weapons=1, NbClient=2
Player list line: 0 1 
Checking SERVER_ADDR line, lLinePtr=00ED6FCB
Line content (text): 
No SERVER_ADDR line - next line is: 
Final values: ServerHosted=0, ServerAddr=, ServerPort=0

=== NEW Game Entry 0 ===
Line 1 (Name): ClassicH
Line 2 (Track): ClassicH
Line 3 (IP): 127.0.0.1
Line 4 (Port/Laps): 9600 5 1 1
Parsed: Port=9600, Laps=5, Weapons=1, NbClient=1
Player list line: 0 
Checking SERVER_ADDR line, lLinePtr=01019D55
Line content (text): SERVER_ADDR 127.0.0.1:9600
Found SERVER_ADDR line
Full line: 'SERVER_ADDR 127.0.0.1:9600'
Ignoring received SERVER_ADDR, using hardcoded 31.125.225.86:9600
Final values: ServerHosted=1, ServerAddr=31.125.225.86, ServerPort=9600

=== NEW Game Entry 0 ===
Line 1 (Name): ClassicH
Line 2 (Track): ClassicH
Line 3 (IP): 127.0.0.1
Line 4 (Port/Laps): 9600 5 1 1
Parsed: Port=9600, Laps=5, Weapons=1, NbClient=1
Player list line: 0 
Checking SERVER_ADDR line, lLinePtr=05EC5373
Line content (text): SERVER_ADDR 127.0.0.1:9600
Found SERVER_ADDR line
Full line: 'SERVER_ADDR 127.0.0.1:9600'
Ignoring received SERVER_ADDR, using hardcoded 31.125.225.86:9600
Final values: ServerHosted=1, ServerAddr=31.125.225.86, ServerPort=9600

=== NEW Game Entry 0 ===
Line 1 (Name): ClassicH
Line 2 (Track): ClassicH
Line 3 (IP): 127.0.0.1
Line 4 (Port/Laps): 9600 5 1 2
Parsed: Port=9600, Laps=5, Weapons=1, NbClient=2
Player list line: 0 1 
Checking SERVER_ADDR line, lLinePtr=01034C03
Line content (text): 
No SERVER_ADDR line - next line is: 
Final values: ServerHosted=0, ServerAddr=31.125.225.86, ServerPort=9600

=== NEW Game Entry 0 ===
Line 1 (Name): ClassicH
Line 2 (Track): ClassicH
Line 3 (IP): 127.0.0.1
Line 4 (Port/Laps): 9600 5 1 1
Parsed: Port=9600, Laps=5, Weapons=1, NbClient=1
Player list line: 0 
Checking SERVER_ADDR line, lLinePtr=01035289
Line content (text): 
No SERVER_ADDR line - next line is: 
Final values: ServerHosted=0, ServerAddr=31.125.225.86, ServerPort=9600

=== NEW Game Entry 0 ===
Line 1 (Name): ClassicH
Line 2 (Track): ClassicH
Line 3 (IP): 127.0.0.1
Line 4 (Port/Laps): 9600 5 1 1
Parsed: Port=9600, Laps=5, Weapons=1, NbClient=1
Player list line: 0 
Checking SERVER_ADDR line, lLinePtr=00B35551
Line content (text): 
No SERVER_ADDR line - next line is: 
Final values: ServerHosted=0, ServerAddr=, ServerPort=0

=== NEW Game Entry 0 ===
Line 1 (Name): ClassicH
Line 2 (Track): ClassicH
Line 3 (IP): 127.0.0.1
Line 4 (Port/Laps): 9600 5 1 2
Parsed: Port=9600, Laps=5, Weapons=1, NbClient=2
Player list line: 0 1 
Checking SERVER_ADDR line, lLinePtr=00B35423
Line content (text): 
No SERVER_ADDR line - next line is: 
Final values: ServerHosted=0, ServerAddr=, ServerPort=0

=== NEW Game Entry 0 ===
Line 1 (Name): ClassicH
Line 2 (Track): ClassicH
Line 3 (IP): 127.0.0.1
Line 4 (Port/Laps): 9600 5 1 1
Parsed: Port=9600, Laps=5, Weapons=1, NbClient=1
Player list line: 0 
Checking SERVER_ADDR line, lLinePtr=00B347A9
Line content (text): 
No SERVER_ADDR line - next line is: 
Final values: ServerHosted=0, ServerAddr=, ServerPort=0

=== NEW Game Entry 0 ===
Line 1 (Name): ClassicH
Line 2 (Track): ClassicH
Line 3 (IP): 127.0.0.1
Line 4 (Port/Laps): 9600 5 1 2
Parsed: Port=9600, Laps=5, Weapons=1, NbClient=2
Player list line: 0 1 
Checking SERVER_ADDR line, lLinePtr=00B3467B
Line content (text): 
No SERVER_ADDR line - next line is: 
Final values: ServerHosted=0, ServerAddr=, ServerPort=0

=== NEW Game Entry 0 ===
Line 1 (Name): ClassicH
Line 2 (Track): ClassicH
Line 3 (IP): 127.0.0.1
Line 4 (Port/Laps): 9600 5 1 1
Parsed: Port=9600, Laps=5, Weapons=1, NbClient=1
Player list line: 0 
Checking SERVER_ADDR line, lLinePtr=00B34B39
Line content (text): 
No SERVER_ADDR line - next line is: 
Final values: ServerHosted=0, ServerAddr=, ServerPort=0

=== NEW Game Entry 0 ===
Line 1 (Name): ClassicH
Line 2 (Track): ClassicH
Line 3 (IP): 127.0.0.1
Line 4 (Port/Laps): 9600 5 1 2
Parsed: Port=9600, Laps=5, Weapons=1, NbClient=2
Player list line: 0 1 
Checking SERVER_ADDR line, lLinePtr=00B345E3
Line content (text): 
No SERVER_ADDR line - next line is: 
Final values: ServerHosted=0, ServerAddr=, ServerPort=0

=== NEW Game Entry 0 ===
Line 1 (Name): ClassicH
Line 2 (Track): ClassicH
Line 3 (IP): 127.0.0.1
Line 4 (Port/Laps): 9600 5 1 1
Parsed: Port=9600, Laps=5, Weapons=1, NbClient=1
Player list line: 0 
Checking SERVER_ADDR line, lLinePtr=00B35259
Line content (text): 
No SERVER_ADDR line - next line is: 
Final values: ServerHosted=0, ServerAddr=, ServerPort=0

=== NEW Game Entry 0 ===
Line 1 (Name): ClassicH
Line 2 (Track): ClassicH
Line 3 (IP): 127.0.0.1
Line 4 (Port/Laps): 9600 5 1 2
Parsed: Port=9600, Laps=5, Weapons=1, NbClient=2
Player list line: 0 1 
Checking SERVER_ADDR line, lLinePtr=00B3571B
Line content (text): 
No SERVER_ADDR line - next line is: 
Final values: ServerHosted=0, ServerAddr=, ServerPort=0

=== NEW Game Entry 0 ===
Line 1 (Name): ClassicH
Line 2 (Track): ClassicH
Line 3 (IP): 127.0.0.1
Line 4 (Port/Laps): 9600 5 1 1
Parsed: Port=9600, Laps=5, Weapons=1, NbClient=1
Player list line: 0 
Checking SERVER_ADDR line, lLinePtr=0628F01D
Line content (text): SERVER_ADDR 127.0.0.1:9600
Found SERVER_ADDR line
Full line: 'SERVER_ADDR 127.0.0.1:9600'
Ignoring received SERVER_ADDR, using hardcoded 31.125.225.86:9600
Final values: ServerHosted=1, ServerAddr=31.125.225.86, ServerPort=9600

=== NEW Game Entry 1 ===
Line 1 (Name): ClassicH
Line 2 (Track): ClassicH
Line 3 (IP): 127.0.0.1
Line 4 (Port/Laps): 9600 5 1 1
Parsed: Port=9600, Laps=5, Weapons=1, NbClient=1
Player list line: 1 
Checking SERVER_ADDR line, lLinePtr=0116FED9
Line content (text): 
No SERVER_ADDR line - next line is: 
Final values: ServerHosted=0, ServerAddr=, ServerPort=0

=== NEW Game Entry 0 ===
Line 1 (Name): ClassicH
Line 2 (Track): ClassicH
Line 3 (IP): 127.0.0.1
Line 4 (Port/Laps): 9600 5 1 1
Parsed: Port=9600, Laps=5, Weapons=1, NbClient=1
Player list line: 0 
Checking SERVER_ADDR line, lLinePtr=0628F01D
Line content (text): SERVER_ADDR 127.0.0.1:9600
Found SERVER_ADDR line
Full line: 'SERVER_ADDR 127.0.0.1:9600'
Ignoring received SERVER_ADDR, using hardcoded 31.125.225.86:9600
Final values: ServerHosted=1, ServerAddr=31.125.225.86, ServerPort=9600

=== NEW Game Entry 0 ===
Line 1 (Name): ClassicH
Line 2 (Track): ClassicH
Line 3 (IP): 127.0.0.1
Line 4 (Port/Laps): 9600 5 1 1
Parsed: Port=9600, Laps=5, Weapons=1, NbClient=1
Player list line: 0 
Checking SERVER_ADDR line, lLinePtr=061ADAEF
Line content (text): SERVER_ADDR 127.0.0.1:9600
Found SERVER_ADDR line
Full line: 'SERVER_ADDR 127.0.0.1:9600'
Ignoring received SERVER_ADDR, using hardcoded 31.125.225.86:9600
Final values: ServerHosted=1, ServerAddr=31.125.225.86, ServerPort=9600

=== NEW Game Entry 0 ===
Line 1 (Name): ClassicH
Line 2 (Track): ClassicH
Line 3 (IP): 127.0.0.1
Line 4 (Port/Laps): 9600 5 1 2
Parsed: Port=9600, Laps=5, Weapons=1, NbClient=2
Player list line: 0 1 
Checking SERVER_ADDR line, lLinePtr=0116FBE3
Line content (text): 
No SERVER_ADDR line - next line is: 
Final values: ServerHosted=0, ServerAddr=31.125.225.86, ServerPort=9600

=== NEW Game Entry 0 ===
Line 1 (Name): ClassicH
Line 2 (Track): ClassicH
Line 3 (IP): 127.0.0.1
Line 4 (Port/Laps): 9600 5 1 1
Parsed: Port=9600, Laps=5, Weapons=1, NbClient=1
Player list line: 0 
Checking SERVER_ADDR line, lLinePtr=015A53B9
Line content (text): 
No SERVER_ADDR line - next line is: 
Final values: ServerHosted=0, ServerAddr=, ServerPort=0

=== NEW Game Entry 0 ===
Line 1 (Name): ClassicH
Line 2 (Track): ClassicH
Line 3 (IP): 127.0.0.1
Line 4 (Port/Laps): 9600 5 1 1
Parsed: Port=9600, Laps=5, Weapons=1, NbClient=1
Player list line: 0 
Checking SERVER_ADDR line, lLinePtr=015A47D9
Line content (text): 
No SERVER_ADDR line - next line is: 
Final values: ServerHosted=0, ServerAddr=, ServerPort=0

=== NEW Game Entry 0 ===
Line 1 (Name): ClassicH
Line 2 (Track): ClassicH
Line 3 (IP): 127.0.0.1
Line 4 (Port/Laps): 9600 5 1 2
Parsed: Port=9600, Laps=5, Weapons=1, NbClient=2
Player list line: 0 1 
Checking SERVER_ADDR line, lLinePtr=015A645B
Line content (text): 
No SERVER_ADDR line - next line is: 
Final values: ServerHosted=0, ServerAddr=, ServerPort=0

=== NEW Game Entry 0 ===
Line 1 (Name): ClassicH
Line 2 (Track): ClassicH
Line 3 (IP): 127.0.0.1
Line 4 (Port/Laps): 9600 5 1 1
Parsed: Port=9600, Laps=5, Weapons=1, NbClient=1
Player list line: 0 
Checking SERVER_ADDR line, lLinePtr=015A6291
Line content (text): 
No SERVER_ADDR line - next line is: 
Final values: ServerHosted=0, ServerAddr=, ServerPort=0

=== NEW Game Entry 0 ===
Line 1 (Name): ClassicH
Line 2 (Track): ClassicH
Line 3 (IP): 127.0.0.1
Line 4 (Port/Laps): 9600 5 1 2
Parsed: Port=9600, Laps=5, Weapons=1, NbClient=2
Player list line: 0 1 
Checking SERVER_ADDR line, lLinePtr=015A632B
Line content (text): 
No SERVER_ADDR line - next line is: 
Final values: ServerHosted=0, ServerAddr=, ServerPort=0

=== NEW Game Entry 0 ===
Line 1 (Name): ClassicH
Line 2 (Track): ClassicH
Line 3 (IP): 127.0.0.1
Line 4 (Port/Laps): 9600 5 1 1
Parsed: Port=9600, Laps=5, Weapons=1, NbClient=1
Player list line: 0 
Checking SERVER_ADDR line, lLinePtr=015A6031
Line content (text): 
No SERVER_ADDR line - next line is: 
Final values: ServerHosted=0, ServerAddr=, ServerPort=0

=== NEW Game Entry 0 ===
Line 1 (Name): ClassicH
Line 2 (Track): ClassicH
Line 3 (IP): 127.0.0.1
Line 4 (Port/Laps): 9600 5 1 1
Parsed: Port=9600, Laps=5, Weapons=1, NbClient=1
Player list line: 0 
Checking SERVER_ADDR line, lLinePtr=015A5C09
Line content (text): 
No SERVER_ADDR line - next line is: 
Final values: ServerHosted=0, ServerAddr=, ServerPort=0

=== NEW Game Entry 0 ===
Line 1 (Name): ClassicH
Line 2 (Track): ClassicH
Line 3 (IP): 127.0.0.1
Line 4 (Port/Laps): 9600 5 1 2
Parsed: Port=9600, Laps=5, Weapons=1, NbClient=2
Player list line: 0 1 
Checking SERVER_ADDR line, lLinePtr=015A5CA3
Line content (text): 
No SERVER_ADDR line - next line is: 
Final values: ServerHosted=0, ServerAddr=, ServerPort=0

=== NEW Game Entry 0 ===
Line 1 (Name): ClassicH
Line 2 (Track): ClassicH
Line 3 (IP): 127.0.0.1
Line 4 (Port/Laps): 9600 5 1 1
Parsed: Port=9600, Laps=5, Weapons=1, NbClient=1
Player list line: 0 
Checking SERVER_ADDR line, lLinePtr=015A61F9
Line content (text): 
No SERVER_ADDR line - next line is: 
Final values: ServerHosted=0, ServerAddr=, ServerPort=0

=== NEW Game Entry 1 ===
Line 1 (Name): Steeplechase
Line 2 (Track): Steeplechase
Line 3 (IP): 127.0.0.1
Line 4 (Port/Laps): 9600 5 1 1
Parsed: Port=9600, Laps=5, Weapons=1, NbClient=1
Player list line: 1 
Checking SERVER_ADDR line, lLinePtr=015880D1
Line content (text): 
No SERVER_ADDR line - next line is: 
Final values: ServerHosted=0, ServerAddr=, ServerPort=0

=== NEW Game Entry 1 ===
Line 1 (Name): Steeplechase
Line 2 (Track): Steeplechase
Line 3 (IP): 127.0.0.1
Line 4 (Port/Laps): 9600 5 1 2
Parsed: Port=9600, Laps=5, Weapons=1, NbClient=2
Player list line: 1 0 
Checking SERVER_ADDR line, lLinePtr=015879F3
Line content (text): 
No SERVER_ADDR line - next line is: 
Final values: ServerHosted=0, ServerAddr=, ServerPort=0

=== NEW Game Entry 1 ===
Line 1 (Name): Steeplechase
Line 2 (Track): Steeplechase
Line 3 (IP): 127.0.0.1
Line 4 (Port/Laps): 9600 5 1 1
Parsed: Port=9600, Laps=5, Weapons=1, NbClient=1
Player list line: 1 
Checking SERVER_ADDR line, lLinePtr=01587EF1
Line content (text): 
No SERVER_ADDR line - next line is: 
Final values: ServerHosted=0, ServerAddr=, ServerPort=0

=== NEW Game Entry 1 ===
Line 1 (Name): Steeplechase
Line 2 (Track): Steeplechase
Line 3 (IP): 127.0.0.1
Line 4 (Port/Laps): 9600 5 1 2
Parsed: Port=9600, Laps=5, Weapons=1, NbClient=2
Player list line: 1 0 
Checking SERVER_ADDR line, lLinePtr=015880D3
Line content (text): 
No SERVER_ADDR line - next line is: 
Final values: ServerHosted=0, ServerAddr=, ServerPort=0

=== NEW Game Entry 1 ===
Line 1 (Name): Steeplechase
Line 2 (Track): Steeplechase
Line 3 (IP): 127.0.0.1
Line 4 (Port/Laps): 9600 5 1 1
Parsed: Port=9600, Laps=5, Weapons=1, NbClient=1
Player list line: 1 
Checking SERVER_ADDR line, lLinePtr=01587591
Line content (text): 
No SERVER_ADDR line - next line is: 
Final values: ServerHosted=0, ServerAddr=, ServerPort=0

=== NEW Game Entry 0 ===
Line 1 (Name): ClassicH
Line 2 (Track): ClassicH
Line 3 (IP): 127.0.0.1
Line 4 (Port/Laps): 9600 5 1 1
Parsed: Port=9600, Laps=5, Weapons=1, NbClient=1
Player list line: 0 
Checking SERVER_ADDR line, lLinePtr=015A5879
Line content (text): 
No SERVER_ADDR line - next line is: 
Final values: ServerHosted=0, ServerAddr=, ServerPort=0

=== NEW Game Entry 0 ===
Line 1 (Name): ClassicH
Line 2 (Track): ClassicH
Line 3 (IP): 127.0.0.1
Line 4 (Port/Laps): 9600 5 1 2
Parsed: Port=9600, Laps=5, Weapons=1, NbClient=2
Player list line: 0 1 
Checking SERVER_ADDR line, lLinePtr=015A5F03
Line content (text): 
No SERVER_ADDR line - next line is: 
Final values: ServerHosted=0, ServerAddr=, ServerPort=0

=== NEW Game Entry 0 ===
Line 1 (Name): ClassicH
Line 2 (Track): ClassicH
Line 3 (IP): 127.0.0.1
Line 4 (Port/Laps): 9600 5 1 1
Parsed: Port=9600, Laps=5, Weapons=1, NbClient=1
Player list line: 0 
Checking SERVER_ADDR line, lLinePtr=015A5E69
Line content (text): 
No SERVER_ADDR line - next line is: 
Final values: ServerHosted=0, ServerAddr=, ServerPort=0

=== NEW Game Entry 0 ===
Line 1 (Name): ClassicH
Line 2 (Track): ClassicH
Line 3 (IP): 127.0.0.1
Line 4 (Port/Laps): 9600 5 1 1
Parsed: Port=9600, Laps=5, Weapons=1, NbClient=1
Player list line: 0 
Checking SERVER_ADDR line, lLinePtr=00EEE5C9
Line content (text): 
No SERVER_ADDR line - next line is: 
Final values: ServerHosted=0, ServerAddr=, ServerPort=0

=== NEW Game Entry 0 ===
Line 1 (Name): ClassicH
Line 2 (Track): ClassicH
Line 3 (IP): 127.0.0.1
Line 4 (Port/Laps): 9600 5 1 2
Parsed: Port=9600, Laps=5, Weapons=1, NbClient=2
Player list line: 0 1 
Checking SERVER_ADDR line, lLinePtr=00EEE533
Line content (text): 
No SERVER_ADDR line - next line is: 
Final values: ServerHosted=0, ServerAddr=, ServerPort=0

=== NEW Game Entry 0 ===
Line 1 (Name): ClassicH
Line 2 (Track): ClassicH
Line 3 (IP): 127.0.0.1
Line 4 (Port/Laps): 9600 5 1 1
Parsed: Port=9600, Laps=5, Weapons=1, NbClient=1
Player list line: 0 
Checking SERVER_ADDR line, lLinePtr=00EEE531
Line content (text): 
No SERVER_ADDR line - next line is: 
Final values: ServerHosted=0, ServerAddr=, ServerPort=0

=== NEW Game Entry 0 ===
Line 1 (Name): ClassicH
Line 2 (Track): ClassicH
Line 3 (IP): 127.0.0.1
Line 4 (Port/Laps): 9600 5 1 1
Parsed: Port=9600, Laps=5, Weapons=1, NbClient=1
Player list line: 1 
Checking SERVER_ADDR line, lLinePtr=00EEE5C9
Line content (text): 
No SERVER_ADDR line - next line is: 
Final values: ServerHosted=0, ServerAddr=, ServerPort=0

=== NEW Game Entry 0 ===
Line 1 (Name): ClassicH
Line 2 (Track): ClassicH
Line 3 (IP): 127.0.0.1
Line 4 (Port/Laps): 9600 5 1 2
Parsed: Port=9600, Laps=5, Weapons=1, NbClient=2
Player list line: 1 0 
Checking SERVER_ADDR line, lLinePtr=00EEDB1B
Line content (text): 
No SERVER_ADDR line - next line is: 
Final values: ServerHosted=0, ServerAddr=, ServerPort=0

=== NEW Game Entry 0 ===
Line 1 (Name): ClassicH
Line 2 (Track): ClassicH
Line 3 (IP): 127.0.0.1
Line 4 (Port/Laps): 9600 5 1 1
Parsed: Port=9600, Laps=5, Weapons=1, NbClient=1
Player list line: 0 
Checking SERVER_ADDR line, lLinePtr=063CE425
Line content (text): SERVER_ADDR 127.0.0.1:9600
Found SERVER_ADDR line
Full line: 'SERVER_ADDR 127.0.0.1:9600'
Ignoring received SERVER_ADDR, using hardcoded 31.125.225.86:9600
Final values: ServerHosted=1, ServerAddr=31.125.225.86, ServerPort=9600

=== NEW Game Entry 0 ===
Line 1 (Name): ClassicH
Line 2 (Track): ClassicH
Line 3 (IP): 127.0.0.1
Line 4 (Port/Laps): 9600 5 1 1
Parsed: Port=9600, Laps=5, Weapons=1, NbClient=1
Player list line: 0 
Checking SERVER_ADDR line, lLinePtr=0142C88B
Line content (text): SERVER_ADDR 127.0.0.1:9600
Found SERVER_ADDR line
Full line: 'SERVER_ADDR 127.0.0.1:9600'
Ignoring received SERVER_ADDR, using hardcoded 31.125.225.86:9600
Final values: ServerHosted=1, ServerAddr=31.125.225.86, ServerPort=9600

=== NEW Game Entry 0 ===
Line 1 (Name): ClassicH
Line 2 (Track): ClassicH
Line 3 (IP): 127.0.0.1
Line 4 (Port/Laps): 9600 5 1 2
Parsed: Port=9600, Laps=5, Weapons=1, NbClient=2
Player list line: 0 1 
Checking SERVER_ADDR line, lLinePtr=01474E33
Line content (text): 
No SERVER_ADDR line - next line is: 
Final values: ServerHosted=0, ServerAddr=31.125.225.86, ServerPort=9600
