
========== MR_InitModule Called ==========
Module handle: 0x69E70000
Module path: C:\originalhr2\HoverRaceAI\Release\ObjFac1.dll
Attempting to load resource file: C:\originalhr2\HoverRaceAI\Release\ObjFac1.dat
SUCCESS: ObjFac1 resources loaded successfully in 16 ms
gObjectFactoryData: 0x00717870
========== MR_InitModule Complete ==========

========== MR_InitModule Called ==========
Module handle: 0x69E70000
Module path: C:\originalhr2\HoverRaceAI\Release\ObjFac1.dll
Attempting to load resource file: C:\originalhr2\HoverRaceAI\Release\ObjFac1.dat
SUCCESS: ObjFac1 resources loaded successfully in 16 ms
gObjectFactoryData: 0x00E5FDE8
========== MR_InitModule Complete ==========

========== MR_InitModule Called ==========
Module handle: 0x69E70000
Module path: C:\originalhr2\HoverRaceAI\Release\ObjFac1.dll
Attempting to load resource file: C:\originalhr2\HoverRaceAI\Release\ObjFac1.dat
SUCCESS: ObjFac1 resources loaded successfully in 0 ms
gObjectFactoryData: 0x00E75D18
========== MR_InitModule Complete ==========

========== MR_InitModule Called ==========
Module handle: 0x69E70000
Module path: C:\originalhr2\HoverRaceAI\Release\ObjFac1.dll
Attempting to load resource file: C:\originalhr2\HoverRaceAI\Release\ObjFac1.dat
SUCCESS: ObjFac1 resources loaded successfully in 15 ms
gObjectFactoryData: 0x00A85E08
========== MR_InitModule Complete ==========
