
MR_GetObject called with pClassId=1000
  SUCCESS: Object created at 0x007FE578

MR_GetObject called with pClassId=1100
  SUCCESS: Object created at 0x007FE530

MR_GetObject called with pClassId=1102
  SUCCESS: Object created at 0x007FE548

MR_GetObject called with pClassId=1103
  SUCCESS: Object created at 0x007FE5C0

MR_GetObject called with pClassId=1101
  SUCCESS: Object created at 0x007FE560

MR_GetObject called with pClassId=51
  SUCCESS: Object created at 0x03C9BBD8

MR_GetObject called with pClassId=50
  SUCCESS: Object created at 0x03C9BA98

MR_GetObject called with pClassId=52
  SUCCESS: Object created at 0x03BD49C8

MR_GetObject called with pClassId=69
  SUCCESS: Object created at 0x03C9BC38

MR_GetObject called with pClassId=53
  SUCCESS: Object created at 0x03BD4B30

MR_GetObject called with pClassId=52
  SUCCESS: Object created at 0x03BD4B58

MR_GetObject called with pClassId=51
  SUCCESS: Object created at 0x03C9BAB8

MR_GetObject called with pClassId=50
  SUCCESS: Object created at 0x03C9BE58

MR_GetObject called with pClassId=52
  SUCCESS: Object created at 0x03BD4B80

MR_GetObject called with pClassId=52
  SUCCESS: Object created at 0x03BD4A40

MR_GetObject called with pClassId=53
  SUCCESS: Object created at 0x03BD4888

MR_GetObject called with pClassId=61
  SUCCESS: Object created at 0x03C9BDB8

MR_GetObject called with pClassId=51
  SUCCESS: Object created at 0x03C9BAD8

MR_GetObject called with pClassId=50
  SUCCESS: Object created at 0x03C9BC18

MR_GetObject called with pClassId=52
  SUCCESS: Object created at 0x03BD48B0

MR_GetObject called with pClassId=54
  SUCCESS: Object created at 0x03BD4BA8

MR_GetObject called with pClassId=52
  SUCCESS: Object created at 0x03BD4BD0

MR_GetObject called with pClassId=60
  SUCCESS: Object created at 0x03C9BAF8

MR_GetObject called with pClassId=52
  SUCCESS: Object created at 0x03BD4A68

MR_GetObject called with pClassId=51
  SUCCESS: Object created at 0x03C9BD98

MR_GetObject called with pClassId=50
  SUCCESS: Object created at 0x03C9BA78

MR_GetObject called with pClassId=52
  SUCCESS: Object created at 0x03BD48D8

MR_GetObject called with pClassId=54
  SUCCESS: Object created at 0x03BD4BF8

MR_GetObject called with pClassId=52
  SUCCESS: Object created at 0x03BD47C0

MR_GetObject called with pClassId=60
  SUCCESS: Object created at 0x03C9BC78

MR_GetObject called with pClassId=52
  SUCCESS: Object created at 0x03BD4A90

MR_GetObject called with pClassId=51
  SUCCESS: Object created at 0x03C9BB78

MR_GetObject called with pClassId=50
  SUCCESS: Object created at 0x03C9BCB8

MR_GetObject called with pClassId=52
  SUCCESS: Object created at 0x03BD4860

MR_GetObject called with pClassId=59
  SUCCESS: Object created at 0x03C9BCF8

MR_GetObject called with pClassId=52
  SUCCESS: Object created at 0x03BD4900

MR_GetObject called with pClassId=55
  SUCCESS: Object created at 0x03BD4C20

MR_GetObject called with pClassId=53
  SUCCESS: Object created at 0x03BD4810

MR_GetObject called with pClassId=51
  SUCCESS: Object created at 0x03C9BD38

MR_GetObject called with pClassId=50
  SUCCESS: Object created at 0x03C9BB58

MR_GetObject called with pClassId=52
  SUCCESS: Object created at 0x03BD4978

MR_GetObject called with pClassId=52
  SUCCESS: Object created at 0x03BD4950

MR_GetObject called with pClassId=53
  SUCCESS: Object created at 0x03BD47E8

MR_GetObject called with pClassId=52
  SUCCESS: Object created at 0x03BD49A0

MR_GetObject called with pClassId=51
  SUCCESS: Object created at 0x03C9BBB8

MR_GetObject called with pClassId=50
  SUCCESS: Object created at 0x03C9C098

MR_GetObject called with pClassId=59
  SUCCESS: Object created at 0x03C9C1B8

MR_GetObject called with pClassId=52
  SUCCESS: Object created at 0x03BD4E78

MR_GetObject called with pClassId=55
  SUCCESS: Object created at 0x03BD4F40

MR_GetObject called with pClassId=53
  SUCCESS: Object created at 0x03BD4DB0

MR_GetObject called with pClassId=52
  SUCCESS: Object created at 0x03BD4CE8

MR_GetObject called with pClassId=51
  SUCCESS: Object created at 0x03C9C1D8

MR_GetObject called with pClassId=50
  SUCCESS: Object created at 0x03C9C218

MR_GetObject called with pClassId=60
  SUCCESS: Object created at 0x03C9C258

MR_GetObject called with pClassId=52
  SUCCESS: Object created at 0x03BD4EC8

MR_GetObject called with pClassId=52
  SUCCESS: Object created at 0x03BD4F18

MR_GetObject called with pClassId=54
  SUCCESS: Object created at 0x03BD4EA0

MR_GetObject called with pClassId=52
  SUCCESS: Object created at 0x03BD4EF0

MR_GetObject called with pClassId=51
  SUCCESS: Object created at 0x03C9C058

MR_GetObject called with pClassId=50
  SUCCESS: Object created at 0x03C9BEB8

MR_GetObject called with pClassId=52
  SUCCESS: Object created at 0x03BD4E00

MR_GetObject called with pClassId=54
  SUCCESS: Object created at 0x03BD4E28

MR_GetObject called with pClassId=68
  SUCCESS: Object created at 0x03C9C1F8

MR_GetObject called with pClassId=52
  SUCCESS: Object created at 0x03BD4CC0

MR_GetObject called with pClassId=60
  SUCCESS: Object created at 0x03C9BED8

MR_GetObject called with pClassId=52
  SUCCESS: Object created at 0x03BD4D88

MR_GetObject called with pClassId=51
  SUCCESS: Object created at 0x03C9BEF8

MR_GetObject called with pClassId=50
  SUCCESS: Object created at 0x03C9BF98

MR_GetObject called with pClassId=52
  SUCCESS: Object created at 0x03BD4E50

MR_GetObject called with pClassId=52
  SUCCESS: Object created at 0x03BD4D60

MR_GetObject called with pClassId=53
  SUCCESS: Object created at 0x03BD4DD8

MR_GetObject called with pClassId=52
  SUCCESS: Object created at 0x00772D08

MR_GetObject called with pClassId=51
  SUCCESS: Object created at 0x03C9C0B8

MR_GetObject called with pClassId=50
  SUCCESS: Object created at 0x03C9BF18

MR_GetObject called with pClassId=52
  SUCCESS: Object created at 0x00772AB0

MR_GetObject called with pClassId=52
  SUCCESS: Object created at 0x00772AD8

MR_GetObject called with pClassId=53
  SUCCESS: Object created at 0x00772C18

MR_GetObject called with pClassId=52
  SUCCESS: Object created at 0x00772BC8

MR_GetObject called with pClassId=51
  SUCCESS: Object created at 0x03C9BF58

MR_GetObject called with pClassId=50
  SUCCESS: Object created at 0x03C9BFB8

MR_GetObject called with pClassId=60
  SUCCESS: Object created at 0x03C9C0F8

MR_GetObject called with pClassId=52
  SUCCESS: Object created at 0x007729C0

MR_GetObject called with pClassId=61
  SUCCESS: Object created at 0x03C9C138

MR_GetObject called with pClassId=56
  SUCCESS: Object created at 0x007728D0

MR_GetObject called with pClassId=54
  SUCCESS: Object created at 0x00772BA0

MR_GetObject called with pClassId=52
  SUCCESS: Object created at 0x007729E8

MR_GetObject called with pClassId=51
  SUCCESS: Object created at 0x03C9BFF8

MR_GetObject called with pClassId=50
  SUCCESS: Object created at 0x03C9C158

MR_GetObject called with pClassId=52
  SUCCESS: Object created at 0x00772B00

MR_GetObject called with pClassId=54
  SUCCESS: Object created at 0x00772B28

MR_GetObject called with pClassId=52
  SUCCESS: Object created at 0x007728F8

MR_GetObject called with pClassId=60
  SUCCESS: Object created at 0x03C9C5D8

MR_GetObject called with pClassId=52
  SUCCESS: Object created at 0x00772A88

MR_GetObject called with pClassId=51
  SUCCESS: Object created at 0x03C9C578

MR_GetObject called with pClassId=50
  SUCCESS: Object created at 0x03C9C438

MR_GetObject called with pClassId=59
  SUCCESS: Object created at 0x03C9C638

MR_GetObject called with pClassId=52
  SUCCESS: Object created at 0x00772D80

MR_GetObject called with pClassId=55
  SUCCESS: Object created at 0x00772C40

MR_GetObject called with pClassId=53
  SUCCESS: Object created at 0x00772D30

MR_GetObject called with pClassId=52
  SUCCESS: Object created at 0x007728A8

MR_GetObject called with pClassId=51
  SUCCESS: Object created at 0x03C9C658

MR_GetObject called with pClassId=50
  SUCCESS: Object created at 0x03C9C2F8

MR_GetObject called with pClassId=53
  SUCCESS: Object created at 0x00772B78

MR_GetObject called with pClassId=52
  SUCCESS: Object created at 0x00772BF0

MR_GetObject called with pClassId=52
  SUCCESS: Object created at 0x00772C90

MR_GetObject called with pClassId=52
  SUCCESS: Object created at 0x00772920

MR_GetObject called with pClassId=51
  SUCCESS: Object created at 0x03C9C4F8

MR_GetObject called with pClassId=50
  SUCCESS: Object created at 0x03C9C4D8

MR_GetObject called with pClassId=53
  SUCCESS: Object created at 0x00772D58

MR_GetObject called with pClassId=52
  SUCCESS: Object created at 0x00772998

MR_GetObject called with pClassId=59
  SUCCESS: Object created at 0x03C9C518

MR_GetObject called with pClassId=52
  SUCCESS: Object created at 0x00772948

MR_GetObject called with pClassId=55
  SUCCESS: Object created at 0x00772970

MR_GetObject called with pClassId=51
  SUCCESS: Object created at 0x03C9C3F8

MR_GetObject called with pClassId=50
  SUCCESS: Object created at 0x03C9C558

MR_GetObject called with pClassId=52
  SUCCESS: Object created at 0x00772A10

MR_GetObject called with pClassId=54
  SUCCESS: Object created at 0x00772A60

MR_GetObject called with pClassId=52
  SUCCESS: Object created at 0x00772DF8

MR_GetObject called with pClassId=60
  SUCCESS: Object created at 0x03C9C4B8

MR_GetObject called with pClassId=52
  SUCCESS: Object created at 0x00772DD0

MR_GetObject called with pClassId=51
  SUCCESS: Object created at 0x03C9C598

MR_GetObject called with pClassId=50
  SUCCESS: Object created at 0x03C9C538

MR_GetObject called with pClassId=60
  SUCCESS: Object created at 0x03C9C398

MR_GetObject called with pClassId=52
  SUCCESS: Object created at 0x00772E48

MR_GetObject called with pClassId=52
  SUCCESS: Object created at 0x00772DA8

MR_GetObject called with pClassId=52
  SUCCESS: Object created at 0x00772330

MR_GetObject called with pClassId=52
  SUCCESS: Object created at 0x00771EA8

MR_GetObject called with pClassId=67
  SUCCESS: Object created at 0x03C9C3D8

MR_GetObject called with pClassId=67
  SUCCESS: Object created at 0x03C9C6B8

MR_GetObject called with pClassId=67
  SUCCESS: Object created at 0x03C9C838

MR_GetObject called with pClassId=67
  SUCCESS: Object created at 0x03C9C7F8

MR_GetObject called with pClassId=67
  SUCCESS: Object created at 0x03C9C938

MR_GetObject called with pClassId=67
  SUCCESS: Object created at 0x03C9C6D8

MR_GetObject called with pClassId=51
  SUCCESS: Object created at 0x03C9C8D8

MR_GetObject called with pClassId=51
  SUCCESS: Object created at 0x03C9C8B8

MR_GetObject called with pClassId=70
  SUCCESS: Object created at 0x03C9C998

MR_GetObject called with pClassId=50
  SUCCESS: Object created at 0x03C9C718

MR_GetObject called with pClassId=71
  SUCCESS: Object created at 0x03C9C8F8

MR_GetObject called with pClassId=68
  SUCCESS: Object created at 0x03C9C6F8

MR_GetObject called with pClassId=51
  SUCCESS: Object created at 0x03C9C698

MR_GetObject called with pClassId=51
  SUCCESS: Object created at 0x03C9C7D8

MR_GetObject called with pClassId=50
  SUCCESS: Object created at 0x03C9C818

MR_GetObject called with pClassId=70
  SUCCESS: Object created at 0x03C9C778

MR_GetObject called with pClassId=50
  SUCCESS: Object created at 0x03C9C738

MR_GetObject called with pClassId=71
  SUCCESS: Object created at 0x03C9C978

MR_GetObject called with pClassId=65
  SUCCESS: Object created at 0x03C9C858

MR_GetObject called with pClassId=65
  SUCCESS: Object created at 0x03C9C9B8

MR_GetObject called with pClassId=65
  SUCCESS: Object created at 0x03C9C678

MR_GetObject called with pClassId=65
  SUCCESS: Object created at 0x03C9C918

MR_GetObject called with pClassId=65
  SUCCESS: Object created at 0x03C9C758

MR_GetObject called with pClassId=65
  SUCCESS: Object created at 0x03C9C9F8

MR_GetObject called with pClassId=65
  SUCCESS: Object created at 0x03C9C958

MR_GetObject called with pClassId=65
  SUCCESS: Object created at 0x03C9C878

MR_GetObject called with pClassId=65
  SUCCESS: Object created at 0x03C9CA18

MR_GetObject called with pClassId=65
  SUCCESS: Object created at 0x03C9C798

MR_GetObject called with pClassId=203
  SUCCESS: Object created at 0x03CA6E60

MR_GetObject called with pClassId=204
  SUCCESS: Object created at 0x03CA6D88

MR_GetObject called with pClassId=152
  SUCCESS: Object created at 0x007BE740

MR_GetObject called with pClassId=202
  SUCCESS: Object created at 0x03CA70E8

MR_GetObject called with pClassId=200
  SUCCESS: Object created at 0x007BE798

MR_GetObject called with pClassId=100
  SUCCESS: Object created at 0x00761430

MR_GetObject called with pClassId=1000
  SUCCESS: Object created at 0x060353B0

MR_GetObject called with pClassId=1100
  SUCCESS: Object created at 0x06035398

MR_GetObject called with pClassId=1102
  SUCCESS: Object created at 0x060353C8

MR_GetObject called with pClassId=1103
  SUCCESS: Object created at 0x060353E0

MR_GetObject called with pClassId=1101
  SUCCESS: Object created at 0x060353F8

MR_GetObject called with pClassId=51
  SUCCESS: Object created at 0x060779B8

MR_GetObject called with pClassId=50
  SUCCESS: Object created at 0x06077B58

MR_GetObject called with pClassId=52
  SUCCESS: Object created at 0x06043E10

MR_GetObject called with pClassId=69
  SUCCESS: Object created at 0x06077A38

MR_GetObject called with pClassId=53
  SUCCESS: Object created at 0x06043CD0

MR_GetObject called with pClassId=52
  SUCCESS: Object created at 0x06043BE0

MR_GetObject called with pClassId=51
  SUCCESS: Object created at 0x06077AD8

MR_GetObject called with pClassId=50
  SUCCESS: Object created at 0x06077AF8

MR_GetObject called with pClassId=52
  SUCCESS: Object created at 0x06043D98

MR_GetObject called with pClassId=52
  SUCCESS: Object created at 0x06043A00

MR_GetObject called with pClassId=53
  SUCCESS: Object created at 0x06043E38

MR_GetObject called with pClassId=61
  SUCCESS: Object created at 0x06077B18

MR_GetObject called with pClassId=51
  SUCCESS: Object created at 0x060777D8

MR_GetObject called with pClassId=50
  SUCCESS: Object created at 0x06077A78

MR_GetObject called with pClassId=52
  SUCCESS: Object created at 0x06043D48

MR_GetObject called with pClassId=54
  SUCCESS: Object created at 0x06043C80

MR_GetObject called with pClassId=52
  SUCCESS: Object created at 0x06043AF0

MR_GetObject called with pClassId=60
  SUCCESS: Object created at 0x06077B38

MR_GetObject called with pClassId=52
  SUCCESS: Object created at 0x06043960

MR_GetObject called with pClassId=51
  SUCCESS: Object created at 0x06077818

MR_GetObject called with pClassId=50
  SUCCESS: Object created at 0x06077A98

MR_GetObject called with pClassId=52
  SUCCESS: Object created at 0x06043D20

MR_GetObject called with pClassId=54
  SUCCESS: Object created at 0x06043988

MR_GetObject called with pClassId=52
  SUCCESS: Object created at 0x06043B90

MR_GetObject called with pClassId=60
  SUCCESS: Object created at 0x06077838

MR_GetObject called with pClassId=52
  SUCCESS: Object created at 0x060439D8

MR_GetObject called with pClassId=51
  SUCCESS: Object created at 0x06077858

MR_GetObject called with pClassId=50
  SUCCESS: Object created at 0x06077878

MR_GetObject called with pClassId=52
  SUCCESS: Object created at 0x06043C08

MR_GetObject called with pClassId=59
  SUCCESS: Object created at 0x060779D8

MR_GetObject called with pClassId=52
  SUCCESS: Object created at 0x06043A28

MR_GetObject called with pClassId=55
  SUCCESS: Object created at 0x06043C58

MR_GetObject called with pClassId=53
  SUCCESS: Object created at 0x06043B18

MR_GetObject called with pClassId=51
  SUCCESS: Object created at 0x060778F8

MR_GetObject called with pClassId=50
  SUCCESS: Object created at 0x06077A58

MR_GetObject called with pClassId=52
  SUCCESS: Object created at 0x06043AA0

MR_GetObject called with pClassId=52
  SUCCESS: Object created at 0x06043B68

MR_GetObject called with pClassId=53
  SUCCESS: Object created at 0x06043BB8

MR_GetObject called with pClassId=52
  SUCCESS: Object created at 0x06043AC8

MR_GetObject called with pClassId=51
  SUCCESS: Object created at 0x06077AB8

MR_GetObject called with pClassId=50
  SUCCESS: Object created at 0x06077978

MR_GetObject called with pClassId=59
  SUCCESS: Object created at 0x06077E38

MR_GetObject called with pClassId=52
  SUCCESS: Object created at 0x06043F78

MR_GetObject called with pClassId=55
  SUCCESS: Object created at 0x06043EB0

MR_GetObject called with pClassId=53
  SUCCESS: Object created at 0x06044090

MR_GetObject called with pClassId=52
  SUCCESS: Object created at 0x060440B8

MR_GetObject called with pClassId=51
  SUCCESS: Object created at 0x06077C78

MR_GetObject called with pClassId=50
  SUCCESS: Object created at 0x06077D98

MR_GetObject called with pClassId=60
  SUCCESS: Object created at 0x06077F58

MR_GetObject called with pClassId=52
  SUCCESS: Object created at 0x06043FF0

MR_GetObject called with pClassId=52
  SUCCESS: Object created at 0x06043E60

MR_GetObject called with pClassId=54
  SUCCESS: Object created at 0x06044068

MR_GetObject called with pClassId=52
  SUCCESS: Object created at 0x06044108

MR_GetObject called with pClassId=51
  SUCCESS: Object created at 0x06077BF8

MR_GetObject called with pClassId=50
  SUCCESS: Object created at 0x06077EF8

MR_GetObject called with pClassId=52
  SUCCESS: Object created at 0x06044018

MR_GetObject called with pClassId=54
  SUCCESS: Object created at 0x06043E88

MR_GetObject called with pClassId=68
  SUCCESS: Object created at 0x06077C58

MR_GetObject called with pClassId=52
  SUCCESS: Object created at 0x06043ED8

MR_GetObject called with pClassId=60
  SUCCESS: Object created at 0x06077E58

MR_GetObject called with pClassId=52
  SUCCESS: Object created at 0x06043FA0

MR_GetObject called with pClassId=51
  SUCCESS: Object created at 0x06077DB8

MR_GetObject called with pClassId=50
  SUCCESS: Object created at 0x06077CD8

MR_GetObject called with pClassId=52
  SUCCESS: Object created at 0x06043F28

MR_GetObject called with pClassId=52
  SUCCESS: Object created at 0x06043F50

MR_GetObject called with pClassId=53
  SUCCESS: Object created at 0x06044040

MR_GetObject called with pClassId=52
  SUCCESS: Object created at 0x00EC1DF8

MR_GetObject called with pClassId=51
  SUCCESS: Object created at 0x06077E78

MR_GetObject called with pClassId=50
  SUCCESS: Object created at 0x06077D78

MR_GetObject called with pClassId=52
  SUCCESS: Object created at 0x00EC1F38

MR_GetObject called with pClassId=52
  SUCCESS: Object created at 0x00EC1F88

MR_GetObject called with pClassId=53
  SUCCESS: Object created at 0x00EC2000

MR_GetObject called with pClassId=52
  SUCCESS: Object created at 0x00EC2050

MR_GetObject called with pClassId=51
  SUCCESS: Object created at 0x06077C38

MR_GetObject called with pClassId=50
  SUCCESS: Object created at 0x06077DF8

MR_GetObject called with pClassId=60
  SUCCESS: Object created at 0x06077C98

MR_GetObject called with pClassId=52
  SUCCESS: Object created at 0x00EC1E20

MR_GetObject called with pClassId=61
  SUCCESS: Object created at 0x06077CF8

MR_GetObject called with pClassId=56
  SUCCESS: Object created at 0x00EC1F60

MR_GetObject called with pClassId=54
  SUCCESS: Object created at 0x00EC1FB0

MR_GetObject called with pClassId=52
  SUCCESS: Object created at 0x00EC1E70

MR_GetObject called with pClassId=51
  SUCCESS: Object created at 0x06077E98

MR_GetObject called with pClassId=50
  SUCCESS: Object created at 0x06077178

MR_GetObject called with pClassId=52
  SUCCESS: Object created at 0x00EC2028

MR_GetObject called with pClassId=54
  SUCCESS: Object created at 0x00EC20A0

MR_GetObject called with pClassId=52
  SUCCESS: Object created at 0x00EC1FD8

MR_GetObject called with pClassId=60
  SUCCESS: Object created at 0x06077298

MR_GetObject called with pClassId=52
  SUCCESS: Object created at 0x00EC20C8

MR_GetObject called with pClassId=51
  SUCCESS: Object created at 0x06077138

MR_GetObject called with pClassId=50
  SUCCESS: Object created at 0x060770B8

MR_GetObject called with pClassId=59
  SUCCESS: Object created at 0x060771B8

MR_GetObject called with pClassId=52
  SUCCESS: Object created at 0x00EC20F0

MR_GetObject called with pClassId=55
  SUCCESS: Object created at 0x00EC1EE8

MR_GetObject called with pClassId=53
  SUCCESS: Object created at 0x00EC2118

MR_GetObject called with pClassId=52
  SUCCESS: Object created at 0x00EC2258

MR_GetObject called with pClassId=51
  SUCCESS: Object created at 0x06077338

MR_GetObject called with pClassId=50
  SUCCESS: Object created at 0x060772D8

MR_GetObject called with pClassId=53
  SUCCESS: Object created at 0x00EC21B8

MR_GetObject called with pClassId=52
  SUCCESS: Object created at 0x00EC21E0

MR_GetObject called with pClassId=52
  SUCCESS: Object created at 0x00EC2208

MR_GetObject called with pClassId=52
  SUCCESS: Object created at 0x00EC1DA8

MR_GetObject called with pClassId=51
  SUCCESS: Object created at 0x06077218

MR_GetObject called with pClassId=50
  SUCCESS: Object created at 0x06077058

MR_GetObject called with pClassId=53
  SUCCESS: Object created at 0x00EC2230

MR_GetObject called with pClassId=52
  SUCCESS: Object created at 0x00EC1D80

MR_GetObject called with pClassId=59
  SUCCESS: Object created at 0x06077278

MR_GetObject called with pClassId=52
  SUCCESS: Object created at 0x00EC1DD0

MR_GetObject called with pClassId=55
  SUCCESS: Object created at 0x00EC1E98

MR_GetObject called with pClassId=51
  SUCCESS: Object created at 0x06077038

MR_GetObject called with pClassId=50
  SUCCESS: Object created at 0x06077318

MR_GetObject called with pClassId=52
  SUCCESS: Object created at 0x00EC1EC0

MR_GetObject called with pClassId=54
  SUCCESS: Object created at 0x00EC1F10

MR_GetObject called with pClassId=52
  SUCCESS: Object created at 0x00EC2410

MR_GetObject called with pClassId=60
  SUCCESS: Object created at 0x06076FB8

MR_GetObject called with pClassId=52
  SUCCESS: Object created at 0x00EC25A0

MR_GetObject called with pClassId=51
  SUCCESS: Object created at 0x060771F8

MR_GetObject called with pClassId=50
  SUCCESS: Object created at 0x06077238

MR_GetObject called with pClassId=60
  SUCCESS: Object created at 0x06077078

MR_GetObject called with pClassId=52
  SUCCESS: Object created at 0x00EC23C0

MR_GetObject called with pClassId=52
  SUCCESS: Object created at 0x00EC2438

MR_GetObject called with pClassId=52
  SUCCESS: Object created at 0x00EC24B0

MR_GetObject called with pClassId=52
  SUCCESS: Object created at 0x00EC2578

MR_GetObject called with pClassId=67
  SUCCESS: Object created at 0x061143B8

MR_GetObject called with pClassId=67
  SUCCESS: Object created at 0x061143D8

MR_GetObject called with pClassId=67
  SUCCESS: Object created at 0x06114558

MR_GetObject called with pClassId=67
  SUCCESS: Object created at 0x06114578

MR_GetObject called with pClassId=67
  SUCCESS: Object created at 0x06114458

MR_GetObject called with pClassId=67
  SUCCESS: Object created at 0x061144F8

MR_GetObject called with pClassId=51
  SUCCESS: Object created at 0x061145D8

MR_GetObject called with pClassId=51
  SUCCESS: Object created at 0x061144D8

MR_GetObject called with pClassId=70
  SUCCESS: Object created at 0x06114478

MR_GetObject called with pClassId=50
  SUCCESS: Object created at 0x06114598

MR_GetObject called with pClassId=71
  SUCCESS: Object created at 0x061145B8

MR_GetObject called with pClassId=68
  SUCCESS: Object created at 0x061146B8

MR_GetObject called with pClassId=51
  SUCCESS: Object created at 0x06114438

MR_GetObject called with pClassId=51
  SUCCESS: Object created at 0x06114518

MR_GetObject called with pClassId=50
  SUCCESS: Object created at 0x06114358

MR_GetObject called with pClassId=70
  SUCCESS: Object created at 0x06114318

MR_GetObject called with pClassId=50
  SUCCESS: Object created at 0x06114498

MR_GetObject called with pClassId=71
  SUCCESS: Object created at 0x06114678

MR_GetObject called with pClassId=65
  SUCCESS: Object created at 0x06114698

MR_GetObject called with pClassId=65
  SUCCESS: Object created at 0x061144B8

MR_GetObject called with pClassId=65
  SUCCESS: Object created at 0x061143F8

MR_GetObject called with pClassId=65
  SUCCESS: Object created at 0x06114538

MR_GetObject called with pClassId=65
  SUCCESS: Object created at 0x06114338

MR_GetObject called with pClassId=65
  SUCCESS: Object created at 0x06114378

MR_GetObject called with pClassId=65
  SUCCESS: Object created at 0x06114398

MR_GetObject called with pClassId=65
  SUCCESS: Object created at 0x061145F8

MR_GetObject called with pClassId=65
  SUCCESS: Object created at 0x06114618

MR_GetObject called with pClassId=65
  SUCCESS: Object created at 0x06114638

MR_GetObject called with pClassId=203
  SUCCESS: Object created at 0x06114838

MR_GetObject called with pClassId=204
  SUCCESS: Object created at 0x06114718

MR_GetObject called with pClassId=152
  SUCCESS: Object created at 0x00EFF990

MR_GetObject called with pClassId=202
  SUCCESS: Object created at 0x06114DD8

MR_GetObject called with pClassId=200
  SUCCESS: Object created at 0x00EFFD58

MR_GetObject called with pClassId=100
  SUCCESS: Object created at 0x0604EF20

MR_GetObject called with pClassId=1000
  SUCCESS: Object created at 0x060907E8

MR_GetObject called with pClassId=1100
  SUCCESS: Object created at 0x060906C8

MR_GetObject called with pClassId=1102
  SUCCESS: Object created at 0x06090818

MR_GetObject called with pClassId=1103
  SUCCESS: Object created at 0x06090830

MR_GetObject called with pClassId=1101
  SUCCESS: Object created at 0x06090680

MR_GetObject called with pClassId=51
  SUCCESS: Object created at 0x06097CF0

MR_GetObject called with pClassId=50
  SUCCESS: Object created at 0x06097F10

MR_GetObject called with pClassId=52
  SUCCESS: Object created at 0x06065E28

MR_GetObject called with pClassId=69
  SUCCESS: Object created at 0x06097D70

MR_GetObject called with pClassId=53
  SUCCESS: Object created at 0x06065F90

MR_GetObject called with pClassId=52
  SUCCESS: Object created at 0x06065EC8

MR_GetObject called with pClassId=51
  SUCCESS: Object created at 0x06097EF0

MR_GetObject called with pClassId=50
  SUCCESS: Object created at 0x06097DF0

MR_GetObject called with pClassId=52
  SUCCESS: Object created at 0x06065F18

MR_GetObject called with pClassId=52
  SUCCESS: Object created at 0x06065F40

MR_GetObject called with pClassId=53
  SUCCESS: Object created at 0x06065F68

MR_GetObject called with pClassId=61
  SUCCESS: Object created at 0x06097F90

MR_GetObject called with pClassId=51
  SUCCESS: Object created at 0x06097E50

MR_GetObject called with pClassId=50
  SUCCESS: Object created at 0x06097D90

MR_GetObject called with pClassId=52
  SUCCESS: Object created at 0x06065D10

MR_GetObject called with pClassId=54
  SUCCESS: Object created at 0x06065D60

MR_GetObject called with pClassId=52
  SUCCESS: Object created at 0x06065E50

MR_GetObject called with pClassId=60
  SUCCESS: Object created at 0x06097C70

MR_GetObject called with pClassId=52
  SUCCESS: Object created at 0x06065D88

MR_GetObject called with pClassId=51
  SUCCESS: Object created at 0x06097DD0

MR_GetObject called with pClassId=50
  SUCCESS: Object created at 0x06097E10

MR_GetObject called with pClassId=52
  SUCCESS: Object created at 0x06065DB0

MR_GetObject called with pClassId=54
  SUCCESS: Object created at 0x06065DD8

MR_GetObject called with pClassId=52
  SUCCESS: Object created at 0x06065AE0

MR_GetObject called with pClassId=60
  SUCCESS: Object created at 0x06097E90

MR_GetObject called with pClassId=52
  SUCCESS: Object created at 0x060659A0

MR_GetObject called with pClassId=51
  SUCCESS: Object created at 0x06097BF0

MR_GetObject called with pClassId=50
  SUCCESS: Object created at 0x06097F70

MR_GetObject called with pClassId=52
  SUCCESS: Object created at 0x06065928

MR_GetObject called with pClassId=59
  SUCCESS: Object created at 0x06097C10

MR_GetObject called with pClassId=52
  SUCCESS: Object created at 0x06065C48

MR_GetObject called with pClassId=55
  SUCCESS: Object created at 0x060657E8

MR_GetObject called with pClassId=53
  SUCCESS: Object created at 0x060659C8

MR_GetObject called with pClassId=51
  SUCCESS: Object created at 0x06097CD0

MR_GetObject called with pClassId=50
  SUCCESS: Object created at 0x06097C90

MR_GetObject called with pClassId=52
  SUCCESS: Object created at 0x06065A90

MR_GetObject called with pClassId=52
  SUCCESS: Object created at 0x06065978

MR_GetObject called with pClassId=53
  SUCCESS: Object created at 0x06065888

MR_GetObject called with pClassId=52
  SUCCESS: Object created at 0x06065BF8

MR_GetObject called with pClassId=51
  SUCCESS: Object created at 0x060981F0

MR_GetObject called with pClassId=50
  SUCCESS: Object created at 0x060980B0

MR_GetObject called with pClassId=59
  SUCCESS: Object created at 0x06098230

MR_GetObject called with pClassId=52
  SUCCESS: Object created at 0x06065860

MR_GetObject called with pClassId=55
  SUCCESS: Object created at 0x06065C98

MR_GetObject called with pClassId=53
  SUCCESS: Object created at 0x06065B30

MR_GetObject called with pClassId=52
  SUCCESS: Object created at 0x06065C20

MR_GetObject called with pClassId=51
  SUCCESS: Object created at 0x06098370

MR_GetObject called with pClassId=50
  SUCCESS: Object created at 0x060980F0

MR_GetObject called with pClassId=60
  SUCCESS: Object created at 0x060981B0

MR_GetObject called with pClassId=52
  SUCCESS: Object created at 0x06065838

MR_GetObject called with pClassId=52
  SUCCESS: Object created at 0x06065A18

MR_GetObject called with pClassId=54
  SUCCESS: Object created at 0x06065A40

MR_GetObject called with pClassId=52
  SUCCESS: Object created at 0x060658B0

MR_GetObject called with pClassId=51
  SUCCESS: Object created at 0x06098150

MR_GetObject called with pClassId=50
  SUCCESS: Object created at 0x06098170

MR_GetObject called with pClassId=52
  SUCCESS: Object created at 0x06065A68

MR_GetObject called with pClassId=54
  SUCCESS: Object created at 0x06065AB8

MR_GetObject called with pClassId=68
  SUCCESS: Object created at 0x06098190

MR_GetObject called with pClassId=52
  SUCCESS: Object created at 0x06065BD0

MR_GetObject called with pClassId=60
  SUCCESS: Object created at 0x060981D0

MR_GetObject called with pClassId=52
  SUCCESS: Object created at 0x06065B08

MR_GetObject called with pClassId=51
  SUCCESS: Object created at 0x06098210

MR_GetObject called with pClassId=50
  SUCCESS: Object created at 0x060983D0

MR_GetObject called with pClassId=52
  SUCCESS: Object created at 0x06065BA8

MR_GetObject called with pClassId=52
  SUCCESS: Object created at 0x06065B80

MR_GetObject called with pClassId=53
  SUCCESS: Object created at 0x06065C70

MR_GetObject called with pClassId=52
  SUCCESS: Object created at 0x06065810

MR_GetObject called with pClassId=51
  SUCCESS: Object created at 0x06098270

MR_GetObject called with pClassId=50
  SUCCESS: Object created at 0x06098290

MR_GetObject called with pClassId=52
  SUCCESS: Object created at 0x06133008

MR_GetObject called with pClassId=52
  SUCCESS: Object created at 0x061332D8

MR_GetObject called with pClassId=53
  SUCCESS: Object created at 0x06133238

MR_GetObject called with pClassId=52
  SUCCESS: Object created at 0x06132F90

MR_GetObject called with pClassId=51
  SUCCESS: Object created at 0x06098010

MR_GetObject called with pClassId=50
  SUCCESS: Object created at 0x060982D0

MR_GetObject called with pClassId=60
  SUCCESS: Object created at 0x06098030

MR_GetObject called with pClassId=52
  SUCCESS: Object created at 0x06132F68

MR_GetObject called with pClassId=61
  SUCCESS: Object created at 0x06098090

MR_GetObject called with pClassId=56
  SUCCESS: Object created at 0x061330A8

MR_GetObject called with pClassId=54
  SUCCESS: Object created at 0x061330D0

MR_GetObject called with pClassId=52
  SUCCESS: Object created at 0x06132FB8

MR_GetObject called with pClassId=51
  SUCCESS: Object created at 0x06098430

MR_GetObject called with pClassId=50
  SUCCESS: Object created at 0x06098550

MR_GetObject called with pClassId=52
  SUCCESS: Object created at 0x06133058

MR_GetObject called with pClassId=54
  SUCCESS: Object created at 0x06133328

MR_GetObject called with pClassId=52
  SUCCESS: Object created at 0x06133418

MR_GetObject called with pClassId=60
  SUCCESS: Object created at 0x06098490

MR_GetObject called with pClassId=52
  SUCCESS: Object created at 0x06132FE0

MR_GetObject called with pClassId=51
  SUCCESS: Object created at 0x060984D0

MR_GetObject called with pClassId=50
  SUCCESS: Object created at 0x06098610

MR_GetObject called with pClassId=59
  SUCCESS: Object created at 0x060986B0

MR_GetObject called with pClassId=52
  SUCCESS: Object created at 0x06133170

MR_GetObject called with pClassId=55
  SUCCESS: Object created at 0x06133080

MR_GetObject called with pClassId=53
  SUCCESS: Object created at 0x06133120

MR_GetObject called with pClassId=52
  SUCCESS: Object created at 0x06133198

MR_GetObject called with pClassId=51
  SUCCESS: Object created at 0x060984F0

MR_GetObject called with pClassId=50
  SUCCESS: Object created at 0x060986F0

MR_GetObject called with pClassId=53
  SUCCESS: Object created at 0x061331E8

MR_GetObject called with pClassId=52
  SUCCESS: Object created at 0x06133210

MR_GetObject called with pClassId=52
  SUCCESS: Object created at 0x06133288

MR_GetObject called with pClassId=52
  SUCCESS: Object created at 0x061333C8

MR_GetObject called with pClassId=51
  SUCCESS: Object created at 0x06098510

MR_GetObject called with pClassId=50
  SUCCESS: Object created at 0x060983F0

MR_GetObject called with pClassId=53
  SUCCESS: Object created at 0x061332B0

MR_GetObject called with pClassId=52
  SUCCESS: Object created at 0x061333A0

MR_GetObject called with pClassId=59
  SUCCESS: Object created at 0x06098570

MR_GetObject called with pClassId=52
  SUCCESS: Object created at 0x06133300

MR_GetObject called with pClassId=55
  SUCCESS: Object created at 0x061333F0

MR_GetObject called with pClassId=51
  SUCCESS: Object created at 0x06098690

MR_GetObject called with pClassId=50
  SUCCESS: Object created at 0x06098530

MR_GetObject called with pClassId=52
  SUCCESS: Object created at 0x06133350

MR_GetObject called with pClassId=54
  SUCCESS: Object created at 0x06133378

MR_GetObject called with pClassId=52
  SUCCESS: Object created at 0x06132F40

MR_GetObject called with pClassId=60
  SUCCESS: Object created at 0x06098770

MR_GetObject called with pClassId=52
  SUCCESS: Object created at 0x06133490

MR_GetObject called with pClassId=51
  SUCCESS: Object created at 0x06098450

MR_GetObject called with pClassId=50
  SUCCESS: Object created at 0x06098470

MR_GetObject called with pClassId=60
  SUCCESS: Object created at 0x06134168

MR_GetObject called with pClassId=52
  SUCCESS: Object created at 0x061334E0

MR_GetObject called with pClassId=52
  SUCCESS: Object created at 0x06133440

MR_GetObject called with pClassId=52
  SUCCESS: Object created at 0x06133468

MR_GetObject called with pClassId=52
  SUCCESS: Object created at 0x06132888

MR_GetObject called with pClassId=67
  SUCCESS: Object created at 0x06134388

MR_GetObject called with pClassId=67
  SUCCESS: Object created at 0x06134488

MR_GetObject called with pClassId=67
  SUCCESS: Object created at 0x06134228

MR_GetObject called with pClassId=67
  SUCCESS: Object created at 0x06134308

MR_GetObject called with pClassId=67
  SUCCESS: Object created at 0x06134188

MR_GetObject called with pClassId=67
  SUCCESS: Object created at 0x06134208

MR_GetObject called with pClassId=51
  SUCCESS: Object created at 0x061343A8

MR_GetObject called with pClassId=51
  SUCCESS: Object created at 0x061344C8

MR_GetObject called with pClassId=70
  SUCCESS: Object created at 0x061344E8

MR_GetObject called with pClassId=50
  SUCCESS: Object created at 0x06134448

MR_GetObject called with pClassId=71
  SUCCESS: Object created at 0x06134268

MR_GetObject called with pClassId=68
  SUCCESS: Object created at 0x061341E8

MR_GetObject called with pClassId=51
  SUCCESS: Object created at 0x061343C8

MR_GetObject called with pClassId=51
  SUCCESS: Object created at 0x06134148

MR_GetObject called with pClassId=50
  SUCCESS: Object created at 0x061343E8

MR_GetObject called with pClassId=70
  SUCCESS: Object created at 0x06134408

MR_GetObject called with pClassId=50
  SUCCESS: Object created at 0x06134428

MR_GetObject called with pClassId=71
  SUCCESS: Object created at 0x06134328

MR_GetObject called with pClassId=65
  SUCCESS: Object created at 0x06134248

MR_GetObject called with pClassId=65
  SUCCESS: Object created at 0x061341A8

MR_GetObject called with pClassId=65
  SUCCESS: Object created at 0x06134368

MR_GetObject called with pClassId=65
  SUCCESS: Object created at 0x06134288

MR_GetObject called with pClassId=65
  SUCCESS: Object created at 0x061342A8

MR_GetObject called with pClassId=65
  SUCCESS: Object created at 0x06134348

MR_GetObject called with pClassId=65
  SUCCESS: Object created at 0x061341C8

MR_GetObject called with pClassId=65
  SUCCESS: Object created at 0x061344A8

MR_GetObject called with pClassId=65
  SUCCESS: Object created at 0x06133708

MR_GetObject called with pClassId=65
  SUCCESS: Object created at 0x061337A8

MR_GetObject called with pClassId=203
  SUCCESS: Object created at 0x06134548

MR_GetObject called with pClassId=204
  SUCCESS: Object created at 0x061347D0

MR_GetObject called with pClassId=152
  SUCCESS: Object created at 0x00EBE528

MR_GetObject called with pClassId=202
  SUCCESS: Object created at 0x06134818

MR_GetObject called with pClassId=200
  SUCCESS: Object created at 0x00EBE688

MR_GetObject called with pClassId=100
  SUCCESS: Object created at 0x00EC7640

MR_GetObject called with pClassId=1000
  SUCCESS: Object created at 0x00B2EE98

MR_GetObject called with pClassId=1100
  SUCCESS: Object created at 0x00ACDA60

MR_GetObject called with pClassId=1102
  SUCCESS: Object created at 0x00ACDA78

MR_GetObject called with pClassId=1103
  SUCCESS: Object created at 0x00ACD9B8

MR_GetObject called with pClassId=1101
  SUCCESS: Object created at 0x00ACD8C8

MR_GetObject called with pClassId=51
  SUCCESS: Object created at 0x05E09630

MR_GetObject called with pClassId=50
  SUCCESS: Object created at 0x05E09530

MR_GetObject called with pClassId=52
  SUCCESS: Object created at 0x05DD8470

MR_GetObject called with pClassId=69
  SUCCESS: Object created at 0x05E094B0

MR_GetObject called with pClassId=53
  SUCCESS: Object created at 0x05DD8498

MR_GetObject called with pClassId=52
  SUCCESS: Object created at 0x05DD8448

MR_GetObject called with pClassId=51
  SUCCESS: Object created at 0x05E094F0

MR_GetObject called with pClassId=50
  SUCCESS: Object created at 0x05E09590

MR_GetObject called with pClassId=52
  SUCCESS: Object created at 0x05DD83A8

MR_GetObject called with pClassId=52
  SUCCESS: Object created at 0x05DD8538

MR_GetObject called with pClassId=53
  SUCCESS: Object created at 0x05DD8588

MR_GetObject called with pClassId=61
  SUCCESS: Object created at 0x05E09390

MR_GetObject called with pClassId=51
  SUCCESS: Object created at 0x05E09570

MR_GetObject called with pClassId=50
  SUCCESS: Object created at 0x05E096D0

MR_GetObject called with pClassId=52
  SUCCESS: Object created at 0x05DD8420

MR_GetObject called with pClassId=54
  SUCCESS: Object created at 0x05DD8600

MR_GetObject called with pClassId=52
  SUCCESS: Object created at 0x05DD85B0

MR_GetObject called with pClassId=60
  SUCCESS: Object created at 0x05E096B0

MR_GetObject called with pClassId=52
  SUCCESS: Object created at 0x05DD83D0

MR_GetObject called with pClassId=51
  SUCCESS: Object created at 0x05E096F0

MR_GetObject called with pClassId=50
  SUCCESS: Object created at 0x05E09510

MR_GetObject called with pClassId=52
  SUCCESS: Object created at 0x05DD85D8

MR_GetObject called with pClassId=54
  SUCCESS: Object created at 0x05DD8358

MR_GetObject called with pClassId=52
  SUCCESS: Object created at 0x05DD7FE8

MR_GetObject called with pClassId=60
  SUCCESS: Object created at 0x05E093D0

MR_GetObject called with pClassId=52
  SUCCESS: Object created at 0x05DD7F48

MR_GetObject called with pClassId=51
  SUCCESS: Object created at 0x05E09370

MR_GetObject called with pClassId=50
  SUCCESS: Object created at 0x05E09550

MR_GetObject called with pClassId=52
  SUCCESS: Object created at 0x05DD8330

MR_GetObject called with pClassId=59
  SUCCESS: Object created at 0x05E09410

MR_GetObject called with pClassId=52
  SUCCESS: Object created at 0x05DD8060

MR_GetObject called with pClassId=55
  SUCCESS: Object created at 0x05DD8218

MR_GetObject called with pClassId=53
  SUCCESS: Object created at 0x05DD7E80

MR_GetObject called with pClassId=51
  SUCCESS: Object created at 0x05E09430

MR_GetObject called with pClassId=50
  SUCCESS: Object created at 0x05E09450

MR_GetObject called with pClassId=52
  SUCCESS: Object created at 0x05DD8010

MR_GetObject called with pClassId=52
  SUCCESS: Object created at 0x05DD81F0

MR_GetObject called with pClassId=53
  SUCCESS: Object created at 0x05DD7EA8

MR_GetObject called with pClassId=52
  SUCCESS: Object created at 0x05DD8268

MR_GetObject called with pClassId=51
  SUCCESS: Object created at 0x05E09470

MR_GetObject called with pClassId=50
  SUCCESS: Object created at 0x05E095D0

MR_GetObject called with pClassId=59
  SUCCESS: Object created at 0x05E09910

MR_GetObject called with pClassId=52
  SUCCESS: Object created at 0x05DD7ED0

MR_GetObject called with pClassId=55
  SUCCESS: Object created at 0x05DD7FC0

MR_GetObject called with pClassId=53
  SUCCESS: Object created at 0x05DD7E58

MR_GetObject called with pClassId=52
  SUCCESS: Object created at 0x05DD8038

MR_GetObject called with pClassId=51
  SUCCESS: Object created at 0x05E09950

MR_GetObject called with pClassId=50
  SUCCESS: Object created at 0x05E097B0

MR_GetObject called with pClassId=60
  SUCCESS: Object created at 0x05E09A50

MR_GetObject called with pClassId=52
  SUCCESS: Object created at 0x05DD82B8

MR_GetObject called with pClassId=52
  SUCCESS: Object created at 0x05DD8100

MR_GetObject called with pClassId=54
  SUCCESS: Object created at 0x05DD80B0

MR_GetObject called with pClassId=52
  SUCCESS: Object created at 0x05DD82E0

MR_GetObject called with pClassId=51
  SUCCESS: Object created at 0x05E09A30

MR_GetObject called with pClassId=50
  SUCCESS: Object created at 0x05E097F0

MR_GetObject called with pClassId=52
  SUCCESS: Object created at 0x05DD8308

MR_GetObject called with pClassId=54
  SUCCESS: Object created at 0x05DD80D8

MR_GetObject called with pClassId=68
  SUCCESS: Object created at 0x05E09A10

MR_GetObject called with pClassId=52
  SUCCESS: Object created at 0x05DD7EF8

MR_GetObject called with pClassId=60
  SUCCESS: Object created at 0x05E09B30

MR_GetObject called with pClassId=52
  SUCCESS: Object created at 0x05DD8128

MR_GetObject called with pClassId=51
  SUCCESS: Object created at 0x05E09970

MR_GetObject called with pClassId=50
  SUCCESS: Object created at 0x05E097D0

MR_GetObject called with pClassId=52
  SUCCESS: Object created at 0x05DD7F70

MR_GetObject called with pClassId=52
  SUCCESS: Object created at 0x05DD8150

MR_GetObject called with pClassId=53
  SUCCESS: Object created at 0x05DD7F98

MR_GetObject called with pClassId=52
  SUCCESS: Object created at 0x05DD8178

MR_GetObject called with pClassId=51
  SUCCESS: Object created at 0x05E099B0

MR_GetObject called with pClassId=50
  SUCCESS: Object created at 0x05E099F0

MR_GetObject called with pClassId=52
  SUCCESS: Object created at 0x00ADCCE0

MR_GetObject called with pClassId=52
  SUCCESS: Object created at 0x00ADCD08

MR_GetObject called with pClassId=53
  SUCCESS: Object created at 0x00ADCD30

MR_GetObject called with pClassId=52
  SUCCESS: Object created at 0x00ADCB28

MR_GetObject called with pClassId=51
  SUCCESS: Object created at 0x05E09AB0

MR_GetObject called with pClassId=50
  SUCCESS: Object created at 0x05E09750

MR_GetObject called with pClassId=60
  SUCCESS: Object created at 0x05E09810

MR_GetObject called with pClassId=52
  SUCCESS: Object created at 0x00ADCD80

MR_GetObject called with pClassId=61
  SUCCESS: Object created at 0x05E09B10

MR_GetObject called with pClassId=56
  SUCCESS: Object created at 0x00ADCE20

MR_GetObject called with pClassId=54
  SUCCESS: Object created at 0x00ADCE98

MR_GetObject called with pClassId=52
  SUCCESS: Object created at 0x00ADCEC0

MR_GetObject called with pClassId=51
  SUCCESS: Object created at 0x05E09850

MR_GetObject called with pClassId=50
  SUCCESS: Object created at 0x05E09870

MR_GetObject called with pClassId=52
  SUCCESS: Object created at 0x00ADCC90

MR_GetObject called with pClassId=54
  SUCCESS: Object created at 0x00ADCF60

MR_GetObject called with pClassId=52
  SUCCESS: Object created at 0x00ADCEE8

MR_GetObject called with pClassId=60
  SUCCESS: Object created at 0x05E09E30

MR_GetObject called with pClassId=52
  SUCCESS: Object created at 0x00ADCF10

MR_GetObject called with pClassId=51
  SUCCESS: Object created at 0x05E09B70

MR_GetObject called with pClassId=50
  SUCCESS: Object created at 0x05E09C10

MR_GetObject called with pClassId=59
  SUCCESS: Object created at 0x05E09D50

MR_GetObject called with pClassId=52
  SUCCESS: Object created at 0x00ADCB78

MR_GetObject called with pClassId=55
  SUCCESS: Object created at 0x00ADCA88

MR_GetObject called with pClassId=53
  SUCCESS: Object created at 0x00ADCDF8

MR_GetObject called with pClassId=52
  SUCCESS: Object created at 0x00ADCE70

MR_GetObject called with pClassId=51
  SUCCESS: Object created at 0x05E09D30

MR_GetObject called with pClassId=50
  SUCCESS: Object created at 0x05E09CD0

MR_GetObject called with pClassId=53
  SUCCESS: Object created at 0x00ADCAD8

MR_GetObject called with pClassId=52
  SUCCESS: Object created at 0x00ADCD58

MR_GetObject called with pClassId=52
  SUCCESS: Object created at 0x00ADCDA8

MR_GetObject called with pClassId=52
  SUCCESS: Object created at 0x00ADCC18

MR_GetObject called with pClassId=51
  SUCCESS: Object created at 0x05E09D90

MR_GetObject called with pClassId=50
  SUCCESS: Object created at 0x05E09D70

MR_GetObject called with pClassId=53
  SUCCESS: Object created at 0x00ADCDD0

MR_GetObject called with pClassId=52
  SUCCESS: Object created at 0x00ADCE48

MR_GetObject called with pClassId=59
  SUCCESS: Object created at 0x05E09B90

MR_GetObject called with pClassId=52
  SUCCESS: Object created at 0x00ADCB00

MR_GetObject called with pClassId=55
  SUCCESS: Object created at 0x00ADCC40

MR_GetObject called with pClassId=51
  SUCCESS: Object created at 0x05E09CF0

MR_GetObject called with pClassId=50
  SUCCESS: Object created at 0x05E09C50

MR_GetObject called with pClassId=52
  SUCCESS: Object created at 0x00ADCBA0

MR_GetObject called with pClassId=54
  SUCCESS: Object created at 0x00ADCBC8

MR_GetObject called with pClassId=52
  SUCCESS: Object created at 0x00ADCC68

MR_GetObject called with pClassId=60
  SUCCESS: Object created at 0x05E09C30

MR_GetObject called with pClassId=52
  SUCCESS: Object created at 0x00ADD348

MR_GetObject called with pClassId=51
  SUCCESS: Object created at 0x05E09E90

MR_GetObject called with pClassId=50
  SUCCESS: Object created at 0x05E09EB0

MR_GetObject called with pClassId=60
  SUCCESS: Object created at 0x05E09EF0

MR_GetObject called with pClassId=52
  SUCCESS: Object created at 0x00ADCF88

MR_GetObject called with pClassId=52
  SUCCESS: Object created at 0x00ADD050

MR_GetObject called with pClassId=52
  SUCCESS: Object created at 0x00ADD2D0

MR_GetObject called with pClassId=52
  SUCCESS: Object created at 0x00ADD168

MR_GetObject called with pClassId=67
  SUCCESS: Object created at 0x05EA66C8

MR_GetObject called with pClassId=67
  SUCCESS: Object created at 0x05EA64C8

MR_GetObject called with pClassId=67
  SUCCESS: Object created at 0x05EA67A8

MR_GetObject called with pClassId=67
  SUCCESS: Object created at 0x05EA65A8

MR_GetObject called with pClassId=67
  SUCCESS: Object created at 0x05EA6728

MR_GetObject called with pClassId=67
  SUCCESS: Object created at 0x05EA65E8

MR_GetObject called with pClassId=51
  SUCCESS: Object created at 0x05EA64A8

MR_GetObject called with pClassId=51
  SUCCESS: Object created at 0x05EA6668

MR_GetObject called with pClassId=70
  SUCCESS: Object created at 0x05EA6508

MR_GetObject called with pClassId=50
  SUCCESS: Object created at 0x05EA67E8

MR_GetObject called with pClassId=71
  SUCCESS: Object created at 0x05EA67C8

MR_GetObject called with pClassId=68
  SUCCESS: Object created at 0x05EA6748

MR_GetObject called with pClassId=51
  SUCCESS: Object created at 0x05EA65C8

MR_GetObject called with pClassId=51
  SUCCESS: Object created at 0x05EA6628

MR_GetObject called with pClassId=50
  SUCCESS: Object created at 0x05EA6608

MR_GetObject called with pClassId=70
  SUCCESS: Object created at 0x05EA64E8

MR_GetObject called with pClassId=50
  SUCCESS: Object created at 0x05EA6688

MR_GetObject called with pClassId=71
  SUCCESS: Object created at 0x05EA6808

MR_GetObject called with pClassId=65
  SUCCESS: Object created at 0x05EA6768

MR_GetObject called with pClassId=65
  SUCCESS: Object created at 0x05EA6828

MR_GetObject called with pClassId=65
  SUCCESS: Object created at 0x05EA6528

MR_GetObject called with pClassId=65
  SUCCESS: Object created at 0x05EA6548

MR_GetObject called with pClassId=65
  SUCCESS: Object created at 0x05EA6848

MR_GetObject called with pClassId=65
  SUCCESS: Object created at 0x05EA66E8

MR_GetObject called with pClassId=65
  SUCCESS: Object created at 0x05EA6648

MR_GetObject called with pClassId=65
  SUCCESS: Object created at 0x05EA6568

MR_GetObject called with pClassId=65
  SUCCESS: Object created at 0x05EA6788

MR_GetObject called with pClassId=65
  SUCCESS: Object created at 0x05EA66A8

MR_GetObject called with pClassId=203
  SUCCESS: Object created at 0x05EA7040

MR_GetObject called with pClassId=204
  SUCCESS: Object created at 0x05EA6FF8

MR_GetObject called with pClassId=152
  SUCCESS: Object created at 0x00B28E18

MR_GetObject called with pClassId=202
  SUCCESS: Object created at 0x05EA6A58

MR_GetObject called with pClassId=200
  SUCCESS: Object created at 0x00B29290

MR_GetObject called with pClassId=100
  SUCCESS: Object created at 0x00AD5680
