
=== WinMain START ===
Creating MR_GameApp...
MR_GameApp created successfully
Testing graphics system...
Calling TestGraphicsSystem...
TestGraphicsSystem completed
Checking first instance...
IsFirstInstance returned: 1
Skipping DisplayLoginWindow entirely, going straight to game init
Checking first instance (2nd time)...
IsFirstInstance (2nd) returned: 1
Calling InitApplication...
InitApplication returned: 49936
Calling InitGame...

=== NewLocalSession Start ===
Auto-loading ClassicH track (bypassing dialog)
Track auto-selected: lCurrentTrack='ClassicH', lNbLap=1, lAllowWeapons=0, lSuccess=1
1. About to call DeleteMovieWnd()
2. DeleteMovieWnd() succeeded
3. About to call MR_SoundServer::Init()
4. MR_SoundServer::Init() succeeded
4b. About to call MR_DllObjectFactory::Init()
4c. MR_DllObjectFactory::Init() succeeded
5. About to call MR_Observer::New()
6. MR_Observer::New() succeeded, pointer: 01612F90
7. About to create new MR_ClientSession
8. MR_ClientSession created successfully
8. MR_ClientSession pointer: 064F3B80
About to call MR_TrackOpen for 'ClassicH'
Checking track file at: C:\originalhr2\HoverRaceAI\Release\tracks\ClassicH.trk
Track file verified to exist

MR_TrackOpen: Opening track 'ClassicH'
  Searching in: C:\originalhr2\HoverRaceAI\Release\tracks\
  Full search path: C:\originalhr2\HoverRaceAI\Release\tracks\ClassicH.trk
  Found in absolute path
  Opening file: C:\originalhr2\HoverRaceAI\Release\tracks\ClassicH.trk
  Successfully opened, reading entry

    ReadTrackEntry: Starting to read track
    Magic number read: 0x142B9 (expected: 0x142B9)
    Version read: 1
    Description: 'Level: Easy
Length: 0.6 km
Short and fast track
Lots of curve and no jumps

', Minor ID: 0, Major ID: 0
    Skipping ID validation (lMajorID=0, pFileName=ClassicH)
    Sorting index: 30, Registration: 1
    Final magic number for FREE_TRACK: 0x142B9
    SUCCESS: Track entry validated
  Successfully read entry, checking permissions
MR_TrackOpen returning: 064F79C0
MR_TrackOpen returned: 064F79C0
About to call LoadNew()

--- MR_ClientSession::LoadNew START ---
  pTitle='ClassicH'
  pMazeFile=064F79C0
  pNbLap=1, pAllowWeapons=0
  pVideo=0159C3D8
  About to call mSession.LoadNew()

--- MR_GameSession::LoadNew START ---
  pTitle='ClassicH'
  pMazeFile=064F79C0
  About to call Clean()
  Clean() succeeded
  About to call LoadLevel(1)
  [CREATING TRY BLOCK]
  [INSIDE TRY BLOCK]
  [ABOUT TO CALL LOADLEVEL]

--- MR_GameSession::LoadLevel START (pLevel=1) ---
  Deleting old level
  File has 4 records
  About to create new MR_Level
  MR_Level created successfully at 015BB748
  Selecting record 1
  Record selected
  About to create CArchive for deserialization
  CArchive created
  About to deserialize level
  Level deserialized successfully
--- MR_GameSession::LoadLevel END, returning: TRUE ---
  [LOADLEVEL RETURNED: TRUE]
  [AFTER ALL CATCH BLOCKS]
--- MR_GameSession::LoadNew END, returning: TRUE ---
  mSession.LoadNew() returned: TRUE
  About to call ReadLevelAttrib()
  ReadLevelAttrib() completed
--- MR_ClientSession::LoadNew END, returning: TRUE ---
LoadNew returned: SUCCESS
About to call SetSimulationTime(-6000)
SetSimulationTime(-6000) succeeded
About to call CreateMainCharacter()

--- MR_ClientSession::CreateMainCharacter START ---
  Creating MR_MainCharacter with mNbLap=1, mAllowWeapons=0
  MR_MainCharacter created
  Got current level: 015BB748
  About to set mRoom, mPosition, Orientation
  Properties set successfully
  About to InsertElement (starting room=0)
    Starting room value: 0
  InsertElement succeeded
--- MR_ClientSession::CreateMainCharacter END, returning TRUE ---
CreateMainCharacter() returned: TRUE
=== ROOM COUNT QUERY START ===
lCurrentSession = 064F3B80
GetCurrentLevel() returned: 015BB748
*** TRACK ROOM COUNT: 22 rooms ***
=== ROOM COUNT QUERY END ===
About to close logFile
InitGame returned: 1
Calling MainLoop...
