
=== IDC_JOIN START ===
FindFocusItem returned: 0
Caching game data before JoinGameOp
Game data cached: ClassicH, laps=5, IP=127.0.0.1:9600
Calling JoinGameOp
JoinGameOp returned: 1
About to call MR_TrackOpen
MR_TrackOpen returned
About to call LoadNew with track=ClassicH
LoadNew returned: 1
About to format track label
Track label: ClassicH  5 laps with weapons
Server hosted: 1
Setting SERVER_HOSTED mode with addr=31.125.225.86 port=9600
About to call ConnectToServer with addr=31.125.225.86 port=9600 (hosted=1)
ConnectToServer returned: 1

=== IDC_JOIN START ===
FindFocusItem returned: 0
Caching game data before JoinGameOp
Game data cached: ClassicH, laps=5, IP=127.0.0.1:9600
Calling JoinGameOp
JoinGameOp returned: 1
About to call MR_TrackOpen
MR_TrackOpen returned
About to call LoadNew with track=ClassicH
LoadNew returned: 1
About to format track label
Track label: ClassicH  5 laps with weapons
Server hosted: 0
Setting PEER_TO_PEER mode
About to call ConnectToServer with addr=127.0.0.1 port=9600 (hosted=0)
ConnectToServer returned: 0
lSuccess is FALSE, calling LeaveGameOp

=== IDC_JOIN START ===
FindFocusItem returned: 0
Caching game data before JoinGameOp
Game data cached: ClassicH, laps=5, IP=127.0.0.1:9600
Calling JoinGameOp
JoinGameOp returned: 1
About to call MR_TrackOpen
MR_TrackOpen returned
About to call LoadNew with track=ClassicH
LoadNew returned: 1
About to format track label
Track label: ClassicH  5 laps with weapons
Server hosted: 0
Setting PEER_TO_PEER mode
About to call ConnectToServer with addr=127.0.0.1 port=9600 (hosted=0)
ConnectToServer returned: 0
lSuccess is FALSE, calling LeaveGameOp

=== IDC_JOIN START ===
FindFocusItem returned: 0
Caching game data before JoinGameOp
Game data cached: ClassicH, laps=5, IP=127.0.0.1:9600
Calling JoinGameOp
JoinGameOp returned: 1
About to call MR_TrackOpen
MR_TrackOpen returned
About to call LoadNew with track=ClassicH
LoadNew returned: 1
About to format track label
Track label: ClassicH  5 laps with weapons
Server hosted: 0
Setting PEER_TO_PEER mode
About to call ConnectToServer with addr=127.0.0.1 port=9600 (hosted=0)
ConnectToServer returned: 0
lSuccess is FALSE, calling LeaveGameOp

=== IDC_JOIN START ===
FindFocusItem returned: 0
Caching game data before JoinGameOp
Game data cached: ClassicH, laps=5, IP=127.0.0.1:9600
Calling JoinGameOp
JoinGameOp returned: 1
About to call MR_TrackOpen
MR_TrackOpen returned
About to call LoadNew with track=ClassicH
LoadNew returned: 1
About to format track label
Track label: ClassicH  5 laps with weapons
Server hosted: 1
Setting SERVER_HOSTED mode with addr=31.125.225.86 port=9600
About to call ConnectToServer with addr=31.125.225.86 port=9600 (hosted=1)
ConnectToServer returned: 1

=== IDC_JOIN START ===
FindFocusItem returned: 0
Caching game data before JoinGameOp
Game data cached: ClassicH, laps=5, IP=127.0.0.1:9600
Calling JoinGameOp
JoinGameOp returned: 1
About to call MR_TrackOpen
MR_TrackOpen returned
About to call LoadNew with track=ClassicH
LoadNew returned: 1
About to format track label
Track label: ClassicH  5 laps with weapons
Server hosted: 1
Setting SERVER_HOSTED mode with addr=31.125.225.86 port=9600
About to call ConnectToServer with addr=31.125.225.86 port=9600 (hosted=1)
ConnectToServer returned: 1

=== IDC_JOIN START ===
FindFocusItem returned: 0
Caching game data before JoinGameOp
Game data cached: ClassicH, laps=5, IP=127.0.0.1:9600
Calling JoinGameOp
JoinGameOp returned: 1
About to call MR_TrackOpen
MR_TrackOpen returned
About to call LoadNew with track=ClassicH
LoadNew returned: 1
About to format track label
Track label: ClassicH  5 laps with weapons
Server hosted: 1
Setting SERVER_HOSTED mode with addr=31.125.225.86 port=9600
About to call ConnectToServer with addr=31.125.225.86 port=9600 (hosted=1)
ConnectToServer returned: 1

=== IDC_JOIN START ===
FindFocusItem returned: 0
Caching game data before JoinGameOp
Game data cached: ClassicH, laps=5, IP=127.0.0.1:9600
Calling JoinGameOp
JoinGameOp returned: 1
About to call MR_TrackOpen
MR_TrackOpen returned
About to call LoadNew with track=ClassicH
LoadNew returned: 1
About to format track label
Track label: ClassicH  5 laps with weapons
Server hosted: 1
Setting SERVER_HOSTED mode with addr=31.125.225.86 port=9600
About to call ConnectToServer with addr=31.125.225.86 port=9600 (hosted=1)
ConnectToServer returned: 1

=== IDC_JOIN START ===
FindFocusItem returned: 0
Caching game data before JoinGameOp
Game data cached: ClassicH, laps=5, IP=127.0.0.1:9600
Calling JoinGameOp
JoinGameOp returned: 1
About to call MR_TrackOpen
MR_TrackOpen returned
About to call LoadNew with track=ClassicH
LoadNew returned: 1
About to format track label
Track label: ClassicH  5 laps with weapons
Server hosted: 1
Setting SERVER_HOSTED mode with addr=31.125.225.86 port=9600
About to call ConnectToServer with addr=31.125.225.86 port=9600 (hosted=1)
ConnectToServer returned: 1

=== IDC_JOIN START ===
FindFocusItem returned: 0
Caching game data before JoinGameOp
Game data cached: ClassicH, laps=5, IP=127.0.0.1:9600
Calling JoinGameOp
JoinGameOp returned: 1
About to call MR_TrackOpen
MR_TrackOpen returned
About to call LoadNew with track=ClassicH
LoadNew returned: 1
About to format track label
Track label: ClassicH  5 laps with weapons
Server hosted: 1
Setting SERVER_HOSTED mode with addr=31.125.225.86 port=9600
About to call ConnectToServer with addr=31.125.225.86 port=9600 (hosted=1)
ConnectToServer returned: 1

=== IDC_JOIN START ===
FindFocusItem returned: 0
Caching game data before JoinGameOp
Game data cached: ClassicH, laps=5, IP=127.0.0.1:9600
Calling JoinGameOp
JoinGameOp returned: 1
About to call MR_TrackOpen
MR_TrackOpen returned
About to call LoadNew with track=ClassicH
LoadNew returned: 1
About to format track label
Track label: ClassicH  5 laps with weapons
Server hosted: 1
Setting SERVER_HOSTED mode with addr=31.125.225.86 port=9600
About to call ConnectToServer with addr=31.125.225.86 port=9600 (hosted=1)
ConnectToServer returned: 1
