
=== NewInternetSession START ===
Creating MR_InternetRoom
MR_InternetRoom created OK
Calling Clean() and DeleteMovieWnd()
Initializing MR_SoundServer
Creating MR_NetworkSession
MR_NetworkSession created OK
Setting player name: john.mccourt
Calling DisplayChatRoom
UNKNOWN EXCEPTION caught

=== NewInternetSession START ===
Creating MR_InternetRoom
MR_InternetRoom created OK
Calling Clean() and DeleteMovieWnd()
Initializing MR_SoundServer
Creating MR_NetworkSession
MR_NetworkSession created OK
Setting player name: john.mccourt
Calling DisplayChatRoom
UNKNOWN EXCEPTION caught

=== NewInternetSession START at 312209669 ===
Step 1: Creating MR_InternetRoom
MR_InternetRoom created OK
Calling Clean() and DeleteMovieWnd()
Initializing MR_SoundServer
Creating MR_NetworkSession
MR_NetworkSession created OK
Setting player name: john.mccourt
Calling DisplayChatRoom
UNKNOWN EXCEPTION caught

=== NewInternetSession START at 312416976 ===
Step 1: Creating MR_InternetRoom
MR_InternetRoom created OK
Calling Clean() and DeleteMovieWnd()
Initializing MR_SoundServer
Creating MR_NetworkSession
MR_NetworkSession created OK
Setting player name: john.mccourt
Calling DisplayChatRoom
DisplayChatRoom returned: 0
lSuccess is FALSE, cleaning up
=== NewInternetSession END ===

=== NewInternetSession START at 312619317 ===
Step 1: Creating MR_InternetRoom
MR_InternetRoom created OK
Calling Clean() and DeleteMovieWnd()
Initializing MR_SoundServer
Creating MR_NetworkSession
MR_NetworkSession created OK
Setting player name: john.mccourt
Calling DisplayChatRoom
DisplayChatRoom returned: 0
lSuccess is FALSE, cleaning up
=== NewInternetSession END ===

=== NewInternetSession START at 312820043 ===
Step 1: Creating MR_InternetRoom
MR_InternetRoom created OK
Calling Clean() and DeleteMovieWnd()
Initializing MR_SoundServer
Creating MR_NetworkSession
MR_NetworkSession created OK
Setting player name: john.mccourt
Calling DisplayChatRoom
DisplayChatRoom returned: 0
lSuccess is FALSE, cleaning up
=== NewInternetSession END ===

=== NewInternetSession START at 320190377 ===
Step 1: Creating MR_InternetRoom
MR_InternetRoom created OK
Calling Clean() and DeleteMovieWnd()
Initializing MR_SoundServer
Creating MR_NetworkSession
MR_NetworkSession created OK
Setting player name: john.mccourt
Calling DisplayChatRoom
DisplayChatRoom returned: 0
lSuccess is FALSE, cleaning up
=== NewInternetSession END ===

=== NewInternetSession START at 320776097 ===
Step 1: Creating MR_InternetRoom
MR_InternetRoom created OK
Calling Clean() and DeleteMovieWnd()
Initializing MR_SoundServer
Creating MR_NetworkSession
MR_NetworkSession created OK
Setting player name: john.mccourt
Calling DisplayChatRoom
DisplayChatRoom returned: 0
lSuccess is FALSE, cleaning up
=== NewInternetSession END ===

=== NewInternetSession START at 321520392 ===
Step 1: Creating MR_InternetRoom
MR_InternetRoom created OK
Calling Clean() and DeleteMovieWnd()
Initializing MR_SoundServer
Creating MR_NetworkSession
MR_NetworkSession created OK
Setting player name: john.mccourt
Calling DisplayChatRoom
DisplayChatRoom returned: 0
lSuccess is FALSE, cleaning up
=== NewInternetSession END ===

=== NewInternetSession START at 321902558 ===
Step 1: Creating MR_InternetRoom
MR_InternetRoom created OK
Calling Clean() and DeleteMovieWnd()
Initializing MR_SoundServer
Creating MR_NetworkSession
MR_NetworkSession created OK
Setting player name: john.mccourt
Calling DisplayChatRoom
DisplayChatRoom returned: 0
lSuccess is FALSE, cleaning up
=== NewInternetSession END ===

=== NewInternetSession START at 322183744 ===
Step 1: Creating MR_InternetRoom
MR_InternetRoom created OK
Calling Clean() and DeleteMovieWnd()
Initializing MR_SoundServer
Creating MR_NetworkSession
MR_NetworkSession created OK
Setting player name: john.mccourt
Calling DisplayChatRoom
DisplayChatRoom returned: 0
lSuccess is FALSE, cleaning up
=== NewInternetSession END ===

=== NewInternetSession START at 322573542 ===
Step 1: Creating MR_InternetRoom
MR_InternetRoom created OK
Calling Clean() and DeleteMovieWnd()
Initializing MR_SoundServer
Creating MR_NetworkSession
MR_NetworkSession created OK
Setting player name: john.mccourt
Calling DisplayChatRoom
DisplayChatRoom returned: 0
lSuccess is FALSE, cleaning up
=== NewInternetSession END ===

=== NewInternetSession START at 323326555 ===
Step 1: Creating MR_InternetRoom
MR_InternetRoom created OK
Calling Clean() and DeleteMovieWnd()
Initializing MR_SoundServer
Creating MR_NetworkSession
MR_NetworkSession created OK
Setting player name: john.mccourt
Calling DisplayChatRoom
DisplayChatRoom returned: 0
lSuccess is FALSE, cleaning up
=== NewInternetSession END ===

=== NewInternetSession START at 323577404 ===
Step 1: Creating MR_InternetRoom
MR_InternetRoom created OK
Calling Clean() and DeleteMovieWnd()
Initializing MR_SoundServer
Creating MR_NetworkSession
MR_NetworkSession created OK
Setting player name: john.mccourt
Calling DisplayChatRoom
DisplayChatRoom returned: 1
Setting simulation time
Creating observer
Calling CreateMainCharacter
CreateMainCharacter returned: 1
Setting mCurrentSession and creating game thread
Game thread created successfully
=== NewInternetSession END ===

=== NewInternetSession START at 324020324 ===
Step 1: Creating MR_InternetRoom
MR_InternetRoom created OK
Calling Clean() and DeleteMovieWnd()
Initializing MR_SoundServer
Creating MR_NetworkSession
MR_NetworkSession created OK
Setting player name: john.mccourt
Calling DisplayChatRoom
DisplayChatRoom returned: 1
Setting simulation time
Creating observer
Calling CreateMainCharacter
CreateMainCharacter returned: 1
Setting mCurrentSession and creating game thread
Game thread created successfully
=== NewInternetSession END ===

=== NewInternetSession START at 324334063 ===
Step 1: Creating MR_InternetRoom
MR_InternetRoom created OK
Calling Clean() and DeleteMovieWnd()
Initializing MR_SoundServer
Creating MR_NetworkSession
MR_NetworkSession created OK
Setting player name: john.mccourt
Calling DisplayChatRoom
DisplayChatRoom returned: 0
lSuccess is FALSE, cleaning up
=== NewInternetSession END ===

=== NewInternetSession START at 325262885 ===
Step 1: Creating MR_InternetRoom
MR_InternetRoom created OK
Calling Clean() and DeleteMovieWnd()
Initializing MR_SoundServer
Creating MR_NetworkSession
MR_NetworkSession created OK
Setting player name: john.mccourt
Calling DisplayChatRoom
DisplayChatRoom returned: 0
lSuccess is FALSE, cleaning up
=== NewInternetSession END ===

=== NewInternetSession START at 325329789 ===
Step 1: Creating MR_InternetRoom
MR_InternetRoom created OK
Calling Clean() and DeleteMovieWnd()
Initializing MR_SoundServer
Creating MR_NetworkSession
MR_NetworkSession created OK
Setting player name: john.mccourt
Calling DisplayChatRoom
DisplayChatRoom returned: 1
Setting simulation time
Creating observer
Calling CreateMainCharacter
CreateMainCharacter returned: 1
Setting mCurrentSession and creating game thread
Game thread created successfully
=== NewInternetSession END ===

=== NewInternetSession START at 325426930 ===
Step 1: Creating MR_InternetRoom
MR_InternetRoom created OK
Calling Clean() and DeleteMovieWnd()
Initializing MR_SoundServer
Creating MR_NetworkSession
MR_NetworkSession created OK
Setting player name: john.mccourt
Calling DisplayChatRoom
DisplayChatRoom returned: 1
Setting simulation time
Creating observer
Calling CreateMainCharacter
CreateMainCharacter returned: 1
Setting mCurrentSession and creating game thread
Game thread created successfully
=== NewInternetSession END ===

=== NewInternetSession START at 325687101 ===
Step 1: Creating MR_InternetRoom
MR_InternetRoom created OK
Calling Clean() and DeleteMovieWnd()
Initializing MR_SoundServer
Creating MR_NetworkSession
MR_NetworkSession created OK
Setting player name: john.mccourt
Calling DisplayChatRoom
DisplayChatRoom returned: 0
lSuccess is FALSE, cleaning up
=== NewInternetSession END ===

=== NewInternetSession START at 325698613 ===
Step 1: Creating MR_InternetRoom
MR_InternetRoom created OK
Calling Clean() and DeleteMovieWnd()
Initializing MR_SoundServer
Creating MR_NetworkSession
MR_NetworkSession created OK
Setting player name: john.mccourt
Calling DisplayChatRoom
DisplayChatRoom returned: 1
Setting simulation time
Creating observer
Calling CreateMainCharacter
CreateMainCharacter returned: 1
Setting mCurrentSession and creating game thread
Game thread created successfully
=== NewInternetSession END ===

=== NewInternetSession START at 325762739 ===
Step 1: Creating MR_InternetRoom
MR_InternetRoom created OK
Calling Clean() and DeleteMovieWnd()
Initializing MR_SoundServer
Creating MR_NetworkSession
MR_NetworkSession created OK
Setting player name: john.mccourt
Calling DisplayChatRoom
DisplayChatRoom returned: 0
lSuccess is FALSE, cleaning up
=== NewInternetSession END ===

=== NewInternetSession START at 325774680 ===
Step 1: Creating MR_InternetRoom
MR_InternetRoom created OK
Calling Clean() and DeleteMovieWnd()
Initializing MR_SoundServer
Creating MR_NetworkSession
MR_NetworkSession created OK
Setting player name: john.mccourt
Calling DisplayChatRoom
DisplayChatRoom returned: 0
lSuccess is FALSE, cleaning up
=== NewInternetSession END ===

=== NewInternetSession START at 326039118 ===
Step 1: Creating MR_InternetRoom
MR_InternetRoom created OK
Calling Clean() and DeleteMovieWnd()
Initializing MR_SoundServer
Creating MR_NetworkSession
MR_NetworkSession created OK
Setting player name: john.mccourt
Calling DisplayChatRoom
DisplayChatRoom returned: 0
lSuccess is FALSE, cleaning up
=== NewInternetSession END ===

=== NewInternetSession START at 326050413 ===
Step 1: Creating MR_InternetRoom
MR_InternetRoom created OK
Calling Clean() and DeleteMovieWnd()
Initializing MR_SoundServer
Creating MR_NetworkSession
MR_NetworkSession created OK
Setting player name: john.mccourt
Calling DisplayChatRoom
DisplayChatRoom returned: 1
Setting simulation time
Creating observer
Calling CreateMainCharacter
CreateMainCharacter returned: 1
Setting mCurrentSession and creating game thread
Game thread created successfully
=== NewInternetSession END ===

=== NewInternetSession START at 360603254 ===
Step 1: Creating MR_InternetRoom
MR_InternetRoom created OK
Calling Clean() and DeleteMovieWnd()
Initializing MR_SoundServer
Creating MR_NetworkSession
MR_NetworkSession created OK
Setting player name: john.mccourt
Calling DisplayChatRoom
DisplayChatRoom returned: 0
lSuccess is FALSE, cleaning up
=== NewInternetSession END ===
