
===========================================
RaceServer started at: Fri Nov 21 14:33:10 2025
===========================================
[2025-11-21 14:33:10] [INFO] === RaceServer Starting ===
[2025-11-21 14:33:10] [INFO] Port: 9600, Logfile: raceserver.log
[2025-11-21 14:33:10] [INFO] Race manager initialized for 50 max concurrent races
[2025-11-21 14:33:10] [INFO] Race manager initialized for 50 max concurrent races
[2025-11-21 14:33:10] [INFO] Server socket initialized successfully on port 9600
[2025-11-21 14:33:10] [INFO] Server socket listening on port 9600
[2025-11-21 14:33:10] [INFO] === Server Ready - Accepting Connections ===
[2025-11-21 14:33:20] [DEBUG] Server stats - Active races: 0, Total players: 0
[2025-11-21 14:33:30] [DEBUG] Server stats - Active races: 0, Total players: 0
[2025-11-21 14:33:38] [INFO] New client connection: ID=1 from 31.125.225.86:61412
[2025-11-21 14:33:38] [DEBUG] Client 1: Received 22 bytes
[2025-11-21 14:33:38] [DEBUG] Client 1: Message type 40 (not broadcast)
[2025-11-21 14:33:40] [DEBUG] Server stats - Active races: 0, Total players: 0
[2025-11-21 14:33:49] [INFO] New client connection: ID=2 from 127.0.0.1:28594
[2025-11-21 14:33:49] [DEBUG] Client 2: Received 11 bytes
[2025-11-21 14:33:49] [DEBUG] Client 2: Message type 33 (not broadcast)
[2025-11-21 14:33:50] [DEBUG] Server stats - Active races: 0, Total players: 0
[2025-11-21 14:34:00] [DEBUG] Server stats - Active races: 0, Total players: 0
[2025-11-21 14:34:02] [WARN] Client 2: Connection closed or recv error: 0
[2025-11-21 14:34:02] [INFO] Closing connection: ID=2
[2025-11-21 14:34:05] [INFO] New client connection: ID=3 from 127.0.0.1:28613
[2025-11-21 14:34:05] [DEBUG] Client 3: Received 11 bytes
[2025-11-21 14:34:05] [DEBUG] Client 3: Message type 33 (not broadcast)
[2025-11-21 14:34:10] [DEBUG] Server stats - Active races: 0, Total players: 0
[2025-11-21 14:34:17] [WARN] Client 3: Connection closed or recv error: 0
[2025-11-21 14:34:17] [INFO] Closing connection: ID=3
[2025-11-21 14:34:20] [WARN] Client 1: Connection closed or recv error: 0
[2025-11-21 14:34:20] [INFO] Closing connection: ID=1
[2025-11-21 14:34:20] [DEBUG] Server stats - Active races: 0, Total players: 0
[2025-11-21 14:34:30] [DEBUG] Server stats - Active races: 0, Total players: 0
[2025-11-21 14:34:40] [DEBUG] Server stats - Active races: 0, Total players: 0
[2025-11-21 14:34:50] [DEBUG] Server stats - Active races: 0, Total players: 0
[2025-11-21 14:35:00] [DEBUG] Server stats - Active races: 0, Total players: 0
[2025-11-21 14:35:10] [DEBUG] Server stats - Active races: 0, Total players: 0
[2025-11-21 14:35:18] [INFO] New client connection: ID=4 from 127.0.0.1:28691
[2025-11-21 14:35:18] [DEBUG] Client 4: Received 11 bytes
[2025-11-21 14:35:18] [DEBUG] Client 4: Message type 33 (not broadcast)
[2025-11-21 14:35:20] [DEBUG] Server stats - Active races: 0, Total players: 0
[2025-11-21 14:35:23] [WARN] Client 4: Connection closed or recv error: 0
[2025-11-21 14:35:23] [INFO] Closing connection: ID=4
[2025-11-21 14:35:30] [DEBUG] Server stats - Active races: 0, Total players: 0
[2025-11-21 14:35:30] [INFO] New client connection: ID=5 from 31.125.225.86:28707
[2025-11-21 14:35:30] [DEBUG] Client 5: Received 3 bytes
[2025-11-21 14:35:30] [DEBUG] Client 5: Message type 41 (not broadcast)
[2025-11-21 14:35:30] [DEBUG] Client 5: Received 14 bytes
[2025-11-21 14:35:30] [DEBUG] Client 5: Message type 44 (not broadcast)
[2025-11-21 14:35:39] [INFO] New client connection: ID=6 from 31.125.225.86:61535
[2025-11-21 14:35:39] [DEBUG] Client 6: Received 3 bytes
[2025-11-21 14:35:39] [DEBUG] Client 6: Message type 40 (not broadcast)
[2025-11-21 14:35:39] [DEBUG] Client 6: Received 19 bytes
[2025-11-21 14:35:39] [DEBUG] Client 6: Message type 44 (not broadcast)
[2025-11-21 14:35:40] [DEBUG] Server stats - Active races: 0, Total players: 0
[2025-11-21 14:35:41] [WARN] Client 6: Connection closed or recv error: 0
[2025-11-21 14:35:41] [INFO] Closing connection: ID=6
[2025-11-21 14:35:50] [DEBUG] Server stats - Active races: 0, Total players: 0
[2025-11-21 14:35:58] [WARN] Client 5: Connection closed or recv error: 0
[2025-11-21 14:35:58] [INFO] Closing connection: ID=5
[2025-11-21 14:36:00] [DEBUG] Server stats - Active races: 0, Total players: 0
[2025-11-21 14:36:10] [DEBUG] Server stats - Active races: 0, Total players: 0
[2025-11-21 14:36:10] [INFO] New client connection: ID=7 from 31.125.225.86:61575
[2025-11-21 14:36:10] [DEBUG] Client 7: Received 22 bytes
[2025-11-21 14:36:10] [DEBUG] Client 7: Message type 40 (not broadcast)
[2025-11-21 14:36:14] [INFO] New client connection: ID=8 from 127.0.0.1:13428
[2025-11-21 14:36:14] [DEBUG] Client 8: Received 11 bytes
[2025-11-21 14:36:14] [DEBUG] Client 8: Message type 33 (not broadcast)
[2025-11-21 14:36:20] [DEBUG] Server stats - Active races: 0, Total players: 0
[2025-11-21 14:36:30] [DEBUG] Server stats - Active races: 0, Total players: 0
[2025-11-21 14:36:31] [WARN] Client 8: Connection closed or recv error: 0
[2025-11-21 14:36:31] [INFO] Closing connection: ID=8
[2025-11-21 14:36:40] [DEBUG] Server stats - Active races: 0, Total players: 0
[2025-11-21 14:36:50] [DEBUG] Server stats - Active races: 0, Total players: 0
[2025-11-21 14:37:00] [DEBUG] Server stats - Active races: 0, Total players: 0
[2025-11-21 14:37:10] [DEBUG] Server stats - Active races: 0, Total players: 0
[2025-11-21 14:37:20] [DEBUG] Server stats - Active races: 0, Total players: 0
[2025-11-21 14:37:30] [DEBUG] Server stats - Active races: 0, Total players: 0
[2025-11-21 14:37:40] [DEBUG] Server stats - Active races: 0, Total players: 0
[2025-11-21 14:37:50] [DEBUG] Server stats - Active races: 0, Total players: 0
[2025-11-21 14:38:00] [DEBUG] Server stats - Active races: 0, Total players: 0
[2025-11-21 14:38:10] [DEBUG] Server stats - Active races: 0, Total players: 0
[2025-11-21 14:38:20] [DEBUG] Server stats - Active races: 0, Total players: 0
[2025-11-21 14:38:30] [DEBUG] Server stats - Active races: 0, Total players: 0
[2025-11-21 14:38:40] [DEBUG] Server stats - Active races: 0, Total players: 0
[2025-11-21 14:38:50] [DEBUG] Server stats - Active races: 0, Total players: 0
[2025-11-21 14:39:00] [DEBUG] Server stats - Active races: 0, Total players: 0
[2025-11-21 14:39:10] [DEBUG] Server stats - Active races: 0, Total players: 0
[2025-11-21 14:39:20] [DEBUG] Server stats - Active races: 0, Total players: 0
[2025-11-21 14:39:30] [DEBUG] Server stats - Active races: 0, Total players: 0
[2025-11-21 14:39:40] [DEBUG] Server stats - Active races: 0, Total players: 0
[2025-11-21 14:39:50] [DEBUG] Server stats - Active races: 0, Total players: 0
[2025-11-21 14:40:00] [DEBUG] Server stats - Active races: 0, Total players: 0
[2025-11-21 14:40:10] [DEBUG] Server stats - Active races: 0, Total players: 0
[2025-11-21 14:40:20] [DEBUG] Server stats - Active races: 0, Total players: 0
[2025-11-21 14:40:30] [DEBUG] Server stats - Active races: 0, Total players: 0
[2025-11-21 14:40:40] [DEBUG] Server stats - Active races: 0, Total players: 0
[2025-11-21 14:40:45] [WARN] Client 7: Connection closed or recv error: 0
[2025-11-21 14:40:45] [INFO] Closing connection: ID=7
[2025-11-21 14:40:51] [DEBUG] Server stats - Active races: 0, Total players: 0
[2025-11-21 14:41:01] [DEBUG] Server stats - Active races: 0, Total players: 0
[2025-11-21 14:41:10] [DEBUG] Server stats - Active races: 0, Total players: 0
[2025-11-21 14:41:21] [DEBUG] Server stats - Active races: 0, Total players: 0
[2025-11-21 14:41:31] [DEBUG] Server stats - Active races: 0, Total players: 0
[2025-11-21 14:41:41] [DEBUG] Server stats - Active races: 0, Total players: 0
[2025-11-21 14:41:51] [DEBUG] Server stats - Active races: 0, Total players: 0
[2025-11-21 14:41:59] [INFO] New client connection: ID=9 from 31.125.225.86:50870
[2025-11-21 14:41:59] [DEBUG] Client 9: Received 22 bytes
[2025-11-21 14:41:59] [INFO] Client 9 joining game: 
[2025-11-21 14:41:59] [INFO] Client 9 assigned to race 0
[2025-11-21 14:41:59] [INFO] Sending player list to client 9 for race 0
[2025-11-21 14:41:59] [INFO] Broadcasting new player client 9 to other race members
[2025-11-21 14:42:01] [DEBUG] Server stats - Active races: 0, Total players: 0
[2025-11-21 14:42:04] [INFO] New client connection: ID=10 from 127.0.0.1:41184
[2025-11-21 14:42:04] [DEBUG] Client 10: Received 11 bytes
[2025-11-21 14:42:04] [DEBUG] Client 10: Message type 33 (not broadcast)
[2025-11-21 14:42:11] [DEBUG] Server stats - Active races: 0, Total players: 0
[2025-11-21 14:42:21] [DEBUG] Server stats - Active races: 0, Total players: 0
[2025-11-21 14:42:31] [DEBUG] Server stats - Active races: 0, Total players: 0
[2025-11-21 14:42:41] [DEBUG] Server stats - Active races: 0, Total players: 0
[2025-11-21 14:42:48] [WARN] Client 10: Connection closed or recv error: 0
[2025-11-21 14:42:48] [INFO] Closing connection: ID=10
[2025-11-21 14:42:50] [WARN] Client 9: Connection closed or recv error: 0
[2025-11-21 14:42:50] [INFO] Closing connection: ID=9
[2025-11-21 14:42:51] [DEBUG] Server stats - Active races: 0, Total players: 0
[2025-11-21 14:42:58] [INFO] New client connection: ID=11 from 31.125.225.86:41242
[2025-11-21 14:42:58] [DEBUG] Client 11: Received 3 bytes
[2025-11-21 14:42:58] [DEBUG] Client 11: Message type 40 (not broadcast)
[2025-11-21 14:42:58] [DEBUG] Client 11: Received 13 bytes
[2025-11-21 14:42:58] [DEBUG] Client 11: Message type 44 (not broadcast)
[2025-11-21 14:43:01] [DEBUG] Server stats - Active races: 0, Total players: 0
[2025-11-21 14:43:11] [DEBUG] Server stats - Active races: 0, Total players: 0
[2025-11-21 14:43:12] [WARN] Client 11: Connection closed or recv error: 0
[2025-11-21 14:43:12] [INFO] Closing connection: ID=11
[2025-11-21 14:43:21] [DEBUG] Server stats - Active races: 0, Total players: 0
[2025-11-21 14:43:31] [DEBUG] Server stats - Active races: 0, Total players: 0
[2025-11-21 14:43:41] [DEBUG] Server stats - Active races: 0, Total players: 0
[2025-11-21 14:43:51] [DEBUG] Server stats - Active races: 0, Total players: 0
[2025-11-21 14:44:01] [DEBUG] Server stats - Active races: 0, Total players: 0
[2025-11-21 14:44:11] [DEBUG] Server stats - Active races: 0, Total players: 0
[2025-11-21 14:44:21] [DEBUG] Server stats - Active races: 0, Total players: 0
[2025-11-21 14:44:31] [DEBUG] Server stats - Active races: 0, Total players: 0
[2025-11-21 14:44:41] [DEBUG] Server stats - Active races: 0, Total players: 0
[2025-11-21 14:44:51] [DEBUG] Server stats - Active races: 0, Total players: 0
[2025-11-21 14:45:01] [DEBUG] Server stats - Active races: 0, Total players: 0
[2025-11-21 14:45:11] [DEBUG] Server stats - Active races: 0, Total players: 0
[2025-11-21 14:45:21] [DEBUG] Server stats - Active races: 0, Total players: 0
[2025-11-21 14:45:31] [DEBUG] Server stats - Active races: 0, Total players: 0
[2025-11-21 14:45:41] [DEBUG] Server stats - Active races: 0, Total players: 0
[2025-11-21 14:45:45] [INFO] Shutdown requested via console signal
[2025-11-21 14:45:45] [INFO] === Server Shutting Down ===
[2025-11-21 14:45:45] [INFO] Server socket shutdown complete
[2025-11-21 14:45:45] [INFO] Race manager shutdown complete
[2025-11-21 14:45:45] [INFO] Server shutdown complete
[2025-11-21 14:45:45] [INFO] Race manager shutdown complete
[2025-11-21 14:45:45] [INFO] Server socket shutdown complete

===========================================
RaceServer started at: Fri Nov 21 15:04:17 2025
===========================================
[2025-11-21 15:04:17] [INFO] === RaceServer Starting ===
[2025-11-21 15:04:17] [INFO] Port: 9600, Logfile: raceserver.log
[2025-11-21 15:04:17] [INFO] Race manager initialized for 50 max concurrent races
[2025-11-21 15:04:17] [INFO] Race manager initialized for 50 max concurrent races
[2025-11-21 15:04:17] [INFO] Server socket initialized successfully on port 9600
[2025-11-21 15:04:17] [INFO] Server socket listening on port 9600
[2025-11-21 15:04:17] [INFO] === Server Ready - Accepting Connections ===
[2025-11-21 15:04:27] [DEBUG] Server stats - Active races: 0, Total players: 0
[2025-11-21 15:04:31] [INFO] New client connection: ID=1 from 31.125.225.86:62818
[2025-11-21 15:04:31] [DEBUG] Client 1: Received 3 bytes
[2025-11-21 15:04:31] [DEBUG] Client 1: Message type 40 (not broadcast)
[2025-11-21 15:04:31] [DEBUG] Client 1: Received 19 bytes
[2025-11-21 15:04:31] [DEBUG] Client 1: Message type 44 (not broadcast)
[2025-11-21 15:04:37] [DEBUG] Server stats - Active races: 0, Total players: 0
[2025-11-21 15:04:47] [DEBUG] Server stats - Active races: 0, Total players: 0
[2025-11-21 15:04:57] [DEBUG] Server stats - Active races: 0, Total players: 0
[2025-11-21 15:05:02] [INFO] New client connection: ID=2 from 31.125.225.86:41620
[2025-11-21 15:05:02] [DEBUG] Client 2: Received 3 bytes
[2025-11-21 15:05:02] [DEBUG] Client 2: Message type 41 (not broadcast)
[2025-11-21 15:05:02] [DEBUG] Client 2: Received 10 bytes
[2025-11-21 15:05:02] [DEBUG] Client 2: Message type 44 (not broadcast)
[2025-11-21 15:05:07] [DEBUG] Server stats - Active races: 0, Total players: 0
[2025-11-21 15:05:13] [DEBUG] Client 1: Received 5 bytes
[2025-11-21 15:05:13] [DEBUG] Client 1: Message type 12 (not broadcast)
[2025-11-21 15:05:15] [DEBUG] Client 1: Received 46 bytes
[2025-11-21 15:05:15] [DEBUG] Client 1: Message type 8 (not broadcast)
[2025-11-21 15:05:17] [DEBUG] Server stats - Active races: 0, Total players: 0
[2025-11-21 15:05:27] [DEBUG] Server stats - Active races: 0, Total players: 0
[2025-11-21 15:05:37] [DEBUG] Server stats - Active races: 0, Total players: 0
[2025-11-21 15:05:47] [DEBUG] Server stats - Active races: 0, Total players: 0
[2025-11-21 15:05:57] [DEBUG] Server stats - Active races: 0, Total players: 0
[2025-11-21 15:06:04] [WARN] Client 1: Connection closed or recv error: 0
[2025-11-21 15:06:04] [INFO] Closing connection: ID=1
[2025-11-21 15:06:07] [WARN] Client 2: Connection closed or recv error: 0
[2025-11-21 15:06:07] [INFO] Closing connection: ID=2
[2025-11-21 15:06:07] [DEBUG] Server stats - Active races: 0, Total players: 0
[2025-11-21 15:06:17] [DEBUG] Server stats - Active races: 0, Total players: 0
[2025-11-21 15:06:27] [DEBUG] Server stats - Active races: 0, Total players: 0
[2025-11-21 15:06:37] [DEBUG] Server stats - Active races: 0, Total players: 0
[2025-11-21 15:06:47] [DEBUG] Server stats - Active races: 0, Total players: 0
[2025-11-21 15:06:57] [DEBUG] Server stats - Active races: 0, Total players: 0
[2025-11-21 15:07:07] [DEBUG] Server stats - Active races: 0, Total players: 0
[2025-11-21 15:07:17] [DEBUG] Server stats - Active races: 0, Total players: 0
[2025-11-21 15:07:27] [DEBUG] Server stats - Active races: 0, Total players: 0
[2025-11-21 15:07:37] [DEBUG] Server stats - Active races: 0, Total players: 0
[2025-11-21 15:07:47] [DEBUG] Server stats - Active races: 0, Total players: 0
[2025-11-21 15:07:57] [DEBUG] Server stats - Active races: 0, Total players: 0
[2025-11-21 15:08:07] [DEBUG] Server stats - Active races: 0, Total players: 0
[2025-11-21 15:08:17] [DEBUG] Server stats - Active races: 0, Total players: 0
[2025-11-21 15:08:27] [DEBUG] Server stats - Active races: 0, Total players: 0
[2025-11-21 15:08:37] [DEBUG] Server stats - Active races: 0, Total players: 0
[2025-11-21 15:08:47] [DEBUG] Server stats - Active races: 0, Total players: 0
[2025-11-21 15:08:57] [DEBUG] Server stats - Active races: 0, Total players: 0
[2025-11-21 15:09:07] [DEBUG] Server stats - Active races: 0, Total players: 0
[2025-11-21 15:09:17] [DEBUG] Server stats - Active races: 0, Total players: 0
[2025-11-21 15:09:27] [DEBUG] Server stats - Active races: 0, Total players: 0
[2025-11-21 15:09:37] [DEBUG] Server stats - Active races: 0, Total players: 0
[2025-11-21 15:09:47] [DEBUG] Server stats - Active races: 0, Total players: 0
[2025-11-21 15:09:57] [DEBUG] Server stats - Active races: 0, Total players: 0
[2025-11-21 15:10:07] [DEBUG] Server stats - Active races: 0, Total players: 0
[2025-11-21 15:10:17] [DEBUG] Server stats - Active races: 0, Total players: 0
[2025-11-21 15:10:27] [DEBUG] Server stats - Active races: 0, Total players: 0
[2025-11-21 15:10:37] [DEBUG] Server stats - Active races: 0, Total players: 0
[2025-11-21 15:10:47] [DEBUG] Server stats - Active races: 0, Total players: 0
[2025-11-21 15:10:57] [DEBUG] Server stats - Active races: 0, Total players: 0
[2025-11-21 15:11:08] [DEBUG] Server stats - Active races: 0, Total players: 0
[2025-11-21 15:11:18] [DEBUG] Server stats - Active races: 0, Total players: 0
[2025-11-21 15:11:28] [DEBUG] Server stats - Active races: 0, Total players: 0
[2025-11-21 15:11:38] [DEBUG] Server stats - Active races: 0, Total players: 0
[2025-11-21 15:11:48] [DEBUG] Server stats - Active races: 0, Total players: 0
[2025-11-21 15:11:58] [DEBUG] Server stats - Active races: 0, Total players: 0
[2025-11-21 15:12:08] [DEBUG] Server stats - Active races: 0, Total players: 0
[2025-11-21 15:12:18] [DEBUG] Server stats - Active races: 0, Total players: 0
[2025-11-21 15:12:28] [DEBUG] Server stats - Active races: 0, Total players: 0
[2025-11-21 15:12:38] [DEBUG] Server stats - Active races: 0, Total players: 0
[2025-11-21 15:12:48] [DEBUG] Server stats - Active races: 0, Total players: 0
[2025-11-21 15:12:58] [DEBUG] Server stats - Active races: 0, Total players: 0
[2025-11-21 15:13:08] [DEBUG] Server stats - Active races: 0, Total players: 0
[2025-11-21 15:13:18] [DEBUG] Server stats - Active races: 0, Total players: 0
[2025-11-21 15:13:28] [DEBUG] Server stats - Active races: 0, Total players: 0
[2025-11-21 15:13:38] [DEBUG] Server stats - Active races: 0, Total players: 0
[2025-11-21 15:13:48] [DEBUG] Server stats - Active races: 0, Total players: 0
[2025-11-21 15:13:58] [DEBUG] Server stats - Active races: 0, Total players: 0
[2025-11-21 15:14:08] [DEBUG] Server stats - Active races: 0, Total players: 0
[2025-11-21 15:14:18] [DEBUG] Server stats - Active races: 0, Total players: 0
[2025-11-21 15:14:28] [DEBUG] Server stats - Active races: 0, Total players: 0
[2025-11-21 15:14:32] [INFO] Shutdown requested via console signal
[2025-11-21 15:14:32] [INFO] === Server Shutting Down ===
[2025-11-21 15:14:32] [INFO] Server socket shutdown complete
[2025-11-21 15:14:32] [INFO] Race manager shutdown complete
[2025-11-21 15:14:32] [INFO] Server shutdown complete
[2025-11-21 15:14:32] [INFO] Race manager shutdown complete
[2025-11-21 15:14:32] [INFO] Server socket shutdown complete
