=== VideoBufferSDL2Adapter::Initialize called ===
Width: 942, Height: 648, windowHandle: 000506B4
Calling m_backend.Initialize...
m_backend.Initialize succeeded
Calling m_backend.AllocateBuffer...
VideoBufferSDL2Adapter initialized successfully
=== VideoBufferSDL2Adapter::Initialize called ===
Width: 942, Height: 648, windowHandle: 000506B4
Calling m_backend.Initialize...
m_backend.Initialize succeeded
Calling m_backend.AllocateBuffer...
VideoBufferSDL2Adapter initialized successfully
=== VideoBufferSDL2Adapter::Initialize called ===
Width: 942, Height: 648, windowHandle: 000E0772
Calling m_backend.Initialize...
m_backend.Initialize succeeded
Calling m_backend.AllocateBuffer...
VideoBufferSDL2Adapter initialized successfully
=== VideoBufferSDL2Adapter::Initialize called ===
Width: 942, Height: 648, windowHandle: 000E0772
Calling m_backend.Initialize...
m_backend.Initialize succeeded
Calling m_backend.AllocateBuffer...
VideoBufferSDL2Adapter initialized successfully
=== VideoBufferSDL2Adapter::Initialize called ===
Width: 942, Height: 648, windowHandle: 000E0772
Calling m_backend.Initialize...
m_backend.Initialize succeeded
Calling m_backend.AllocateBuffer...
VideoBufferSDL2Adapter initialized successfully
=== VideoBufferSDL2Adapter::Initialize called ===
Width: 942, Height: 648, windowHandle: 000E0772
Calling m_backend.Initialize...
m_backend.Initialize succeeded
Calling m_backend.AllocateBuffer...
VideoBufferSDL2Adapter initialized successfully
=== VideoBufferSDL2Adapter::Initialize called ===
Width: 942, Height: 648, windowHandle: 00180438
Calling m_backend.Initialize...
m_backend.Initialize succeeded
Calling m_backend.AllocateBuffer...
VideoBufferSDL2Adapter initialized successfully
=== VideoBufferSDL2Adapter::Initialize called ===
Width: 942, Height: 648, windowHandle: 00180438
Calling m_backend.Initialize...
m_backend.Initialize succeeded
Calling m_backend.AllocateBuffer...
VideoBufferSDL2Adapter initialized successfully
=== VideoBufferSDL2Adapter::Initialize called ===
Width: 942, Height: 648, windowHandle: 00180438
Calling m_backend.Initialize...
m_backend.Initialize succeeded
Calling m_backend.AllocateBuffer...
VideoBufferSDL2Adapter initialized successfully
=== VideoBufferSDL2Adapter::Initialize called ===
Width: 942, Height: 648, windowHandle: 00180438
Calling m_backend.Initialize...
m_backend.Initialize succeeded
Calling m_backend.AllocateBuffer...
VideoBufferSDL2Adapter initialized successfully
=== VideoBufferSDL2Adapter::Initialize called ===
Width: 942, Height: 648, windowHandle: 00180438
Calling m_backend.Initialize...
m_backend.Initialize succeeded
Calling m_backend.AllocateBuffer...
VideoBufferSDL2Adapter initialized successfully
=== VideoBufferSDL2Adapter::Initialize called ===
Width: 942, Height: 648, windowHandle: 00180438
Calling m_backend.Initialize...
m_backend.Initialize succeeded
Calling m_backend.AllocateBuffer...
VideoBufferSDL2Adapter initialized successfully
=== VideoBufferSDL2Adapter::Initialize called ===
Width: 942, Height: 648, windowHandle: 00180438
Calling m_backend.Initialize...
m_backend.Initialize succeeded
Calling m_backend.AllocateBuffer...
VideoBufferSDL2Adapter initialized successfully
=== VideoBufferSDL2Adapter::Initialize called ===
Width: 942, Height: 648, windowHandle: 00180438
Calling m_backend.Initialize...
m_backend.Initialize succeeded
Calling m_backend.AllocateBuffer...
VideoBufferSDL2Adapter initialized successfully
=== VideoBufferSDL2Adapter::Initialize called ===
Width: 942, Height: 648, windowHandle: 00180438
Calling m_backend.Initialize...
m_backend.Initialize succeeded
Calling m_backend.AllocateBuffer...
VideoBufferSDL2Adapter initialized successfully
=== VideoBufferSDL2Adapter::Initialize called ===
Width: 942, Height: 648, windowHandle: 00180438
Calling m_backend.Initialize...
m_backend.Initialize succeeded
Calling m_backend.AllocateBuffer...
VideoBufferSDL2Adapter initialized successfully
=== VideoBufferSDL2Adapter::Initialize called ===
Width: 942, Height: 648, windowHandle: 00180438
Calling m_backend.Initialize...
m_backend.Initialize succeeded
Calling m_backend.AllocateBuffer...
VideoBufferSDL2Adapter initialized successfully
=== VideoBufferSDL2Adapter::Initialize called ===
Width: 942, Height: 648, windowHandle: 00180438
Calling m_backend.Initialize...
m_backend.Initialize succeeded
Calling m_backend.AllocateBuffer...
VideoBufferSDL2Adapter initialized successfully
=== VideoBufferSDL2Adapter::Initialize called ===
Width: 942, Height: 648, windowHandle: 00180438
Calling m_backend.Initialize...
m_backend.Initialize succeeded
Calling m_backend.AllocateBuffer...
VideoBufferSDL2Adapter initialized successfully
=== VideoBufferSDL2Adapter::Initialize called ===
Width: 942, Height: 648, windowHandle: 00180438
Calling m_backend.Initialize...
m_backend.Initialize succeeded
Calling m_backend.AllocateBuffer...
VideoBufferSDL2Adapter initialized successfully
=== VideoBufferSDL2Adapter::Initialize called ===
Width: 942, Height: 648, windowHandle: 00180438
Calling m_backend.Initialize...
m_backend.Initialize succeeded
Calling m_backend.AllocateBuffer...
VideoBufferSDL2Adapter initialized successfully
=== VideoBufferSDL2Adapter::Initialize called ===
Width: 942, Height: 648, windowHandle: 00080680
Calling m_backend.Initialize...
m_backend.Initialize succeeded
Calling m_backend.AllocateBuffer...
VideoBufferSDL2Adapter initialized successfully
=== VideoBufferSDL2Adapter::Initialize called ===
Width: 942, Height: 648, windowHandle: 00080680
Calling m_backend.Initialize...
m_backend.Initialize succeeded
Calling m_backend.AllocateBuffer...
VideoBufferSDL2Adapter initialized successfully
=== VideoBufferSDL2Adapter::Initialize called ===
Width: 942, Height: 648, windowHandle: 00060682
Calling m_backend.Initialize...
m_backend.Initialize succeeded
Calling m_backend.AllocateBuffer...
VideoBufferSDL2Adapter initialized successfully
=== VideoBufferSDL2Adapter::Initialize called ===
Width: 942, Height: 648, windowHandle: 00060682
Calling m_backend.Initialize...
m_backend.Initialize succeeded
Calling m_backend.AllocateBuffer...
VideoBufferSDL2Adapter initialized successfully
=== VideoBufferSDL2Adapter::Initialize called ===
Width: 942, Height: 648, windowHandle: 00090676
Calling m_backend.Initialize...
m_backend.Initialize succeeded
Calling m_backend.AllocateBuffer...
VideoBufferSDL2Adapter initialized successfully
=== VideoBufferSDL2Adapter::Initialize called ===
Width: 942, Height: 648, windowHandle: 00090676
Calling m_backend.Initialize...
m_backend.Initialize succeeded
Calling m_backend.AllocateBuffer...
VideoBufferSDL2Adapter initialized successfully
=== VideoBufferSDL2Adapter::Initialize called ===
Width: 942, Height: 648, windowHandle: 00090676
Calling m_backend.Initialize...
m_backend.Initialize succeeded
Calling m_backend.AllocateBuffer...
VideoBufferSDL2Adapter initialized successfully
=== VideoBufferSDL2Adapter::Initialize called ===
Width: 942, Height: 648, windowHandle: 00090676
Calling m_backend.Initialize...
m_backend.Initialize succeeded
Calling m_backend.AllocateBuffer...
VideoBufferSDL2Adapter initialized successfully
=== VideoBufferSDL2Adapter::Initialize called ===
Width: 942, Height: 648, windowHandle: 000406E8
Calling m_backend.Initialize...
m_backend.Initialize succeeded
Calling m_backend.AllocateBuffer...
VideoBufferSDL2Adapter initialized successfully
=== VideoBufferSDL2Adapter::Initialize called ===
Width: 942, Height: 648, windowHandle: 000406E8
Calling m_backend.Initialize...
m_backend.Initialize succeeded
Calling m_backend.AllocateBuffer...
VideoBufferSDL2Adapter initialized successfully
=== VideoBufferSDL2Adapter::Initialize called ===
Width: 942, Height: 648, windowHandle: 001D06EC
Calling m_backend.Initialize...
m_backend.Initialize succeeded
Calling m_backend.AllocateBuffer...
VideoBufferSDL2Adapter initialized successfully
=== VideoBufferSDL2Adapter::Initialize called ===
Width: 942, Height: 648, windowHandle: 001D06EC
Calling m_backend.Initialize...
m_backend.Initialize succeeded
Calling m_backend.AllocateBuffer...
VideoBufferSDL2Adapter initialized successfully
=== VideoBufferSDL2Adapter::Initialize called ===
Width: 942, Height: 648, windowHandle: 000B06E6
Calling m_backend.Initialize...
m_backend.Initialize succeeded
Calling m_backend.AllocateBuffer...
VideoBufferSDL2Adapter initialized successfully
=== VideoBufferSDL2Adapter::Initialize called ===
Width: 942, Height: 648, windowHandle: 000B06E6
Calling m_backend.Initialize...
m_backend.Initialize succeeded
Calling m_backend.AllocateBuffer...
VideoBufferSDL2Adapter initialized successfully
=== VideoBufferSDL2Adapter::Initialize called ===
Width: 942, Height: 648, windowHandle: 000B06E6
Calling m_backend.Initialize...
m_backend.Initialize succeeded
Calling m_backend.AllocateBuffer...
VideoBufferSDL2Adapter initialized successfully
=== VideoBufferSDL2Adapter::Initialize called ===
Width: 942, Height: 648, windowHandle: 00250E2A
Calling m_backend.Initialize...
m_backend.Initialize succeeded
Calling m_backend.AllocateBuffer...
VideoBufferSDL2Adapter initialized successfully
=== VideoBufferSDL2Adapter::Initialize called ===
Width: 942, Height: 648, windowHandle: 00250E2A
Calling m_backend.Initialize...
m_backend.Initialize succeeded
Calling m_backend.AllocateBuffer...
VideoBufferSDL2Adapter initialized successfully
=== VideoBufferSDL2Adapter::Initialize called ===
Width: 942, Height: 648, windowHandle: 00250E2A
Calling m_backend.Initialize...
m_backend.Initialize succeeded
Calling m_backend.AllocateBuffer...
VideoBufferSDL2Adapter initialized successfully
=== VideoBufferSDL2Adapter::Initialize called ===
Width: 942, Height: 648, windowHandle: 00140352
Calling m_backend.Initialize...
m_backend.Initialize succeeded
Calling m_backend.AllocateBuffer...
VideoBufferSDL2Adapter initialized successfully
=== VideoBufferSDL2Adapter::Initialize called ===
Width: 942, Height: 648, windowHandle: 00140352
Calling m_backend.Initialize...
m_backend.Initialize succeeded
Calling m_backend.AllocateBuffer...
VideoBufferSDL2Adapter initialized successfully
=== VideoBufferSDL2Adapter::Initialize called ===
Width: 942, Height: 648, windowHandle: 00140352
Calling m_backend.Initialize...
m_backend.Initialize succeeded
Calling m_backend.AllocateBuffer...
VideoBufferSDL2Adapter initialized successfully
=== VideoBufferSDL2Adapter::Initialize called ===
Width: 942, Height: 648, windowHandle: 00140352
Calling m_backend.Initialize...
m_backend.Initialize succeeded
Calling m_backend.AllocateBuffer...
VideoBufferSDL2Adapter initialized successfully
=== VideoBufferSDL2Adapter::Initialize called ===
Width: 942, Height: 648, windowHandle: 002F0E2A
Calling m_backend.Initialize...
m_backend.Initialize succeeded
Calling m_backend.AllocateBuffer...
VideoBufferSDL2Adapter initialized successfully
=== VideoBufferSDL2Adapter::Initialize called ===
Width: 942, Height: 648, windowHandle: 002F0E2A
Calling m_backend.Initialize...
m_backend.Initialize succeeded
Calling m_backend.AllocateBuffer...
VideoBufferSDL2Adapter initialized successfully
=== VideoBufferSDL2Adapter::Initialize called ===
Width: 942, Height: 648, windowHandle: 002F0E2A
Calling m_backend.Initialize...
m_backend.Initialize succeeded
Calling m_backend.AllocateBuffer...
VideoBufferSDL2Adapter initialized successfully
=== VideoBufferSDL2Adapter::Initialize called ===
Width: 942, Height: 648, windowHandle: 00360B00
Calling m_backend.Initialize...
m_backend.Initialize succeeded
Calling m_backend.AllocateBuffer...
VideoBufferSDL2Adapter initialized successfully
=== VideoBufferSDL2Adapter::Initialize called ===
Width: 942, Height: 648, windowHandle: 00360B00
Calling m_backend.Initialize...
m_backend.Initialize succeeded
Calling m_backend.AllocateBuffer...
VideoBufferSDL2Adapter initialized successfully
=== VideoBufferSDL2Adapter::Initialize called ===
Width: 942, Height: 648, windowHandle: 00290686
Calling m_backend.Initialize...
m_backend.Initialize succeeded
Calling m_backend.AllocateBuffer...
VideoBufferSDL2Adapter initialized successfully
=== VideoBufferSDL2Adapter::Initialize called ===
Width: 942, Height: 648, windowHandle: 00290686
Calling m_backend.Initialize...
m_backend.Initialize succeeded
Calling m_backend.AllocateBuffer...
VideoBufferSDL2Adapter initialized successfully
=== VideoBufferSDL2Adapter::Initialize called ===
Width: 942, Height: 648, windowHandle: 001F0364
Calling m_backend.Initialize...
m_backend.Initialize succeeded
Calling m_backend.AllocateBuffer...
VideoBufferSDL2Adapter initialized successfully
=== VideoBufferSDL2Adapter::Initialize called ===
Width: 942, Height: 648, windowHandle: 001F0364
Calling m_backend.Initialize...
m_backend.Initialize succeeded
Calling m_backend.AllocateBuffer...
VideoBufferSDL2Adapter initialized successfully
=== VideoBufferSDL2Adapter::Initialize called ===
Width: 942, Height: 648, windowHandle: 00080408
Calling m_backend.Initialize...
m_backend.Initialize succeeded
Calling m_backend.AllocateBuffer...
VideoBufferSDL2Adapter initialized successfully
=== VideoBufferSDL2Adapter::Initialize called ===
Width: 942, Height: 648, windowHandle: 00080408
Calling m_backend.Initialize...
m_backend.Initialize succeeded
Calling m_backend.AllocateBuffer...
VideoBufferSDL2Adapter initialized successfully
=== VideoBufferSDL2Adapter::Initialize called ===
Width: 942, Height: 648, windowHandle: 000A0408
Calling m_backend.Initialize...
m_backend.Initialize succeeded
Calling m_backend.AllocateBuffer...
VideoBufferSDL2Adapter initialized successfully
=== VideoBufferSDL2Adapter::Initialize called ===
Width: 942, Height: 648, windowHandle: 000A0408
Calling m_backend.Initialize...
m_backend.Initialize succeeded
Calling m_backend.AllocateBuffer...
VideoBufferSDL2Adapter initialized successfully
=== VideoBufferSDL2Adapter::Initialize called ===
Width: 942, Height: 648, windowHandle: 001A0776
Calling m_backend.Initialize...
m_backend.Initialize succeeded
Calling m_backend.AllocateBuffer...
VideoBufferSDL2Adapter initialized successfully
=== VideoBufferSDL2Adapter::Initialize called ===
Width: 942, Height: 648, windowHandle: 001A0776
Calling m_backend.Initialize...
m_backend.Initialize succeeded
Calling m_backend.AllocateBuffer...
VideoBufferSDL2Adapter initialized successfully
=== VideoBufferSDL2Adapter::Initialize called ===
Width: 942, Height: 648, windowHandle: 001A0776
Calling m_backend.Initialize...
m_backend.Initialize succeeded
Calling m_backend.AllocateBuffer...
VideoBufferSDL2Adapter initialized successfully
=== VideoBufferSDL2Adapter::Initialize called ===
Width: 942, Height: 648, windowHandle: 0015065E
Calling m_backend.Initialize...
m_backend.Initialize succeeded
Calling m_backend.AllocateBuffer...
VideoBufferSDL2Adapter initialized successfully
=== VideoBufferSDL2Adapter::Initialize called ===
Width: 942, Height: 648, windowHandle: 0015065E
Calling m_backend.Initialize...
m_backend.Initialize succeeded
Calling m_backend.AllocateBuffer...
VideoBufferSDL2Adapter initialized successfully
=== VideoBufferSDL2Adapter::Initialize called ===
Width: 942, Height: 648, windowHandle: 00160704
Calling m_backend.Initialize...
m_backend.Initialize succeeded
Calling m_backend.AllocateBuffer...
VideoBufferSDL2Adapter initialized successfully
=== VideoBufferSDL2Adapter::Initialize called ===
Width: 942, Height: 648, windowHandle: 00160704
Calling m_backend.Initialize...
m_backend.Initialize succeeded
Calling m_backend.AllocateBuffer...
VideoBufferSDL2Adapter initialized successfully
=== VideoBufferSDL2Adapter::Initialize called ===
Width: 942, Height: 648, windowHandle: 002506B6
Calling m_backend.Initialize...
m_backend.Initialize succeeded
Calling m_backend.AllocateBuffer...
VideoBufferSDL2Adapter initialized successfully
=== VideoBufferSDL2Adapter::Initialize called ===
Width: 942, Height: 648, windowHandle: 002506B6
Calling m_backend.Initialize...
m_backend.Initialize succeeded
Calling m_backend.AllocateBuffer...
VideoBufferSDL2Adapter initialized successfully
=== VideoBufferSDL2Adapter::Initialize called ===
Width: 942, Height: 648, windowHandle: 00070B4E
Calling m_backend.Initialize...
m_backend.Initialize succeeded
Calling m_backend.AllocateBuffer...
VideoBufferSDL2Adapter initialized successfully
=== VideoBufferSDL2Adapter::Initialize called ===
Width: 942, Height: 648, windowHandle: 00070B4E
Calling m_backend.Initialize...
m_backend.Initialize succeeded
Calling m_backend.AllocateBuffer...
VideoBufferSDL2Adapter initialized successfully
=== VideoBufferSDL2Adapter::Initialize called ===
Width: 942, Height: 648, windowHandle: 000B0CD8
Calling m_backend.Initialize...
m_backend.Initialize succeeded
Calling m_backend.AllocateBuffer...
VideoBufferSDL2Adapter initialized successfully
=== VideoBufferSDL2Adapter::Initialize called ===
Width: 942, Height: 648, windowHandle: 000B0CD8
Calling m_backend.Initialize...
m_backend.Initialize succeeded
Calling m_backend.AllocateBuffer...
VideoBufferSDL2Adapter initialized successfully
=== VideoBufferSDL2Adapter::Initialize called ===
Width: 942, Height: 648, windowHandle: 0048067C
Calling m_backend.Initialize...
m_backend.Initialize succeeded
Calling m_backend.AllocateBuffer...
VideoBufferSDL2Adapter initialized successfully
=== VideoBufferSDL2Adapter::Initialize called ===
Width: 942, Height: 648, windowHandle: 0048067C
Calling m_backend.Initialize...
m_backend.Initialize succeeded
Calling m_backend.AllocateBuffer...
VideoBufferSDL2Adapter initialized successfully
=== VideoBufferSDL2Adapter::Initialize called ===
Width: 942, Height: 648, windowHandle: 00150B4E
Calling m_backend.Initialize...
m_backend.Initialize succeeded
Calling m_backend.AllocateBuffer...
VideoBufferSDL2Adapter initialized successfully
=== VideoBufferSDL2Adapter::Initialize called ===
Width: 942, Height: 648, windowHandle: 00150B4E
Calling m_backend.Initialize...
m_backend.Initialize succeeded
Calling m_backend.AllocateBuffer...
VideoBufferSDL2Adapter initialized successfully
=== VideoBufferSDL2Adapter::Initialize called ===
Width: 942, Height: 648, windowHandle: 00160832
Calling m_backend.Initialize...
m_backend.Initialize succeeded
Calling m_backend.AllocateBuffer...
VideoBufferSDL2Adapter initialized successfully
=== VideoBufferSDL2Adapter::Initialize called ===
Width: 942, Height: 648, windowHandle: 00160832
Calling m_backend.Initialize...
m_backend.Initialize succeeded
Calling m_backend.AllocateBuffer...
VideoBufferSDL2Adapter initialized successfully
=== VideoBufferSDL2Adapter::Initialize called ===
Width: 942, Height: 648, windowHandle: 008B0DDC
Calling m_backend.Initialize...
m_backend.Initialize succeeded
Calling m_backend.AllocateBuffer...
VideoBufferSDL2Adapter initialized successfully
=== VideoBufferSDL2Adapter::Initialize called ===
Width: 942, Height: 648, windowHandle: 008B0DDC
Calling m_backend.Initialize...
m_backend.Initialize succeeded
Calling m_backend.AllocateBuffer...
VideoBufferSDL2Adapter initialized successfully
=== VideoBufferSDL2Adapter::Initialize called ===
Width: 942, Height: 648, windowHandle: 002205A6
Calling m_backend.Initialize...
m_backend.Initialize succeeded
Calling m_backend.AllocateBuffer...
VideoBufferSDL2Adapter initialized successfully
=== VideoBufferSDL2Adapter::Initialize called ===
Width: 942, Height: 648, windowHandle: 002205A6
Calling m_backend.Initialize...
m_backend.Initialize succeeded
Calling m_backend.AllocateBuffer...
VideoBufferSDL2Adapter initialized successfully
=== VideoBufferSDL2Adapter::Initialize called ===
Width: 942, Height: 648, windowHandle: 001F00E6
Calling m_backend.Initialize...
m_backend.Initialize succeeded
Calling m_backend.AllocateBuffer...
VideoBufferSDL2Adapter initialized successfully
=== VideoBufferSDL2Adapter::Initialize called ===
Width: 942, Height: 648, windowHandle: 001F00E6
Calling m_backend.Initialize...
m_backend.Initialize succeeded
Calling m_backend.AllocateBuffer...
VideoBufferSDL2Adapter initialized successfully
=== VideoBufferSDL2Adapter::Initialize called ===
Width: 942, Height: 648, windowHandle: 00220380
Calling m_backend.Initialize...
m_backend.Initialize succeeded
Calling m_backend.AllocateBuffer...
VideoBufferSDL2Adapter initialized successfully
=== VideoBufferSDL2Adapter::Initialize called ===
Width: 942, Height: 648, windowHandle: 00220380
Calling m_backend.Initialize...
m_backend.Initialize succeeded
Calling m_backend.AllocateBuffer...
VideoBufferSDL2Adapter initialized successfully
=== VideoBufferSDL2Adapter::Initialize called ===
Width: 942, Height: 648, windowHandle: 0022054C
Calling m_backend.Initialize...
m_backend.Initialize succeeded
Calling m_backend.AllocateBuffer...
VideoBufferSDL2Adapter initialized successfully
=== VideoBufferSDL2Adapter::Initialize called ===
Width: 942, Height: 648, windowHandle: 0022054C
Calling m_backend.Initialize...
m_backend.Initialize succeeded
Calling m_backend.AllocateBuffer...
VideoBufferSDL2Adapter initialized successfully
=== VideoBufferSDL2Adapter::Initialize called ===
Width: 942, Height: 648, windowHandle: 00A805B2
Calling m_backend.Initialize...
m_backend.Initialize succeeded
Calling m_backend.AllocateBuffer...
VideoBufferSDL2Adapter initialized successfully
=== VideoBufferSDL2Adapter::Initialize called ===
Width: 942, Height: 648, windowHandle: 00A805B2
Calling m_backend.Initialize...
m_backend.Initialize succeeded
Calling m_backend.AllocateBuffer...
VideoBufferSDL2Adapter initialized successfully
=== VideoBufferSDL2Adapter::Initialize called ===
Width: 942, Height: 648, windowHandle: 00210DC4
Calling m_backend.Initialize...
m_backend.Initialize succeeded
Calling m_backend.AllocateBuffer...
VideoBufferSDL2Adapter initialized successfully
=== VideoBufferSDL2Adapter::Initialize called ===
Width: 942, Height: 648, windowHandle: 00210DC4
Calling m_backend.Initialize...
m_backend.Initialize succeeded
Calling m_backend.AllocateBuffer...
VideoBufferSDL2Adapter initialized successfully
=== VideoBufferSDL2Adapter::Initialize called ===
Width: 942, Height: 648, windowHandle: 008B0A2E
Calling m_backend.Initialize...
m_backend.Initialize succeeded
Calling m_backend.AllocateBuffer...
VideoBufferSDL2Adapter initialized successfully
=== VideoBufferSDL2Adapter::Initialize called ===
Width: 942, Height: 648, windowHandle: 008B0A2E
Calling m_backend.Initialize...
m_backend.Initialize succeeded
Calling m_backend.AllocateBuffer...
VideoBufferSDL2Adapter initialized successfully
