c:\hrai\hoverraceai\nettarget\videoservices\release\modernrenderer.obj
c:\hrai\hoverraceai\nettarget\videoservices\release\modernvideobuffer.obj
c:\hrai\hoverraceai\nettarget\videoservices\release\graphicsutilities.obj
c:\hrai\hoverraceai\nettarget\videoservices\release\renderingengine.obj
c:\hrai\hoverraceai\nettarget\videoservices\release\alstub.obj
c:\hrai\hoverraceai\nettarget\videoservices\release\videobuffersdl2integration.obj
c:\hrai\hoverraceai\nettarget\videoservices\release\videobuffersdl2adapter.obj
c:\hrai\hoverraceai\nettarget\videoservices\release\sdl2graphics.obj
c:\hrai\hoverraceai\nettarget\videoservices\release\videobuffer2ddraw.obj
c:\hrai\hoverraceai\nettarget\videoservices\release\videobuffer.obj
c:\hrai\hoverraceai\nettarget\videoservices\release\stdafx.obj
c:\hrai\hoverraceai\nettarget\videoservices\release\sprite.obj
c:\hrai\hoverraceai\nettarget\videoservices\release\soundserver.obj
c:\hrai\hoverraceai\nettarget\videoservices\release\patch.obj
c:\hrai\hoverraceai\nettarget\videoservices\release\colortab.obj
c:\hrai\hoverraceai\nettarget\videoservices\release\colorpalette.obj
c:\hrai\hoverraceai\nettarget\videoservices\release\bitmap.obj
c:\hrai\hoverraceai\nettarget\videoservices\release\3dviewportrendering.obj
c:\hrai\hoverraceai\nettarget\videoservices\release\3dviewport.obj
c:\hrai\hoverraceai\nettarget\videoservices\release\2dviewport.obj
c:\hrai\hoverraceai\nettarget\videoservices\release\graphicstest.obj
c:\hrai\hoverraceai\nettarget\videoservices\release\modernactorrenderer.obj
c:\hrai\hoverraceai\nettarget\videoservices\release\vc143.pdb
c:\hrai\hoverraceai\release\videoservices.dll
c:\hrai\hoverraceai\release\videoservices.pdb
c:\hrai\hoverraceai\release\videoservices.lib
c:\hrai\hoverraceai\release\videoservices.exp
c:\hrai\hoverraceai\release\videoservices.ilk
c:\hrai\hoverraceai\nettarget\videoservices\..\..\release\videoservices.pdb
c:\hrai\hoverraceai\nettarget\videoservices\..\..\release\videoservices.ilk
c:\hrai\hoverraceai\nettarget\videoservices\release\videoservices.vcxproj.filelistabsolute.txt
c:\hrai\hoverraceai\nettarget\videoservices\release\videoservices.tlog\cl.command.1.tlog
c:\hrai\hoverraceai\nettarget\videoservices\release\videoservices.tlog\cl.items.tlog
c:\hrai\hoverraceai\nettarget\videoservices\release\videoservices.tlog\cl.read.1.tlog
c:\hrai\hoverraceai\nettarget\videoservices\release\videoservices.tlog\cl.write.1.tlog
c:\hrai\hoverraceai\nettarget\videoservices\release\videoservices.tlog\link.command.1.tlog
c:\hrai\hoverraceai\nettarget\videoservices\release\videoservices.tlog\link.read.1.tlog
c:\hrai\hoverraceai\nettarget\videoservices\release\videoservices.tlog\link.secondary.1.tlog
c:\hrai\hoverraceai\nettarget\videoservices\release\videoservices.tlog\link.write.1.tlog
