c:\hrai\hoverraceai\nettarget\util\release\worldcoordinates.obj
c:\hrai\hoverraceai\nettarget\util\release\strres.obj
c:\hrai\hoverraceai\nettarget\util\release\stdafx.obj
c:\hrai\hoverraceai\nettarget\util\release\recordfile.obj
c:\hrai\hoverraceai\nettarget\util\release\profiler.obj
c:\hrai\hoverraceai\nettarget\util\release\fuzzylogic.obj
c:\hrai\hoverraceai\nettarget\util\release\dllobjectfactory.obj
c:\hrai\hoverraceai\nettarget\util\release\vc143.pdb
c:\hrai\hoverraceai\release\util.dll
c:\hrai\hoverraceai\release\util.pdb
c:\hrai\hoverraceai\release\util.lib
c:\hrai\hoverraceai\release\util.exp
c:\hrai\hoverraceai\release\util.ilk
c:\hrai\hoverraceai\nettarget\util\..\..\release\util.pdb
c:\hrai\hoverraceai\nettarget\util\..\..\release\util.ilk
c:\hrai\hoverraceai\nettarget\util\release\util.vcxproj.filelistabsolute.txt
c:\hrai\hoverraceai\nettarget\util\release\util.tlog\cl.command.1.tlog
c:\hrai\hoverraceai\nettarget\util\release\util.tlog\cl.items.tlog
c:\hrai\hoverraceai\nettarget\util\release\util.tlog\cl.read.1.tlog
c:\hrai\hoverraceai\nettarget\util\release\util.tlog\cl.write.1.tlog
c:\hrai\hoverraceai\nettarget\util\release\util.tlog\link.command.1.tlog
c:\hrai\hoverraceai\nettarget\util\release\util.tlog\link.read.1.tlog
c:\hrai\hoverraceai\nettarget\util\release\util.tlog\link.secondary.1.tlog
c:\hrai\hoverraceai\nettarget\util\release\util.tlog\link.write.1.tlog
