c:\hrai\hoverraceai\nettarget\game2\release\trackselect.obj
c:\hrai\hoverraceai\nettarget\game2\release\stdafx.obj
c:\hrai\hoverraceai\nettarget\game2\release\sponsor.obj
c:\hrai\hoverraceai\nettarget\game2\release\observer.obj
c:\hrai\hoverraceai\nettarget\game2\release\networksession.obj
c:\hrai\hoverraceai\nettarget\game2\release\netinterface.obj
c:\hrai\hoverraceai\nettarget\game2\release\matchreport.obj
c:\hrai\hoverraceai\nettarget\game2\release\main.obj
c:\hrai\hoverraceai\nettarget\game2\release\license.obj
c:\hrai\hoverraceai\nettarget\game2\release\internetroom.obj
c:\hrai\hoverraceai\nettarget\game2\release\gameapp.obj
c:\hrai\hoverraceai\nettarget\game2\release\commondialog.obj
c:\hrai\hoverraceai\nettarget\game2\release\clientsession.obj
c:\hrai\hoverraceai\nettarget\game2\release\banner.obj
c:\hrai\hoverraceai\nettarget\game2\release\vc143.pdb
c:\hrai\hoverraceai\nettarget\game2\release\game2.exe
c:\hrai\hoverraceai\nettarget\game2\release\game2.pdb
c:\hrai\hoverraceai\nettarget\game2\release\game2.res
c:\hrai\hoverraceai\nettarget\game2\release\game2.ilk
c:\hrai\hoverraceai\nettarget\game2\release\game2.vcxproj.filelistabsolute.txt
c:\hrai\hoverraceai\nettarget\game2\release\game2.tlog\cl.command.1.tlog
c:\hrai\hoverraceai\nettarget\game2\release\game2.tlog\cl.items.tlog
c:\hrai\hoverraceai\nettarget\game2\release\game2.tlog\cl.read.1.tlog
c:\hrai\hoverraceai\nettarget\game2\release\game2.tlog\cl.write.1.tlog
c:\hrai\hoverraceai\nettarget\game2\release\game2.tlog\link.command.1.tlog
c:\hrai\hoverraceai\nettarget\game2\release\game2.tlog\link.read.1.tlog
c:\hrai\hoverraceai\nettarget\game2\release\game2.tlog\link.secondary.1.tlog
c:\hrai\hoverraceai\nettarget\game2\release\game2.tlog\link.write.1.tlog
c:\hrai\hoverraceai\nettarget\game2\release\game2.tlog\rc.command.1.tlog
c:\hrai\hoverraceai\nettarget\game2\release\game2.tlog\rc.read.1.tlog
c:\hrai\hoverraceai\nettarget\game2\release\game2.tlog\rc.write.1.tlog
