c:\hrai\hoverraceai\nettarget\objfactools\release\stdafx.obj
c:\hrai\hoverraceai\nettarget\objfactools\release\spritehandle.obj
c:\hrai\hoverraceai\nettarget\objfactools\release\resourcelib.obj
c:\hrai\hoverraceai\nettarget\objfactools\release\ressprite.obj
c:\hrai\hoverraceai\nettarget\objfactools\release\ressound.obj
c:\hrai\hoverraceai\nettarget\objfactools\release\resbitmap.obj
c:\hrai\hoverraceai\nettarget\objfactools\release\resactor.obj
c:\hrai\hoverraceai\nettarget\objfactools\release\objectfactorydata.obj
c:\hrai\hoverraceai\nettarget\objfactools\release\freeelementbaserenderer.obj
c:\hrai\hoverraceai\nettarget\objfactools\release\freeelementbase.obj
c:\hrai\hoverraceai\nettarget\objfactools\release\bitmapsurface.obj
c:\hrai\hoverraceai\nettarget\objfactools\release\vc143.pdb
c:\hrai\hoverraceai\release\objfactools.dll
c:\hrai\hoverraceai\release\objfactools.pdb
c:\hrai\hoverraceai\release\objfactools.lib
c:\hrai\hoverraceai\release\objfactools.exp
c:\hrai\hoverraceai\release\objfactools.ilk
c:\hrai\hoverraceai\nettarget\objfactools\..\..\release\objfactools.pdb
c:\hrai\hoverraceai\nettarget\objfactools\..\..\release\objfactools.ilk
c:\hrai\hoverraceai\nettarget\objfactools\release\objfactools.vcxproj.filelistabsolute.txt
c:\hrai\hoverraceai\nettarget\objfactools\release\objfactools.tlog\cl.command.1.tlog
c:\hrai\hoverraceai\nettarget\objfactools\release\objfactools.tlog\cl.items.tlog
c:\hrai\hoverraceai\nettarget\objfactools\release\objfactools.tlog\cl.read.1.tlog
c:\hrai\hoverraceai\nettarget\objfactools\release\objfactools.tlog\cl.write.1.tlog
c:\hrai\hoverraceai\nettarget\objfactools\release\objfactools.tlog\link.command.1.tlog
c:\hrai\hoverraceai\nettarget\objfactools\release\objfactools.tlog\link.read.1.tlog
c:\hrai\hoverraceai\nettarget\objfactools\release\objfactools.tlog\link.secondary.1.tlog
c:\hrai\hoverraceai\nettarget\objfactools\release\objfactools.tlog\link.write.1.tlog
